Command line invocation:
    /Applications/Xcode-26.2.0.app/Contents/Developer/usr/bin/xcodebuild test -project App/PeerTubeSwift/PeerTubeSwift.xcodeproj -scheme PeerTubeSwift -destination "platform=iOS Simulator,name=iPhone 17"

Resolve Package Graph


Resolved source packages:
  swift-url: https://github.com/karwa/swift-url @ 0.4.2
  swift-system: https://github.com/apple/swift-system.git @ 1.6.3
  swift-concurrency-extras: https://github.com/pointfreeco/swift-concurrency-extras @ 1.3.2
  swift-sharing: https://github.com/pointfreeco/swift-sharing @ 2.7.4
  sqlite-data: https://github.com/pointfreeco/sqlite-data @ 1.4.1
  swift-dependencies: https://github.com/pointfreeco/swift-dependencies @ 1.10.0
  swift-structured-queries: https://github.com/pointfreeco/swift-structured-queries @ 0.25.2
  swift-navigation: https://github.com/pointfreeco/swift-navigation @ 2.6.0
  swift-perception: https://github.com/pointfreeco/swift-perception @ 2.0.9
  combine-schedulers: https://github.com/pointfreeco/combine-schedulers @ 1.1.0
  xctest-dynamic-overlay: https://github.com/pointfreeco/xctest-dynamic-overlay @ 1.8.0
  swift-identified-collections: https://github.com/pointfreeco/swift-identified-collections @ 1.1.1
  swift-snapshot-testing: https://github.com/pointfreeco/swift-snapshot-testing @ 1.18.7
  swift-collections: https://github.com/apple/swift-collections @ 1.3.0
  swift-syntax: https://github.com/swiftlang/swift-syntax @ 602.0.0
  swift-clocks: https://github.com/pointfreeco/swift-clocks @ 1.0.6
  TubeSDK: /Users/ericwatke/Documents/GitHub/peertube-swift-sdk
  swift-composable-architecture: https://github.com/pointfreeco/swift-composable-architecture @ 1.23.1
  GRDB: https://github.com/groue/GRDB.swift @ 7.9.0
  swift-case-paths: https://github.com/pointfreeco/swift-case-paths @ 1.7.2
  swift-custom-dump: https://github.com/pointfreeco/swift-custom-dump @ 1.3.3

ComputePackagePrebuildTargetDependencyGraph

Prepare packages

CreateBuildRequest

SendProjectDescription

CreateBuildOperation

ComputeTargetDependencyGraph
note: Building targets in dependency order
note: Target dependency graph (94 targets)
    Target 'PeerTubeSwiftUITests' in project 'PeerTubeSwift'
        ➜ Explicit dependency on target 'PeerTubeSwift' in project 'PeerTubeSwift'
    Target 'PeerTubeSwiftTests' in project 'PeerTubeSwift'
        ➜ Explicit dependency on target 'PeerTubeSwift' in project 'PeerTubeSwift'
        ➜ Explicit dependency on target 'SQLiteDataTestSupport' in project 'sqlite-data'
    Target 'SQLiteDataTestSupport' in project 'sqlite-data'
        ➜ Explicit dependency on target 'SQLiteDataTestSupport' in project 'sqlite-data'
        ➜ Explicit dependency on target 'SQLiteData' in project 'sqlite-data'
        ➜ Explicit dependency on target 'ConcurrencyExtras' in project 'swift-concurrency-extras'
        ➜ Explicit dependency on target 'Dependencies' in project 'swift-dependencies'
        ➜ Explicit dependency on target 'GRDB' in project 'GRDB'
        ➜ Explicit dependency on target 'IssueReporting' in project 'xctest-dynamic-overlay'
        ➜ Explicit dependency on target 'OrderedCollections' in project 'swift-collections'
        ➜ Explicit dependency on target 'Perception' in project 'swift-perception'
        ➜ Explicit dependency on target 'Sharing' in project 'swift-sharing'
        ➜ Explicit dependency on target 'StructuredQueriesSQLite' in project 'swift-structured-queries'
        ➜ Explicit dependency on target 'CustomDump' in project 'swift-custom-dump'
        ➜ Explicit dependency on target 'InlineSnapshotTesting' in project 'swift-snapshot-testing'
        ➜ Explicit dependency on target 'StructuredQueriesTestSupport' in project 'swift-structured-queries'
    Target 'SQLiteDataTestSupport' in project 'sqlite-data'
        ➜ Explicit dependency on target 'SQLiteData' in project 'sqlite-data'
        ➜ Explicit dependency on target 'ConcurrencyExtras' in project 'swift-concurrency-extras'
        ➜ Explicit dependency on target 'Dependencies' in project 'swift-dependencies'
        ➜ Explicit dependency on target 'GRDB' in project 'GRDB'
        ➜ Explicit dependency on target 'IssueReporting' in project 'xctest-dynamic-overlay'
        ➜ Explicit dependency on target 'OrderedCollections' in project 'swift-collections'
        ➜ Explicit dependency on target 'Perception' in project 'swift-perception'
        ➜ Explicit dependency on target 'Sharing' in project 'swift-sharing'
        ➜ Explicit dependency on target 'StructuredQueriesSQLite' in project 'swift-structured-queries'
        ➜ Explicit dependency on target 'CustomDump' in project 'swift-custom-dump'
        ➜ Explicit dependency on target 'InlineSnapshotTesting' in project 'swift-snapshot-testing'
        ➜ Explicit dependency on target 'StructuredQueriesTestSupport' in project 'swift-structured-queries'
    Target 'StructuredQueriesTestSupport' in project 'swift-structured-queries'
        ➜ Explicit dependency on target 'StructuredQueriesTestSupport' in project 'swift-structured-queries'
        ➜ Explicit dependency on target 'StructuredQueriesCore' in project 'swift-structured-queries'
        ➜ Explicit dependency on target 'IssueReporting' in project 'xctest-dynamic-overlay'
        ➜ Explicit dependency on target 'CustomDump' in project 'swift-custom-dump'
        ➜ Explicit dependency on target 'InlineSnapshotTesting' in project 'swift-snapshot-testing'
    Target 'StructuredQueriesTestSupport' in project 'swift-structured-queries'
        ➜ Explicit dependency on target 'StructuredQueriesCore' in project 'swift-structured-queries'
        ➜ Explicit dependency on target 'IssueReporting' in project 'xctest-dynamic-overlay'
        ➜ Explicit dependency on target 'CustomDump' in project 'swift-custom-dump'
        ➜ Explicit dependency on target 'InlineSnapshotTesting' in project 'swift-snapshot-testing'
    Target 'InlineSnapshotTesting' in project 'swift-snapshot-testing'
        ➜ Explicit dependency on target 'InlineSnapshotTesting' in project 'swift-snapshot-testing'
        ➜ Explicit dependency on target 'SnapshotTesting' in project 'swift-snapshot-testing'
        ➜ Explicit dependency on target 'SnapshotTestingCustomDump' in project 'swift-snapshot-testing'
        ➜ Explicit dependency on target 'CustomDump' in project 'swift-custom-dump'
        ➜ Explicit dependency on target 'SwiftParser' in project 'swift-syntax'
        ➜ Explicit dependency on target 'SwiftSyntax' in project 'swift-syntax'
        ➜ Explicit dependency on target 'SwiftSyntaxBuilder' in project 'swift-syntax'
    Target 'InlineSnapshotTesting' in project 'swift-snapshot-testing'
        ➜ Explicit dependency on target 'SnapshotTesting' in project 'swift-snapshot-testing'
        ➜ Explicit dependency on target 'SnapshotTestingCustomDump' in project 'swift-snapshot-testing'
        ➜ Explicit dependency on target 'CustomDump' in project 'swift-custom-dump'
        ➜ Explicit dependency on target 'SwiftParser' in project 'swift-syntax'
        ➜ Explicit dependency on target 'SwiftSyntax' in project 'swift-syntax'
        ➜ Explicit dependency on target 'SwiftSyntaxBuilder' in project 'swift-syntax'
    Target 'SwiftSyntaxBuilder' in project 'swift-syntax'
        ➜ Explicit dependency on target 'SwiftSyntaxBuilder' in project 'swift-syntax'
        ➜ Explicit dependency on target '_SwiftSyntaxCShims' in project 'swift-syntax'
        ➜ Explicit dependency on target 'SwiftSyntax509' in project 'swift-syntax'
        ➜ Explicit dependency on target 'SwiftSyntax510' in project 'swift-syntax'
        ➜ Explicit dependency on target 'SwiftSyntax600' in project 'swift-syntax'
        ➜ Explicit dependency on target 'SwiftSyntax601' in project 'swift-syntax'
        ➜ Explicit dependency on target 'SwiftSyntax602' in project 'swift-syntax'
        ➜ Explicit dependency on target 'SwiftSyntax' in project 'swift-syntax'
        ➜ Explicit dependency on target 'SwiftBasicFormat' in project 'swift-syntax'
        ➜ Explicit dependency on target 'SwiftParser' in project 'swift-syntax'
        ➜ Explicit dependency on target 'SwiftDiagnostics' in project 'swift-syntax'
        ➜ Explicit dependency on target 'SwiftParserDiagnostics' in project 'swift-syntax'
    Target 'SwiftSyntaxBuilder' in project 'swift-syntax'
        ➜ Explicit dependency on target '_SwiftSyntaxCShims' in project 'swift-syntax'
        ➜ Explicit dependency on target 'SwiftSyntax509' in project 'swift-syntax'
        ➜ Explicit dependency on target 'SwiftSyntax510' in project 'swift-syntax'
        ➜ Explicit dependency on target 'SwiftSyntax600' in project 'swift-syntax'
        ➜ Explicit dependency on target 'SwiftSyntax601' in project 'swift-syntax'
        ➜ Explicit dependency on target 'SwiftSyntax602' in project 'swift-syntax'
        ➜ Explicit dependency on target 'SwiftSyntax' in project 'swift-syntax'
        ➜ Explicit dependency on target 'SwiftBasicFormat' in project 'swift-syntax'
        ➜ Explicit dependency on target 'SwiftParser' in project 'swift-syntax'
        ➜ Explicit dependency on target 'SwiftDiagnostics' in project 'swift-syntax'
        ➜ Explicit dependency on target 'SwiftParserDiagnostics' in project 'swift-syntax'
    Target 'SwiftParserDiagnostics' in project 'swift-syntax'
        ➜ Explicit dependency on target '_SwiftSyntaxCShims' in project 'swift-syntax'
        ➜ Explicit dependency on target 'SwiftSyntax509' in project 'swift-syntax'
        ➜ Explicit dependency on target 'SwiftSyntax510' in project 'swift-syntax'
        ➜ Explicit dependency on target 'SwiftSyntax600' in project 'swift-syntax'
        ➜ Explicit dependency on target 'SwiftSyntax601' in project 'swift-syntax'
        ➜ Explicit dependency on target 'SwiftSyntax602' in project 'swift-syntax'
        ➜ Explicit dependency on target 'SwiftSyntax' in project 'swift-syntax'
        ➜ Explicit dependency on target 'SwiftBasicFormat' in project 'swift-syntax'
        ➜ Explicit dependency on target 'SwiftDiagnostics' in project 'swift-syntax'
        ➜ Explicit dependency on target 'SwiftParser' in project 'swift-syntax'
    Target 'SwiftDiagnostics' in project 'swift-syntax'
        ➜ Explicit dependency on target '_SwiftSyntaxCShims' in project 'swift-syntax'
        ➜ Explicit dependency on target 'SwiftSyntax509' in project 'swift-syntax'
        ➜ Explicit dependency on target 'SwiftSyntax510' in project 'swift-syntax'
        ➜ Explicit dependency on target 'SwiftSyntax600' in project 'swift-syntax'
        ➜ Explicit dependency on target 'SwiftSyntax601' in project 'swift-syntax'
        ➜ Explicit dependency on target 'SwiftSyntax602' in project 'swift-syntax'
        ➜ Explicit dependency on target 'SwiftSyntax' in project 'swift-syntax'
    Target 'SwiftBasicFormat' in project 'swift-syntax'
        ➜ Explicit dependency on target '_SwiftSyntaxCShims' in project 'swift-syntax'
        ➜ Explicit dependency on target 'SwiftSyntax509' in project 'swift-syntax'
        ➜ Explicit dependency on target 'SwiftSyntax510' in project 'swift-syntax'
        ➜ Explicit dependency on target 'SwiftSyntax600' in project 'swift-syntax'
        ➜ Explicit dependency on target 'SwiftSyntax601' in project 'swift-syntax'
        ➜ Explicit dependency on target 'SwiftSyntax602' in project 'swift-syntax'
        ➜ Explicit dependency on target 'SwiftSyntax' in project 'swift-syntax'
    Target 'SwiftSyntax' in project 'swift-syntax'
        ➜ Explicit dependency on target 'SwiftSyntax' in project 'swift-syntax'
        ➜ Explicit dependency on target '_SwiftSyntaxCShims' in project 'swift-syntax'
        ➜ Explicit dependency on target 'SwiftSyntax509' in project 'swift-syntax'
        ➜ Explicit dependency on target 'SwiftSyntax510' in project 'swift-syntax'
        ➜ Explicit dependency on target 'SwiftSyntax600' in project 'swift-syntax'
        ➜ Explicit dependency on target 'SwiftSyntax601' in project 'swift-syntax'
        ➜ Explicit dependency on target 'SwiftSyntax602' in project 'swift-syntax'
    Target 'SwiftParser' in project 'swift-syntax'
        ➜ Explicit dependency on target 'SwiftParser' in project 'swift-syntax'
        ➜ Explicit dependency on target '_SwiftSyntaxCShims' in project 'swift-syntax'
        ➜ Explicit dependency on target 'SwiftSyntax509' in project 'swift-syntax'
        ➜ Explicit dependency on target 'SwiftSyntax510' in project 'swift-syntax'
        ➜ Explicit dependency on target 'SwiftSyntax600' in project 'swift-syntax'
        ➜ Explicit dependency on target 'SwiftSyntax601' in project 'swift-syntax'
        ➜ Explicit dependency on target 'SwiftSyntax602' in project 'swift-syntax'
        ➜ Explicit dependency on target 'SwiftSyntax' in project 'swift-syntax'
    Target 'SwiftParser' in project 'swift-syntax'
        ➜ Explicit dependency on target '_SwiftSyntaxCShims' in project 'swift-syntax'
        ➜ Explicit dependency on target 'SwiftSyntax509' in project 'swift-syntax'
        ➜ Explicit dependency on target 'SwiftSyntax510' in project 'swift-syntax'
        ➜ Explicit dependency on target 'SwiftSyntax600' in project 'swift-syntax'
        ➜ Explicit dependency on target 'SwiftSyntax601' in project 'swift-syntax'
        ➜ Explicit dependency on target 'SwiftSyntax602' in project 'swift-syntax'
        ➜ Explicit dependency on target 'SwiftSyntax' in project 'swift-syntax'
    Target 'SwiftSyntax' in project 'swift-syntax'
        ➜ Explicit dependency on target '_SwiftSyntaxCShims' in project 'swift-syntax'
        ➜ Explicit dependency on target 'SwiftSyntax509' in project 'swift-syntax'
        ➜ Explicit dependency on target 'SwiftSyntax510' in project 'swift-syntax'
        ➜ Explicit dependency on target 'SwiftSyntax600' in project 'swift-syntax'
        ➜ Explicit dependency on target 'SwiftSyntax601' in project 'swift-syntax'
        ➜ Explicit dependency on target 'SwiftSyntax602' in project 'swift-syntax'
    Target 'SwiftSyntax602' in project 'swift-syntax' (no dependencies)
    Target 'SwiftSyntax601' in project 'swift-syntax' (no dependencies)
    Target 'SwiftSyntax600' in project 'swift-syntax' (no dependencies)
    Target 'SwiftSyntax510' in project 'swift-syntax' (no dependencies)
    Target 'SwiftSyntax509' in project 'swift-syntax' (no dependencies)
    Target '_SwiftSyntaxCShims' in project 'swift-syntax' (no dependencies)
    Target 'SnapshotTestingCustomDump' in project 'swift-snapshot-testing'
        ➜ Explicit dependency on target 'SnapshotTesting' in project 'swift-snapshot-testing'
        ➜ Explicit dependency on target 'CustomDump' in project 'swift-custom-dump'
    Target 'SnapshotTesting' in project 'swift-snapshot-testing' (no dependencies)
    Target 'PeerTubeSwift' in project 'PeerTubeSwift'
        ➜ Explicit dependency on target 'SQLiteData' in project 'sqlite-data'
        ➜ Explicit dependency on target 'TubeSDK' in project 'TubeSDK'
        ➜ Explicit dependency on target 'ComposableArchitecture' in project 'swift-composable-architecture'
        ➜ Explicit dependency on target 'WebURL' in project 'swift-url'
        ➜ Explicit dependency on target 'WebURLFoundationExtras' in project 'swift-url'
    Target 'WebURLFoundationExtras' in project 'swift-url'
        ➜ Explicit dependency on target 'WebURLFoundationExtras' in project 'swift-url'
        ➜ Explicit dependency on target 'UnicodeDataStructures' in project 'swift-url'
        ➜ Explicit dependency on target 'IDNA' in project 'swift-url'
        ➜ Explicit dependency on target 'WebURL' in project 'swift-url'
    Target 'WebURLFoundationExtras' in project 'swift-url'
        ➜ Explicit dependency on target 'UnicodeDataStructures' in project 'swift-url'
        ➜ Explicit dependency on target 'IDNA' in project 'swift-url'
        ➜ Explicit dependency on target 'WebURL' in project 'swift-url'
    Target 'WebURL' in project 'swift-url'
        ➜ Explicit dependency on target 'WebURL' in project 'swift-url'
        ➜ Explicit dependency on target 'UnicodeDataStructures' in project 'swift-url'
        ➜ Explicit dependency on target 'IDNA' in project 'swift-url'
    Target 'WebURL' in project 'swift-url'
        ➜ Explicit dependency on target 'UnicodeDataStructures' in project 'swift-url'
        ➜ Explicit dependency on target 'IDNA' in project 'swift-url'
    Target 'IDNA' in project 'swift-url'
        ➜ Explicit dependency on target 'UnicodeDataStructures' in project 'swift-url'
    Target 'UnicodeDataStructures' in project 'swift-url' (no dependencies)
    Target 'ComposableArchitecture' in project 'swift-composable-architecture'
        ➜ Explicit dependency on target 'ComposableArchitecture' in project 'swift-composable-architecture'
        ➜ Explicit dependency on target 'swift-composable-architecture_ComposableArchitecture' in project 'swift-composable-architecture'
        ➜ Explicit dependency on target 'ComposableArchitectureMacros' in project 'swift-composable-architecture'
        ➜ Explicit dependency on target 'CasePaths' in project 'swift-case-paths'
        ➜ Explicit dependency on target 'CombineSchedulers' in project 'combine-schedulers'
        ➜ Explicit dependency on target 'ConcurrencyExtras' in project 'swift-concurrency-extras'
        ➜ Explicit dependency on target 'CustomDump' in project 'swift-custom-dump'
        ➜ Explicit dependency on target 'Dependencies' in project 'swift-dependencies'
        ➜ Explicit dependency on target 'DependenciesMacros' in project 'swift-dependencies'
        ➜ Explicit dependency on target 'IdentifiedCollections' in project 'swift-identified-collections'
        ➜ Explicit dependency on target 'IssueReporting' in project 'xctest-dynamic-overlay'
        ➜ Explicit dependency on target 'OrderedCollections' in project 'swift-collections'
        ➜ Explicit dependency on target 'Perception' in project 'swift-perception'
        ➜ Explicit dependency on target 'Sharing' in project 'swift-sharing'
        ➜ Explicit dependency on target 'SwiftUINavigation' in project 'swift-navigation'
        ➜ Explicit dependency on target 'UIKitNavigation' in project 'swift-navigation'
    Target 'ComposableArchitecture' in project 'swift-composable-architecture'
        ➜ Explicit dependency on target 'swift-composable-architecture_ComposableArchitecture' in project 'swift-composable-architecture'
        ➜ Explicit dependency on target 'ComposableArchitectureMacros' in project 'swift-composable-architecture'
        ➜ Explicit dependency on target 'CasePaths' in project 'swift-case-paths'
        ➜ Explicit dependency on target 'CombineSchedulers' in project 'combine-schedulers'
        ➜ Explicit dependency on target 'ConcurrencyExtras' in project 'swift-concurrency-extras'
        ➜ Explicit dependency on target 'CustomDump' in project 'swift-custom-dump'
        ➜ Explicit dependency on target 'Dependencies' in project 'swift-dependencies'
        ➜ Explicit dependency on target 'DependenciesMacros' in project 'swift-dependencies'
        ➜ Explicit dependency on target 'IdentifiedCollections' in project 'swift-identified-collections'
        ➜ Explicit dependency on target 'IssueReporting' in project 'xctest-dynamic-overlay'
        ➜ Explicit dependency on target 'OrderedCollections' in project 'swift-collections'
        ➜ Explicit dependency on target 'Perception' in project 'swift-perception'
        ➜ Explicit dependency on target 'Sharing' in project 'swift-sharing'
        ➜ Explicit dependency on target 'SwiftUINavigation' in project 'swift-navigation'
        ➜ Explicit dependency on target 'UIKitNavigation' in project 'swift-navigation'
    Target 'UIKitNavigation' in project 'swift-navigation'
        ➜ Explicit dependency on target 'UIKitNavigation' in project 'swift-navigation'
        ➜ Explicit dependency on target 'SwiftNavigation' in project 'swift-navigation'
        ➜ Explicit dependency on target 'UIKitNavigationShim' in project 'swift-navigation'
        ➜ Explicit dependency on target 'CasePaths' in project 'swift-case-paths'
        ➜ Explicit dependency on target 'CustomDump' in project 'swift-custom-dump'
        ➜ Explicit dependency on target 'ConcurrencyExtras' in project 'swift-concurrency-extras'
        ➜ Explicit dependency on target 'IssueReporting' in project 'xctest-dynamic-overlay'
        ➜ Explicit dependency on target 'OrderedCollections' in project 'swift-collections'
        ➜ Explicit dependency on target 'Perception' in project 'swift-perception'
        ➜ Explicit dependency on target 'PerceptionCore' in project 'swift-perception'
    Target 'SwiftUINavigation' in project 'swift-navigation'
        ➜ Explicit dependency on target 'SwiftUINavigation' in project 'swift-navigation'
        ➜ Explicit dependency on target 'SwiftNavigation' in project 'swift-navigation'
        ➜ Explicit dependency on target 'UIKitNavigationShim' in project 'swift-navigation'
        ➜ Explicit dependency on target 'UIKitNavigation' in project 'swift-navigation'
        ➜ Explicit dependency on target 'CasePaths' in project 'swift-case-paths'
        ➜ Explicit dependency on target 'CustomDump' in project 'swift-custom-dump'
        ➜ Explicit dependency on target 'ConcurrencyExtras' in project 'swift-concurrency-extras'
        ➜ Explicit dependency on target 'IssueReporting' in project 'xctest-dynamic-overlay'
        ➜ Explicit dependency on target 'OrderedCollections' in project 'swift-collections'
        ➜ Explicit dependency on target 'Perception' in project 'swift-perception'
        ➜ Explicit dependency on target 'PerceptionCore' in project 'swift-perception'
    Target 'SwiftUINavigation' in project 'swift-navigation'
        ➜ Explicit dependency on target 'SwiftNavigation' in project 'swift-navigation'
        ➜ Explicit dependency on target 'UIKitNavigationShim' in project 'swift-navigation'
        ➜ Explicit dependency on target 'UIKitNavigation' in project 'swift-navigation'
        ➜ Explicit dependency on target 'CasePaths' in project 'swift-case-paths'
        ➜ Explicit dependency on target 'CustomDump' in project 'swift-custom-dump'
        ➜ Explicit dependency on target 'ConcurrencyExtras' in project 'swift-concurrency-extras'
        ➜ Explicit dependency on target 'IssueReporting' in project 'xctest-dynamic-overlay'
        ➜ Explicit dependency on target 'OrderedCollections' in project 'swift-collections'
        ➜ Explicit dependency on target 'Perception' in project 'swift-perception'
        ➜ Explicit dependency on target 'PerceptionCore' in project 'swift-perception'
    Target 'UIKitNavigation' in project 'swift-navigation'
        ➜ Explicit dependency on target 'SwiftNavigation' in project 'swift-navigation'
        ➜ Explicit dependency on target 'UIKitNavigationShim' in project 'swift-navigation'
        ➜ Explicit dependency on target 'CasePaths' in project 'swift-case-paths'
        ➜ Explicit dependency on target 'CustomDump' in project 'swift-custom-dump'
        ➜ Explicit dependency on target 'ConcurrencyExtras' in project 'swift-concurrency-extras'
        ➜ Explicit dependency on target 'IssueReporting' in project 'xctest-dynamic-overlay'
        ➜ Explicit dependency on target 'OrderedCollections' in project 'swift-collections'
        ➜ Explicit dependency on target 'Perception' in project 'swift-perception'
        ➜ Explicit dependency on target 'PerceptionCore' in project 'swift-perception'
    Target 'UIKitNavigationShim' in project 'swift-navigation' (no dependencies)
    Target 'SwiftNavigation' in project 'swift-navigation'
        ➜ Explicit dependency on target 'CasePaths' in project 'swift-case-paths'
        ➜ Explicit dependency on target 'CustomDump' in project 'swift-custom-dump'
        ➜ Explicit dependency on target 'ConcurrencyExtras' in project 'swift-concurrency-extras'
        ➜ Explicit dependency on target 'IssueReporting' in project 'xctest-dynamic-overlay'
        ➜ Explicit dependency on target 'OrderedCollections' in project 'swift-collections'
        ➜ Explicit dependency on target 'Perception' in project 'swift-perception'
        ➜ Explicit dependency on target 'PerceptionCore' in project 'swift-perception'
    Target 'DependenciesMacros' in project 'swift-dependencies'
        ➜ Explicit dependency on target 'DependenciesMacros' in project 'swift-dependencies'
        ➜ Explicit dependency on target 'DependenciesMacrosPlugin' in project 'swift-dependencies'
        ➜ Explicit dependency on target 'IssueReporting' in project 'xctest-dynamic-overlay'
        ➜ Explicit dependency on target 'XCTestDynamicOverlay' in project 'xctest-dynamic-overlay'
    Target 'DependenciesMacros' in project 'swift-dependencies'
        ➜ Explicit dependency on target 'DependenciesMacrosPlugin' in project 'swift-dependencies'
        ➜ Explicit dependency on target 'IssueReporting' in project 'xctest-dynamic-overlay'
        ➜ Explicit dependency on target 'XCTestDynamicOverlay' in project 'xctest-dynamic-overlay'
    Target 'DependenciesMacrosPlugin' in project 'swift-dependencies' (no dependencies)
    Target 'CasePaths' in project 'swift-case-paths'
        ➜ Explicit dependency on target 'CasePaths' in project 'swift-case-paths'
        ➜ Explicit dependency on target 'CasePathsCore' in project 'swift-case-paths'
        ➜ Explicit dependency on target 'CasePathsMacros' in project 'swift-case-paths'
        ➜ Explicit dependency on target 'IssueReporting' in project 'xctest-dynamic-overlay'
        ➜ Explicit dependency on target 'XCTestDynamicOverlay' in project 'xctest-dynamic-overlay'
    Target 'CasePaths' in project 'swift-case-paths'
        ➜ Explicit dependency on target 'CasePathsCore' in project 'swift-case-paths'
        ➜ Explicit dependency on target 'CasePathsMacros' in project 'swift-case-paths'
        ➜ Explicit dependency on target 'IssueReporting' in project 'xctest-dynamic-overlay'
        ➜ Explicit dependency on target 'XCTestDynamicOverlay' in project 'xctest-dynamic-overlay'
    Target 'CasePathsMacros' in project 'swift-case-paths' (no dependencies)
    Target 'CasePathsCore' in project 'swift-case-paths'
        ➜ Explicit dependency on target 'IssueReporting' in project 'xctest-dynamic-overlay'
        ➜ Explicit dependency on target 'XCTestDynamicOverlay' in project 'xctest-dynamic-overlay'
    Target 'ComposableArchitectureMacros' in project 'swift-composable-architecture' (no dependencies)
    Target 'swift-composable-architecture_ComposableArchitecture' in project 'swift-composable-architecture' (no dependencies)
    Target 'TubeSDK' in project 'TubeSDK'
        ➜ Explicit dependency on target 'TubeSDK' in project 'TubeSDK'
    Target 'TubeSDK' in project 'TubeSDK' (no dependencies)
    Target 'SQLiteData' in project 'sqlite-data'
        ➜ Explicit dependency on target 'SQLiteData' in project 'sqlite-data'
        ➜ Explicit dependency on target 'ConcurrencyExtras' in project 'swift-concurrency-extras'
        ➜ Explicit dependency on target 'Dependencies' in project 'swift-dependencies'
        ➜ Explicit dependency on target 'GRDB' in project 'GRDB'
        ➜ Explicit dependency on target 'IssueReporting' in project 'xctest-dynamic-overlay'
        ➜ Explicit dependency on target 'OrderedCollections' in project 'swift-collections'
        ➜ Explicit dependency on target 'Perception' in project 'swift-perception'
        ➜ Explicit dependency on target 'Sharing' in project 'swift-sharing'
        ➜ Explicit dependency on target 'StructuredQueriesSQLite' in project 'swift-structured-queries'
    Target 'SQLiteData' in project 'sqlite-data'
        ➜ Explicit dependency on target 'ConcurrencyExtras' in project 'swift-concurrency-extras'
        ➜ Explicit dependency on target 'Dependencies' in project 'swift-dependencies'
        ➜ Explicit dependency on target 'GRDB' in project 'GRDB'
        ➜ Explicit dependency on target 'IssueReporting' in project 'xctest-dynamic-overlay'
        ➜ Explicit dependency on target 'OrderedCollections' in project 'swift-collections'
        ➜ Explicit dependency on target 'Perception' in project 'swift-perception'
        ➜ Explicit dependency on target 'Sharing' in project 'swift-sharing'
        ➜ Explicit dependency on target 'StructuredQueriesSQLite' in project 'swift-structured-queries'
    Target 'StructuredQueriesSQLite' in project 'swift-structured-queries'
        ➜ Explicit dependency on target 'StructuredQueriesSQLite' in project 'swift-structured-queries'
        ➜ Explicit dependency on target 'StructuredQueriesCore' in project 'swift-structured-queries'
        ➜ Explicit dependency on target 'StructuredQueriesMacros' in project 'swift-structured-queries'
        ➜ Explicit dependency on target 'StructuredQueries' in project 'swift-structured-queries'
        ➜ Explicit dependency on target 'StructuredQueriesSQLiteCore' in project 'swift-structured-queries'
        ➜ Explicit dependency on target 'StructuredQueriesSQLiteMacros' in project 'swift-structured-queries'
        ➜ Explicit dependency on target 'IssueReporting' in project 'xctest-dynamic-overlay'
    Target 'StructuredQueriesSQLite' in project 'swift-structured-queries'
        ➜ Explicit dependency on target 'StructuredQueriesCore' in project 'swift-structured-queries'
        ➜ Explicit dependency on target 'StructuredQueriesMacros' in project 'swift-structured-queries'
        ➜ Explicit dependency on target 'StructuredQueries' in project 'swift-structured-queries'
        ➜ Explicit dependency on target 'StructuredQueriesSQLiteCore' in project 'swift-structured-queries'
        ➜ Explicit dependency on target 'StructuredQueriesSQLiteMacros' in project 'swift-structured-queries'
        ➜ Explicit dependency on target 'IssueReporting' in project 'xctest-dynamic-overlay'
    Target 'StructuredQueriesSQLiteMacros' in project 'swift-structured-queries' (no dependencies)
    Target 'StructuredQueriesSQLiteCore' in project 'swift-structured-queries'
        ➜ Explicit dependency on target 'StructuredQueriesCore' in project 'swift-structured-queries'
        ➜ Explicit dependency on target 'IssueReporting' in project 'xctest-dynamic-overlay'
    Target 'StructuredQueries' in project 'swift-structured-queries'
        ➜ Explicit dependency on target 'StructuredQueriesCore' in project 'swift-structured-queries'
        ➜ Explicit dependency on target 'StructuredQueriesMacros' in project 'swift-structured-queries'
        ➜ Explicit dependency on target 'IssueReporting' in project 'xctest-dynamic-overlay'
    Target 'StructuredQueriesMacros' in project 'swift-structured-queries' (no dependencies)
    Target 'StructuredQueriesCore' in project 'swift-structured-queries'
        ➜ Explicit dependency on target 'IssueReporting' in project 'xctest-dynamic-overlay'
    Target 'Sharing' in project 'swift-sharing'
        ➜ Explicit dependency on target 'Sharing' in project 'swift-sharing'
        ➜ Explicit dependency on target 'swift-sharing_Sharing' in project 'swift-sharing'
        ➜ Explicit dependency on target 'Sharing1' in project 'swift-sharing'
        ➜ Explicit dependency on target 'Sharing2' in project 'swift-sharing'
        ➜ Explicit dependency on target 'CombineSchedulers' in project 'combine-schedulers'
        ➜ Explicit dependency on target 'ConcurrencyExtras' in project 'swift-concurrency-extras'
        ➜ Explicit dependency on target 'CustomDump' in project 'swift-custom-dump'
        ➜ Explicit dependency on target 'Dependencies' in project 'swift-dependencies'
        ➜ Explicit dependency on target 'IdentifiedCollections' in project 'swift-identified-collections'
        ➜ Explicit dependency on target 'IssueReporting' in project 'xctest-dynamic-overlay'
        ➜ Explicit dependency on target 'PerceptionCore' in project 'swift-perception'
    Target 'Sharing' in project 'swift-sharing'
        ➜ Explicit dependency on target 'swift-sharing_Sharing' in project 'swift-sharing'
        ➜ Explicit dependency on target 'Sharing1' in project 'swift-sharing'
        ➜ Explicit dependency on target 'Sharing2' in project 'swift-sharing'
        ➜ Explicit dependency on target 'CombineSchedulers' in project 'combine-schedulers'
        ➜ Explicit dependency on target 'ConcurrencyExtras' in project 'swift-concurrency-extras'
        ➜ Explicit dependency on target 'CustomDump' in project 'swift-custom-dump'
        ➜ Explicit dependency on target 'Dependencies' in project 'swift-dependencies'
        ➜ Explicit dependency on target 'IdentifiedCollections' in project 'swift-identified-collections'
        ➜ Explicit dependency on target 'IssueReporting' in project 'xctest-dynamic-overlay'
        ➜ Explicit dependency on target 'PerceptionCore' in project 'swift-perception'
    Target 'PerceptionCore' in project 'swift-perception'
        ➜ Explicit dependency on target 'PerceptionCore' in project 'swift-perception'
        ➜ Explicit dependency on target 'IssueReporting' in project 'xctest-dynamic-overlay'
    Target 'IdentifiedCollections' in project 'swift-identified-collections'
        ➜ Explicit dependency on target 'IdentifiedCollections' in project 'swift-identified-collections'
        ➜ Explicit dependency on target 'OrderedCollections' in project 'swift-collections'
    Target 'IdentifiedCollections' in project 'swift-identified-collections'
        ➜ Explicit dependency on target 'OrderedCollections' in project 'swift-collections'
    Target 'CustomDump' in project 'swift-custom-dump'
        ➜ Explicit dependency on target 'CustomDump' in project 'swift-custom-dump'
        ➜ Explicit dependency on target 'IssueReporting' in project 'xctest-dynamic-overlay'
        ➜ Explicit dependency on target 'XCTestDynamicOverlay' in project 'xctest-dynamic-overlay'
    Target 'CustomDump' in project 'swift-custom-dump'
        ➜ Explicit dependency on target 'IssueReporting' in project 'xctest-dynamic-overlay'
        ➜ Explicit dependency on target 'XCTestDynamicOverlay' in project 'xctest-dynamic-overlay'
    Target 'Sharing2' in project 'swift-sharing' (no dependencies)
    Target 'Sharing1' in project 'swift-sharing' (no dependencies)
    Target 'swift-sharing_Sharing' in project 'swift-sharing' (no dependencies)
    Target 'Perception' in project 'swift-perception'
        ➜ Explicit dependency on target 'Perception' in project 'swift-perception'
        ➜ Explicit dependency on target 'PerceptionCore' in project 'swift-perception'
        ➜ Explicit dependency on target 'PerceptionMacros' in project 'swift-perception'
        ➜ Explicit dependency on target 'IssueReporting' in project 'xctest-dynamic-overlay'
    Target 'Perception' in project 'swift-perception'
        ➜ Explicit dependency on target 'PerceptionCore' in project 'swift-perception'
        ➜ Explicit dependency on target 'PerceptionMacros' in project 'swift-perception'
        ➜ Explicit dependency on target 'IssueReporting' in project 'xctest-dynamic-overlay'
    Target 'PerceptionMacros' in project 'swift-perception' (no dependencies)
    Target 'PerceptionCore' in project 'swift-perception'
        ➜ Explicit dependency on target 'IssueReporting' in project 'xctest-dynamic-overlay'
    Target 'OrderedCollections' in project 'swift-collections'
        ➜ Explicit dependency on target 'OrderedCollections' in project 'swift-collections'
        ➜ Explicit dependency on target 'InternalCollectionsUtilities' in project 'swift-collections'
    Target 'OrderedCollections' in project 'swift-collections'
        ➜ Explicit dependency on target 'InternalCollectionsUtilities' in project 'swift-collections'
    Target 'InternalCollectionsUtilities' in project 'swift-collections' (no dependencies)
    Target 'GRDB' in project 'GRDB'
        ➜ Explicit dependency on target 'GRDB' in project 'GRDB'
        ➜ Explicit dependency on target 'GRDB_GRDB' in project 'GRDB'
    Target 'GRDB' in project 'GRDB'
        ➜ Explicit dependency on target 'GRDB_GRDB' in project 'GRDB'
        ➜ Explicit dependency on target 'GRDBSQLite' in project 'GRDB'
    Target 'GRDBSQLite' in project 'GRDB' (no dependencies)
    Target 'GRDB_GRDB' in project 'GRDB' (no dependencies)
    Target 'Dependencies' in project 'swift-dependencies'
        ➜ Explicit dependency on target 'Dependencies' in project 'swift-dependencies'
        ➜ Explicit dependency on target 'Clocks' in project 'swift-clocks'
        ➜ Explicit dependency on target 'CombineSchedulers' in project 'combine-schedulers'
        ➜ Explicit dependency on target 'ConcurrencyExtras' in project 'swift-concurrency-extras'
        ➜ Explicit dependency on target 'IssueReporting' in project 'xctest-dynamic-overlay'
        ➜ Explicit dependency on target 'XCTestDynamicOverlay' in project 'xctest-dynamic-overlay'
    Target 'Dependencies' in project 'swift-dependencies'
        ➜ Explicit dependency on target 'Clocks' in project 'swift-clocks'
        ➜ Explicit dependency on target 'CombineSchedulers' in project 'combine-schedulers'
        ➜ Explicit dependency on target 'ConcurrencyExtras' in project 'swift-concurrency-extras'
        ➜ Explicit dependency on target 'IssueReporting' in project 'xctest-dynamic-overlay'
        ➜ Explicit dependency on target 'XCTestDynamicOverlay' in project 'xctest-dynamic-overlay'
    Target 'XCTestDynamicOverlay' in project 'xctest-dynamic-overlay'
        ➜ Explicit dependency on target 'XCTestDynamicOverlay' in project 'xctest-dynamic-overlay'
        ➜ Explicit dependency on target 'IssueReportingPackageSupport' in project 'xctest-dynamic-overlay'
        ➜ Explicit dependency on target 'IssueReporting' in project 'xctest-dynamic-overlay'
    Target 'XCTestDynamicOverlay' in project 'xctest-dynamic-overlay'
        ➜ Explicit dependency on target 'IssueReportingPackageSupport' in project 'xctest-dynamic-overlay'
        ➜ Explicit dependency on target 'IssueReporting' in project 'xctest-dynamic-overlay'
    Target 'CombineSchedulers' in project 'combine-schedulers'
        ➜ Explicit dependency on target 'CombineSchedulers' in project 'combine-schedulers'
        ➜ Explicit dependency on target 'ConcurrencyExtras' in project 'swift-concurrency-extras'
        ➜ Explicit dependency on target 'IssueReporting' in project 'xctest-dynamic-overlay'
    Target 'CombineSchedulers' in project 'combine-schedulers'
        ➜ Explicit dependency on target 'ConcurrencyExtras' in project 'swift-concurrency-extras'
        ➜ Explicit dependency on target 'IssueReporting' in project 'xctest-dynamic-overlay'
    Target 'Clocks' in project 'swift-clocks'
        ➜ Explicit dependency on target 'Clocks' in project 'swift-clocks'
        ➜ Explicit dependency on target 'ConcurrencyExtras' in project 'swift-concurrency-extras'
        ➜ Explicit dependency on target 'IssueReporting' in project 'xctest-dynamic-overlay'
    Target 'Clocks' in project 'swift-clocks'
        ➜ Explicit dependency on target 'ConcurrencyExtras' in project 'swift-concurrency-extras'
        ➜ Explicit dependency on target 'IssueReporting' in project 'xctest-dynamic-overlay'
    Target 'IssueReporting' in project 'xctest-dynamic-overlay'
        ➜ Explicit dependency on target 'IssueReporting' in project 'xctest-dynamic-overlay'
        ➜ Explicit dependency on target 'IssueReportingPackageSupport' in project 'xctest-dynamic-overlay'
    Target 'IssueReporting' in project 'xctest-dynamic-overlay'
        ➜ Explicit dependency on target 'IssueReportingPackageSupport' in project 'xctest-dynamic-overlay'
    Target 'IssueReportingPackageSupport' in project 'xctest-dynamic-overlay' (no dependencies)
    Target 'ConcurrencyExtras' in project 'swift-concurrency-extras'
        ➜ Explicit dependency on target 'ConcurrencyExtras' in project 'swift-concurrency-extras'
    Target 'ConcurrencyExtras' in project 'swift-concurrency-extras' (no dependencies)

GatherProvisioningInputs

CreateBuildDescription

ExecuteExternalTool /Applications/Xcode-26.2.0.app/Contents/Developer/Toolchains/XcodeDefault.xctoolchain/usr/bin/swiftc --version

ExecuteExternalTool /Applications/Xcode-26.2.0.app/Contents/Developer/Toolchains/XcodeDefault.xctoolchain/usr/bin/clang -v -E -dM -arch arm64 -isysroot /Applications/Xcode-26.2.0.app/Contents/Developer/Platforms/iPhoneSimulator.platform/Developer/SDKs/iPhoneSimulator26.2.sdk -x objective-c -c /dev/null

ExecuteExternalTool /Applications/Xcode-26.2.0.app/Contents/Developer/usr/bin/actool --print-asset-tag-combinations --output-format xml1 /Users/ericwatke/Documents/GitHub/peertube-swift/App/PeerTubeSwift/PeerTubeSwift/Assets.xcassets /Users/ericwatke/Documents/GitHub/peertube-swift/App/PeerTubeSwift/AppIcon.icon

ExecuteExternalTool /Applications/Xcode-26.2.0.app/Contents/Developer/Toolchains/XcodeDefault.xctoolchain/usr/bin/clang -v -E -dM -arch arm64 -isysroot /Applications/Xcode-26.2.0.app/Contents/Developer/Platforms/iPhoneSimulator.platform/Developer/SDKs/iPhoneSimulator26.2.sdk -x c -c /dev/null

ExecuteExternalTool /Applications/Xcode-26.2.0.app/Contents/Developer/Toolchains/XcodeDefault.xctoolchain/usr/bin/ld -version_details

ExecuteExternalTool /Applications/Xcode-26.2.0.app/Contents/Developer/Toolchains/XcodeDefault.xctoolchain/usr/bin/clang -v -E -dM -isysroot /Applications/Xcode-26.2.0.app/Contents/Developer/Platforms/iPhoneSimulator.platform/Developer/SDKs/iPhoneSimulator26.2.sdk -x c -c /dev/null

ExecuteExternalTool /Applications/Xcode-26.2.0.app/Contents/Developer/Toolchains/XcodeDefault.xctoolchain/usr/bin/clang -v -E -dM -isysroot /Applications/Xcode-26.2.0.app/Contents/Developer/Platforms/MacOSX.platform/Developer/SDKs/MacOSX26.2.sdk -x c -c /dev/null

ReadFileContents /Applications/Xcode-26.2.0.app/Contents/Developer/Toolchains/XcodeDefault.xctoolchain/usr/share/docc/features.json

ExecuteExternalTool /Applications/Xcode-26.2.0.app/Contents/Developer/usr/bin/actool --version --output-format xml1

Build description signature: 46c5efc4e1c470b764b765b6b9671e46
Build description path: /Users/ericwatke/Library/Developer/Xcode/DerivedData/PeerTubeSwift-dpcwhlbrkmudrpgkkujqsfdqnghl/Build/Intermediates.noindex/XCBuildData/46c5efc4e1c470b764b765b6b9671e46.xcbuilddata
ClangStatCache /Applications/Xcode-26.2.0.app/Contents/Developer/Toolchains/XcodeDefault.xctoolchain/usr/bin/clang-stat-cache /Applications/Xcode-26.2.0.app/Contents/Developer/Platforms/iPhoneSimulator.platform/Developer/SDKs/iPhoneSimulator26.2.sdk /Users/ericwatke/Library/Developer/Xcode/DerivedData/SDKStatCaches.noindex/iphonesimulator26.2-23C53-396ea2e52eee30dc3ef691f54c5a881e.sdkstatcache
    cd /Users/ericwatke/Documents/GitHub/peertube-swift/App/PeerTubeSwift/PeerTubeSwift.xcodeproj
    /Applications/Xcode-26.2.0.app/Contents/Developer/Toolchains/XcodeDefault.xctoolchain/usr/bin/clang-stat-cache /Applications/Xcode-26.2.0.app/Contents/Developer/Platforms/iPhoneSimulator.platform/Developer/SDKs/iPhoneSimulator26.2.sdk -o /Users/ericwatke/Library/Developer/Xcode/DerivedData/SDKStatCaches.noindex/iphonesimulator26.2-23C53-396ea2e52eee30dc3ef691f54c5a881e.sdkstatcache

ClangStatCache /Applications/Xcode-26.2.0.app/Contents/Developer/Toolchains/XcodeDefault.xctoolchain/usr/bin/clang-stat-cache /Applications/Xcode-26.2.0.app/Contents/Developer/Platforms/MacOSX.platform/Developer/SDKs/MacOSX26.2.sdk /Users/ericwatke/Library/Developer/Xcode/DerivedData/SDKStatCaches.noindex/macosx26.2-25C57-8e261bc56bcf93cdf4ad792911627a89.sdkstatcache
    cd /Users/ericwatke/Documents/GitHub/peertube-swift/App/PeerTubeSwift/PeerTubeSwift.xcodeproj
    /Applications/Xcode-26.2.0.app/Contents/Developer/Toolchains/XcodeDefault.xctoolchain/usr/bin/clang-stat-cache /Applications/Xcode-26.2.0.app/Contents/Developer/Platforms/MacOSX.platform/Developer/SDKs/MacOSX26.2.sdk -o /Users/ericwatke/Library/Developer/Xcode/DerivedData/SDKStatCaches.noindex/macosx26.2-25C57-8e261bc56bcf93cdf4ad792911627a89.sdkstatcache

WriteAuxiliaryFile /Users/ericwatke/Library/Developer/Xcode/DerivedData/PeerTubeSwift-dpcwhlbrkmudrpgkkujqsfdqnghl/Build/Intermediates.noindex/swift-custom-dump.build/Debug-iphonesimulator/CustomDump.build/CustomDump.DependencyStaticMetadataFileList (in target 'CustomDump' from project 'swift-custom-dump')
    cd /Users/ericwatke/Library/Developer/Xcode/DerivedData/PeerTubeSwift-dpcwhlbrkmudrpgkkujqsfdqnghl/SourcePackages/checkouts/swift-custom-dump
    write-file /Users/ericwatke/Library/Developer/Xcode/DerivedData/PeerTubeSwift-dpcwhlbrkmudrpgkkujqsfdqnghl/Build/Intermediates.noindex/swift-custom-dump.build/Debug-iphonesimulator/CustomDump.build/CustomDump.DependencyStaticMetadataFileList

WriteAuxiliaryFile /Users/ericwatke/Library/Developer/Xcode/DerivedData/PeerTubeSwift-dpcwhlbrkmudrpgkkujqsfdqnghl/Build/Intermediates.noindex/swift-case-paths.build/Debug-iphonesimulator/CasePaths.build/CasePaths.DependencyStaticMetadataFileList (in target 'CasePaths' from project 'swift-case-paths')
    cd /Users/ericwatke/Library/Developer/Xcode/DerivedData/PeerTubeSwift-dpcwhlbrkmudrpgkkujqsfdqnghl/SourcePackages/checkouts/swift-case-paths
    write-file /Users/ericwatke/Library/Developer/Xcode/DerivedData/PeerTubeSwift-dpcwhlbrkmudrpgkkujqsfdqnghl/Build/Intermediates.noindex/swift-case-paths.build/Debug-iphonesimulator/CasePaths.build/CasePaths.DependencyStaticMetadataFileList

WriteAuxiliaryFile /Users/ericwatke/Library/Developer/Xcode/DerivedData/PeerTubeSwift-dpcwhlbrkmudrpgkkujqsfdqnghl/Build/Intermediates.noindex/swift-composable-architecture.build/Debug-iphonesimulator/ComposableArchitecture.build/ComposableArchitecture.DependencyStaticMetadataFileList (in target 'ComposableArchitecture' from project 'swift-composable-architecture')
    cd /Users/ericwatke/Library/Developer/Xcode/DerivedData/PeerTubeSwift-dpcwhlbrkmudrpgkkujqsfdqnghl/SourcePackages/checkouts/swift-composable-architecture
    write-file /Users/ericwatke/Library/Developer/Xcode/DerivedData/PeerTubeSwift-dpcwhlbrkmudrpgkkujqsfdqnghl/Build/Intermediates.noindex/swift-composable-architecture.build/Debug-iphonesimulator/ComposableArchitecture.build/ComposableArchitecture.DependencyStaticMetadataFileList

WriteAuxiliaryFile /Users/ericwatke/Library/Developer/Xcode/DerivedData/PeerTubeSwift-dpcwhlbrkmudrpgkkujqsfdqnghl/Build/Intermediates.noindex/xctest-dynamic-overlay.build/Debug-iphonesimulator/XCTestDynamicOverlay.build/XCTestDynamicOverlay.DependencyStaticMetadataFileList (in target 'XCTestDynamicOverlay' from project 'xctest-dynamic-overlay')
    cd /Users/ericwatke/Library/Developer/Xcode/DerivedData/PeerTubeSwift-dpcwhlbrkmudrpgkkujqsfdqnghl/SourcePackages/checkouts/xctest-dynamic-overlay
    write-file /Users/ericwatke/Library/Developer/Xcode/DerivedData/PeerTubeSwift-dpcwhlbrkmudrpgkkujqsfdqnghl/Build/Intermediates.noindex/xctest-dynamic-overlay.build/Debug-iphonesimulator/XCTestDynamicOverlay.build/XCTestDynamicOverlay.DependencyStaticMetadataFileList

WriteAuxiliaryFile /Users/ericwatke/Library/Developer/Xcode/DerivedData/PeerTubeSwift-dpcwhlbrkmudrpgkkujqsfdqnghl/Build/Intermediates.noindex/swift-navigation.build/Debug-iphonesimulator/UIKitNavigation.build/UIKitNavigation.DependencyStaticMetadataFileList (in target 'UIKitNavigation' from project 'swift-navigation')
    cd /Users/ericwatke/Library/Developer/Xcode/DerivedData/PeerTubeSwift-dpcwhlbrkmudrpgkkujqsfdqnghl/SourcePackages/checkouts/swift-navigation
    write-file /Users/ericwatke/Library/Developer/Xcode/DerivedData/PeerTubeSwift-dpcwhlbrkmudrpgkkujqsfdqnghl/Build/Intermediates.noindex/swift-navigation.build/Debug-iphonesimulator/UIKitNavigation.build/UIKitNavigation.DependencyStaticMetadataFileList

WriteAuxiliaryFile /Users/ericwatke/Library/Developer/Xcode/DerivedData/PeerTubeSwift-dpcwhlbrkmudrpgkkujqsfdqnghl/Build/Intermediates.noindex/swift-navigation.build/Debug-iphonesimulator/SwiftUINavigation.build/SwiftUINavigation.DependencyStaticMetadataFileList (in target 'SwiftUINavigation' from project 'swift-navigation')
    cd /Users/ericwatke/Library/Developer/Xcode/DerivedData/PeerTubeSwift-dpcwhlbrkmudrpgkkujqsfdqnghl/SourcePackages/checkouts/swift-navigation
    write-file /Users/ericwatke/Library/Developer/Xcode/DerivedData/PeerTubeSwift-dpcwhlbrkmudrpgkkujqsfdqnghl/Build/Intermediates.noindex/swift-navigation.build/Debug-iphonesimulator/SwiftUINavigation.build/SwiftUINavigation.DependencyStaticMetadataFileList

WriteAuxiliaryFile /Users/ericwatke/Library/Developer/Xcode/DerivedData/PeerTubeSwift-dpcwhlbrkmudrpgkkujqsfdqnghl/Build/Intermediates.noindex/swift-navigation.build/Debug-iphonesimulator/SwiftNavigation.build/SwiftNavigation.DependencyStaticMetadataFileList (in target 'SwiftNavigation' from project 'swift-navigation')
    cd /Users/ericwatke/Library/Developer/Xcode/DerivedData/PeerTubeSwift-dpcwhlbrkmudrpgkkujqsfdqnghl/SourcePackages/checkouts/swift-navigation
    write-file /Users/ericwatke/Library/Developer/Xcode/DerivedData/PeerTubeSwift-dpcwhlbrkmudrpgkkujqsfdqnghl/Build/Intermediates.noindex/swift-navigation.build/Debug-iphonesimulator/SwiftNavigation.build/SwiftNavigation.DependencyStaticMetadataFileList

WriteAuxiliaryFile /Users/ericwatke/Library/Developer/Xcode/DerivedData/PeerTubeSwift-dpcwhlbrkmudrpgkkujqsfdqnghl/Build/Intermediates.noindex/swift-structured-queries.build/Debug-iphonesimulator/StructuredQueriesSQLite.build/StructuredQueriesSQLite.DependencyStaticMetadataFileList (in target 'StructuredQueriesSQLite' from project 'swift-structured-queries')
    cd /Users/ericwatke/Library/Developer/Xcode/DerivedData/PeerTubeSwift-dpcwhlbrkmudrpgkkujqsfdqnghl/SourcePackages/checkouts/swift-structured-queries
    write-file /Users/ericwatke/Library/Developer/Xcode/DerivedData/PeerTubeSwift-dpcwhlbrkmudrpgkkujqsfdqnghl/Build/Intermediates.noindex/swift-structured-queries.build/Debug-iphonesimulator/StructuredQueriesSQLite.build/StructuredQueriesSQLite.DependencyStaticMetadataFileList

WriteAuxiliaryFile /Users/ericwatke/Library/Developer/Xcode/DerivedData/PeerTubeSwift-dpcwhlbrkmudrpgkkujqsfdqnghl/Build/Intermediates.noindex/swift-structured-queries.build/Debug-iphonesimulator/StructuredQueriesSQLiteCore.build/StructuredQueriesSQLiteCore.DependencyStaticMetadataFileList (in target 'StructuredQueriesSQLiteCore' from project 'swift-structured-queries')
    cd /Users/ericwatke/Library/Developer/Xcode/DerivedData/PeerTubeSwift-dpcwhlbrkmudrpgkkujqsfdqnghl/SourcePackages/checkouts/swift-structured-queries
    write-file /Users/ericwatke/Library/Developer/Xcode/DerivedData/PeerTubeSwift-dpcwhlbrkmudrpgkkujqsfdqnghl/Build/Intermediates.noindex/swift-structured-queries.build/Debug-iphonesimulator/StructuredQueriesSQLiteCore.build/StructuredQueriesSQLiteCore.DependencyStaticMetadataFileList

WriteAuxiliaryFile /Users/ericwatke/Library/Developer/Xcode/DerivedData/PeerTubeSwift-dpcwhlbrkmudrpgkkujqsfdqnghl/Build/Intermediates.noindex/swift-structured-queries.build/Debug-iphonesimulator/StructuredQueriesCore.build/StructuredQueriesCore.DependencyStaticMetadataFileList (in target 'StructuredQueriesCore' from project 'swift-structured-queries')
    cd /Users/ericwatke/Library/Developer/Xcode/DerivedData/PeerTubeSwift-dpcwhlbrkmudrpgkkujqsfdqnghl/SourcePackages/checkouts/swift-structured-queries
    write-file /Users/ericwatke/Library/Developer/Xcode/DerivedData/PeerTubeSwift-dpcwhlbrkmudrpgkkujqsfdqnghl/Build/Intermediates.noindex/swift-structured-queries.build/Debug-iphonesimulator/StructuredQueriesCore.build/StructuredQueriesCore.DependencyStaticMetadataFileList

WriteAuxiliaryFile /Users/ericwatke/Library/Developer/Xcode/DerivedData/PeerTubeSwift-dpcwhlbrkmudrpgkkujqsfdqnghl/Build/Intermediates.noindex/swift-structured-queries.build/Debug-iphonesimulator/StructuredQueries.build/StructuredQueries.DependencyStaticMetadataFileList (in target 'StructuredQueries' from project 'swift-structured-queries')
    cd /Users/ericwatke/Library/Developer/Xcode/DerivedData/PeerTubeSwift-dpcwhlbrkmudrpgkkujqsfdqnghl/SourcePackages/checkouts/swift-structured-queries
    write-file /Users/ericwatke/Library/Developer/Xcode/DerivedData/PeerTubeSwift-dpcwhlbrkmudrpgkkujqsfdqnghl/Build/Intermediates.noindex/swift-structured-queries.build/Debug-iphonesimulator/StructuredQueries.build/StructuredQueries.DependencyStaticMetadataFileList

WriteAuxiliaryFile /Users/ericwatke/Library/Developer/Xcode/DerivedData/PeerTubeSwift-dpcwhlbrkmudrpgkkujqsfdqnghl/Build/Intermediates.noindex/swift-sharing.build/Debug-iphonesimulator/Sharing.build/Sharing.DependencyStaticMetadataFileList (in target 'Sharing' from project 'swift-sharing')
    cd /Users/ericwatke/Library/Developer/Xcode/DerivedData/PeerTubeSwift-dpcwhlbrkmudrpgkkujqsfdqnghl/SourcePackages/checkouts/swift-sharing
    write-file /Users/ericwatke/Library/Developer/Xcode/DerivedData/PeerTubeSwift-dpcwhlbrkmudrpgkkujqsfdqnghl/Build/Intermediates.noindex/swift-sharing.build/Debug-iphonesimulator/Sharing.build/Sharing.DependencyStaticMetadataFileList

WriteAuxiliaryFile /Users/ericwatke/Library/Developer/Xcode/DerivedData/PeerTubeSwift-dpcwhlbrkmudrpgkkujqsfdqnghl/Build/Intermediates.noindex/sqlite-data.build/Debug-iphonesimulator/SQLiteData.build/SQLiteData.DependencyStaticMetadataFileList (in target 'SQLiteData' from project 'sqlite-data')
    cd /Users/ericwatke/Library/Developer/Xcode/DerivedData/PeerTubeSwift-dpcwhlbrkmudrpgkkujqsfdqnghl/SourcePackages/checkouts/sqlite-data
    write-file /Users/ericwatke/Library/Developer/Xcode/DerivedData/PeerTubeSwift-dpcwhlbrkmudrpgkkujqsfdqnghl/Build/Intermediates.noindex/sqlite-data.build/Debug-iphonesimulator/SQLiteData.build/SQLiteData.DependencyStaticMetadataFileList

WriteAuxiliaryFile /Users/ericwatke/Library/Developer/Xcode/DerivedData/PeerTubeSwift-dpcwhlbrkmudrpgkkujqsfdqnghl/Build/Intermediates.noindex/sqlite-data.build/Debug-iphonesimulator/SQLiteData.build/SQLiteData.DependencyMetadataFileList (in target 'SQLiteData' from project 'sqlite-data')
    cd /Users/ericwatke/Library/Developer/Xcode/DerivedData/PeerTubeSwift-dpcwhlbrkmudrpgkkujqsfdqnghl/SourcePackages/checkouts/sqlite-data
    write-file /Users/ericwatke/Library/Developer/Xcode/DerivedData/PeerTubeSwift-dpcwhlbrkmudrpgkkujqsfdqnghl/Build/Intermediates.noindex/sqlite-data.build/Debug-iphonesimulator/SQLiteData.build/SQLiteData.DependencyMetadataFileList

Copy /Users/ericwatke/Library/Developer/Xcode/DerivedData/PeerTubeSwift-dpcwhlbrkmudrpgkkujqsfdqnghl/Build/Intermediates.noindex/GeneratedModuleMaps-iphonesimulator/SQLiteData.modulemap /Users/ericwatke/Library/Developer/Xcode/DerivedData/PeerTubeSwift-dpcwhlbrkmudrpgkkujqsfdqnghl/Build/Intermediates.noindex/sqlite-data.build/Debug-iphonesimulator/SQLiteData.build/SQLiteData.modulemap (in target 'SQLiteData' from project 'sqlite-data')
    cd /Users/ericwatke/Library/Developer/Xcode/DerivedData/PeerTubeSwift-dpcwhlbrkmudrpgkkujqsfdqnghl/SourcePackages/checkouts/sqlite-data
    builtin-copy -exclude .DS_Store -exclude CVS -exclude .svn -exclude .git -exclude .hg -resolve-src-symlinks /Users/ericwatke/Library/Developer/Xcode/DerivedData/PeerTubeSwift-dpcwhlbrkmudrpgkkujqsfdqnghl/Build/Intermediates.noindex/sqlite-data.build/Debug-iphonesimulator/SQLiteData.build/SQLiteData.modulemap /Users/ericwatke/Library/Developer/Xcode/DerivedData/PeerTubeSwift-dpcwhlbrkmudrpgkkujqsfdqnghl/Build/Intermediates.noindex/GeneratedModuleMaps-iphonesimulator

WriteAuxiliaryFile /Users/ericwatke/Library/Developer/Xcode/DerivedData/PeerTubeSwift-dpcwhlbrkmudrpgkkujqsfdqnghl/Build/Intermediates.noindex/swift-perception.build/Debug-iphonesimulator/PerceptionCore.build/PerceptionCore.DependencyStaticMetadataFileList (in target 'PerceptionCore' from project 'swift-perception')
    cd /Users/ericwatke/Library/Developer/Xcode/DerivedData/PeerTubeSwift-dpcwhlbrkmudrpgkkujqsfdqnghl/SourcePackages/checkouts/swift-perception
    write-file /Users/ericwatke/Library/Developer/Xcode/DerivedData/PeerTubeSwift-dpcwhlbrkmudrpgkkujqsfdqnghl/Build/Intermediates.noindex/swift-perception.build/Debug-iphonesimulator/PerceptionCore.build/PerceptionCore.DependencyStaticMetadataFileList

WriteAuxiliaryFile /Users/ericwatke/Library/Developer/Xcode/DerivedData/PeerTubeSwift-dpcwhlbrkmudrpgkkujqsfdqnghl/Build/Intermediates.noindex/swift-perception.build/Debug-iphonesimulator/PerceptionCore.build/PerceptionCore.DependencyMetadataFileList (in target 'PerceptionCore' from project 'swift-perception')
    cd /Users/ericwatke/Library/Developer/Xcode/DerivedData/PeerTubeSwift-dpcwhlbrkmudrpgkkujqsfdqnghl/SourcePackages/checkouts/swift-perception
    write-file /Users/ericwatke/Library/Developer/Xcode/DerivedData/PeerTubeSwift-dpcwhlbrkmudrpgkkujqsfdqnghl/Build/Intermediates.noindex/swift-perception.build/Debug-iphonesimulator/PerceptionCore.build/PerceptionCore.DependencyMetadataFileList

WriteAuxiliaryFile /Users/ericwatke/Library/Developer/Xcode/DerivedData/PeerTubeSwift-dpcwhlbrkmudrpgkkujqsfdqnghl/Build/Intermediates.noindex/swift-perception.build/Debug-iphonesimulator/Perception.build/Perception.DependencyStaticMetadataFileList (in target 'Perception' from project 'swift-perception')
    cd /Users/ericwatke/Library/Developer/Xcode/DerivedData/PeerTubeSwift-dpcwhlbrkmudrpgkkujqsfdqnghl/SourcePackages/checkouts/swift-perception
    write-file /Users/ericwatke/Library/Developer/Xcode/DerivedData/PeerTubeSwift-dpcwhlbrkmudrpgkkujqsfdqnghl/Build/Intermediates.noindex/swift-perception.build/Debug-iphonesimulator/Perception.build/Perception.DependencyStaticMetadataFileList

WriteAuxiliaryFile /Users/ericwatke/Library/Developer/Xcode/DerivedData/PeerTubeSwift-dpcwhlbrkmudrpgkkujqsfdqnghl/Build/Intermediates.noindex/xctest-dynamic-overlay.build/Debug-iphonesimulator/IssueReporting.build/IssueReporting.DependencyStaticMetadataFileList (in target 'IssueReporting' from project 'xctest-dynamic-overlay')
    cd /Users/ericwatke/Library/Developer/Xcode/DerivedData/PeerTubeSwift-dpcwhlbrkmudrpgkkujqsfdqnghl/SourcePackages/checkouts/xctest-dynamic-overlay
    write-file /Users/ericwatke/Library/Developer/Xcode/DerivedData/PeerTubeSwift-dpcwhlbrkmudrpgkkujqsfdqnghl/Build/Intermediates.noindex/xctest-dynamic-overlay.build/Debug-iphonesimulator/IssueReporting.build/IssueReporting.DependencyStaticMetadataFileList

WriteAuxiliaryFile /Users/ericwatke/Library/Developer/Xcode/DerivedData/PeerTubeSwift-dpcwhlbrkmudrpgkkujqsfdqnghl/Build/Intermediates.noindex/xctest-dynamic-overlay.build/Debug-iphonesimulator/IssueReporting.build/IssueReporting.DependencyMetadataFileList (in target 'IssueReporting' from project 'xctest-dynamic-overlay')
    cd /Users/ericwatke/Library/Developer/Xcode/DerivedData/PeerTubeSwift-dpcwhlbrkmudrpgkkujqsfdqnghl/SourcePackages/checkouts/xctest-dynamic-overlay
    write-file /Users/ericwatke/Library/Developer/Xcode/DerivedData/PeerTubeSwift-dpcwhlbrkmudrpgkkujqsfdqnghl/Build/Intermediates.noindex/xctest-dynamic-overlay.build/Debug-iphonesimulator/IssueReporting.build/IssueReporting.DependencyMetadataFileList

WriteAuxiliaryFile /Users/ericwatke/Library/Developer/Xcode/DerivedData/PeerTubeSwift-dpcwhlbrkmudrpgkkujqsfdqnghl/Build/Intermediates.noindex/swift-identified-collections.build/Debug-iphonesimulator/IdentifiedCollections.build/IdentifiedCollections.DependencyMetadataFileList (in target 'IdentifiedCollections' from project 'swift-identified-collections')
    cd /Users/ericwatke/Library/Developer/Xcode/DerivedData/PeerTubeSwift-dpcwhlbrkmudrpgkkujqsfdqnghl/SourcePackages/checkouts/swift-identified-collections
    write-file /Users/ericwatke/Library/Developer/Xcode/DerivedData/PeerTubeSwift-dpcwhlbrkmudrpgkkujqsfdqnghl/Build/Intermediates.noindex/swift-identified-collections.build/Debug-iphonesimulator/IdentifiedCollections.build/IdentifiedCollections.DependencyMetadataFileList

WriteAuxiliaryFile /Users/ericwatke/Library/Developer/Xcode/DerivedData/PeerTubeSwift-dpcwhlbrkmudrpgkkujqsfdqnghl/Build/Intermediates.noindex/swift-dependencies.build/Debug-iphonesimulator/DependenciesMacros.build/DependenciesMacros.DependencyStaticMetadataFileList (in target 'DependenciesMacros' from project 'swift-dependencies')
    cd /Users/ericwatke/Library/Developer/Xcode/DerivedData/PeerTubeSwift-dpcwhlbrkmudrpgkkujqsfdqnghl/SourcePackages/checkouts/swift-dependencies
    write-file /Users/ericwatke/Library/Developer/Xcode/DerivedData/PeerTubeSwift-dpcwhlbrkmudrpgkkujqsfdqnghl/Build/Intermediates.noindex/swift-dependencies.build/Debug-iphonesimulator/DependenciesMacros.build/DependenciesMacros.DependencyStaticMetadataFileList

WriteAuxiliaryFile /Users/ericwatke/Library/Developer/Xcode/DerivedData/PeerTubeSwift-dpcwhlbrkmudrpgkkujqsfdqnghl/Build/Intermediates.noindex/swift-dependencies.build/Debug-iphonesimulator/Dependencies.build/Dependencies.DependencyStaticMetadataFileList (in target 'Dependencies' from project 'swift-dependencies')
    cd /Users/ericwatke/Library/Developer/Xcode/DerivedData/PeerTubeSwift-dpcwhlbrkmudrpgkkujqsfdqnghl/SourcePackages/checkouts/swift-dependencies
    write-file /Users/ericwatke/Library/Developer/Xcode/DerivedData/PeerTubeSwift-dpcwhlbrkmudrpgkkujqsfdqnghl/Build/Intermediates.noindex/swift-dependencies.build/Debug-iphonesimulator/Dependencies.build/Dependencies.DependencyStaticMetadataFileList

WriteAuxiliaryFile /Users/ericwatke/Library/Developer/Xcode/DerivedData/PeerTubeSwift-dpcwhlbrkmudrpgkkujqsfdqnghl/Build/Intermediates.noindex/combine-schedulers.build/Debug-iphonesimulator/CombineSchedulers.build/CombineSchedulers.DependencyStaticMetadataFileList (in target 'CombineSchedulers' from project 'combine-schedulers')
    cd /Users/ericwatke/Library/Developer/Xcode/DerivedData/PeerTubeSwift-dpcwhlbrkmudrpgkkujqsfdqnghl/SourcePackages/checkouts/combine-schedulers
    write-file /Users/ericwatke/Library/Developer/Xcode/DerivedData/PeerTubeSwift-dpcwhlbrkmudrpgkkujqsfdqnghl/Build/Intermediates.noindex/combine-schedulers.build/Debug-iphonesimulator/CombineSchedulers.build/CombineSchedulers.DependencyStaticMetadataFileList

WriteAuxiliaryFile /Users/ericwatke/Library/Developer/Xcode/DerivedData/PeerTubeSwift-dpcwhlbrkmudrpgkkujqsfdqnghl/Build/Intermediates.noindex/swift-clocks.build/Debug-iphonesimulator/Clocks.build/Clocks.DependencyStaticMetadataFileList (in target 'Clocks' from project 'swift-clocks')
    cd /Users/ericwatke/Library/Developer/Xcode/DerivedData/PeerTubeSwift-dpcwhlbrkmudrpgkkujqsfdqnghl/SourcePackages/checkouts/swift-clocks
    write-file /Users/ericwatke/Library/Developer/Xcode/DerivedData/PeerTubeSwift-dpcwhlbrkmudrpgkkujqsfdqnghl/Build/Intermediates.noindex/swift-clocks.build/Debug-iphonesimulator/Clocks.build/Clocks.DependencyStaticMetadataFileList

WriteAuxiliaryFile /Users/ericwatke/Library/Developer/Xcode/DerivedData/PeerTubeSwift-dpcwhlbrkmudrpgkkujqsfdqnghl/Build/Intermediates.noindex/swift-case-paths.build/Debug-iphonesimulator/CasePathsCore.build/CasePathsCore.DependencyStaticMetadataFileList (in target 'CasePathsCore' from project 'swift-case-paths')
    cd /Users/ericwatke/Library/Developer/Xcode/DerivedData/PeerTubeSwift-dpcwhlbrkmudrpgkkujqsfdqnghl/SourcePackages/checkouts/swift-case-paths
    write-file /Users/ericwatke/Library/Developer/Xcode/DerivedData/PeerTubeSwift-dpcwhlbrkmudrpgkkujqsfdqnghl/Build/Intermediates.noindex/swift-case-paths.build/Debug-iphonesimulator/CasePathsCore.build/CasePathsCore.DependencyStaticMetadataFileList

ProcessInfoPlistFile /Users/ericwatke/Library/Developer/Xcode/DerivedData/PeerTubeSwift-dpcwhlbrkmudrpgkkujqsfdqnghl/Build/Products/Debug-iphonesimulator/swift-sharing_Sharing.bundle/Info.plist /Users/ericwatke/Library/Developer/Xcode/DerivedData/PeerTubeSwift-dpcwhlbrkmudrpgkkujqsfdqnghl/Build/Intermediates.noindex/swift-sharing.build/Debug-iphonesimulator/swift-sharing_Sharing.build/empty-swift-sharing_Sharing.plist (in target 'swift-sharing_Sharing' from project 'swift-sharing')
    cd /Users/ericwatke/Library/Developer/Xcode/DerivedData/PeerTubeSwift-dpcwhlbrkmudrpgkkujqsfdqnghl/SourcePackages/checkouts/swift-sharing
    builtin-infoPlistUtility /Users/ericwatke/Library/Developer/Xcode/DerivedData/PeerTubeSwift-dpcwhlbrkmudrpgkkujqsfdqnghl/Build/Intermediates.noindex/swift-sharing.build/Debug-iphonesimulator/swift-sharing_Sharing.build/empty-swift-sharing_Sharing.plist -producttype com.apple.product-type.bundle -expandbuildsettings -format binary -platform iphonesimulator -o /Users/ericwatke/Library/Developer/Xcode/DerivedData/PeerTubeSwift-dpcwhlbrkmudrpgkkujqsfdqnghl/Build/Products/Debug-iphonesimulator/swift-sharing_Sharing.bundle/Info.plist

ProcessInfoPlistFile /Users/ericwatke/Library/Developer/Xcode/DerivedData/PeerTubeSwift-dpcwhlbrkmudrpgkkujqsfdqnghl/Build/Products/Debug-iphonesimulator/swift-composable-architecture_ComposableArchitecture.bundle/Info.plist /Users/ericwatke/Library/Developer/Xcode/DerivedData/PeerTubeSwift-dpcwhlbrkmudrpgkkujqsfdqnghl/Build/Intermediates.noindex/swift-composable-architecture.build/Debug-iphonesimulator/swift-composable-architecture_ComposableArchitecture.build/empty-swift-composable-architecture_ComposableArchitecture.plist (in target 'swift-composable-architecture_ComposableArchitecture' from project 'swift-composable-architecture')
    cd /Users/ericwatke/Library/Developer/Xcode/DerivedData/PeerTubeSwift-dpcwhlbrkmudrpgkkujqsfdqnghl/SourcePackages/checkouts/swift-composable-architecture
    builtin-infoPlistUtility /Users/ericwatke/Library/Developer/Xcode/DerivedData/PeerTubeSwift-dpcwhlbrkmudrpgkkujqsfdqnghl/Build/Intermediates.noindex/swift-composable-architecture.build/Debug-iphonesimulator/swift-composable-architecture_ComposableArchitecture.build/empty-swift-composable-architecture_ComposableArchitecture.plist -producttype com.apple.product-type.bundle -expandbuildsettings -format binary -platform iphonesimulator -o /Users/ericwatke/Library/Developer/Xcode/DerivedData/PeerTubeSwift-dpcwhlbrkmudrpgkkujqsfdqnghl/Build/Products/Debug-iphonesimulator/swift-composable-architecture_ComposableArchitecture.bundle/Info.plist

MkDir /Users/ericwatke/Library/Developer/Xcode/DerivedData/PeerTubeSwift-dpcwhlbrkmudrpgkkujqsfdqnghl/Build/Products/Debug-iphonesimulator/PeerTubeSwift.app/PlugIns/PeerTubeSwiftTests.xctest/Frameworks (in target 'PeerTubeSwiftTests' from project 'PeerTubeSwift')
    cd /Users/ericwatke/Documents/GitHub/peertube-swift/App/PeerTubeSwift
    /bin/mkdir -p /Users/ericwatke/Library/Developer/Xcode/DerivedData/PeerTubeSwift-dpcwhlbrkmudrpgkkujqsfdqnghl/Build/Products/Debug-iphonesimulator/PeerTubeSwift.app/PlugIns/PeerTubeSwiftTests.xctest/Frameworks

MkDir /Users/ericwatke/Library/Developer/Xcode/DerivedData/PeerTubeSwift-dpcwhlbrkmudrpgkkujqsfdqnghl/Build/Products/Debug-iphonesimulator/PeerTubeSwift.app/PlugIns/PeerTubeSwiftTests.xctest (in target 'PeerTubeSwiftTests' from project 'PeerTubeSwift')
    cd /Users/ericwatke/Documents/GitHub/peertube-swift/App/PeerTubeSwift
    /bin/mkdir -p /Users/ericwatke/Library/Developer/Xcode/DerivedData/PeerTubeSwift-dpcwhlbrkmudrpgkkujqsfdqnghl/Build/Products/Debug-iphonesimulator/PeerTubeSwift.app/PlugIns/PeerTubeSwiftTests.xctest

ProcessInfoPlistFile /Users/ericwatke/Library/Developer/Xcode/DerivedData/PeerTubeSwift-dpcwhlbrkmudrpgkkujqsfdqnghl/Build/Products/Debug-iphonesimulator/PackageFrameworks/IssueReportingPackageSupport.framework/Info.plist /Users/ericwatke/Library/Developer/Xcode/DerivedData/PeerTubeSwift-dpcwhlbrkmudrpgkkujqsfdqnghl/Build/Intermediates.noindex/xctest-dynamic-overlay.build/Debug-iphonesimulator/IssueReportingPackageSupport.build/empty-IssueReportingPackageSupport.plist (in target 'IssueReportingPackageSupport' from project 'xctest-dynamic-overlay')
    cd /Users/ericwatke/Library/Developer/Xcode/DerivedData/PeerTubeSwift-dpcwhlbrkmudrpgkkujqsfdqnghl/SourcePackages/checkouts/xctest-dynamic-overlay
    builtin-infoPlistUtility /Users/ericwatke/Library/Developer/Xcode/DerivedData/PeerTubeSwift-dpcwhlbrkmudrpgkkujqsfdqnghl/Build/Intermediates.noindex/xctest-dynamic-overlay.build/Debug-iphonesimulator/IssueReportingPackageSupport.build/empty-IssueReportingPackageSupport.plist -producttype com.apple.product-type.framework -expandbuildsettings -format binary -platform iphonesimulator -o /Users/ericwatke/Library/Developer/Xcode/DerivedData/PeerTubeSwift-dpcwhlbrkmudrpgkkujqsfdqnghl/Build/Products/Debug-iphonesimulator/PackageFrameworks/IssueReportingPackageSupport.framework/Info.plist

ProcessInfoPlistFile /Users/ericwatke/Library/Developer/Xcode/DerivedData/PeerTubeSwift-dpcwhlbrkmudrpgkkujqsfdqnghl/Build/Products/Debug-iphonesimulator/GRDB_GRDB.bundle/Info.plist /Users/ericwatke/Library/Developer/Xcode/DerivedData/PeerTubeSwift-dpcwhlbrkmudrpgkkujqsfdqnghl/Build/Intermediates.noindex/GRDB.build/Debug-iphonesimulator/GRDB_GRDB.build/empty-GRDB_GRDB.plist (in target 'GRDB_GRDB' from project 'GRDB')
    cd /Users/ericwatke/Library/Developer/Xcode/DerivedData/PeerTubeSwift-dpcwhlbrkmudrpgkkujqsfdqnghl/SourcePackages/checkouts/GRDB.swift
    builtin-infoPlistUtility /Users/ericwatke/Library/Developer/Xcode/DerivedData/PeerTubeSwift-dpcwhlbrkmudrpgkkujqsfdqnghl/Build/Intermediates.noindex/GRDB.build/Debug-iphonesimulator/GRDB_GRDB.build/empty-GRDB_GRDB.plist -producttype com.apple.product-type.bundle -expandbuildsettings -format binary -platform iphonesimulator -o /Users/ericwatke/Library/Developer/Xcode/DerivedData/PeerTubeSwift-dpcwhlbrkmudrpgkkujqsfdqnghl/Build/Products/Debug-iphonesimulator/GRDB_GRDB.bundle/Info.plist

WriteAuxiliaryFile /Users/ericwatke/Library/Developer/Xcode/DerivedData/PeerTubeSwift-dpcwhlbrkmudrpgkkujqsfdqnghl/Build/Intermediates.noindex/xctest-dynamic-overlay.build/Debug-iphonesimulator/XCTestDynamicOverlay.build/XCTestDynamicOverlay.DependencyMetadataFileList (in target 'XCTestDynamicOverlay' from project 'xctest-dynamic-overlay')
    cd /Users/ericwatke/Library/Developer/Xcode/DerivedData/PeerTubeSwift-dpcwhlbrkmudrpgkkujqsfdqnghl/SourcePackages/checkouts/xctest-dynamic-overlay
    write-file /Users/ericwatke/Library/Developer/Xcode/DerivedData/PeerTubeSwift-dpcwhlbrkmudrpgkkujqsfdqnghl/Build/Intermediates.noindex/xctest-dynamic-overlay.build/Debug-iphonesimulator/XCTestDynamicOverlay.build/XCTestDynamicOverlay.DependencyMetadataFileList

WriteAuxiliaryFile /Users/ericwatke/Library/Developer/Xcode/DerivedData/PeerTubeSwift-dpcwhlbrkmudrpgkkujqsfdqnghl/Build/Intermediates.noindex/swift-navigation.build/Debug-iphonesimulator/UIKitNavigation.build/UIKitNavigation.DependencyMetadataFileList (in target 'UIKitNavigation' from project 'swift-navigation')
    cd /Users/ericwatke/Library/Developer/Xcode/DerivedData/PeerTubeSwift-dpcwhlbrkmudrpgkkujqsfdqnghl/SourcePackages/checkouts/swift-navigation
    write-file /Users/ericwatke/Library/Developer/Xcode/DerivedData/PeerTubeSwift-dpcwhlbrkmudrpgkkujqsfdqnghl/Build/Intermediates.noindex/swift-navigation.build/Debug-iphonesimulator/UIKitNavigation.build/UIKitNavigation.DependencyMetadataFileList

WriteAuxiliaryFile /Users/ericwatke/Library/Developer/Xcode/DerivedData/PeerTubeSwift-dpcwhlbrkmudrpgkkujqsfdqnghl/Build/Intermediates.noindex/swift-navigation.build/Debug-iphonesimulator/SwiftUINavigation.build/SwiftUINavigation.DependencyMetadataFileList (in target 'SwiftUINavigation' from project 'swift-navigation')
    cd /Users/ericwatke/Library/Developer/Xcode/DerivedData/PeerTubeSwift-dpcwhlbrkmudrpgkkujqsfdqnghl/SourcePackages/checkouts/swift-navigation
    write-file /Users/ericwatke/Library/Developer/Xcode/DerivedData/PeerTubeSwift-dpcwhlbrkmudrpgkkujqsfdqnghl/Build/Intermediates.noindex/swift-navigation.build/Debug-iphonesimulator/SwiftUINavigation.build/SwiftUINavigation.DependencyMetadataFileList

WriteAuxiliaryFile /Users/ericwatke/Library/Developer/Xcode/DerivedData/PeerTubeSwift-dpcwhlbrkmudrpgkkujqsfdqnghl/Build/Intermediates.noindex/swift-navigation.build/Debug-iphonesimulator/SwiftNavigation.build/SwiftNavigation.DependencyMetadataFileList (in target 'SwiftNavigation' from project 'swift-navigation')
    cd /Users/ericwatke/Library/Developer/Xcode/DerivedData/PeerTubeSwift-dpcwhlbrkmudrpgkkujqsfdqnghl/SourcePackages/checkouts/swift-navigation
    write-file /Users/ericwatke/Library/Developer/Xcode/DerivedData/PeerTubeSwift-dpcwhlbrkmudrpgkkujqsfdqnghl/Build/Intermediates.noindex/swift-navigation.build/Debug-iphonesimulator/SwiftNavigation.build/SwiftNavigation.DependencyMetadataFileList

WriteAuxiliaryFile /Users/ericwatke/Library/Developer/Xcode/DerivedData/PeerTubeSwift-dpcwhlbrkmudrpgkkujqsfdqnghl/Build/Intermediates.noindex/PeerTubeSwift.build/Debug-iphonesimulator/PeerTubeSwift.build/Objects-normal/arm64/PeerTubeSwift.LinkFileList (in target 'PeerTubeSwift' from project 'PeerTubeSwift')
    cd /Users/ericwatke/Documents/GitHub/peertube-swift/App/PeerTubeSwift
    write-file /Users/ericwatke/Library/Developer/Xcode/DerivedData/PeerTubeSwift-dpcwhlbrkmudrpgkkujqsfdqnghl/Build/Intermediates.noindex/PeerTubeSwift.build/Debug-iphonesimulator/PeerTubeSwift.build/Objects-normal/arm64/PeerTubeSwift.LinkFileList

Copy /Users/ericwatke/Library/Developer/Xcode/DerivedData/PeerTubeSwift-dpcwhlbrkmudrpgkkujqsfdqnghl/Build/Intermediates.noindex/GeneratedModuleMaps-iphonesimulator/IssueReportingPackageSupport.modulemap /Users/ericwatke/Library/Developer/Xcode/DerivedData/PeerTubeSwift-dpcwhlbrkmudrpgkkujqsfdqnghl/Build/Intermediates.noindex/xctest-dynamic-overlay.build/Debug-iphonesimulator/IssueReportingPackageSupport.build/IssueReportingPackageSupport.modulemap (in target 'IssueReportingPackageSupport' from project 'xctest-dynamic-overlay')
    cd /Users/ericwatke/Library/Developer/Xcode/DerivedData/PeerTubeSwift-dpcwhlbrkmudrpgkkujqsfdqnghl/SourcePackages/checkouts/xctest-dynamic-overlay
    builtin-copy -exclude .DS_Store -exclude CVS -exclude .svn -exclude .git -exclude .hg -resolve-src-symlinks /Users/ericwatke/Library/Developer/Xcode/DerivedData/PeerTubeSwift-dpcwhlbrkmudrpgkkujqsfdqnghl/Build/Intermediates.noindex/xctest-dynamic-overlay.build/Debug-iphonesimulator/IssueReportingPackageSupport.build/IssueReportingPackageSupport.modulemap /Users/ericwatke/Library/Developer/Xcode/DerivedData/PeerTubeSwift-dpcwhlbrkmudrpgkkujqsfdqnghl/Build/Intermediates.noindex/GeneratedModuleMaps-iphonesimulator

WriteAuxiliaryFile /Users/ericwatke/Library/Developer/Xcode/DerivedData/PeerTubeSwift-dpcwhlbrkmudrpgkkujqsfdqnghl/Build/Intermediates.noindex/swift-custom-dump.build/Debug-iphonesimulator/CustomDump.build/CustomDump.DependencyMetadataFileList (in target 'CustomDump' from project 'swift-custom-dump')
    cd /Users/ericwatke/Library/Developer/Xcode/DerivedData/PeerTubeSwift-dpcwhlbrkmudrpgkkujqsfdqnghl/SourcePackages/checkouts/swift-custom-dump
    write-file /Users/ericwatke/Library/Developer/Xcode/DerivedData/PeerTubeSwift-dpcwhlbrkmudrpgkkujqsfdqnghl/Build/Intermediates.noindex/swift-custom-dump.build/Debug-iphonesimulator/CustomDump.build/CustomDump.DependencyMetadataFileList

WriteAuxiliaryFile /Users/ericwatke/Library/Developer/Xcode/DerivedData/PeerTubeSwift-dpcwhlbrkmudrpgkkujqsfdqnghl/Build/Intermediates.noindex/swift-composable-architecture.build/Debug-iphonesimulator/ComposableArchitecture.build/ComposableArchitecture.DependencyMetadataFileList (in target 'ComposableArchitecture' from project 'swift-composable-architecture')
    cd /Users/ericwatke/Library/Developer/Xcode/DerivedData/PeerTubeSwift-dpcwhlbrkmudrpgkkujqsfdqnghl/SourcePackages/checkouts/swift-composable-architecture
    write-file /Users/ericwatke/Library/Developer/Xcode/DerivedData/PeerTubeSwift-dpcwhlbrkmudrpgkkujqsfdqnghl/Build/Intermediates.noindex/swift-composable-architecture.build/Debug-iphonesimulator/ComposableArchitecture.build/ComposableArchitecture.DependencyMetadataFileList

WriteAuxiliaryFile /Users/ericwatke/Library/Developer/Xcode/DerivedData/PeerTubeSwift-dpcwhlbrkmudrpgkkujqsfdqnghl/Build/Intermediates.noindex/swift-case-paths.build/Debug-iphonesimulator/CasePaths.build/CasePaths.DependencyMetadataFileList (in target 'CasePaths' from project 'swift-case-paths')
    cd /Users/ericwatke/Library/Developer/Xcode/DerivedData/PeerTubeSwift-dpcwhlbrkmudrpgkkujqsfdqnghl/SourcePackages/checkouts/swift-case-paths
    write-file /Users/ericwatke/Library/Developer/Xcode/DerivedData/PeerTubeSwift-dpcwhlbrkmudrpgkkujqsfdqnghl/Build/Intermediates.noindex/swift-case-paths.build/Debug-iphonesimulator/CasePaths.build/CasePaths.DependencyMetadataFileList

MkDir /Users/ericwatke/Library/Developer/Xcode/DerivedData/PeerTubeSwift-dpcwhlbrkmudrpgkkujqsfdqnghl/Build/Products/Debug-iphonesimulator/PeerTubeSwift.app/PlugIns (in target 'PeerTubeSwift' from project 'PeerTubeSwift')
    cd /Users/ericwatke/Documents/GitHub/peertube-swift/App/PeerTubeSwift
    /bin/mkdir -p /Users/ericwatke/Library/Developer/Xcode/DerivedData/PeerTubeSwift-dpcwhlbrkmudrpgkkujqsfdqnghl/Build/Products/Debug-iphonesimulator/PeerTubeSwift.app/PlugIns

MkDir /Users/ericwatke/Library/Developer/Xcode/DerivedData/PeerTubeSwift-dpcwhlbrkmudrpgkkujqsfdqnghl/Build/Products/Debug-iphonesimulator/PeerTubeSwift.app/Frameworks (in target 'PeerTubeSwift' from project 'PeerTubeSwift')
    cd /Users/ericwatke/Documents/GitHub/peertube-swift/App/PeerTubeSwift
    /bin/mkdir -p /Users/ericwatke/Library/Developer/Xcode/DerivedData/PeerTubeSwift-dpcwhlbrkmudrpgkkujqsfdqnghl/Build/Products/Debug-iphonesimulator/PeerTubeSwift.app/Frameworks

WriteAuxiliaryFile /Users/ericwatke/Library/Developer/Xcode/DerivedData/PeerTubeSwift-dpcwhlbrkmudrpgkkujqsfdqnghl/Build/Intermediates.noindex/swift-structured-queries.build/Debug-iphonesimulator/StructuredQueriesSQLite.build/StructuredQueriesSQLite.DependencyMetadataFileList (in target 'StructuredQueriesSQLite' from project 'swift-structured-queries')
    cd /Users/ericwatke/Library/Developer/Xcode/DerivedData/PeerTubeSwift-dpcwhlbrkmudrpgkkujqsfdqnghl/SourcePackages/checkouts/swift-structured-queries
    write-file /Users/ericwatke/Library/Developer/Xcode/DerivedData/PeerTubeSwift-dpcwhlbrkmudrpgkkujqsfdqnghl/Build/Intermediates.noindex/swift-structured-queries.build/Debug-iphonesimulator/StructuredQueriesSQLite.build/StructuredQueriesSQLite.DependencyMetadataFileList

WriteAuxiliaryFile /Users/ericwatke/Library/Developer/Xcode/DerivedData/PeerTubeSwift-dpcwhlbrkmudrpgkkujqsfdqnghl/Build/Intermediates.noindex/swift-structured-queries.build/Debug-iphonesimulator/StructuredQueriesSQLiteCore.build/StructuredQueriesSQLiteCore.DependencyMetadataFileList (in target 'StructuredQueriesSQLiteCore' from project 'swift-structured-queries')
    cd /Users/ericwatke/Library/Developer/Xcode/DerivedData/PeerTubeSwift-dpcwhlbrkmudrpgkkujqsfdqnghl/SourcePackages/checkouts/swift-structured-queries
    write-file /Users/ericwatke/Library/Developer/Xcode/DerivedData/PeerTubeSwift-dpcwhlbrkmudrpgkkujqsfdqnghl/Build/Intermediates.noindex/swift-structured-queries.build/Debug-iphonesimulator/StructuredQueriesSQLiteCore.build/StructuredQueriesSQLiteCore.DependencyMetadataFileList

WriteAuxiliaryFile /Users/ericwatke/Library/Developer/Xcode/DerivedData/PeerTubeSwift-dpcwhlbrkmudrpgkkujqsfdqnghl/Build/Intermediates.noindex/swift-structured-queries.build/Debug-iphonesimulator/StructuredQueriesCore.build/StructuredQueriesCore.DependencyMetadataFileList (in target 'StructuredQueriesCore' from project 'swift-structured-queries')
    cd /Users/ericwatke/Library/Developer/Xcode/DerivedData/PeerTubeSwift-dpcwhlbrkmudrpgkkujqsfdqnghl/SourcePackages/checkouts/swift-structured-queries
    write-file /Users/ericwatke/Library/Developer/Xcode/DerivedData/PeerTubeSwift-dpcwhlbrkmudrpgkkujqsfdqnghl/Build/Intermediates.noindex/swift-structured-queries.build/Debug-iphonesimulator/StructuredQueriesCore.build/StructuredQueriesCore.DependencyMetadataFileList

WriteAuxiliaryFile /Users/ericwatke/Library/Developer/Xcode/DerivedData/PeerTubeSwift-dpcwhlbrkmudrpgkkujqsfdqnghl/Build/Intermediates.noindex/swift-structured-queries.build/Debug-iphonesimulator/StructuredQueries.build/StructuredQueries.DependencyMetadataFileList (in target 'StructuredQueries' from project 'swift-structured-queries')
    cd /Users/ericwatke/Library/Developer/Xcode/DerivedData/PeerTubeSwift-dpcwhlbrkmudrpgkkujqsfdqnghl/SourcePackages/checkouts/swift-structured-queries
    write-file /Users/ericwatke/Library/Developer/Xcode/DerivedData/PeerTubeSwift-dpcwhlbrkmudrpgkkujqsfdqnghl/Build/Intermediates.noindex/swift-structured-queries.build/Debug-iphonesimulator/StructuredQueries.build/StructuredQueries.DependencyMetadataFileList

WriteAuxiliaryFile /Users/ericwatke/Library/Developer/Xcode/DerivedData/PeerTubeSwift-dpcwhlbrkmudrpgkkujqsfdqnghl/Build/Intermediates.noindex/swift-sharing.build/Debug-iphonesimulator/Sharing.build/Sharing.DependencyMetadataFileList (in target 'Sharing' from project 'swift-sharing')
    cd /Users/ericwatke/Library/Developer/Xcode/DerivedData/PeerTubeSwift-dpcwhlbrkmudrpgkkujqsfdqnghl/SourcePackages/checkouts/swift-sharing
    write-file /Users/ericwatke/Library/Developer/Xcode/DerivedData/PeerTubeSwift-dpcwhlbrkmudrpgkkujqsfdqnghl/Build/Intermediates.noindex/swift-sharing.build/Debug-iphonesimulator/Sharing.build/Sharing.DependencyMetadataFileList

WriteAuxiliaryFile /Users/ericwatke/Library/Developer/Xcode/DerivedData/PeerTubeSwift-dpcwhlbrkmudrpgkkujqsfdqnghl/Build/Intermediates.noindex/swift-perception.build/Debug-iphonesimulator/Perception.build/Perception.DependencyMetadataFileList (in target 'Perception' from project 'swift-perception')
    cd /Users/ericwatke/Library/Developer/Xcode/DerivedData/PeerTubeSwift-dpcwhlbrkmudrpgkkujqsfdqnghl/SourcePackages/checkouts/swift-perception
    write-file /Users/ericwatke/Library/Developer/Xcode/DerivedData/PeerTubeSwift-dpcwhlbrkmudrpgkkujqsfdqnghl/Build/Intermediates.noindex/swift-perception.build/Debug-iphonesimulator/Perception.build/Perception.DependencyMetadataFileList

WriteAuxiliaryFile /Users/ericwatke/Library/Developer/Xcode/DerivedData/PeerTubeSwift-dpcwhlbrkmudrpgkkujqsfdqnghl/Build/Intermediates.noindex/swift-dependencies.build/Debug-iphonesimulator/DependenciesMacros.build/DependenciesMacros.DependencyMetadataFileList (in target 'DependenciesMacros' from project 'swift-dependencies')
    cd /Users/ericwatke/Library/Developer/Xcode/DerivedData/PeerTubeSwift-dpcwhlbrkmudrpgkkujqsfdqnghl/SourcePackages/checkouts/swift-dependencies
    write-file /Users/ericwatke/Library/Developer/Xcode/DerivedData/PeerTubeSwift-dpcwhlbrkmudrpgkkujqsfdqnghl/Build/Intermediates.noindex/swift-dependencies.build/Debug-iphonesimulator/DependenciesMacros.build/DependenciesMacros.DependencyMetadataFileList

WriteAuxiliaryFile /Users/ericwatke/Library/Developer/Xcode/DerivedData/PeerTubeSwift-dpcwhlbrkmudrpgkkujqsfdqnghl/Build/Intermediates.noindex/swift-dependencies.build/Debug-iphonesimulator/Dependencies.build/Dependencies.DependencyMetadataFileList (in target 'Dependencies' from project 'swift-dependencies')
    cd /Users/ericwatke/Library/Developer/Xcode/DerivedData/PeerTubeSwift-dpcwhlbrkmudrpgkkujqsfdqnghl/SourcePackages/checkouts/swift-dependencies
    write-file /Users/ericwatke/Library/Developer/Xcode/DerivedData/PeerTubeSwift-dpcwhlbrkmudrpgkkujqsfdqnghl/Build/Intermediates.noindex/swift-dependencies.build/Debug-iphonesimulator/Dependencies.build/Dependencies.DependencyMetadataFileList

WriteAuxiliaryFile /Users/ericwatke/Library/Developer/Xcode/DerivedData/PeerTubeSwift-dpcwhlbrkmudrpgkkujqsfdqnghl/Build/Intermediates.noindex/combine-schedulers.build/Debug-iphonesimulator/CombineSchedulers.build/CombineSchedulers.DependencyMetadataFileList (in target 'CombineSchedulers' from project 'combine-schedulers')
    cd /Users/ericwatke/Library/Developer/Xcode/DerivedData/PeerTubeSwift-dpcwhlbrkmudrpgkkujqsfdqnghl/SourcePackages/checkouts/combine-schedulers
    write-file /Users/ericwatke/Library/Developer/Xcode/DerivedData/PeerTubeSwift-dpcwhlbrkmudrpgkkujqsfdqnghl/Build/Intermediates.noindex/combine-schedulers.build/Debug-iphonesimulator/CombineSchedulers.build/CombineSchedulers.DependencyMetadataFileList

WriteAuxiliaryFile /Users/ericwatke/Library/Developer/Xcode/DerivedData/PeerTubeSwift-dpcwhlbrkmudrpgkkujqsfdqnghl/Build/Intermediates.noindex/swift-clocks.build/Debug-iphonesimulator/Clocks.build/Clocks.DependencyMetadataFileList (in target 'Clocks' from project 'swift-clocks')
    cd /Users/ericwatke/Library/Developer/Xcode/DerivedData/PeerTubeSwift-dpcwhlbrkmudrpgkkujqsfdqnghl/SourcePackages/checkouts/swift-clocks
    write-file /Users/ericwatke/Library/Developer/Xcode/DerivedData/PeerTubeSwift-dpcwhlbrkmudrpgkkujqsfdqnghl/Build/Intermediates.noindex/swift-clocks.build/Debug-iphonesimulator/Clocks.build/Clocks.DependencyMetadataFileList

WriteAuxiliaryFile /Users/ericwatke/Library/Developer/Xcode/DerivedData/PeerTubeSwift-dpcwhlbrkmudrpgkkujqsfdqnghl/Build/Intermediates.noindex/swift-case-paths.build/Debug-iphonesimulator/CasePathsCore.build/CasePathsCore.DependencyMetadataFileList (in target 'CasePathsCore' from project 'swift-case-paths')
    cd /Users/ericwatke/Library/Developer/Xcode/DerivedData/PeerTubeSwift-dpcwhlbrkmudrpgkkujqsfdqnghl/SourcePackages/checkouts/swift-case-paths
    write-file /Users/ericwatke/Library/Developer/Xcode/DerivedData/PeerTubeSwift-dpcwhlbrkmudrpgkkujqsfdqnghl/Build/Intermediates.noindex/swift-case-paths.build/Debug-iphonesimulator/CasePathsCore.build/CasePathsCore.DependencyMetadataFileList

Copy /Users/ericwatke/Library/Developer/Xcode/DerivedData/PeerTubeSwift-dpcwhlbrkmudrpgkkujqsfdqnghl/Build/Intermediates.noindex/GeneratedModuleMaps-iphonesimulator/PerceptionCore.modulemap /Users/ericwatke/Library/Developer/Xcode/DerivedData/PeerTubeSwift-dpcwhlbrkmudrpgkkujqsfdqnghl/Build/Intermediates.noindex/swift-perception.build/Debug-iphonesimulator/PerceptionCore.build/PerceptionCore.modulemap (in target 'PerceptionCore' from project 'swift-perception')
    cd /Users/ericwatke/Library/Developer/Xcode/DerivedData/PeerTubeSwift-dpcwhlbrkmudrpgkkujqsfdqnghl/SourcePackages/checkouts/swift-perception
    builtin-copy -exclude .DS_Store -exclude CVS -exclude .svn -exclude .git -exclude .hg -resolve-src-symlinks /Users/ericwatke/Library/Developer/Xcode/DerivedData/PeerTubeSwift-dpcwhlbrkmudrpgkkujqsfdqnghl/Build/Intermediates.noindex/swift-perception.build/Debug-iphonesimulator/PerceptionCore.build/PerceptionCore.modulemap /Users/ericwatke/Library/Developer/Xcode/DerivedData/PeerTubeSwift-dpcwhlbrkmudrpgkkujqsfdqnghl/Build/Intermediates.noindex/GeneratedModuleMaps-iphonesimulator

Copy /Users/ericwatke/Library/Developer/Xcode/DerivedData/PeerTubeSwift-dpcwhlbrkmudrpgkkujqsfdqnghl/Build/Intermediates.noindex/GeneratedModuleMaps-iphonesimulator/IssueReporting.modulemap /Users/ericwatke/Library/Developer/Xcode/DerivedData/PeerTubeSwift-dpcwhlbrkmudrpgkkujqsfdqnghl/Build/Intermediates.noindex/xctest-dynamic-overlay.build/Debug-iphonesimulator/IssueReporting.build/IssueReporting.modulemap (in target 'IssueReporting' from project 'xctest-dynamic-overlay')
    cd /Users/ericwatke/Library/Developer/Xcode/DerivedData/PeerTubeSwift-dpcwhlbrkmudrpgkkujqsfdqnghl/SourcePackages/checkouts/xctest-dynamic-overlay
    builtin-copy -exclude .DS_Store -exclude CVS -exclude .svn -exclude .git -exclude .hg -resolve-src-symlinks /Users/ericwatke/Library/Developer/Xcode/DerivedData/PeerTubeSwift-dpcwhlbrkmudrpgkkujqsfdqnghl/Build/Intermediates.noindex/xctest-dynamic-overlay.build/Debug-iphonesimulator/IssueReporting.build/IssueReporting.modulemap /Users/ericwatke/Library/Developer/Xcode/DerivedData/PeerTubeSwift-dpcwhlbrkmudrpgkkujqsfdqnghl/Build/Intermediates.noindex/GeneratedModuleMaps-iphonesimulator

SwiftDriver IssueReportingPackageSupport normal arm64 com.apple.xcode.tools.swift.compiler (in target 'IssueReportingPackageSupport' from project 'xctest-dynamic-overlay')
    cd /Users/ericwatke/Documents/GitHub/peertube-swift/App/PeerTubeSwift/PeerTubeSwift.xcodeproj
    builtin-SwiftDriver -- /Applications/Xcode-26.2.0.app/Contents/Developer/Toolchains/XcodeDefault.xctoolchain/usr/bin/swiftc -module-name IssueReportingPackageSupport -Onone -enforce-exclusivity\=checked @/Users/ericwatke/Library/Developer/Xcode/DerivedData/PeerTubeSwift-dpcwhlbrkmudrpgkkujqsfdqnghl/Build/Intermediates.noindex/xctest-dynamic-overlay.build/Debug-iphonesimulator/IssueReportingPackageSupport.build/Objects-normal/arm64/IssueReportingPackageSupport.SwiftFileList -DSWIFT_PACKAGE -DDEBUG -DSWIFT_MODULE_RESOURCE_BUNDLE_UNAVAILABLE -DXcode -plugin-path /Applications/Xcode-26.2.0.app/Contents/Developer/Toolchains/XcodeDefault.xctoolchain/usr/lib/swift/host/plugins/testing -enable-experimental-feature DebugDescriptionMacro -sdk /Applications/Xcode-26.2.0.app/Contents/Developer/Platforms/iPhoneSimulator.platform/Developer/SDKs/iPhoneSimulator26.2.sdk -target arm64-apple-ios13.0-simulator -g -module-cache-path /Users/ericwatke/Library/Developer/Xcode/DerivedData/ModuleCache.noindex -Xfrontend -serialize-debugging-options -profile-coverage-mapping -profile-generate -enable-testing -suppress-warnings -index-store-path /Users/ericwatke/Library/Developer/Xcode/DerivedData/PeerTubeSwift-dpcwhlbrkmudrpgkkujqsfdqnghl/Index.noindex/DataStore -Xcc -D_LIBCPP_HARDENING_MODE\=_LIBCPP_HARDENING_MODE_DEBUG -swift-version 6 -I /Users/ericwatke/Library/Developer/Xcode/DerivedData/PeerTubeSwift-dpcwhlbrkmudrpgkkujqsfdqnghl/Build/Products/Debug-iphonesimulator -Isystem /Applications/Xcode-26.2.0.app/Contents/Developer/Platforms/iPhoneSimulator.platform/Developer/usr/lib -F /Users/ericwatke/Library/Developer/Xcode/DerivedData/PeerTubeSwift-dpcwhlbrkmudrpgkkujqsfdqnghl/Build/Products/Debug-iphonesimulator -F /Applications/Xcode-26.2.0.app/Contents/Developer/Platforms/iPhoneSimulator.platform/Developer/Library/Frameworks -F /Applications/Xcode-26.2.0.app/Contents/Developer/Platforms/iPhoneSimulator.platform/Developer/SDKs/iPhoneSimulator26.2.sdk/Developer/Library/Frameworks -parse-as-library -c -j8 -enable-batch-mode -incremental -Xcc -ivfsstatcache -Xcc /Users/ericwatke/Library/Developer/Xcode/DerivedData/SDKStatCaches.noindex/iphonesimulator26.2-23C53-396ea2e52eee30dc3ef691f54c5a881e.sdkstatcache -output-file-map /Users/ericwatke/Library/Developer/Xcode/DerivedData/PeerTubeSwift-dpcwhlbrkmudrpgkkujqsfdqnghl/Build/Intermediates.noindex/xctest-dynamic-overlay.build/Debug-iphonesimulator/IssueReportingPackageSupport.build/Objects-normal/arm64/IssueReportingPackageSupport-OutputFileMap.json -use-frontend-parseable-output -save-temps -no-color-diagnostics -explicit-module-build -module-cache-path /Users/ericwatke/Library/Developer/Xcode/DerivedData/PeerTubeSwift-dpcwhlbrkmudrpgkkujqsfdqnghl/Build/Intermediates.noindex/SwiftExplicitPrecompiledModules -clang-scanner-module-cache-path /Users/ericwatke/Library/Developer/Xcode/DerivedData/ModuleCache.noindex -sdk-module-cache-path /Users/ericwatke/Library/Developer/Xcode/DerivedData/ModuleCache.noindex -serialize-diagnostics -emit-dependencies -emit-module -emit-module-path /Users/ericwatke/Library/Developer/Xcode/DerivedData/PeerTubeSwift-dpcwhlbrkmudrpgkkujqsfdqnghl/Build/Intermediates.noindex/xctest-dynamic-overlay.build/Debug-iphonesimulator/IssueReportingPackageSupport.build/Objects-normal/arm64/IssueReportingPackageSupport.swiftmodule -user-module-version 1.8.0 -validate-clang-modules-once -clang-build-session-file /Users/ericwatke/Library/Developer/Xcode/DerivedData/ModuleCache.noindex/Session.modulevalidation -package-name xctest_dynamic_overlay -Xcc -I/Users/ericwatke/Library/Developer/Xcode/DerivedData/PeerTubeSwift-dpcwhlbrkmudrpgkkujqsfdqnghl/Build/Intermediates.noindex/xctest-dynamic-overlay.build/Debug-iphonesimulator/IssueReportingPackageSupport.build/swift-overrides.hmap -emit-const-values -Xfrontend -const-gather-protocols-file -Xfrontend /Users/ericwatke/Library/Developer/Xcode/DerivedData/PeerTubeSwift-dpcwhlbrkmudrpgkkujqsfdqnghl/Build/Intermediates.noindex/xctest-dynamic-overlay.build/Debug-iphonesimulator/IssueReportingPackageSupport.build/Objects-normal/arm64/IssueReportingPackageSupport_const_extract_protocols.json -Xcc -I/Users/ericwatke/Library/Developer/Xcode/DerivedData/PeerTubeSwift-dpcwhlbrkmudrpgkkujqsfdqnghl/Build/Products/Debug-iphonesimulator/include -Xcc -I/Users/ericwatke/Library/Developer/Xcode/DerivedData/PeerTubeSwift-dpcwhlbrkmudrpgkkujqsfdqnghl/Build/Intermediates.noindex/xctest-dynamic-overlay.build/Debug-iphonesimulator/IssueReportingPackageSupport.build/DerivedSources-normal/arm64 -Xcc -I/Users/ericwatke/Library/Developer/Xcode/DerivedData/PeerTubeSwift-dpcwhlbrkmudrpgkkujqsfdqnghl/Build/Intermediates.noindex/xctest-dynamic-overlay.build/Debug-iphonesimulator/IssueReportingPackageSupport.build/DerivedSources/arm64 -Xcc -I/Users/ericwatke/Library/Developer/Xcode/DerivedData/PeerTubeSwift-dpcwhlbrkmudrpgkkujqsfdqnghl/Build/Intermediates.noindex/xctest-dynamic-overlay.build/Debug-iphonesimulator/IssueReportingPackageSupport.build/DerivedSources -Xcc -DSWIFT_PACKAGE -Xcc -DDEBUG\=1 -emit-objc-header -emit-objc-header-path /Users/ericwatke/Library/Developer/Xcode/DerivedData/PeerTubeSwift-dpcwhlbrkmudrpgkkujqsfdqnghl/Build/Intermediates.noindex/xctest-dynamic-overlay.build/Debug-iphonesimulator/IssueReportingPackageSupport.build/Objects-normal/arm64/IssueReportingPackageSupport-Swift.h -working-directory /Users/ericwatke/Documents/GitHub/peertube-swift/App/PeerTubeSwift/PeerTubeSwift.xcodeproj -experimental-emit-module-separately -disable-cmo

ProcessInfoPlistFile /Users/ericwatke/Library/Developer/Xcode/DerivedData/PeerTubeSwift-dpcwhlbrkmudrpgkkujqsfdqnghl/Build/Products/Debug-iphonesimulator/PackageFrameworks/OrderedCollections_1222128174265B56_PackageProduct.framework/Info.plist /Users/ericwatke/Library/Developer/Xcode/DerivedData/PeerTubeSwift-dpcwhlbrkmudrpgkkujqsfdqnghl/Build/Intermediates.noindex/swift-collections.build/Debug-iphonesimulator/OrderedCollections\ product.build/empty-OrderedCollections_1222128174265B56_PackageProduct.plist (in target 'OrderedCollections' from project 'swift-collections')
    cd /Users/ericwatke/Library/Developer/Xcode/DerivedData/PeerTubeSwift-dpcwhlbrkmudrpgkkujqsfdqnghl/SourcePackages/checkouts/swift-collections
    builtin-infoPlistUtility /Users/ericwatke/Library/Developer/Xcode/DerivedData/PeerTubeSwift-dpcwhlbrkmudrpgkkujqsfdqnghl/Build/Intermediates.noindex/swift-collections.build/Debug-iphonesimulator/OrderedCollections\ product.build/empty-OrderedCollections_1222128174265B56_PackageProduct.plist -producttype com.apple.product-type.framework -expandbuildsettings -format binary -platform iphonesimulator -o /Users/ericwatke/Library/Developer/Xcode/DerivedData/PeerTubeSwift-dpcwhlbrkmudrpgkkujqsfdqnghl/Build/Products/Debug-iphonesimulator/PackageFrameworks/OrderedCollections_1222128174265B56_PackageProduct.framework/Info.plist

ProcessInfoPlistFile /Users/ericwatke/Library/Developer/Xcode/DerivedData/PeerTubeSwift-dpcwhlbrkmudrpgkkujqsfdqnghl/Build/Products/Debug-iphonesimulator/PackageFrameworks/GRDB_5DC4DB053_PackageProduct.framework/Info.plist /Users/ericwatke/Library/Developer/Xcode/DerivedData/PeerTubeSwift-dpcwhlbrkmudrpgkkujqsfdqnghl/Build/Intermediates.noindex/GRDB.build/Debug-iphonesimulator/GRDB\ product.build/empty-GRDB_5DC4DB053_PackageProduct.plist (in target 'GRDB' from project 'GRDB')
    cd /Users/ericwatke/Library/Developer/Xcode/DerivedData/PeerTubeSwift-dpcwhlbrkmudrpgkkujqsfdqnghl/SourcePackages/checkouts/GRDB.swift
    builtin-infoPlistUtility /Users/ericwatke/Library/Developer/Xcode/DerivedData/PeerTubeSwift-dpcwhlbrkmudrpgkkujqsfdqnghl/Build/Intermediates.noindex/GRDB.build/Debug-iphonesimulator/GRDB\ product.build/empty-GRDB_5DC4DB053_PackageProduct.plist -producttype com.apple.product-type.framework -expandbuildsettings -format binary -platform iphonesimulator -o /Users/ericwatke/Library/Developer/Xcode/DerivedData/PeerTubeSwift-dpcwhlbrkmudrpgkkujqsfdqnghl/Build/Products/Debug-iphonesimulator/PackageFrameworks/GRDB_5DC4DB053_PackageProduct.framework/Info.plist

ProcessInfoPlistFile /Users/ericwatke/Library/Developer/Xcode/DerivedData/PeerTubeSwift-dpcwhlbrkmudrpgkkujqsfdqnghl/Build/Products/Debug-iphonesimulator/PackageFrameworks/ConcurrencyExtras_-2B4B167800F2E3ED_PackageProduct.framework/Info.plist /Users/ericwatke/Library/Developer/Xcode/DerivedData/PeerTubeSwift-dpcwhlbrkmudrpgkkujqsfdqnghl/Build/Intermediates.noindex/swift-concurrency-extras.build/Debug-iphonesimulator/ConcurrencyExtras\ product.build/empty-ConcurrencyExtras_-2B4B167800F2E3ED_PackageProduct.plist (in target 'ConcurrencyExtras' from project 'swift-concurrency-extras')
    cd /Users/ericwatke/Library/Developer/Xcode/DerivedData/PeerTubeSwift-dpcwhlbrkmudrpgkkujqsfdqnghl/SourcePackages/checkouts/swift-concurrency-extras
    builtin-infoPlistUtility /Users/ericwatke/Library/Developer/Xcode/DerivedData/PeerTubeSwift-dpcwhlbrkmudrpgkkujqsfdqnghl/Build/Intermediates.noindex/swift-concurrency-extras.build/Debug-iphonesimulator/ConcurrencyExtras\ product.build/empty-ConcurrencyExtras_-2B4B167800F2E3ED_PackageProduct.plist -producttype com.apple.product-type.framework -expandbuildsettings -format binary -platform iphonesimulator -o /Users/ericwatke/Library/Developer/Xcode/DerivedData/PeerTubeSwift-dpcwhlbrkmudrpgkkujqsfdqnghl/Build/Products/Debug-iphonesimulator/PackageFrameworks/ConcurrencyExtras_-2B4B167800F2E3ED_PackageProduct.framework/Info.plist

ExtractAppIntentsMetadata (in target 'IdentifiedCollections' from project 'swift-identified-collections')
    cd /Users/ericwatke/Library/Developer/Xcode/DerivedData/PeerTubeSwift-dpcwhlbrkmudrpgkkujqsfdqnghl/SourcePackages/checkouts/swift-identified-collections
    /Applications/Xcode-26.2.0.app/Contents/Developer/Toolchains/XcodeDefault.xctoolchain/usr/bin/appintentsmetadataprocessor --toolchain-dir /Applications/Xcode-26.2.0.app/Contents/Developer/Toolchains/XcodeDefault.xctoolchain --module-name IdentifiedCollections --sdk-root /Applications/Xcode-26.2.0.app/Contents/Developer/Platforms/iPhoneSimulator.platform/Developer/SDKs/iPhoneSimulator26.2.sdk --xcode-version 17C52 --platform-family iOS --deployment-target 12.0 --bundle-identifier swift-identified-collections.IdentifiedCollections --output /Users/ericwatke/Library/Developer/Xcode/DerivedData/PeerTubeSwift-dpcwhlbrkmudrpgkkujqsfdqnghl/Build/Products/Debug-iphonesimulator/IdentifiedCollections.appintents --target-triple arm64-apple-ios12.0-simulator --binary-file /Users/ericwatke/Library/Developer/Xcode/DerivedData/PeerTubeSwift-dpcwhlbrkmudrpgkkujqsfdqnghl/Build/Products/Debug-iphonesimulator/IdentifiedCollections.o --dependency-file /Users/ericwatke/Library/Developer/Xcode/DerivedData/PeerTubeSwift-dpcwhlbrkmudrpgkkujqsfdqnghl/Build/Intermediates.noindex/swift-identified-collections.build/Debug-iphonesimulator/IdentifiedCollections.build/Objects-normal/arm64/IdentifiedCollections_dependency_info.dat --stringsdata-file /Users/ericwatke/Library/Developer/Xcode/DerivedData/PeerTubeSwift-dpcwhlbrkmudrpgkkujqsfdqnghl/Build/Intermediates.noindex/swift-identified-collections.build/Debug-iphonesimulator/IdentifiedCollections.build/Objects-normal/arm64/ExtractedAppShortcutsMetadata.stringsdata --source-file-list /Users/ericwatke/Library/Developer/Xcode/DerivedData/PeerTubeSwift-dpcwhlbrkmudrpgkkujqsfdqnghl/Build/Intermediates.noindex/swift-identified-collections.build/Debug-iphonesimulator/IdentifiedCollections.build/Objects-normal/arm64/IdentifiedCollections.SwiftFileList --metadata-file-list /Users/ericwatke/Library/Developer/Xcode/DerivedData/PeerTubeSwift-dpcwhlbrkmudrpgkkujqsfdqnghl/Build/Intermediates.noindex/swift-identified-collections.build/Debug-iphonesimulator/IdentifiedCollections.build/IdentifiedCollections.DependencyMetadataFileList --static-metadata-file-list /Users/ericwatke/Library/Developer/Xcode/DerivedData/PeerTubeSwift-dpcwhlbrkmudrpgkkujqsfdqnghl/Build/Intermediates.noindex/swift-identified-collections.build/Debug-iphonesimulator/IdentifiedCollections.build/IdentifiedCollections.DependencyStaticMetadataFileList --swift-const-vals-list /Users/ericwatke/Library/Developer/Xcode/DerivedData/PeerTubeSwift-dpcwhlbrkmudrpgkkujqsfdqnghl/Build/Intermediates.noindex/swift-identified-collections.build/Debug-iphonesimulator/IdentifiedCollections.build/Objects-normal/arm64/IdentifiedCollections.SwiftConstValuesFileList --force --compile-time-extraction --deployment-aware-processing --validate-assistant-intents --no-app-shortcuts-localization
2026-03-25 20:09:26.336 appintentsmetadataprocessor[26696:1338020] Starting appintentsmetadataprocessor export
2026-03-25 20:09:26.467 appintentsmetadataprocessor[26696:1338020] Extracted no relevant App Intents symbols, skipping writing output

SwiftDriver\ Compilation\ Requirements IssueReportingPackageSupport normal arm64 com.apple.xcode.tools.swift.compiler (in target 'IssueReportingPackageSupport' from project 'xctest-dynamic-overlay')
    cd /Users/ericwatke/Documents/GitHub/peertube-swift/App/PeerTubeSwift/PeerTubeSwift.xcodeproj
    builtin-Swift-Compilation-Requirements -- /Applications/Xcode-26.2.0.app/Contents/Developer/Toolchains/XcodeDefault.xctoolchain/usr/bin/swiftc -module-name IssueReportingPackageSupport -Onone -enforce-exclusivity\=checked @/Users/ericwatke/Library/Developer/Xcode/DerivedData/PeerTubeSwift-dpcwhlbrkmudrpgkkujqsfdqnghl/Build/Intermediates.noindex/xctest-dynamic-overlay.build/Debug-iphonesimulator/IssueReportingPackageSupport.build/Objects-normal/arm64/IssueReportingPackageSupport.SwiftFileList -DSWIFT_PACKAGE -DDEBUG -DSWIFT_MODULE_RESOURCE_BUNDLE_UNAVAILABLE -DXcode -plugin-path /Applications/Xcode-26.2.0.app/Contents/Developer/Toolchains/XcodeDefault.xctoolchain/usr/lib/swift/host/plugins/testing -enable-experimental-feature DebugDescriptionMacro -sdk /Applications/Xcode-26.2.0.app/Contents/Developer/Platforms/iPhoneSimulator.platform/Developer/SDKs/iPhoneSimulator26.2.sdk -target arm64-apple-ios13.0-simulator -g -module-cache-path /Users/ericwatke/Library/Developer/Xcode/DerivedData/ModuleCache.noindex -Xfrontend -serialize-debugging-options -profile-coverage-mapping -profile-generate -enable-testing -suppress-warnings -index-store-path /Users/ericwatke/Library/Developer/Xcode/DerivedData/PeerTubeSwift-dpcwhlbrkmudrpgkkujqsfdqnghl/Index.noindex/DataStore -Xcc -D_LIBCPP_HARDENING_MODE\=_LIBCPP_HARDENING_MODE_DEBUG -swift-version 6 -I /Users/ericwatke/Library/Developer/Xcode/DerivedData/PeerTubeSwift-dpcwhlbrkmudrpgkkujqsfdqnghl/Build/Products/Debug-iphonesimulator -Isystem /Applications/Xcode-26.2.0.app/Contents/Developer/Platforms/iPhoneSimulator.platform/Developer/usr/lib -F /Users/ericwatke/Library/Developer/Xcode/DerivedData/PeerTubeSwift-dpcwhlbrkmudrpgkkujqsfdqnghl/Build/Products/Debug-iphonesimulator -F /Applications/Xcode-26.2.0.app/Contents/Developer/Platforms/iPhoneSimulator.platform/Developer/Library/Frameworks -F /Applications/Xcode-26.2.0.app/Contents/Developer/Platforms/iPhoneSimulator.platform/Developer/SDKs/iPhoneSimulator26.2.sdk/Developer/Library/Frameworks -parse-as-library -c -j8 -enable-batch-mode -incremental -Xcc -ivfsstatcache -Xcc /Users/ericwatke/Library/Developer/Xcode/DerivedData/SDKStatCaches.noindex/iphonesimulator26.2-23C53-396ea2e52eee30dc3ef691f54c5a881e.sdkstatcache -output-file-map /Users/ericwatke/Library/Developer/Xcode/DerivedData/PeerTubeSwift-dpcwhlbrkmudrpgkkujqsfdqnghl/Build/Intermediates.noindex/xctest-dynamic-overlay.build/Debug-iphonesimulator/IssueReportingPackageSupport.build/Objects-normal/arm64/IssueReportingPackageSupport-OutputFileMap.json -use-frontend-parseable-output -save-temps -no-color-diagnostics -explicit-module-build -module-cache-path /Users/ericwatke/Library/Developer/Xcode/DerivedData/PeerTubeSwift-dpcwhlbrkmudrpgkkujqsfdqnghl/Build/Intermediates.noindex/SwiftExplicitPrecompiledModules -clang-scanner-module-cache-path /Users/ericwatke/Library/Developer/Xcode/DerivedData/ModuleCache.noindex -sdk-module-cache-path /Users/ericwatke/Library/Developer/Xcode/DerivedData/ModuleCache.noindex -serialize-diagnostics -emit-dependencies -emit-module -emit-module-path /Users/ericwatke/Library/Developer/Xcode/DerivedData/PeerTubeSwift-dpcwhlbrkmudrpgkkujqsfdqnghl/Build/Intermediates.noindex/xctest-dynamic-overlay.build/Debug-iphonesimulator/IssueReportingPackageSupport.build/Objects-normal/arm64/IssueReportingPackageSupport.swiftmodule -user-module-version 1.8.0 -validate-clang-modules-once -clang-build-session-file /Users/ericwatke/Library/Developer/Xcode/DerivedData/ModuleCache.noindex/Session.modulevalidation -package-name xctest_dynamic_overlay -Xcc -I/Users/ericwatke/Library/Developer/Xcode/DerivedData/PeerTubeSwift-dpcwhlbrkmudrpgkkujqsfdqnghl/Build/Intermediates.noindex/xctest-dynamic-overlay.build/Debug-iphonesimulator/IssueReportingPackageSupport.build/swift-overrides.hmap -emit-const-values -Xfrontend -const-gather-protocols-file -Xfrontend /Users/ericwatke/Library/Developer/Xcode/DerivedData/PeerTubeSwift-dpcwhlbrkmudrpgkkujqsfdqnghl/Build/Intermediates.noindex/xctest-dynamic-overlay.build/Debug-iphonesimulator/IssueReportingPackageSupport.build/Objects-normal/arm64/IssueReportingPackageSupport_const_extract_protocols.json -Xcc -I/Users/ericwatke/Library/Developer/Xcode/DerivedData/PeerTubeSwift-dpcwhlbrkmudrpgkkujqsfdqnghl/Build/Products/Debug-iphonesimulator/include -Xcc -I/Users/ericwatke/Library/Developer/Xcode/DerivedData/PeerTubeSwift-dpcwhlbrkmudrpgkkujqsfdqnghl/Build/Intermediates.noindex/xctest-dynamic-overlay.build/Debug-iphonesimulator/IssueReportingPackageSupport.build/DerivedSources-normal/arm64 -Xcc -I/Users/ericwatke/Library/Developer/Xcode/DerivedData/PeerTubeSwift-dpcwhlbrkmudrpgkkujqsfdqnghl/Build/Intermediates.noindex/xctest-dynamic-overlay.build/Debug-iphonesimulator/IssueReportingPackageSupport.build/DerivedSources/arm64 -Xcc -I/Users/ericwatke/Library/Developer/Xcode/DerivedData/PeerTubeSwift-dpcwhlbrkmudrpgkkujqsfdqnghl/Build/Intermediates.noindex/xctest-dynamic-overlay.build/Debug-iphonesimulator/IssueReportingPackageSupport.build/DerivedSources -Xcc -DSWIFT_PACKAGE -Xcc -DDEBUG\=1 -emit-objc-header -emit-objc-header-path /Users/ericwatke/Library/Developer/Xcode/DerivedData/PeerTubeSwift-dpcwhlbrkmudrpgkkujqsfdqnghl/Build/Intermediates.noindex/xctest-dynamic-overlay.build/Debug-iphonesimulator/IssueReportingPackageSupport.build/Objects-normal/arm64/IssueReportingPackageSupport-Swift.h -working-directory /Users/ericwatke/Documents/GitHub/peertube-swift/App/PeerTubeSwift/PeerTubeSwift.xcodeproj -experimental-emit-module-separately -disable-cmo

SwiftDriver\ Compilation IssueReportingPackageSupport normal arm64 com.apple.xcode.tools.swift.compiler (in target 'IssueReportingPackageSupport' from project 'xctest-dynamic-overlay')
    cd /Users/ericwatke/Documents/GitHub/peertube-swift/App/PeerTubeSwift/PeerTubeSwift.xcodeproj
    builtin-Swift-Compilation -- /Applications/Xcode-26.2.0.app/Contents/Developer/Toolchains/XcodeDefault.xctoolchain/usr/bin/swiftc -module-name IssueReportingPackageSupport -Onone -enforce-exclusivity\=checked @/Users/ericwatke/Library/Developer/Xcode/DerivedData/PeerTubeSwift-dpcwhlbrkmudrpgkkujqsfdqnghl/Build/Intermediates.noindex/xctest-dynamic-overlay.build/Debug-iphonesimulator/IssueReportingPackageSupport.build/Objects-normal/arm64/IssueReportingPackageSupport.SwiftFileList -DSWIFT_PACKAGE -DDEBUG -DSWIFT_MODULE_RESOURCE_BUNDLE_UNAVAILABLE -DXcode -plugin-path /Applications/Xcode-26.2.0.app/Contents/Developer/Toolchains/XcodeDefault.xctoolchain/usr/lib/swift/host/plugins/testing -enable-experimental-feature DebugDescriptionMacro -sdk /Applications/Xcode-26.2.0.app/Contents/Developer/Platforms/iPhoneSimulator.platform/Developer/SDKs/iPhoneSimulator26.2.sdk -target arm64-apple-ios13.0-simulator -g -module-cache-path /Users/ericwatke/Library/Developer/Xcode/DerivedData/ModuleCache.noindex -Xfrontend -serialize-debugging-options -profile-coverage-mapping -profile-generate -enable-testing -suppress-warnings -index-store-path /Users/ericwatke/Library/Developer/Xcode/DerivedData/PeerTubeSwift-dpcwhlbrkmudrpgkkujqsfdqnghl/Index.noindex/DataStore -Xcc -D_LIBCPP_HARDENING_MODE\=_LIBCPP_HARDENING_MODE_DEBUG -swift-version 6 -I /Users/ericwatke/Library/Developer/Xcode/DerivedData/PeerTubeSwift-dpcwhlbrkmudrpgkkujqsfdqnghl/Build/Products/Debug-iphonesimulator -Isystem /Applications/Xcode-26.2.0.app/Contents/Developer/Platforms/iPhoneSimulator.platform/Developer/usr/lib -F /Users/ericwatke/Library/Developer/Xcode/DerivedData/PeerTubeSwift-dpcwhlbrkmudrpgkkujqsfdqnghl/Build/Products/Debug-iphonesimulator -F /Applications/Xcode-26.2.0.app/Contents/Developer/Platforms/iPhoneSimulator.platform/Developer/Library/Frameworks -F /Applications/Xcode-26.2.0.app/Contents/Developer/Platforms/iPhoneSimulator.platform/Developer/SDKs/iPhoneSimulator26.2.sdk/Developer/Library/Frameworks -parse-as-library -c -j8 -enable-batch-mode -incremental -Xcc -ivfsstatcache -Xcc /Users/ericwatke/Library/Developer/Xcode/DerivedData/SDKStatCaches.noindex/iphonesimulator26.2-23C53-396ea2e52eee30dc3ef691f54c5a881e.sdkstatcache -output-file-map /Users/ericwatke/Library/Developer/Xcode/DerivedData/PeerTubeSwift-dpcwhlbrkmudrpgkkujqsfdqnghl/Build/Intermediates.noindex/xctest-dynamic-overlay.build/Debug-iphonesimulator/IssueReportingPackageSupport.build/Objects-normal/arm64/IssueReportingPackageSupport-OutputFileMap.json -use-frontend-parseable-output -save-temps -no-color-diagnostics -explicit-module-build -module-cache-path /Users/ericwatke/Library/Developer/Xcode/DerivedData/PeerTubeSwift-dpcwhlbrkmudrpgkkujqsfdqnghl/Build/Intermediates.noindex/SwiftExplicitPrecompiledModules -clang-scanner-module-cache-path /Users/ericwatke/Library/Developer/Xcode/DerivedData/ModuleCache.noindex -sdk-module-cache-path /Users/ericwatke/Library/Developer/Xcode/DerivedData/ModuleCache.noindex -serialize-diagnostics -emit-dependencies -emit-module -emit-module-path /Users/ericwatke/Library/Developer/Xcode/DerivedData/PeerTubeSwift-dpcwhlbrkmudrpgkkujqsfdqnghl/Build/Intermediates.noindex/xctest-dynamic-overlay.build/Debug-iphonesimulator/IssueReportingPackageSupport.build/Objects-normal/arm64/IssueReportingPackageSupport.swiftmodule -user-module-version 1.8.0 -validate-clang-modules-once -clang-build-session-file /Users/ericwatke/Library/Developer/Xcode/DerivedData/ModuleCache.noindex/Session.modulevalidation -package-name xctest_dynamic_overlay -Xcc -I/Users/ericwatke/Library/Developer/Xcode/DerivedData/PeerTubeSwift-dpcwhlbrkmudrpgkkujqsfdqnghl/Build/Intermediates.noindex/xctest-dynamic-overlay.build/Debug-iphonesimulator/IssueReportingPackageSupport.build/swift-overrides.hmap -emit-const-values -Xfrontend -const-gather-protocols-file -Xfrontend /Users/ericwatke/Library/Developer/Xcode/DerivedData/PeerTubeSwift-dpcwhlbrkmudrpgkkujqsfdqnghl/Build/Intermediates.noindex/xctest-dynamic-overlay.build/Debug-iphonesimulator/IssueReportingPackageSupport.build/Objects-normal/arm64/IssueReportingPackageSupport_const_extract_protocols.json -Xcc -I/Users/ericwatke/Library/Developer/Xcode/DerivedData/PeerTubeSwift-dpcwhlbrkmudrpgkkujqsfdqnghl/Build/Products/Debug-iphonesimulator/include -Xcc -I/Users/ericwatke/Library/Developer/Xcode/DerivedData/PeerTubeSwift-dpcwhlbrkmudrpgkkujqsfdqnghl/Build/Intermediates.noindex/xctest-dynamic-overlay.build/Debug-iphonesimulator/IssueReportingPackageSupport.build/DerivedSources-normal/arm64 -Xcc -I/Users/ericwatke/Library/Developer/Xcode/DerivedData/PeerTubeSwift-dpcwhlbrkmudrpgkkujqsfdqnghl/Build/Intermediates.noindex/xctest-dynamic-overlay.build/Debug-iphonesimulator/IssueReportingPackageSupport.build/DerivedSources/arm64 -Xcc -I/Users/ericwatke/Library/Developer/Xcode/DerivedData/PeerTubeSwift-dpcwhlbrkmudrpgkkujqsfdqnghl/Build/Intermediates.noindex/xctest-dynamic-overlay.build/Debug-iphonesimulator/IssueReportingPackageSupport.build/DerivedSources -Xcc -DSWIFT_PACKAGE -Xcc -DDEBUG\=1 -emit-objc-header -emit-objc-header-path /Users/ericwatke/Library/Developer/Xcode/DerivedData/PeerTubeSwift-dpcwhlbrkmudrpgkkujqsfdqnghl/Build/Intermediates.noindex/xctest-dynamic-overlay.build/Debug-iphonesimulator/IssueReportingPackageSupport.build/Objects-normal/arm64/IssueReportingPackageSupport-Swift.h -working-directory /Users/ericwatke/Documents/GitHub/peertube-swift/App/PeerTubeSwift/PeerTubeSwift.xcodeproj -experimental-emit-module-separately -disable-cmo

SwiftMergeGeneratedHeaders /Users/ericwatke/Library/Developer/Xcode/DerivedData/PeerTubeSwift-dpcwhlbrkmudrpgkkujqsfdqnghl/Build/Intermediates.noindex/GeneratedModuleMaps-iphonesimulator/IssueReportingPackageSupport-Swift.h /Users/ericwatke/Library/Developer/Xcode/DerivedData/PeerTubeSwift-dpcwhlbrkmudrpgkkujqsfdqnghl/Build/Intermediates.noindex/xctest-dynamic-overlay.build/Debug-iphonesimulator/IssueReportingPackageSupport.build/Objects-normal/arm64/IssueReportingPackageSupport-Swift.h (in target 'IssueReportingPackageSupport' from project 'xctest-dynamic-overlay')
    cd /Users/ericwatke/Library/Developer/Xcode/DerivedData/PeerTubeSwift-dpcwhlbrkmudrpgkkujqsfdqnghl/SourcePackages/checkouts/xctest-dynamic-overlay
    builtin-swiftHeaderTool -arch arm64 /Users/ericwatke/Library/Developer/Xcode/DerivedData/PeerTubeSwift-dpcwhlbrkmudrpgkkujqsfdqnghl/Build/Intermediates.noindex/xctest-dynamic-overlay.build/Debug-iphonesimulator/IssueReportingPackageSupport.build/Objects-normal/arm64/IssueReportingPackageSupport-Swift.h -o /Users/ericwatke/Library/Developer/Xcode/DerivedData/PeerTubeSwift-dpcwhlbrkmudrpgkkujqsfdqnghl/Build/Intermediates.noindex/GeneratedModuleMaps-iphonesimulator/IssueReportingPackageSupport-Swift.h

Ld /Users/ericwatke/Library/Developer/Xcode/DerivedData/PeerTubeSwift-dpcwhlbrkmudrpgkkujqsfdqnghl/Build/Products/Debug-iphonesimulator/PackageFrameworks/IssueReportingPackageSupport.framework/IssueReportingPackageSupport normal (in target 'IssueReportingPackageSupport' from project 'xctest-dynamic-overlay')
    cd /Users/ericwatke/Library/Developer/Xcode/DerivedData/PeerTubeSwift-dpcwhlbrkmudrpgkkujqsfdqnghl/SourcePackages/checkouts/xctest-dynamic-overlay
    /Applications/Xcode-26.2.0.app/Contents/Developer/Toolchains/XcodeDefault.xctoolchain/usr/bin/clang -Xlinker -reproducible -target arm64-apple-ios13.0-simulator -dynamiclib -isysroot /Applications/Xcode-26.2.0.app/Contents/Developer/Platforms/iPhoneSimulator.platform/Developer/SDKs/iPhoneSimulator26.2.sdk -O0 -w -L/Users/ericwatke/Library/Developer/Xcode/DerivedData/PeerTubeSwift-dpcwhlbrkmudrpgkkujqsfdqnghl/Build/Intermediates.noindex/EagerLinkingTBDs/Debug-iphonesimulator -L/Users/ericwatke/Library/Developer/Xcode/DerivedData/PeerTubeSwift-dpcwhlbrkmudrpgkkujqsfdqnghl/Build/Products/Debug-iphonesimulator -L/Applications/Xcode-26.2.0.app/Contents/Developer/Platforms/iPhoneSimulator.platform/Developer/usr/lib -F/Users/ericwatke/Library/Developer/Xcode/DerivedData/PeerTubeSwift-dpcwhlbrkmudrpgkkujqsfdqnghl/Build/Intermediates.noindex/EagerLinkingTBDs/Debug-iphonesimulator -F/Users/ericwatke/Library/Developer/Xcode/DerivedData/PeerTubeSwift-dpcwhlbrkmudrpgkkujqsfdqnghl/Build/Products/Debug-iphonesimulator -iframework /Applications/Xcode-26.2.0.app/Contents/Developer/Platforms/iPhoneSimulator.platform/Developer/Library/Frameworks -iframework /Applications/Xcode-26.2.0.app/Contents/Developer/Platforms/iPhoneSimulator.platform/Developer/SDKs/iPhoneSimulator26.2.sdk/Developer/Library/Frameworks -filelist /Users/ericwatke/Library/Developer/Xcode/DerivedData/PeerTubeSwift-dpcwhlbrkmudrpgkkujqsfdqnghl/Build/Intermediates.noindex/xctest-dynamic-overlay.build/Debug-iphonesimulator/IssueReportingPackageSupport.build/Objects-normal/arm64/IssueReportingPackageSupport.LinkFileList -install_name @rpath/IssueReportingPackageSupport.framework/IssueReportingPackageSupport -Xlinker -rpath -Xlinker /usr/lib/swift -dead_strip -Xlinker -object_path_lto -Xlinker /Users/ericwatke/Library/Developer/Xcode/DerivedData/PeerTubeSwift-dpcwhlbrkmudrpgkkujqsfdqnghl/Build/Intermediates.noindex/xctest-dynamic-overlay.build/Debug-iphonesimulator/IssueReportingPackageSupport.build/Objects-normal/arm64/IssueReportingPackageSupport_lto.o -rdynamic -Xlinker -no_deduplicate -Xlinker -objc_abi_version -Xlinker 2 -Xlinker -debug_variant -Xlinker -dependency_info -Xlinker /Users/ericwatke/Library/Developer/Xcode/DerivedData/PeerTubeSwift-dpcwhlbrkmudrpgkkujqsfdqnghl/Build/Intermediates.noindex/xctest-dynamic-overlay.build/Debug-iphonesimulator/IssueReportingPackageSupport.build/Objects-normal/arm64/IssueReportingPackageSupport_dependency_info.dat -fobjc-link-runtime -fprofile-instr-generate -L/Applications/Xcode-26.2.0.app/Contents/Developer/Toolchains/XcodeDefault.xctoolchain/usr/lib/swift/iphonesimulator -L/usr/lib/swift -Xlinker -add_ast_path -Xlinker /Users/ericwatke/Library/Developer/Xcode/DerivedData/PeerTubeSwift-dpcwhlbrkmudrpgkkujqsfdqnghl/Build/Intermediates.noindex/xctest-dynamic-overlay.build/Debug-iphonesimulator/IssueReportingPackageSupport.build/Objects-normal/arm64/IssueReportingPackageSupport.swiftmodule @/Users/ericwatke/Library/Developer/Xcode/DerivedData/PeerTubeSwift-dpcwhlbrkmudrpgkkujqsfdqnghl/Build/Intermediates.noindex/xctest-dynamic-overlay.build/Debug-iphonesimulator/IssueReportingPackageSupport.build/Objects-normal/arm64/IssueReportingPackageSupport-linker-args.resp -o /Users/ericwatke/Library/Developer/Xcode/DerivedData/PeerTubeSwift-dpcwhlbrkmudrpgkkujqsfdqnghl/Build/Products/Debug-iphonesimulator/PackageFrameworks/IssueReportingPackageSupport.framework/IssueReportingPackageSupport

SwiftDriver IssueReporting normal arm64 com.apple.xcode.tools.swift.compiler (in target 'IssueReporting' from project 'xctest-dynamic-overlay')
    cd /Users/ericwatke/Documents/GitHub/peertube-swift/App/PeerTubeSwift/PeerTubeSwift.xcodeproj
    builtin-SwiftDriver -- /Applications/Xcode-26.2.0.app/Contents/Developer/Toolchains/XcodeDefault.xctoolchain/usr/bin/swiftc -module-name IssueReporting -Onone -enforce-exclusivity\=checked @/Users/ericwatke/Library/Developer/Xcode/DerivedData/PeerTubeSwift-dpcwhlbrkmudrpgkkujqsfdqnghl/Build/Intermediates.noindex/xctest-dynamic-overlay.build/Debug-iphonesimulator/IssueReporting.build/Objects-normal/arm64/IssueReporting.SwiftFileList -DSWIFT_PACKAGE -DDEBUG -DSWIFT_MODULE_RESOURCE_BUNDLE_UNAVAILABLE -DXcode -plugin-path /Applications/Xcode-26.2.0.app/Contents/Developer/Toolchains/XcodeDefault.xctoolchain/usr/lib/swift/host/plugins/testing -enable-experimental-feature DebugDescriptionMacro -sdk /Applications/Xcode-26.2.0.app/Contents/Developer/Platforms/iPhoneSimulator.platform/Developer/SDKs/iPhoneSimulator26.2.sdk -target arm64-apple-ios13.0-simulator -g -module-cache-path /Users/ericwatke/Library/Developer/Xcode/DerivedData/ModuleCache.noindex -Xfrontend -serialize-debugging-options -profile-coverage-mapping -profile-generate -enable-testing -suppress-warnings -index-store-path /Users/ericwatke/Library/Developer/Xcode/DerivedData/PeerTubeSwift-dpcwhlbrkmudrpgkkujqsfdqnghl/Index.noindex/DataStore -Xcc -D_LIBCPP_HARDENING_MODE\=_LIBCPP_HARDENING_MODE_DEBUG -swift-version 6 -I /Users/ericwatke/Library/Developer/Xcode/DerivedData/PeerTubeSwift-dpcwhlbrkmudrpgkkujqsfdqnghl/Build/Products/Debug-iphonesimulator -Isystem /Applications/Xcode-26.2.0.app/Contents/Developer/Platforms/iPhoneSimulator.platform/Developer/usr/lib -F /Users/ericwatke/Library/Developer/Xcode/DerivedData/PeerTubeSwift-dpcwhlbrkmudrpgkkujqsfdqnghl/Build/Products/Debug-iphonesimulator/PackageFrameworks -F /Users/ericwatke/Library/Developer/Xcode/DerivedData/PeerTubeSwift-dpcwhlbrkmudrpgkkujqsfdqnghl/Build/Products/Debug-iphonesimulator -F /Applications/Xcode-26.2.0.app/Contents/Developer/Platforms/iPhoneSimulator.platform/Developer/Library/Frameworks -F /Applications/Xcode-26.2.0.app/Contents/Developer/Platforms/iPhoneSimulator.platform/Developer/SDKs/iPhoneSimulator26.2.sdk/Developer/Library/Frameworks -c -j8 -enable-batch-mode -incremental -Xcc -ivfsstatcache -Xcc /Users/ericwatke/Library/Developer/Xcode/DerivedData/SDKStatCaches.noindex/iphonesimulator26.2-23C53-396ea2e52eee30dc3ef691f54c5a881e.sdkstatcache -output-file-map /Users/ericwatke/Library/Developer/Xcode/DerivedData/PeerTubeSwift-dpcwhlbrkmudrpgkkujqsfdqnghl/Build/Intermediates.noindex/xctest-dynamic-overlay.build/Debug-iphonesimulator/IssueReporting.build/Objects-normal/arm64/IssueReporting-OutputFileMap.json -use-frontend-parseable-output -save-temps -no-color-diagnostics -explicit-module-build -module-cache-path /Users/ericwatke/Library/Developer/Xcode/DerivedData/PeerTubeSwift-dpcwhlbrkmudrpgkkujqsfdqnghl/Build/Intermediates.noindex/SwiftExplicitPrecompiledModules -clang-scanner-module-cache-path /Users/ericwatke/Library/Developer/Xcode/DerivedData/ModuleCache.noindex -sdk-module-cache-path /Users/ericwatke/Library/Developer/Xcode/DerivedData/ModuleCache.noindex -serialize-diagnostics -emit-dependencies -emit-module -emit-module-path /Users/ericwatke/Library/Developer/Xcode/DerivedData/PeerTubeSwift-dpcwhlbrkmudrpgkkujqsfdqnghl/Build/Intermediates.noindex/xctest-dynamic-overlay.build/Debug-iphonesimulator/IssueReporting.build/Objects-normal/arm64/IssueReporting.swiftmodule -user-module-version 1.8.0 -validate-clang-modules-once -clang-build-session-file /Users/ericwatke/Library/Developer/Xcode/DerivedData/ModuleCache.noindex/Session.modulevalidation -package-name xctest_dynamic_overlay -Xcc -I/Users/ericwatke/Library/Developer/Xcode/DerivedData/PeerTubeSwift-dpcwhlbrkmudrpgkkujqsfdqnghl/Build/Intermediates.noindex/xctest-dynamic-overlay.build/Debug-iphonesimulator/IssueReporting.build/swift-overrides.hmap -emit-const-values -Xfrontend -const-gather-protocols-file -Xfrontend /Users/ericwatke/Library/Developer/Xcode/DerivedData/PeerTubeSwift-dpcwhlbrkmudrpgkkujqsfdqnghl/Build/Intermediates.noindex/xctest-dynamic-overlay.build/Debug-iphonesimulator/IssueReporting.build/Objects-normal/arm64/IssueReporting_const_extract_protocols.json -Xcc -I/Users/ericwatke/Library/Developer/Xcode/DerivedData/PeerTubeSwift-dpcwhlbrkmudrpgkkujqsfdqnghl/Build/Products/Debug-iphonesimulator/include -Xcc -I/Users/ericwatke/Library/Developer/Xcode/DerivedData/PeerTubeSwift-dpcwhlbrkmudrpgkkujqsfdqnghl/Build/Intermediates.noindex/xctest-dynamic-overlay.build/Debug-iphonesimulator/IssueReporting.build/DerivedSources-normal/arm64 -Xcc -I/Users/ericwatke/Library/Developer/Xcode/DerivedData/PeerTubeSwift-dpcwhlbrkmudrpgkkujqsfdqnghl/Build/Intermediates.noindex/xctest-dynamic-overlay.build/Debug-iphonesimulator/IssueReporting.build/DerivedSources/arm64 -Xcc -I/Users/ericwatke/Library/Developer/Xcode/DerivedData/PeerTubeSwift-dpcwhlbrkmudrpgkkujqsfdqnghl/Build/Intermediates.noindex/xctest-dynamic-overlay.build/Debug-iphonesimulator/IssueReporting.build/DerivedSources -Xcc -DSWIFT_PACKAGE -Xcc -DDEBUG\=1 -emit-objc-header -emit-objc-header-path /Users/ericwatke/Library/Developer/Xcode/DerivedData/PeerTubeSwift-dpcwhlbrkmudrpgkkujqsfdqnghl/Build/Intermediates.noindex/xctest-dynamic-overlay.build/Debug-iphonesimulator/IssueReporting.build/Objects-normal/arm64/IssueReporting-Swift.h -working-directory /Users/ericwatke/Documents/GitHub/peertube-swift/App/PeerTubeSwift/PeerTubeSwift.xcodeproj -experimental-emit-module-separately -disable-cmo

ProcessInfoPlistFile /Users/ericwatke/Library/Developer/Xcode/DerivedData/PeerTubeSwift-dpcwhlbrkmudrpgkkujqsfdqnghl/Build/Products/Debug-iphonesimulator/PackageFrameworks/IdentifiedCollections_-5C6E944B2019E177_PackageProduct.framework/Info.plist /Users/ericwatke/Library/Developer/Xcode/DerivedData/PeerTubeSwift-dpcwhlbrkmudrpgkkujqsfdqnghl/Build/Intermediates.noindex/swift-identified-collections.build/Debug-iphonesimulator/IdentifiedCollections\ product.build/empty-IdentifiedCollections_-5C6E944B2019E177_PackageProduct.plist (in target 'IdentifiedCollections' from project 'swift-identified-collections')
    cd /Users/ericwatke/Library/Developer/Xcode/DerivedData/PeerTubeSwift-dpcwhlbrkmudrpgkkujqsfdqnghl/SourcePackages/checkouts/swift-identified-collections
    builtin-infoPlistUtility /Users/ericwatke/Library/Developer/Xcode/DerivedData/PeerTubeSwift-dpcwhlbrkmudrpgkkujqsfdqnghl/Build/Intermediates.noindex/swift-identified-collections.build/Debug-iphonesimulator/IdentifiedCollections\ product.build/empty-IdentifiedCollections_-5C6E944B2019E177_PackageProduct.plist -producttype com.apple.product-type.framework -expandbuildsettings -format binary -platform iphonesimulator -o /Users/ericwatke/Library/Developer/Xcode/DerivedData/PeerTubeSwift-dpcwhlbrkmudrpgkkujqsfdqnghl/Build/Products/Debug-iphonesimulator/PackageFrameworks/IdentifiedCollections_-5C6E944B2019E177_PackageProduct.framework/Info.plist

ExtractAppIntentsMetadata (in target 'IssueReportingPackageSupport' from project 'xctest-dynamic-overlay')
    cd /Users/ericwatke/Library/Developer/Xcode/DerivedData/PeerTubeSwift-dpcwhlbrkmudrpgkkujqsfdqnghl/SourcePackages/checkouts/xctest-dynamic-overlay
    /Applications/Xcode-26.2.0.app/Contents/Developer/Toolchains/XcodeDefault.xctoolchain/usr/bin/appintentsmetadataprocessor --toolchain-dir /Applications/Xcode-26.2.0.app/Contents/Developer/Toolchains/XcodeDefault.xctoolchain --module-name IssueReportingPackageSupport --sdk-root /Applications/Xcode-26.2.0.app/Contents/Developer/Platforms/iPhoneSimulator.platform/Developer/SDKs/iPhoneSimulator26.2.sdk --xcode-version 17C52 --platform-family iOS --deployment-target 13.0 --bundle-identifier xctest-dynamic-overlay.IssueReportingPackageSupport --output /Users/ericwatke/Library/Developer/Xcode/DerivedData/PeerTubeSwift-dpcwhlbrkmudrpgkkujqsfdqnghl/Build/Products/Debug-iphonesimulator/PackageFrameworks/IssueReportingPackageSupport.framework --target-triple arm64-apple-ios13.0-simulator --binary-file /Users/ericwatke/Library/Developer/Xcode/DerivedData/PeerTubeSwift-dpcwhlbrkmudrpgkkujqsfdqnghl/Build/Products/Debug-iphonesimulator/PackageFrameworks/IssueReportingPackageSupport.framework/IssueReportingPackageSupport --dependency-file /Users/ericwatke/Library/Developer/Xcode/DerivedData/PeerTubeSwift-dpcwhlbrkmudrpgkkujqsfdqnghl/Build/Intermediates.noindex/xctest-dynamic-overlay.build/Debug-iphonesimulator/IssueReportingPackageSupport.build/Objects-normal/arm64/IssueReportingPackageSupport_dependency_info.dat --stringsdata-file /Users/ericwatke/Library/Developer/Xcode/DerivedData/PeerTubeSwift-dpcwhlbrkmudrpgkkujqsfdqnghl/Build/Intermediates.noindex/xctest-dynamic-overlay.build/Debug-iphonesimulator/IssueReportingPackageSupport.build/Objects-normal/arm64/ExtractedAppShortcutsMetadata.stringsdata --source-file-list /Users/ericwatke/Library/Developer/Xcode/DerivedData/PeerTubeSwift-dpcwhlbrkmudrpgkkujqsfdqnghl/Build/Intermediates.noindex/xctest-dynamic-overlay.build/Debug-iphonesimulator/IssueReportingPackageSupport.build/Objects-normal/arm64/IssueReportingPackageSupport.SwiftFileList --metadata-file-list /Users/ericwatke/Library/Developer/Xcode/DerivedData/PeerTubeSwift-dpcwhlbrkmudrpgkkujqsfdqnghl/Build/Intermediates.noindex/xctest-dynamic-overlay.build/Debug-iphonesimulator/IssueReportingPackageSupport.build/IssueReportingPackageSupport.DependencyMetadataFileList --static-metadata-file-list /Users/ericwatke/Library/Developer/Xcode/DerivedData/PeerTubeSwift-dpcwhlbrkmudrpgkkujqsfdqnghl/Build/Intermediates.noindex/xctest-dynamic-overlay.build/Debug-iphonesimulator/IssueReportingPackageSupport.build/IssueReportingPackageSupport.DependencyStaticMetadataFileList --swift-const-vals-list /Users/ericwatke/Library/Developer/Xcode/DerivedData/PeerTubeSwift-dpcwhlbrkmudrpgkkujqsfdqnghl/Build/Intermediates.noindex/xctest-dynamic-overlay.build/Debug-iphonesimulator/IssueReportingPackageSupport.build/Objects-normal/arm64/IssueReportingPackageSupport.SwiftConstValuesFileList --compile-time-extraction --deployment-aware-processing --validate-assistant-intents --no-app-shortcuts-localization
2026-03-25 20:09:26.605 appintentsmetadataprocessor[26699:1338051] Starting appintentsmetadataprocessor export
2026-03-25 20:09:26.606 appintentsmetadataprocessor[26699:1338051] warning: Metadata extraction skipped. No AppIntents.framework dependency found.

GenerateTAPI /Users/ericwatke/Library/Developer/Xcode/DerivedData/PeerTubeSwift-dpcwhlbrkmudrpgkkujqsfdqnghl/Build/Intermediates.noindex/EagerLinkingTBDs/Debug-iphonesimulator/IssueReportingPackageSupport.framework/IssueReportingPackageSupport.tbd (in target 'IssueReportingPackageSupport' from project 'xctest-dynamic-overlay')
    cd /Users/ericwatke/Library/Developer/Xcode/DerivedData/PeerTubeSwift-dpcwhlbrkmudrpgkkujqsfdqnghl/SourcePackages/checkouts/xctest-dynamic-overlay
    /Applications/Xcode-26.2.0.app/Contents/Developer/Toolchains/XcodeDefault.xctoolchain/usr/bin/tapi stubify -isysroot /Applications/Xcode-26.2.0.app/Contents/Developer/Platforms/iPhoneSimulator.platform/Developer/SDKs/iPhoneSimulator26.2.sdk -F/Users/ericwatke/Library/Developer/Xcode/DerivedData/PeerTubeSwift-dpcwhlbrkmudrpgkkujqsfdqnghl/Build/Products/Debug-iphonesimulator -iframework /Applications/Xcode-26.2.0.app/Contents/Developer/Platforms/iPhoneSimulator.platform/Developer/Library/Frameworks -iframework /Applications/Xcode-26.2.0.app/Contents/Developer/Platforms/iPhoneSimulator.platform/Developer/SDKs/iPhoneSimulator26.2.sdk/Developer/Library/Frameworks -L/Users/ericwatke/Library/Developer/Xcode/DerivedData/PeerTubeSwift-dpcwhlbrkmudrpgkkujqsfdqnghl/Build/Products/Debug-iphonesimulator -L/Applications/Xcode-26.2.0.app/Contents/Developer/Platforms/iPhoneSimulator.platform/Developer/usr/lib /Users/ericwatke/Library/Developer/Xcode/DerivedData/PeerTubeSwift-dpcwhlbrkmudrpgkkujqsfdqnghl/Build/Products/Debug-iphonesimulator/PackageFrameworks/IssueReportingPackageSupport.framework/IssueReportingPackageSupport -o /Users/ericwatke/Library/Developer/Xcode/DerivedData/PeerTubeSwift-dpcwhlbrkmudrpgkkujqsfdqnghl/Build/Intermediates.noindex/EagerLinkingTBDs/Debug-iphonesimulator/IssueReportingPackageSupport.framework/IssueReportingPackageSupport.tbd

ProcessInfoPlistFile /Users/ericwatke/Library/Developer/Xcode/DerivedData/PeerTubeSwift-dpcwhlbrkmudrpgkkujqsfdqnghl/Build/Products/Debug-iphonesimulator/PackageFrameworks/IssueReporting.framework/Info.plist /Users/ericwatke/Library/Developer/Xcode/DerivedData/PeerTubeSwift-dpcwhlbrkmudrpgkkujqsfdqnghl/Build/Intermediates.noindex/xctest-dynamic-overlay.build/Debug-iphonesimulator/IssueReporting.build/empty-IssueReporting.plist (in target 'IssueReporting' from project 'xctest-dynamic-overlay')
    cd /Users/ericwatke/Library/Developer/Xcode/DerivedData/PeerTubeSwift-dpcwhlbrkmudrpgkkujqsfdqnghl/SourcePackages/checkouts/xctest-dynamic-overlay
    builtin-infoPlistUtility /Users/ericwatke/Library/Developer/Xcode/DerivedData/PeerTubeSwift-dpcwhlbrkmudrpgkkujqsfdqnghl/Build/Intermediates.noindex/xctest-dynamic-overlay.build/Debug-iphonesimulator/IssueReporting.build/empty-IssueReporting.plist -producttype com.apple.product-type.framework -expandbuildsettings -format binary -platform iphonesimulator -o /Users/ericwatke/Library/Developer/Xcode/DerivedData/PeerTubeSwift-dpcwhlbrkmudrpgkkujqsfdqnghl/Build/Products/Debug-iphonesimulator/PackageFrameworks/IssueReporting.framework/Info.plist

SwiftDriver\ Compilation\ Requirements IssueReporting normal arm64 com.apple.xcode.tools.swift.compiler (in target 'IssueReporting' from project 'xctest-dynamic-overlay')
    cd /Users/ericwatke/Documents/GitHub/peertube-swift/App/PeerTubeSwift/PeerTubeSwift.xcodeproj
    builtin-Swift-Compilation-Requirements -- /Applications/Xcode-26.2.0.app/Contents/Developer/Toolchains/XcodeDefault.xctoolchain/usr/bin/swiftc -module-name IssueReporting -Onone -enforce-exclusivity\=checked @/Users/ericwatke/Library/Developer/Xcode/DerivedData/PeerTubeSwift-dpcwhlbrkmudrpgkkujqsfdqnghl/Build/Intermediates.noindex/xctest-dynamic-overlay.build/Debug-iphonesimulator/IssueReporting.build/Objects-normal/arm64/IssueReporting.SwiftFileList -DSWIFT_PACKAGE -DDEBUG -DSWIFT_MODULE_RESOURCE_BUNDLE_UNAVAILABLE -DXcode -plugin-path /Applications/Xcode-26.2.0.app/Contents/Developer/Toolchains/XcodeDefault.xctoolchain/usr/lib/swift/host/plugins/testing -enable-experimental-feature DebugDescriptionMacro -sdk /Applications/Xcode-26.2.0.app/Contents/Developer/Platforms/iPhoneSimulator.platform/Developer/SDKs/iPhoneSimulator26.2.sdk -target arm64-apple-ios13.0-simulator -g -module-cache-path /Users/ericwatke/Library/Developer/Xcode/DerivedData/ModuleCache.noindex -Xfrontend -serialize-debugging-options -profile-coverage-mapping -profile-generate -enable-testing -suppress-warnings -index-store-path /Users/ericwatke/Library/Developer/Xcode/DerivedData/PeerTubeSwift-dpcwhlbrkmudrpgkkujqsfdqnghl/Index.noindex/DataStore -Xcc -D_LIBCPP_HARDENING_MODE\=_LIBCPP_HARDENING_MODE_DEBUG -swift-version 6 -I /Users/ericwatke/Library/Developer/Xcode/DerivedData/PeerTubeSwift-dpcwhlbrkmudrpgkkujqsfdqnghl/Build/Products/Debug-iphonesimulator -Isystem /Applications/Xcode-26.2.0.app/Contents/Developer/Platforms/iPhoneSimulator.platform/Developer/usr/lib -F /Users/ericwatke/Library/Developer/Xcode/DerivedData/PeerTubeSwift-dpcwhlbrkmudrpgkkujqsfdqnghl/Build/Products/Debug-iphonesimulator/PackageFrameworks -F /Users/ericwatke/Library/Developer/Xcode/DerivedData/PeerTubeSwift-dpcwhlbrkmudrpgkkujqsfdqnghl/Build/Products/Debug-iphonesimulator -F /Applications/Xcode-26.2.0.app/Contents/Developer/Platforms/iPhoneSimulator.platform/Developer/Library/Frameworks -F /Applications/Xcode-26.2.0.app/Contents/Developer/Platforms/iPhoneSimulator.platform/Developer/SDKs/iPhoneSimulator26.2.sdk/Developer/Library/Frameworks -c -j8 -enable-batch-mode -incremental -Xcc -ivfsstatcache -Xcc /Users/ericwatke/Library/Developer/Xcode/DerivedData/SDKStatCaches.noindex/iphonesimulator26.2-23C53-396ea2e52eee30dc3ef691f54c5a881e.sdkstatcache -output-file-map /Users/ericwatke/Library/Developer/Xcode/DerivedData/PeerTubeSwift-dpcwhlbrkmudrpgkkujqsfdqnghl/Build/Intermediates.noindex/xctest-dynamic-overlay.build/Debug-iphonesimulator/IssueReporting.build/Objects-normal/arm64/IssueReporting-OutputFileMap.json -use-frontend-parseable-output -save-temps -no-color-diagnostics -explicit-module-build -module-cache-path /Users/ericwatke/Library/Developer/Xcode/DerivedData/PeerTubeSwift-dpcwhlbrkmudrpgkkujqsfdqnghl/Build/Intermediates.noindex/SwiftExplicitPrecompiledModules -clang-scanner-module-cache-path /Users/ericwatke/Library/Developer/Xcode/DerivedData/ModuleCache.noindex -sdk-module-cache-path /Users/ericwatke/Library/Developer/Xcode/DerivedData/ModuleCache.noindex -serialize-diagnostics -emit-dependencies -emit-module -emit-module-path /Users/ericwatke/Library/Developer/Xcode/DerivedData/PeerTubeSwift-dpcwhlbrkmudrpgkkujqsfdqnghl/Build/Intermediates.noindex/xctest-dynamic-overlay.build/Debug-iphonesimulator/IssueReporting.build/Objects-normal/arm64/IssueReporting.swiftmodule -user-module-version 1.8.0 -validate-clang-modules-once -clang-build-session-file /Users/ericwatke/Library/Developer/Xcode/DerivedData/ModuleCache.noindex/Session.modulevalidation -package-name xctest_dynamic_overlay -Xcc -I/Users/ericwatke/Library/Developer/Xcode/DerivedData/PeerTubeSwift-dpcwhlbrkmudrpgkkujqsfdqnghl/Build/Intermediates.noindex/xctest-dynamic-overlay.build/Debug-iphonesimulator/IssueReporting.build/swift-overrides.hmap -emit-const-values -Xfrontend -const-gather-protocols-file -Xfrontend /Users/ericwatke/Library/Developer/Xcode/DerivedData/PeerTubeSwift-dpcwhlbrkmudrpgkkujqsfdqnghl/Build/Intermediates.noindex/xctest-dynamic-overlay.build/Debug-iphonesimulator/IssueReporting.build/Objects-normal/arm64/IssueReporting_const_extract_protocols.json -Xcc -I/Users/ericwatke/Library/Developer/Xcode/DerivedData/PeerTubeSwift-dpcwhlbrkmudrpgkkujqsfdqnghl/Build/Products/Debug-iphonesimulator/include -Xcc -I/Users/ericwatke/Library/Developer/Xcode/DerivedData/PeerTubeSwift-dpcwhlbrkmudrpgkkujqsfdqnghl/Build/Intermediates.noindex/xctest-dynamic-overlay.build/Debug-iphonesimulator/IssueReporting.build/DerivedSources-normal/arm64 -Xcc -I/Users/ericwatke/Library/Developer/Xcode/DerivedData/PeerTubeSwift-dpcwhlbrkmudrpgkkujqsfdqnghl/Build/Intermediates.noindex/xctest-dynamic-overlay.build/Debug-iphonesimulator/IssueReporting.build/DerivedSources/arm64 -Xcc -I/Users/ericwatke/Library/Developer/Xcode/DerivedData/PeerTubeSwift-dpcwhlbrkmudrpgkkujqsfdqnghl/Build/Intermediates.noindex/xctest-dynamic-overlay.build/Debug-iphonesimulator/IssueReporting.build/DerivedSources -Xcc -DSWIFT_PACKAGE -Xcc -DDEBUG\=1 -emit-objc-header -emit-objc-header-path /Users/ericwatke/Library/Developer/Xcode/DerivedData/PeerTubeSwift-dpcwhlbrkmudrpgkkujqsfdqnghl/Build/Intermediates.noindex/xctest-dynamic-overlay.build/Debug-iphonesimulator/IssueReporting.build/Objects-normal/arm64/IssueReporting-Swift.h -working-directory /Users/ericwatke/Documents/GitHub/peertube-swift/App/PeerTubeSwift/PeerTubeSwift.xcodeproj -experimental-emit-module-separately -disable-cmo

SwiftDriver\ Compilation IssueReporting normal arm64 com.apple.xcode.tools.swift.compiler (in target 'IssueReporting' from project 'xctest-dynamic-overlay')
    cd /Users/ericwatke/Documents/GitHub/peertube-swift/App/PeerTubeSwift/PeerTubeSwift.xcodeproj
    builtin-Swift-Compilation -- /Applications/Xcode-26.2.0.app/Contents/Developer/Toolchains/XcodeDefault.xctoolchain/usr/bin/swiftc -module-name IssueReporting -Onone -enforce-exclusivity\=checked @/Users/ericwatke/Library/Developer/Xcode/DerivedData/PeerTubeSwift-dpcwhlbrkmudrpgkkujqsfdqnghl/Build/Intermediates.noindex/xctest-dynamic-overlay.build/Debug-iphonesimulator/IssueReporting.build/Objects-normal/arm64/IssueReporting.SwiftFileList -DSWIFT_PACKAGE -DDEBUG -DSWIFT_MODULE_RESOURCE_BUNDLE_UNAVAILABLE -DXcode -plugin-path /Applications/Xcode-26.2.0.app/Contents/Developer/Toolchains/XcodeDefault.xctoolchain/usr/lib/swift/host/plugins/testing -enable-experimental-feature DebugDescriptionMacro -sdk /Applications/Xcode-26.2.0.app/Contents/Developer/Platforms/iPhoneSimulator.platform/Developer/SDKs/iPhoneSimulator26.2.sdk -target arm64-apple-ios13.0-simulator -g -module-cache-path /Users/ericwatke/Library/Developer/Xcode/DerivedData/ModuleCache.noindex -Xfrontend -serialize-debugging-options -profile-coverage-mapping -profile-generate -enable-testing -suppress-warnings -index-store-path /Users/ericwatke/Library/Developer/Xcode/DerivedData/PeerTubeSwift-dpcwhlbrkmudrpgkkujqsfdqnghl/Index.noindex/DataStore -Xcc -D_LIBCPP_HARDENING_MODE\=_LIBCPP_HARDENING_MODE_DEBUG -swift-version 6 -I /Users/ericwatke/Library/Developer/Xcode/DerivedData/PeerTubeSwift-dpcwhlbrkmudrpgkkujqsfdqnghl/Build/Products/Debug-iphonesimulator -Isystem /Applications/Xcode-26.2.0.app/Contents/Developer/Platforms/iPhoneSimulator.platform/Developer/usr/lib -F /Users/ericwatke/Library/Developer/Xcode/DerivedData/PeerTubeSwift-dpcwhlbrkmudrpgkkujqsfdqnghl/Build/Products/Debug-iphonesimulator/PackageFrameworks -F /Users/ericwatke/Library/Developer/Xcode/DerivedData/PeerTubeSwift-dpcwhlbrkmudrpgkkujqsfdqnghl/Build/Products/Debug-iphonesimulator -F /Applications/Xcode-26.2.0.app/Contents/Developer/Platforms/iPhoneSimulator.platform/Developer/Library/Frameworks -F /Applications/Xcode-26.2.0.app/Contents/Developer/Platforms/iPhoneSimulator.platform/Developer/SDKs/iPhoneSimulator26.2.sdk/Developer/Library/Frameworks -c -j8 -enable-batch-mode -incremental -Xcc -ivfsstatcache -Xcc /Users/ericwatke/Library/Developer/Xcode/DerivedData/SDKStatCaches.noindex/iphonesimulator26.2-23C53-396ea2e52eee30dc3ef691f54c5a881e.sdkstatcache -output-file-map /Users/ericwatke/Library/Developer/Xcode/DerivedData/PeerTubeSwift-dpcwhlbrkmudrpgkkujqsfdqnghl/Build/Intermediates.noindex/xctest-dynamic-overlay.build/Debug-iphonesimulator/IssueReporting.build/Objects-normal/arm64/IssueReporting-OutputFileMap.json -use-frontend-parseable-output -save-temps -no-color-diagnostics -explicit-module-build -module-cache-path /Users/ericwatke/Library/Developer/Xcode/DerivedData/PeerTubeSwift-dpcwhlbrkmudrpgkkujqsfdqnghl/Build/Intermediates.noindex/SwiftExplicitPrecompiledModules -clang-scanner-module-cache-path /Users/ericwatke/Library/Developer/Xcode/DerivedData/ModuleCache.noindex -sdk-module-cache-path /Users/ericwatke/Library/Developer/Xcode/DerivedData/ModuleCache.noindex -serialize-diagnostics -emit-dependencies -emit-module -emit-module-path /Users/ericwatke/Library/Developer/Xcode/DerivedData/PeerTubeSwift-dpcwhlbrkmudrpgkkujqsfdqnghl/Build/Intermediates.noindex/xctest-dynamic-overlay.build/Debug-iphonesimulator/IssueReporting.build/Objects-normal/arm64/IssueReporting.swiftmodule -user-module-version 1.8.0 -validate-clang-modules-once -clang-build-session-file /Users/ericwatke/Library/Developer/Xcode/DerivedData/ModuleCache.noindex/Session.modulevalidation -package-name xctest_dynamic_overlay -Xcc -I/Users/ericwatke/Library/Developer/Xcode/DerivedData/PeerTubeSwift-dpcwhlbrkmudrpgkkujqsfdqnghl/Build/Intermediates.noindex/xctest-dynamic-overlay.build/Debug-iphonesimulator/IssueReporting.build/swift-overrides.hmap -emit-const-values -Xfrontend -const-gather-protocols-file -Xfrontend /Users/ericwatke/Library/Developer/Xcode/DerivedData/PeerTubeSwift-dpcwhlbrkmudrpgkkujqsfdqnghl/Build/Intermediates.noindex/xctest-dynamic-overlay.build/Debug-iphonesimulator/IssueReporting.build/Objects-normal/arm64/IssueReporting_const_extract_protocols.json -Xcc -I/Users/ericwatke/Library/Developer/Xcode/DerivedData/PeerTubeSwift-dpcwhlbrkmudrpgkkujqsfdqnghl/Build/Products/Debug-iphonesimulator/include -Xcc -I/Users/ericwatke/Library/Developer/Xcode/DerivedData/PeerTubeSwift-dpcwhlbrkmudrpgkkujqsfdqnghl/Build/Intermediates.noindex/xctest-dynamic-overlay.build/Debug-iphonesimulator/IssueReporting.build/DerivedSources-normal/arm64 -Xcc -I/Users/ericwatke/Library/Developer/Xcode/DerivedData/PeerTubeSwift-dpcwhlbrkmudrpgkkujqsfdqnghl/Build/Intermediates.noindex/xctest-dynamic-overlay.build/Debug-iphonesimulator/IssueReporting.build/DerivedSources/arm64 -Xcc -I/Users/ericwatke/Library/Developer/Xcode/DerivedData/PeerTubeSwift-dpcwhlbrkmudrpgkkujqsfdqnghl/Build/Intermediates.noindex/xctest-dynamic-overlay.build/Debug-iphonesimulator/IssueReporting.build/DerivedSources -Xcc -DSWIFT_PACKAGE -Xcc -DDEBUG\=1 -emit-objc-header -emit-objc-header-path /Users/ericwatke/Library/Developer/Xcode/DerivedData/PeerTubeSwift-dpcwhlbrkmudrpgkkujqsfdqnghl/Build/Intermediates.noindex/xctest-dynamic-overlay.build/Debug-iphonesimulator/IssueReporting.build/Objects-normal/arm64/IssueReporting-Swift.h -working-directory /Users/ericwatke/Documents/GitHub/peertube-swift/App/PeerTubeSwift/PeerTubeSwift.xcodeproj -experimental-emit-module-separately -disable-cmo

SwiftMergeGeneratedHeaders /Users/ericwatke/Library/Developer/Xcode/DerivedData/PeerTubeSwift-dpcwhlbrkmudrpgkkujqsfdqnghl/Build/Intermediates.noindex/GeneratedModuleMaps-iphonesimulator/IssueReporting-Swift.h /Users/ericwatke/Library/Developer/Xcode/DerivedData/PeerTubeSwift-dpcwhlbrkmudrpgkkujqsfdqnghl/Build/Intermediates.noindex/xctest-dynamic-overlay.build/Debug-iphonesimulator/IssueReporting.build/Objects-normal/arm64/IssueReporting-Swift.h (in target 'IssueReporting' from project 'xctest-dynamic-overlay')
    cd /Users/ericwatke/Library/Developer/Xcode/DerivedData/PeerTubeSwift-dpcwhlbrkmudrpgkkujqsfdqnghl/SourcePackages/checkouts/xctest-dynamic-overlay
    builtin-swiftHeaderTool -arch arm64 /Users/ericwatke/Library/Developer/Xcode/DerivedData/PeerTubeSwift-dpcwhlbrkmudrpgkkujqsfdqnghl/Build/Intermediates.noindex/xctest-dynamic-overlay.build/Debug-iphonesimulator/IssueReporting.build/Objects-normal/arm64/IssueReporting-Swift.h -o /Users/ericwatke/Library/Developer/Xcode/DerivedData/PeerTubeSwift-dpcwhlbrkmudrpgkkujqsfdqnghl/Build/Intermediates.noindex/GeneratedModuleMaps-iphonesimulator/IssueReporting-Swift.h

SwiftDriver StructuredQueriesSQLite normal arm64 com.apple.xcode.tools.swift.compiler (in target 'StructuredQueriesSQLite' from project 'swift-structured-queries')
    cd /Users/ericwatke/Documents/GitHub/peertube-swift/App/PeerTubeSwift/PeerTubeSwift.xcodeproj
    builtin-SwiftDriver -- /Applications/Xcode-26.2.0.app/Contents/Developer/Toolchains/XcodeDefault.xctoolchain/usr/bin/swiftc -module-name StructuredQueriesSQLite -Onone -enforce-exclusivity\=checked @/Users/ericwatke/Library/Developer/Xcode/DerivedData/PeerTubeSwift-dpcwhlbrkmudrpgkkujqsfdqnghl/Build/Intermediates.noindex/swift-structured-queries.build/Debug-iphonesimulator/StructuredQueriesSQLite.build/Objects-normal/arm64/StructuredQueriesSQLite.SwiftFileList -DSWIFT_PACKAGE -DDEBUG -DSWIFT_MODULE_RESOURCE_BUNDLE_UNAVAILABLE -DXcode -enable-upcoming-feature MemberImportVisibility -plugin-path /Applications/Xcode-26.2.0.app/Contents/Developer/Toolchains/XcodeDefault.xctoolchain/usr/lib/swift/host/plugins/testing -enable-experimental-feature DebugDescriptionMacro -sdk /Applications/Xcode-26.2.0.app/Contents/Developer/Platforms/iPhoneSimulator.platform/Developer/SDKs/iPhoneSimulator26.2.sdk -target arm64-apple-ios13.0-simulator -g -module-cache-path /Users/ericwatke/Library/Developer/Xcode/DerivedData/ModuleCache.noindex -Xfrontend -serialize-debugging-options -profile-coverage-mapping -profile-generate -enable-testing -suppress-warnings -index-store-path /Users/ericwatke/Library/Developer/Xcode/DerivedData/PeerTubeSwift-dpcwhlbrkmudrpgkkujqsfdqnghl/Index.noindex/DataStore -Xcc -D_LIBCPP_HARDENING_MODE\=_LIBCPP_HARDENING_MODE_DEBUG -swift-version 6 -I /Users/ericwatke/Library/Developer/Xcode/DerivedData/PeerTubeSwift-dpcwhlbrkmudrpgkkujqsfdqnghl/Build/Products/Debug-iphonesimulator -Isystem /Applications/Xcode-26.2.0.app/Contents/Developer/Platforms/iPhoneSimulator.platform/Developer/usr/lib -F /Users/ericwatke/Library/Developer/Xcode/DerivedData/PeerTubeSwift-dpcwhlbrkmudrpgkkujqsfdqnghl/Build/Products/Debug-iphonesimulator/PackageFrameworks -F /Users/ericwatke/Library/Developer/Xcode/DerivedData/PeerTubeSwift-dpcwhlbrkmudrpgkkujqsfdqnghl/Build/Products/Debug-iphonesimulator/PackageFrameworks -F /Users/ericwatke/Library/Developer/Xcode/DerivedData/PeerTubeSwift-dpcwhlbrkmudrpgkkujqsfdqnghl/Build/Products/Debug-iphonesimulator/PackageFrameworks -F /Users/ericwatke/Library/Developer/Xcode/DerivedData/PeerTubeSwift-dpcwhlbrkmudrpgkkujqsfdqnghl/Build/Products/Debug-iphonesimulator/PackageFrameworks -F /Users/ericwatke/Library/Developer/Xcode/DerivedData/PeerTubeSwift-dpcwhlbrkmudrpgkkujqsfdqnghl/Build/Products/Debug-iphonesimulator/PackageFrameworks -F /Users/ericwatke/Library/Developer/Xcode/DerivedData/PeerTubeSwift-dpcwhlbrkmudrpgkkujqsfdqnghl/Build/Products/Debug-iphonesimulator -F /Applications/Xcode-26.2.0.app/Contents/Developer/Platforms/iPhoneSimulator.platform/Developer/Library/Frameworks -F /Applications/Xcode-26.2.0.app/Contents/Developer/Platforms/iPhoneSimulator.platform/Developer/SDKs/iPhoneSimulator26.2.sdk/Developer/Library/Frameworks -Xfrontend -load-plugin-executable -Xfrontend /Users/ericwatke/Library/Developer/Xcode/DerivedData/PeerTubeSwift-dpcwhlbrkmudrpgkkujqsfdqnghl/Build/Products/Debug/StructuredQueriesMacros\#StructuredQueriesMacros -Xfrontend -load-plugin-executable -Xfrontend /Users/ericwatke/Library/Developer/Xcode/DerivedData/PeerTubeSwift-dpcwhlbrkmudrpgkkujqsfdqnghl/Build/Products/Debug/StructuredQueriesSQLiteMacros\#StructuredQueriesSQLiteMacros -c -j8 -enable-batch-mode -incremental -Xcc -ivfsstatcache -Xcc /Users/ericwatke/Library/Developer/Xcode/DerivedData/SDKStatCaches.noindex/iphonesimulator26.2-23C53-396ea2e52eee30dc3ef691f54c5a881e.sdkstatcache -output-file-map /Users/ericwatke/Library/Developer/Xcode/DerivedData/PeerTubeSwift-dpcwhlbrkmudrpgkkujqsfdqnghl/Build/Intermediates.noindex/swift-structured-queries.build/Debug-iphonesimulator/StructuredQueriesSQLite.build/Objects-normal/arm64/StructuredQueriesSQLite-OutputFileMap.json -use-frontend-parseable-output -save-temps -no-color-diagnostics -explicit-module-build -module-cache-path /Users/ericwatke/Library/Developer/Xcode/DerivedData/PeerTubeSwift-dpcwhlbrkmudrpgkkujqsfdqnghl/Build/Intermediates.noindex/SwiftExplicitPrecompiledModules -clang-scanner-module-cache-path /Users/ericwatke/Library/Developer/Xcode/DerivedData/ModuleCache.noindex -sdk-module-cache-path /Users/ericwatke/Library/Developer/Xcode/DerivedData/ModuleCache.noindex -serialize-diagnostics -emit-dependencies -emit-module -emit-module-path /Users/ericwatke/Library/Developer/Xcode/DerivedData/PeerTubeSwift-dpcwhlbrkmudrpgkkujqsfdqnghl/Build/Intermediates.noindex/swift-structured-queries.build/Debug-iphonesimulator/StructuredQueriesSQLite.build/Objects-normal/arm64/StructuredQueriesSQLite.swiftmodule -user-module-version 0.25.2 -validate-clang-modules-once -clang-build-session-file /Users/ericwatke/Library/Developer/Xcode/DerivedData/ModuleCache.noindex/Session.modulevalidation -package-name swift_structured_queries -Xcc -I/Users/ericwatke/Library/Developer/Xcode/DerivedData/PeerTubeSwift-dpcwhlbrkmudrpgkkujqsfdqnghl/Build/Intermediates.noindex/swift-structured-queries.build/Debug-iphonesimulator/StructuredQueriesSQLite.build/swift-overrides.hmap -emit-const-values -Xfrontend -const-gather-protocols-file -Xfrontend /Users/ericwatke/Library/Developer/Xcode/DerivedData/PeerTubeSwift-dpcwhlbrkmudrpgkkujqsfdqnghl/Build/Intermediates.noindex/swift-structured-queries.build/Debug-iphonesimulator/StructuredQueriesSQLite.build/Objects-normal/arm64/StructuredQueriesSQLite_const_extract_protocols.json -Xcc -I/Users/ericwatke/Library/Developer/Xcode/DerivedData/PeerTubeSwift-dpcwhlbrkmudrpgkkujqsfdqnghl/Build/Products/Debug-iphonesimulator/include -Xcc -I/Users/ericwatke/Library/Developer/Xcode/DerivedData/PeerTubeSwift-dpcwhlbrkmudrpgkkujqsfdqnghl/Build/Intermediates.noindex/swift-structured-queries.build/Debug-iphonesimulator/StructuredQueriesSQLite.build/DerivedSources-normal/arm64 -Xcc -I/Users/ericwatke/Library/Developer/Xcode/DerivedData/PeerTubeSwift-dpcwhlbrkmudrpgkkujqsfdqnghl/Build/Intermediates.noindex/swift-structured-queries.build/Debug-iphonesimulator/StructuredQueriesSQLite.build/DerivedSources/arm64 -Xcc -I/Users/ericwatke/Library/Developer/Xcode/DerivedData/PeerTubeSwift-dpcwhlbrkmudrpgkkujqsfdqnghl/Build/Intermediates.noindex/swift-structured-queries.build/Debug-iphonesimulator/StructuredQueriesSQLite.build/DerivedSources -Xcc -DSWIFT_PACKAGE -Xcc -DDEBUG\=1 -emit-objc-header -emit-objc-header-path /Users/ericwatke/Library/Developer/Xcode/DerivedData/PeerTubeSwift-dpcwhlbrkmudrpgkkujqsfdqnghl/Build/Intermediates.noindex/swift-structured-queries.build/Debug-iphonesimulator/StructuredQueriesSQLite.build/Objects-normal/arm64/StructuredQueriesSQLite-Swift.h -working-directory /Users/ericwatke/Documents/GitHub/peertube-swift/App/PeerTubeSwift/PeerTubeSwift.xcodeproj -experimental-emit-module-separately -disable-cmo

Ld /Users/ericwatke/Library/Developer/Xcode/DerivedData/PeerTubeSwift-dpcwhlbrkmudrpgkkujqsfdqnghl/Build/Products/Debug-iphonesimulator/PackageFrameworks/IssueReporting.framework/IssueReporting normal (in target 'IssueReporting' from project 'xctest-dynamic-overlay')
    cd /Users/ericwatke/Library/Developer/Xcode/DerivedData/PeerTubeSwift-dpcwhlbrkmudrpgkkujqsfdqnghl/SourcePackages/checkouts/xctest-dynamic-overlay
    /Applications/Xcode-26.2.0.app/Contents/Developer/Toolchains/XcodeDefault.xctoolchain/usr/bin/clang -Xlinker -reproducible -target arm64-apple-ios13.0-simulator -dynamiclib -isysroot /Applications/Xcode-26.2.0.app/Contents/Developer/Platforms/iPhoneSimulator.platform/Developer/SDKs/iPhoneSimulator26.2.sdk -O0 -w -L/Users/ericwatke/Library/Developer/Xcode/DerivedData/PeerTubeSwift-dpcwhlbrkmudrpgkkujqsfdqnghl/Build/Intermediates.noindex/EagerLinkingTBDs/Debug-iphonesimulator -L/Users/ericwatke/Library/Developer/Xcode/DerivedData/PeerTubeSwift-dpcwhlbrkmudrpgkkujqsfdqnghl/Build/Products/Debug-iphonesimulator -L/Applications/Xcode-26.2.0.app/Contents/Developer/Platforms/iPhoneSimulator.platform/Developer/usr/lib -F/Users/ericwatke/Library/Developer/Xcode/DerivedData/PeerTubeSwift-dpcwhlbrkmudrpgkkujqsfdqnghl/Build/Intermediates.noindex/EagerLinkingTBDs/Debug-iphonesimulator -F/Users/ericwatke/Library/Developer/Xcode/DerivedData/PeerTubeSwift-dpcwhlbrkmudrpgkkujqsfdqnghl/Build/Products/Debug-iphonesimulator/PackageFrameworks -F/Users/ericwatke/Library/Developer/Xcode/DerivedData/PeerTubeSwift-dpcwhlbrkmudrpgkkujqsfdqnghl/Build/Products/Debug-iphonesimulator -iframework /Applications/Xcode-26.2.0.app/Contents/Developer/Platforms/iPhoneSimulator.platform/Developer/Library/Frameworks -iframework /Applications/Xcode-26.2.0.app/Contents/Developer/Platforms/iPhoneSimulator.platform/Developer/SDKs/iPhoneSimulator26.2.sdk/Developer/Library/Frameworks -filelist /Users/ericwatke/Library/Developer/Xcode/DerivedData/PeerTubeSwift-dpcwhlbrkmudrpgkkujqsfdqnghl/Build/Intermediates.noindex/xctest-dynamic-overlay.build/Debug-iphonesimulator/IssueReporting.build/Objects-normal/arm64/IssueReporting.LinkFileList -install_name @rpath/IssueReporting.framework/IssueReporting -Xlinker -rpath -Xlinker /usr/lib/swift -Xlinker -rpath -Xlinker /Users/ericwatke/Library/Developer/Xcode/DerivedData/PeerTubeSwift-dpcwhlbrkmudrpgkkujqsfdqnghl/Build/Products/Debug-iphonesimulator/PackageFrameworks -dead_strip -Xlinker -object_path_lto -Xlinker /Users/ericwatke/Library/Developer/Xcode/DerivedData/PeerTubeSwift-dpcwhlbrkmudrpgkkujqsfdqnghl/Build/Intermediates.noindex/xctest-dynamic-overlay.build/Debug-iphonesimulator/IssueReporting.build/Objects-normal/arm64/IssueReporting_lto.o -rdynamic -Xlinker -no_deduplicate -Xlinker -objc_abi_version -Xlinker 2 -Xlinker -debug_variant -Xlinker -dependency_info -Xlinker /Users/ericwatke/Library/Developer/Xcode/DerivedData/PeerTubeSwift-dpcwhlbrkmudrpgkkujqsfdqnghl/Build/Intermediates.noindex/xctest-dynamic-overlay.build/Debug-iphonesimulator/IssueReporting.build/Objects-normal/arm64/IssueReporting_dependency_info.dat -fobjc-link-runtime -fprofile-instr-generate -L/Applications/Xcode-26.2.0.app/Contents/Developer/Toolchains/XcodeDefault.xctoolchain/usr/lib/swift/iphonesimulator -L/usr/lib/swift -Xlinker -add_ast_path -Xlinker /Users/ericwatke/Library/Developer/Xcode/DerivedData/PeerTubeSwift-dpcwhlbrkmudrpgkkujqsfdqnghl/Build/Intermediates.noindex/xctest-dynamic-overlay.build/Debug-iphonesimulator/IssueReporting.build/Objects-normal/arm64/IssueReporting.swiftmodule @/Users/ericwatke/Library/Developer/Xcode/DerivedData/PeerTubeSwift-dpcwhlbrkmudrpgkkujqsfdqnghl/Build/Intermediates.noindex/xctest-dynamic-overlay.build/Debug-iphonesimulator/IssueReporting.build/Objects-normal/arm64/IssueReporting-linker-args.resp -Wl,-no_warn_duplicate_libraries -framework IssueReportingPackageSupport -o /Users/ericwatke/Library/Developer/Xcode/DerivedData/PeerTubeSwift-dpcwhlbrkmudrpgkkujqsfdqnghl/Build/Products/Debug-iphonesimulator/PackageFrameworks/IssueReporting.framework/IssueReporting

SwiftDriver PerceptionCore normal arm64 com.apple.xcode.tools.swift.compiler (in target 'PerceptionCore' from project 'swift-perception')
    cd /Users/ericwatke/Documents/GitHub/peertube-swift/App/PeerTubeSwift/PeerTubeSwift.xcodeproj
    builtin-SwiftDriver -- /Applications/Xcode-26.2.0.app/Contents/Developer/Toolchains/XcodeDefault.xctoolchain/usr/bin/swiftc -module-name PerceptionCore -Onone -enforce-exclusivity\=checked @/Users/ericwatke/Library/Developer/Xcode/DerivedData/PeerTubeSwift-dpcwhlbrkmudrpgkkujqsfdqnghl/Build/Intermediates.noindex/swift-perception.build/Debug-iphonesimulator/PerceptionCore.build/Objects-normal/arm64/PerceptionCore.SwiftFileList -DSWIFT_PACKAGE -DDEBUG -DSWIFT_MODULE_RESOURCE_BUNDLE_UNAVAILABLE -DXcode -plugin-path /Applications/Xcode-26.2.0.app/Contents/Developer/Toolchains/XcodeDefault.xctoolchain/usr/lib/swift/host/plugins/testing -enable-experimental-feature DebugDescriptionMacro -sdk /Applications/Xcode-26.2.0.app/Contents/Developer/Platforms/iPhoneSimulator.platform/Developer/SDKs/iPhoneSimulator26.2.sdk -target arm64-apple-ios13.0-simulator -g -module-cache-path /Users/ericwatke/Library/Developer/Xcode/DerivedData/ModuleCache.noindex -Xfrontend -serialize-debugging-options -profile-coverage-mapping -profile-generate -enable-testing -suppress-warnings -index-store-path /Users/ericwatke/Library/Developer/Xcode/DerivedData/PeerTubeSwift-dpcwhlbrkmudrpgkkujqsfdqnghl/Index.noindex/DataStore -Xcc -D_LIBCPP_HARDENING_MODE\=_LIBCPP_HARDENING_MODE_DEBUG -swift-version 5 -I /Users/ericwatke/Library/Developer/Xcode/DerivedData/PeerTubeSwift-dpcwhlbrkmudrpgkkujqsfdqnghl/Build/Products/Debug-iphonesimulator -Isystem /Applications/Xcode-26.2.0.app/Contents/Developer/Platforms/iPhoneSimulator.platform/Developer/usr/lib -F /Users/ericwatke/Library/Developer/Xcode/DerivedData/PeerTubeSwift-dpcwhlbrkmudrpgkkujqsfdqnghl/Build/Products/Debug-iphonesimulator/PackageFrameworks -F /Users/ericwatke/Library/Developer/Xcode/DerivedData/PeerTubeSwift-dpcwhlbrkmudrpgkkujqsfdqnghl/Build/Products/Debug-iphonesimulator/PackageFrameworks -F /Users/ericwatke/Library/Developer/Xcode/DerivedData/PeerTubeSwift-dpcwhlbrkmudrpgkkujqsfdqnghl/Build/Products/Debug-iphonesimulator -F /Applications/Xcode-26.2.0.app/Contents/Developer/Platforms/iPhoneSimulator.platform/Developer/Library/Frameworks -F /Applications/Xcode-26.2.0.app/Contents/Developer/Platforms/iPhoneSimulator.platform/Developer/SDKs/iPhoneSimulator26.2.sdk/Developer/Library/Frameworks -c -j8 -enable-batch-mode -incremental -Xcc -ivfsstatcache -Xcc /Users/ericwatke/Library/Developer/Xcode/DerivedData/SDKStatCaches.noindex/iphonesimulator26.2-23C53-396ea2e52eee30dc3ef691f54c5a881e.sdkstatcache -output-file-map /Users/ericwatke/Library/Developer/Xcode/DerivedData/PeerTubeSwift-dpcwhlbrkmudrpgkkujqsfdqnghl/Build/Intermediates.noindex/swift-perception.build/Debug-iphonesimulator/PerceptionCore.build/Objects-normal/arm64/PerceptionCore-OutputFileMap.json -use-frontend-parseable-output -save-temps -no-color-diagnostics -explicit-module-build -module-cache-path /Users/ericwatke/Library/Developer/Xcode/DerivedData/PeerTubeSwift-dpcwhlbrkmudrpgkkujqsfdqnghl/Build/Intermediates.noindex/SwiftExplicitPrecompiledModules -clang-scanner-module-cache-path /Users/ericwatke/Library/Developer/Xcode/DerivedData/ModuleCache.noindex -sdk-module-cache-path /Users/ericwatke/Library/Developer/Xcode/DerivedData/ModuleCache.noindex -serialize-diagnostics -emit-dependencies -emit-module -emit-module-path /Users/ericwatke/Library/Developer/Xcode/DerivedData/PeerTubeSwift-dpcwhlbrkmudrpgkkujqsfdqnghl/Build/Intermediates.noindex/swift-perception.build/Debug-iphonesimulator/PerceptionCore.build/Objects-normal/arm64/PerceptionCore.swiftmodule -user-module-version 2.0.9 -validate-clang-modules-once -clang-build-session-file /Users/ericwatke/Library/Developer/Xcode/DerivedData/ModuleCache.noindex/Session.modulevalidation -package-name swift_perception -Xcc -I/Users/ericwatke/Library/Developer/Xcode/DerivedData/PeerTubeSwift-dpcwhlbrkmudrpgkkujqsfdqnghl/Build/Intermediates.noindex/swift-perception.build/Debug-iphonesimulator/PerceptionCore.build/swift-overrides.hmap -emit-const-values -Xfrontend -const-gather-protocols-file -Xfrontend /Users/ericwatke/Library/Developer/Xcode/DerivedData/PeerTubeSwift-dpcwhlbrkmudrpgkkujqsfdqnghl/Build/Intermediates.noindex/swift-perception.build/Debug-iphonesimulator/PerceptionCore.build/Objects-normal/arm64/PerceptionCore_const_extract_protocols.json -Xcc -I/Users/ericwatke/Library/Developer/Xcode/DerivedData/PeerTubeSwift-dpcwhlbrkmudrpgkkujqsfdqnghl/Build/Products/Debug-iphonesimulator/include -Xcc -I/Users/ericwatke/Library/Developer/Xcode/DerivedData/PeerTubeSwift-dpcwhlbrkmudrpgkkujqsfdqnghl/Build/Intermediates.noindex/swift-perception.build/Debug-iphonesimulator/PerceptionCore.build/DerivedSources-normal/arm64 -Xcc -I/Users/ericwatke/Library/Developer/Xcode/DerivedData/PeerTubeSwift-dpcwhlbrkmudrpgkkujqsfdqnghl/Build/Intermediates.noindex/swift-perception.build/Debug-iphonesimulator/PerceptionCore.build/DerivedSources/arm64 -Xcc -I/Users/ericwatke/Library/Developer/Xcode/DerivedData/PeerTubeSwift-dpcwhlbrkmudrpgkkujqsfdqnghl/Build/Intermediates.noindex/swift-perception.build/Debug-iphonesimulator/PerceptionCore.build/DerivedSources -Xcc -DSWIFT_PACKAGE -Xcc -DDEBUG\=1 -emit-objc-header -emit-objc-header-path /Users/ericwatke/Library/Developer/Xcode/DerivedData/PeerTubeSwift-dpcwhlbrkmudrpgkkujqsfdqnghl/Build/Intermediates.noindex/swift-perception.build/Debug-iphonesimulator/PerceptionCore.build/Objects-normal/arm64/PerceptionCore-Swift.h -working-directory /Users/ericwatke/Documents/GitHub/peertube-swift/App/PeerTubeSwift/PeerTubeSwift.xcodeproj -experimental-emit-module-separately -disable-cmo

ExtractAppIntentsMetadata (in target 'IssueReporting' from project 'xctest-dynamic-overlay')
    cd /Users/ericwatke/Library/Developer/Xcode/DerivedData/PeerTubeSwift-dpcwhlbrkmudrpgkkujqsfdqnghl/SourcePackages/checkouts/xctest-dynamic-overlay
    /Applications/Xcode-26.2.0.app/Contents/Developer/Toolchains/XcodeDefault.xctoolchain/usr/bin/appintentsmetadataprocessor --toolchain-dir /Applications/Xcode-26.2.0.app/Contents/Developer/Toolchains/XcodeDefault.xctoolchain --module-name IssueReporting --sdk-root /Applications/Xcode-26.2.0.app/Contents/Developer/Platforms/iPhoneSimulator.platform/Developer/SDKs/iPhoneSimulator26.2.sdk --xcode-version 17C52 --platform-family iOS --deployment-target 13.0 --bundle-identifier xctest-dynamic-overlay.IssueReporting --output /Users/ericwatke/Library/Developer/Xcode/DerivedData/PeerTubeSwift-dpcwhlbrkmudrpgkkujqsfdqnghl/Build/Products/Debug-iphonesimulator/PackageFrameworks/IssueReporting.framework --target-triple arm64-apple-ios13.0-simulator --binary-file /Users/ericwatke/Library/Developer/Xcode/DerivedData/PeerTubeSwift-dpcwhlbrkmudrpgkkujqsfdqnghl/Build/Products/Debug-iphonesimulator/PackageFrameworks/IssueReporting.framework/IssueReporting --dependency-file /Users/ericwatke/Library/Developer/Xcode/DerivedData/PeerTubeSwift-dpcwhlbrkmudrpgkkujqsfdqnghl/Build/Intermediates.noindex/xctest-dynamic-overlay.build/Debug-iphonesimulator/IssueReporting.build/Objects-normal/arm64/IssueReporting_dependency_info.dat --stringsdata-file /Users/ericwatke/Library/Developer/Xcode/DerivedData/PeerTubeSwift-dpcwhlbrkmudrpgkkujqsfdqnghl/Build/Intermediates.noindex/xctest-dynamic-overlay.build/Debug-iphonesimulator/IssueReporting.build/Objects-normal/arm64/ExtractedAppShortcutsMetadata.stringsdata --source-file-list /Users/ericwatke/Library/Developer/Xcode/DerivedData/PeerTubeSwift-dpcwhlbrkmudrpgkkujqsfdqnghl/Build/Intermediates.noindex/xctest-dynamic-overlay.build/Debug-iphonesimulator/IssueReporting.build/Objects-normal/arm64/IssueReporting.SwiftFileList --metadata-file-list /Users/ericwatke/Library/Developer/Xcode/DerivedData/PeerTubeSwift-dpcwhlbrkmudrpgkkujqsfdqnghl/Build/Intermediates.noindex/xctest-dynamic-overlay.build/Debug-iphonesimulator/IssueReporting.build/IssueReporting.DependencyMetadataFileList --static-metadata-file-list /Users/ericwatke/Library/Developer/Xcode/DerivedData/PeerTubeSwift-dpcwhlbrkmudrpgkkujqsfdqnghl/Build/Intermediates.noindex/xctest-dynamic-overlay.build/Debug-iphonesimulator/IssueReporting.build/IssueReporting.DependencyStaticMetadataFileList --swift-const-vals-list /Users/ericwatke/Library/Developer/Xcode/DerivedData/PeerTubeSwift-dpcwhlbrkmudrpgkkujqsfdqnghl/Build/Intermediates.noindex/xctest-dynamic-overlay.build/Debug-iphonesimulator/IssueReporting.build/Objects-normal/arm64/IssueReporting.SwiftConstValuesFileList --compile-time-extraction --deployment-aware-processing --validate-assistant-intents --no-app-shortcuts-localization
2026-03-25 20:09:26.862 appintentsmetadataprocessor[26704:1338090] Starting appintentsmetadataprocessor export
2026-03-25 20:09:26.864 appintentsmetadataprocessor[26704:1338090] warning: Metadata extraction skipped. No AppIntents.framework dependency found.

SwiftDriver\ Compilation\ Requirements StructuredQueriesSQLite normal arm64 com.apple.xcode.tools.swift.compiler (in target 'StructuredQueriesSQLite' from project 'swift-structured-queries')
    cd /Users/ericwatke/Documents/GitHub/peertube-swift/App/PeerTubeSwift/PeerTubeSwift.xcodeproj
    builtin-Swift-Compilation-Requirements -- /Applications/Xcode-26.2.0.app/Contents/Developer/Toolchains/XcodeDefault.xctoolchain/usr/bin/swiftc -module-name StructuredQueriesSQLite -Onone -enforce-exclusivity\=checked @/Users/ericwatke/Library/Developer/Xcode/DerivedData/PeerTubeSwift-dpcwhlbrkmudrpgkkujqsfdqnghl/Build/Intermediates.noindex/swift-structured-queries.build/Debug-iphonesimulator/StructuredQueriesSQLite.build/Objects-normal/arm64/StructuredQueriesSQLite.SwiftFileList -DSWIFT_PACKAGE -DDEBUG -DSWIFT_MODULE_RESOURCE_BUNDLE_UNAVAILABLE -DXcode -enable-upcoming-feature MemberImportVisibility -plugin-path /Applications/Xcode-26.2.0.app/Contents/Developer/Toolchains/XcodeDefault.xctoolchain/usr/lib/swift/host/plugins/testing -enable-experimental-feature DebugDescriptionMacro -sdk /Applications/Xcode-26.2.0.app/Contents/Developer/Platforms/iPhoneSimulator.platform/Developer/SDKs/iPhoneSimulator26.2.sdk -target arm64-apple-ios13.0-simulator -g -module-cache-path /Users/ericwatke/Library/Developer/Xcode/DerivedData/ModuleCache.noindex -Xfrontend -serialize-debugging-options -profile-coverage-mapping -profile-generate -enable-testing -suppress-warnings -index-store-path /Users/ericwatke/Library/Developer/Xcode/DerivedData/PeerTubeSwift-dpcwhlbrkmudrpgkkujqsfdqnghl/Index.noindex/DataStore -Xcc -D_LIBCPP_HARDENING_MODE\=_LIBCPP_HARDENING_MODE_DEBUG -swift-version 6 -I /Users/ericwatke/Library/Developer/Xcode/DerivedData/PeerTubeSwift-dpcwhlbrkmudrpgkkujqsfdqnghl/Build/Products/Debug-iphonesimulator -Isystem /Applications/Xcode-26.2.0.app/Contents/Developer/Platforms/iPhoneSimulator.platform/Developer/usr/lib -F /Users/ericwatke/Library/Developer/Xcode/DerivedData/PeerTubeSwift-dpcwhlbrkmudrpgkkujqsfdqnghl/Build/Products/Debug-iphonesimulator/PackageFrameworks -F /Users/ericwatke/Library/Developer/Xcode/DerivedData/PeerTubeSwift-dpcwhlbrkmudrpgkkujqsfdqnghl/Build/Products/Debug-iphonesimulator/PackageFrameworks -F /Users/ericwatke/Library/Developer/Xcode/DerivedData/PeerTubeSwift-dpcwhlbrkmudrpgkkujqsfdqnghl/Build/Products/Debug-iphonesimulator/PackageFrameworks -F /Users/ericwatke/Library/Developer/Xcode/DerivedData/PeerTubeSwift-dpcwhlbrkmudrpgkkujqsfdqnghl/Build/Products/Debug-iphonesimulator/PackageFrameworks -F /Users/ericwatke/Library/Developer/Xcode/DerivedData/PeerTubeSwift-dpcwhlbrkmudrpgkkujqsfdqnghl/Build/Products/Debug-iphonesimulator/PackageFrameworks -F /Users/ericwatke/Library/Developer/Xcode/DerivedData/PeerTubeSwift-dpcwhlbrkmudrpgkkujqsfdqnghl/Build/Products/Debug-iphonesimulator -F /Applications/Xcode-26.2.0.app/Contents/Developer/Platforms/iPhoneSimulator.platform/Developer/Library/Frameworks -F /Applications/Xcode-26.2.0.app/Contents/Developer/Platforms/iPhoneSimulator.platform/Developer/SDKs/iPhoneSimulator26.2.sdk/Developer/Library/Frameworks -Xfrontend -load-plugin-executable -Xfrontend /Users/ericwatke/Library/Developer/Xcode/DerivedData/PeerTubeSwift-dpcwhlbrkmudrpgkkujqsfdqnghl/Build/Products/Debug/StructuredQueriesMacros\#StructuredQueriesMacros -Xfrontend -load-plugin-executable -Xfrontend /Users/ericwatke/Library/Developer/Xcode/DerivedData/PeerTubeSwift-dpcwhlbrkmudrpgkkujqsfdqnghl/Build/Products/Debug/StructuredQueriesSQLiteMacros\#StructuredQueriesSQLiteMacros -c -j8 -enable-batch-mode -incremental -Xcc -ivfsstatcache -Xcc /Users/ericwatke/Library/Developer/Xcode/DerivedData/SDKStatCaches.noindex/iphonesimulator26.2-23C53-396ea2e52eee30dc3ef691f54c5a881e.sdkstatcache -output-file-map /Users/ericwatke/Library/Developer/Xcode/DerivedData/PeerTubeSwift-dpcwhlbrkmudrpgkkujqsfdqnghl/Build/Intermediates.noindex/swift-structured-queries.build/Debug-iphonesimulator/StructuredQueriesSQLite.build/Objects-normal/arm64/StructuredQueriesSQLite-OutputFileMap.json -use-frontend-parseable-output -save-temps -no-color-diagnostics -explicit-module-build -module-cache-path /Users/ericwatke/Library/Developer/Xcode/DerivedData/PeerTubeSwift-dpcwhlbrkmudrpgkkujqsfdqnghl/Build/Intermediates.noindex/SwiftExplicitPrecompiledModules -clang-scanner-module-cache-path /Users/ericwatke/Library/Developer/Xcode/DerivedData/ModuleCache.noindex -sdk-module-cache-path /Users/ericwatke/Library/Developer/Xcode/DerivedData/ModuleCache.noindex -serialize-diagnostics -emit-dependencies -emit-module -emit-module-path /Users/ericwatke/Library/Developer/Xcode/DerivedData/PeerTubeSwift-dpcwhlbrkmudrpgkkujqsfdqnghl/Build/Intermediates.noindex/swift-structured-queries.build/Debug-iphonesimulator/StructuredQueriesSQLite.build/Objects-normal/arm64/StructuredQueriesSQLite.swiftmodule -user-module-version 0.25.2 -validate-clang-modules-once -clang-build-session-file /Users/ericwatke/Library/Developer/Xcode/DerivedData/ModuleCache.noindex/Session.modulevalidation -package-name swift_structured_queries -Xcc -I/Users/ericwatke/Library/Developer/Xcode/DerivedData/PeerTubeSwift-dpcwhlbrkmudrpgkkujqsfdqnghl/Build/Intermediates.noindex/swift-structured-queries.build/Debug-iphonesimulator/StructuredQueriesSQLite.build/swift-overrides.hmap -emit-const-values -Xfrontend -const-gather-protocols-file -Xfrontend /Users/ericwatke/Library/Developer/Xcode/DerivedData/PeerTubeSwift-dpcwhlbrkmudrpgkkujqsfdqnghl/Build/Intermediates.noindex/swift-structured-queries.build/Debug-iphonesimulator/StructuredQueriesSQLite.build/Objects-normal/arm64/StructuredQueriesSQLite_const_extract_protocols.json -Xcc -I/Users/ericwatke/Library/Developer/Xcode/DerivedData/PeerTubeSwift-dpcwhlbrkmudrpgkkujqsfdqnghl/Build/Products/Debug-iphonesimulator/include -Xcc -I/Users/ericwatke/Library/Developer/Xcode/DerivedData/PeerTubeSwift-dpcwhlbrkmudrpgkkujqsfdqnghl/Build/Intermediates.noindex/swift-structured-queries.build/Debug-iphonesimulator/StructuredQueriesSQLite.build/DerivedSources-normal/arm64 -Xcc -I/Users/ericwatke/Library/Developer/Xcode/DerivedData/PeerTubeSwift-dpcwhlbrkmudrpgkkujqsfdqnghl/Build/Intermediates.noindex/swift-structured-queries.build/Debug-iphonesimulator/StructuredQueriesSQLite.build/DerivedSources/arm64 -Xcc -I/Users/ericwatke/Library/Developer/Xcode/DerivedData/PeerTubeSwift-dpcwhlbrkmudrpgkkujqsfdqnghl/Build/Intermediates.noindex/swift-structured-queries.build/Debug-iphonesimulator/StructuredQueriesSQLite.build/DerivedSources -Xcc -DSWIFT_PACKAGE -Xcc -DDEBUG\=1 -emit-objc-header -emit-objc-header-path /Users/ericwatke/Library/Developer/Xcode/DerivedData/PeerTubeSwift-dpcwhlbrkmudrpgkkujqsfdqnghl/Build/Intermediates.noindex/swift-structured-queries.build/Debug-iphonesimulator/StructuredQueriesSQLite.build/Objects-normal/arm64/StructuredQueriesSQLite-Swift.h -working-directory /Users/ericwatke/Documents/GitHub/peertube-swift/App/PeerTubeSwift/PeerTubeSwift.xcodeproj -experimental-emit-module-separately -disable-cmo

SwiftDriver\ Compilation StructuredQueriesSQLite normal arm64 com.apple.xcode.tools.swift.compiler (in target 'StructuredQueriesSQLite' from project 'swift-structured-queries')
    cd /Users/ericwatke/Documents/GitHub/peertube-swift/App/PeerTubeSwift/PeerTubeSwift.xcodeproj
    builtin-Swift-Compilation -- /Applications/Xcode-26.2.0.app/Contents/Developer/Toolchains/XcodeDefault.xctoolchain/usr/bin/swiftc -module-name StructuredQueriesSQLite -Onone -enforce-exclusivity\=checked @/Users/ericwatke/Library/Developer/Xcode/DerivedData/PeerTubeSwift-dpcwhlbrkmudrpgkkujqsfdqnghl/Build/Intermediates.noindex/swift-structured-queries.build/Debug-iphonesimulator/StructuredQueriesSQLite.build/Objects-normal/arm64/StructuredQueriesSQLite.SwiftFileList -DSWIFT_PACKAGE -DDEBUG -DSWIFT_MODULE_RESOURCE_BUNDLE_UNAVAILABLE -DXcode -enable-upcoming-feature MemberImportVisibility -plugin-path /Applications/Xcode-26.2.0.app/Contents/Developer/Toolchains/XcodeDefault.xctoolchain/usr/lib/swift/host/plugins/testing -enable-experimental-feature DebugDescriptionMacro -sdk /Applications/Xcode-26.2.0.app/Contents/Developer/Platforms/iPhoneSimulator.platform/Developer/SDKs/iPhoneSimulator26.2.sdk -target arm64-apple-ios13.0-simulator -g -module-cache-path /Users/ericwatke/Library/Developer/Xcode/DerivedData/ModuleCache.noindex -Xfrontend -serialize-debugging-options -profile-coverage-mapping -profile-generate -enable-testing -suppress-warnings -index-store-path /Users/ericwatke/Library/Developer/Xcode/DerivedData/PeerTubeSwift-dpcwhlbrkmudrpgkkujqsfdqnghl/Index.noindex/DataStore -Xcc -D_LIBCPP_HARDENING_MODE\=_LIBCPP_HARDENING_MODE_DEBUG -swift-version 6 -I /Users/ericwatke/Library/Developer/Xcode/DerivedData/PeerTubeSwift-dpcwhlbrkmudrpgkkujqsfdqnghl/Build/Products/Debug-iphonesimulator -Isystem /Applications/Xcode-26.2.0.app/Contents/Developer/Platforms/iPhoneSimulator.platform/Developer/usr/lib -F /Users/ericwatke/Library/Developer/Xcode/DerivedData/PeerTubeSwift-dpcwhlbrkmudrpgkkujqsfdqnghl/Build/Products/Debug-iphonesimulator/PackageFrameworks -F /Users/ericwatke/Library/Developer/Xcode/DerivedData/PeerTubeSwift-dpcwhlbrkmudrpgkkujqsfdqnghl/Build/Products/Debug-iphonesimulator/PackageFrameworks -F /Users/ericwatke/Library/Developer/Xcode/DerivedData/PeerTubeSwift-dpcwhlbrkmudrpgkkujqsfdqnghl/Build/Products/Debug-iphonesimulator/PackageFrameworks -F /Users/ericwatke/Library/Developer/Xcode/DerivedData/PeerTubeSwift-dpcwhlbrkmudrpgkkujqsfdqnghl/Build/Products/Debug-iphonesimulator/PackageFrameworks -F /Users/ericwatke/Library/Developer/Xcode/DerivedData/PeerTubeSwift-dpcwhlbrkmudrpgkkujqsfdqnghl/Build/Products/Debug-iphonesimulator/PackageFrameworks -F /Users/ericwatke/Library/Developer/Xcode/DerivedData/PeerTubeSwift-dpcwhlbrkmudrpgkkujqsfdqnghl/Build/Products/Debug-iphonesimulator -F /Applications/Xcode-26.2.0.app/Contents/Developer/Platforms/iPhoneSimulator.platform/Developer/Library/Frameworks -F /Applications/Xcode-26.2.0.app/Contents/Developer/Platforms/iPhoneSimulator.platform/Developer/SDKs/iPhoneSimulator26.2.sdk/Developer/Library/Frameworks -Xfrontend -load-plugin-executable -Xfrontend /Users/ericwatke/Library/Developer/Xcode/DerivedData/PeerTubeSwift-dpcwhlbrkmudrpgkkujqsfdqnghl/Build/Products/Debug/StructuredQueriesMacros\#StructuredQueriesMacros -Xfrontend -load-plugin-executable -Xfrontend /Users/ericwatke/Library/Developer/Xcode/DerivedData/PeerTubeSwift-dpcwhlbrkmudrpgkkujqsfdqnghl/Build/Products/Debug/StructuredQueriesSQLiteMacros\#StructuredQueriesSQLiteMacros -c -j8 -enable-batch-mode -incremental -Xcc -ivfsstatcache -Xcc /Users/ericwatke/Library/Developer/Xcode/DerivedData/SDKStatCaches.noindex/iphonesimulator26.2-23C53-396ea2e52eee30dc3ef691f54c5a881e.sdkstatcache -output-file-map /Users/ericwatke/Library/Developer/Xcode/DerivedData/PeerTubeSwift-dpcwhlbrkmudrpgkkujqsfdqnghl/Build/Intermediates.noindex/swift-structured-queries.build/Debug-iphonesimulator/StructuredQueriesSQLite.build/Objects-normal/arm64/StructuredQueriesSQLite-OutputFileMap.json -use-frontend-parseable-output -save-temps -no-color-diagnostics -explicit-module-build -module-cache-path /Users/ericwatke/Library/Developer/Xcode/DerivedData/PeerTubeSwift-dpcwhlbrkmudrpgkkujqsfdqnghl/Build/Intermediates.noindex/SwiftExplicitPrecompiledModules -clang-scanner-module-cache-path /Users/ericwatke/Library/Developer/Xcode/DerivedData/ModuleCache.noindex -sdk-module-cache-path /Users/ericwatke/Library/Developer/Xcode/DerivedData/ModuleCache.noindex -serialize-diagnostics -emit-dependencies -emit-module -emit-module-path /Users/ericwatke/Library/Developer/Xcode/DerivedData/PeerTubeSwift-dpcwhlbrkmudrpgkkujqsfdqnghl/Build/Intermediates.noindex/swift-structured-queries.build/Debug-iphonesimulator/StructuredQueriesSQLite.build/Objects-normal/arm64/StructuredQueriesSQLite.swiftmodule -user-module-version 0.25.2 -validate-clang-modules-once -clang-build-session-file /Users/ericwatke/Library/Developer/Xcode/DerivedData/ModuleCache.noindex/Session.modulevalidation -package-name swift_structured_queries -Xcc -I/Users/ericwatke/Library/Developer/Xcode/DerivedData/PeerTubeSwift-dpcwhlbrkmudrpgkkujqsfdqnghl/Build/Intermediates.noindex/swift-structured-queries.build/Debug-iphonesimulator/StructuredQueriesSQLite.build/swift-overrides.hmap -emit-const-values -Xfrontend -const-gather-protocols-file -Xfrontend /Users/ericwatke/Library/Developer/Xcode/DerivedData/PeerTubeSwift-dpcwhlbrkmudrpgkkujqsfdqnghl/Build/Intermediates.noindex/swift-structured-queries.build/Debug-iphonesimulator/StructuredQueriesSQLite.build/Objects-normal/arm64/StructuredQueriesSQLite_const_extract_protocols.json -Xcc -I/Users/ericwatke/Library/Developer/Xcode/DerivedData/PeerTubeSwift-dpcwhlbrkmudrpgkkujqsfdqnghl/Build/Products/Debug-iphonesimulator/include -Xcc -I/Users/ericwatke/Library/Developer/Xcode/DerivedData/PeerTubeSwift-dpcwhlbrkmudrpgkkujqsfdqnghl/Build/Intermediates.noindex/swift-structured-queries.build/Debug-iphonesimulator/StructuredQueriesSQLite.build/DerivedSources-normal/arm64 -Xcc -I/Users/ericwatke/Library/Developer/Xcode/DerivedData/PeerTubeSwift-dpcwhlbrkmudrpgkkujqsfdqnghl/Build/Intermediates.noindex/swift-structured-queries.build/Debug-iphonesimulator/StructuredQueriesSQLite.build/DerivedSources/arm64 -Xcc -I/Users/ericwatke/Library/Developer/Xcode/DerivedData/PeerTubeSwift-dpcwhlbrkmudrpgkkujqsfdqnghl/Build/Intermediates.noindex/swift-structured-queries.build/Debug-iphonesimulator/StructuredQueriesSQLite.build/DerivedSources -Xcc -DSWIFT_PACKAGE -Xcc -DDEBUG\=1 -emit-objc-header -emit-objc-header-path /Users/ericwatke/Library/Developer/Xcode/DerivedData/PeerTubeSwift-dpcwhlbrkmudrpgkkujqsfdqnghl/Build/Intermediates.noindex/swift-structured-queries.build/Debug-iphonesimulator/StructuredQueriesSQLite.build/Objects-normal/arm64/StructuredQueriesSQLite-Swift.h -working-directory /Users/ericwatke/Documents/GitHub/peertube-swift/App/PeerTubeSwift/PeerTubeSwift.xcodeproj -experimental-emit-module-separately -disable-cmo

AppIntentsSSUTraining (in target 'IssueReporting' from project 'xctest-dynamic-overlay')
    cd /Users/ericwatke/Library/Developer/Xcode/DerivedData/PeerTubeSwift-dpcwhlbrkmudrpgkkujqsfdqnghl/SourcePackages/checkouts/xctest-dynamic-overlay
    /Applications/Xcode-26.2.0.app/Contents/Developer/Toolchains/XcodeDefault.xctoolchain/usr/bin/appintentsnltrainingprocessor --infoplist-path /Users/ericwatke/Library/Developer/Xcode/DerivedData/PeerTubeSwift-dpcwhlbrkmudrpgkkujqsfdqnghl/Build/Products/Debug-iphonesimulator/PackageFrameworks/IssueReporting.framework/Info.plist --temp-dir-path /Users/ericwatke/Library/Developer/Xcode/DerivedData/PeerTubeSwift-dpcwhlbrkmudrpgkkujqsfdqnghl/Build/Intermediates.noindex/xctest-dynamic-overlay.build/Debug-iphonesimulator/IssueReporting.build/ssu --bundle-id xctest-dynamic-overlay.IssueReporting --product-path /Users/ericwatke/Library/Developer/Xcode/DerivedData/PeerTubeSwift-dpcwhlbrkmudrpgkkujqsfdqnghl/Build/Products/Debug-iphonesimulator/PackageFrameworks/IssueReporting.framework --extracted-metadata-path /Users/ericwatke/Library/Developer/Xcode/DerivedData/PeerTubeSwift-dpcwhlbrkmudrpgkkujqsfdqnghl/Build/Products/Debug-iphonesimulator/PackageFrameworks/IssueReporting.framework/Metadata.appintents --metadata-file-list /Users/ericwatke/Library/Developer/Xcode/DerivedData/PeerTubeSwift-dpcwhlbrkmudrpgkkujqsfdqnghl/Build/Intermediates.noindex/xctest-dynamic-overlay.build/Debug-iphonesimulator/IssueReporting.build/IssueReporting.DependencyMetadataFileList --archive-ssu-assets
2026-03-25 20:09:26.888 appintentsnltrainingprocessor[26705:1338092] Parsing options for appintentsnltrainingprocessor
2026-03-25 20:09:26.893 appintentsnltrainingprocessor[26705:1338092] No AppShortcuts found - Skipping.

ExtractAppIntentsMetadata (in target 'StructuredQueriesCore' from project 'swift-structured-queries')
    cd /Users/ericwatke/Library/Developer/Xcode/DerivedData/PeerTubeSwift-dpcwhlbrkmudrpgkkujqsfdqnghl/SourcePackages/checkouts/swift-structured-queries
    /Applications/Xcode-26.2.0.app/Contents/Developer/Toolchains/XcodeDefault.xctoolchain/usr/bin/appintentsmetadataprocessor --toolchain-dir /Applications/Xcode-26.2.0.app/Contents/Developer/Toolchains/XcodeDefault.xctoolchain --module-name StructuredQueriesCore --sdk-root /Applications/Xcode-26.2.0.app/Contents/Developer/Platforms/iPhoneSimulator.platform/Developer/SDKs/iPhoneSimulator26.2.sdk --xcode-version 17C52 --platform-family iOS --deployment-target 13.0 --bundle-identifier swift-structured-queries.StructuredQueriesCore --output /Users/ericwatke/Library/Developer/Xcode/DerivedData/PeerTubeSwift-dpcwhlbrkmudrpgkkujqsfdqnghl/Build/Products/Debug-iphonesimulator/StructuredQueriesCore.appintents --target-triple arm64-apple-ios13.0-simulator --binary-file /Users/ericwatke/Library/Developer/Xcode/DerivedData/PeerTubeSwift-dpcwhlbrkmudrpgkkujqsfdqnghl/Build/Products/Debug-iphonesimulator/StructuredQueriesCore.o --dependency-file /Users/ericwatke/Library/Developer/Xcode/DerivedData/PeerTubeSwift-dpcwhlbrkmudrpgkkujqsfdqnghl/Build/Intermediates.noindex/swift-structured-queries.build/Debug-iphonesimulator/StructuredQueriesCore.build/Objects-normal/arm64/StructuredQueriesCore_dependency_info.dat --stringsdata-file /Users/ericwatke/Library/Developer/Xcode/DerivedData/PeerTubeSwift-dpcwhlbrkmudrpgkkujqsfdqnghl/Build/Intermediates.noindex/swift-structured-queries.build/Debug-iphonesimulator/StructuredQueriesCore.build/Objects-normal/arm64/ExtractedAppShortcutsMetadata.stringsdata --source-file-list /Users/ericwatke/Library/Developer/Xcode/DerivedData/PeerTubeSwift-dpcwhlbrkmudrpgkkujqsfdqnghl/Build/Intermediates.noindex/swift-structured-queries.build/Debug-iphonesimulator/StructuredQueriesCore.build/Objects-normal/arm64/StructuredQueriesCore.SwiftFileList --metadata-file-list /Users/ericwatke/Library/Developer/Xcode/DerivedData/PeerTubeSwift-dpcwhlbrkmudrpgkkujqsfdqnghl/Build/Intermediates.noindex/swift-structured-queries.build/Debug-iphonesimulator/StructuredQueriesCore.build/StructuredQueriesCore.DependencyMetadataFileList --static-metadata-file-list /Users/ericwatke/Library/Developer/Xcode/DerivedData/PeerTubeSwift-dpcwhlbrkmudrpgkkujqsfdqnghl/Build/Intermediates.noindex/swift-structured-queries.build/Debug-iphonesimulator/StructuredQueriesCore.build/StructuredQueriesCore.DependencyStaticMetadataFileList --swift-const-vals-list /Users/ericwatke/Library/Developer/Xcode/DerivedData/PeerTubeSwift-dpcwhlbrkmudrpgkkujqsfdqnghl/Build/Intermediates.noindex/swift-structured-queries.build/Debug-iphonesimulator/StructuredQueriesCore.build/Objects-normal/arm64/StructuredQueriesCore.SwiftConstValuesFileList --force --compile-time-extraction --deployment-aware-processing --validate-assistant-intents --no-app-shortcuts-localization
2026-03-25 20:09:26.925 appintentsmetadataprocessor[26706:1338093] Starting appintentsmetadataprocessor export
2026-03-25 20:09:27.058 appintentsmetadataprocessor[26706:1338093] Extracted no relevant App Intents symbols, skipping writing output

ExtractAppIntentsMetadata (in target 'XCTestDynamicOverlay' from project 'xctest-dynamic-overlay')
    cd /Users/ericwatke/Library/Developer/Xcode/DerivedData/PeerTubeSwift-dpcwhlbrkmudrpgkkujqsfdqnghl/SourcePackages/checkouts/xctest-dynamic-overlay
    /Applications/Xcode-26.2.0.app/Contents/Developer/Toolchains/XcodeDefault.xctoolchain/usr/bin/appintentsmetadataprocessor --toolchain-dir /Applications/Xcode-26.2.0.app/Contents/Developer/Toolchains/XcodeDefault.xctoolchain --module-name XCTestDynamicOverlay --sdk-root /Applications/Xcode-26.2.0.app/Contents/Developer/Platforms/iPhoneSimulator.platform/Developer/SDKs/iPhoneSimulator26.2.sdk --xcode-version 17C52 --platform-family iOS --deployment-target 13.0 --bundle-identifier xctest-dynamic-overlay.XCTestDynamicOverlay --output /Users/ericwatke/Library/Developer/Xcode/DerivedData/PeerTubeSwift-dpcwhlbrkmudrpgkkujqsfdqnghl/Build/Products/Debug-iphonesimulator/XCTestDynamicOverlay.appintents --target-triple arm64-apple-ios13.0-simulator --binary-file /Users/ericwatke/Library/Developer/Xcode/DerivedData/PeerTubeSwift-dpcwhlbrkmudrpgkkujqsfdqnghl/Build/Products/Debug-iphonesimulator/XCTestDynamicOverlay.o --dependency-file /Users/ericwatke/Library/Developer/Xcode/DerivedData/PeerTubeSwift-dpcwhlbrkmudrpgkkujqsfdqnghl/Build/Intermediates.noindex/xctest-dynamic-overlay.build/Debug-iphonesimulator/XCTestDynamicOverlay.build/Objects-normal/arm64/XCTestDynamicOverlay_dependency_info.dat --stringsdata-file /Users/ericwatke/Library/Developer/Xcode/DerivedData/PeerTubeSwift-dpcwhlbrkmudrpgkkujqsfdqnghl/Build/Intermediates.noindex/xctest-dynamic-overlay.build/Debug-iphonesimulator/XCTestDynamicOverlay.build/Objects-normal/arm64/ExtractedAppShortcutsMetadata.stringsdata --source-file-list /Users/ericwatke/Library/Developer/Xcode/DerivedData/PeerTubeSwift-dpcwhlbrkmudrpgkkujqsfdqnghl/Build/Intermediates.noindex/xctest-dynamic-overlay.build/Debug-iphonesimulator/XCTestDynamicOverlay.build/Objects-normal/arm64/XCTestDynamicOverlay.SwiftFileList --metadata-file-list /Users/ericwatke/Library/Developer/Xcode/DerivedData/PeerTubeSwift-dpcwhlbrkmudrpgkkujqsfdqnghl/Build/Intermediates.noindex/xctest-dynamic-overlay.build/Debug-iphonesimulator/XCTestDynamicOverlay.build/XCTestDynamicOverlay.DependencyMetadataFileList --static-metadata-file-list /Users/ericwatke/Library/Developer/Xcode/DerivedData/PeerTubeSwift-dpcwhlbrkmudrpgkkujqsfdqnghl/Build/Intermediates.noindex/xctest-dynamic-overlay.build/Debug-iphonesimulator/XCTestDynamicOverlay.build/XCTestDynamicOverlay.DependencyStaticMetadataFileList --swift-const-vals-list /Users/ericwatke/Library/Developer/Xcode/DerivedData/PeerTubeSwift-dpcwhlbrkmudrpgkkujqsfdqnghl/Build/Intermediates.noindex/xctest-dynamic-overlay.build/Debug-iphonesimulator/XCTestDynamicOverlay.build/Objects-normal/arm64/XCTestDynamicOverlay.SwiftConstValuesFileList --force --compile-time-extraction --deployment-aware-processing --validate-assistant-intents --no-app-shortcuts-localization
2026-03-25 20:09:26.933 appintentsmetadataprocessor[26709:1338096] Starting appintentsmetadataprocessor export
2026-03-25 20:09:27.054 appintentsmetadataprocessor[26709:1338096] Extracted no relevant App Intents symbols, skipping writing output

ExtractAppIntentsMetadata (in target 'CombineSchedulers' from project 'combine-schedulers')
    cd /Users/ericwatke/Library/Developer/Xcode/DerivedData/PeerTubeSwift-dpcwhlbrkmudrpgkkujqsfdqnghl/SourcePackages/checkouts/combine-schedulers
    /Applications/Xcode-26.2.0.app/Contents/Developer/Toolchains/XcodeDefault.xctoolchain/usr/bin/appintentsmetadataprocessor --toolchain-dir /Applications/Xcode-26.2.0.app/Contents/Developer/Toolchains/XcodeDefault.xctoolchain --module-name CombineSchedulers --sdk-root /Applications/Xcode-26.2.0.app/Contents/Developer/Platforms/iPhoneSimulator.platform/Developer/SDKs/iPhoneSimulator26.2.sdk --xcode-version 17C52 --platform-family iOS --deployment-target 13.0 --bundle-identifier combine-schedulers.CombineSchedulers --output /Users/ericwatke/Library/Developer/Xcode/DerivedData/PeerTubeSwift-dpcwhlbrkmudrpgkkujqsfdqnghl/Build/Products/Debug-iphonesimulator/CombineSchedulers.appintents --target-triple arm64-apple-ios13.0-simulator --binary-file /Users/ericwatke/Library/Developer/Xcode/DerivedData/PeerTubeSwift-dpcwhlbrkmudrpgkkujqsfdqnghl/Build/Products/Debug-iphonesimulator/CombineSchedulers.o --dependency-file /Users/ericwatke/Library/Developer/Xcode/DerivedData/PeerTubeSwift-dpcwhlbrkmudrpgkkujqsfdqnghl/Build/Intermediates.noindex/combine-schedulers.build/Debug-iphonesimulator/CombineSchedulers.build/Objects-normal/arm64/CombineSchedulers_dependency_info.dat --stringsdata-file /Users/ericwatke/Library/Developer/Xcode/DerivedData/PeerTubeSwift-dpcwhlbrkmudrpgkkujqsfdqnghl/Build/Intermediates.noindex/combine-schedulers.build/Debug-iphonesimulator/CombineSchedulers.build/Objects-normal/arm64/ExtractedAppShortcutsMetadata.stringsdata --source-file-list /Users/ericwatke/Library/Developer/Xcode/DerivedData/PeerTubeSwift-dpcwhlbrkmudrpgkkujqsfdqnghl/Build/Intermediates.noindex/combine-schedulers.build/Debug-iphonesimulator/CombineSchedulers.build/Objects-normal/arm64/CombineSchedulers.SwiftFileList --metadata-file-list /Users/ericwatke/Library/Developer/Xcode/DerivedData/PeerTubeSwift-dpcwhlbrkmudrpgkkujqsfdqnghl/Build/Intermediates.noindex/combine-schedulers.build/Debug-iphonesimulator/CombineSchedulers.build/CombineSchedulers.DependencyMetadataFileList --static-metadata-file-list /Users/ericwatke/Library/Developer/Xcode/DerivedData/PeerTubeSwift-dpcwhlbrkmudrpgkkujqsfdqnghl/Build/Intermediates.noindex/combine-schedulers.build/Debug-iphonesimulator/CombineSchedulers.build/CombineSchedulers.DependencyStaticMetadataFileList --swift-const-vals-list /Users/ericwatke/Library/Developer/Xcode/DerivedData/PeerTubeSwift-dpcwhlbrkmudrpgkkujqsfdqnghl/Build/Intermediates.noindex/combine-schedulers.build/Debug-iphonesimulator/CombineSchedulers.build/Objects-normal/arm64/CombineSchedulers.SwiftConstValuesFileList --force --compile-time-extraction --deployment-aware-processing --validate-assistant-intents --no-app-shortcuts-localization
2026-03-25 20:09:26.929 appintentsmetadataprocessor[26708:1338095] Starting appintentsmetadataprocessor export
2026-03-25 20:09:27.058 appintentsmetadataprocessor[26708:1338095] Extracted no relevant App Intents symbols, skipping writing output

ProcessInfoPlistFile /Users/ericwatke/Library/Developer/Xcode/DerivedData/PeerTubeSwift-dpcwhlbrkmudrpgkkujqsfdqnghl/Build/Products/Debug-iphonesimulator/PackageFrameworks/PerceptionCore.framework/Info.plist /Users/ericwatke/Library/Developer/Xcode/DerivedData/PeerTubeSwift-dpcwhlbrkmudrpgkkujqsfdqnghl/Build/Intermediates.noindex/swift-perception.build/Debug-iphonesimulator/PerceptionCore.build/empty-PerceptionCore.plist (in target 'PerceptionCore' from project 'swift-perception')
    cd /Users/ericwatke/Library/Developer/Xcode/DerivedData/PeerTubeSwift-dpcwhlbrkmudrpgkkujqsfdqnghl/SourcePackages/checkouts/swift-perception
    builtin-infoPlistUtility /Users/ericwatke/Library/Developer/Xcode/DerivedData/PeerTubeSwift-dpcwhlbrkmudrpgkkujqsfdqnghl/Build/Intermediates.noindex/swift-perception.build/Debug-iphonesimulator/PerceptionCore.build/empty-PerceptionCore.plist -producttype com.apple.product-type.framework -expandbuildsettings -format binary -platform iphonesimulator -o /Users/ericwatke/Library/Developer/Xcode/DerivedData/PeerTubeSwift-dpcwhlbrkmudrpgkkujqsfdqnghl/Build/Products/Debug-iphonesimulator/PackageFrameworks/PerceptionCore.framework/Info.plist

ExtractAppIntentsMetadata (in target 'Clocks' from project 'swift-clocks')
    cd /Users/ericwatke/Library/Developer/Xcode/DerivedData/PeerTubeSwift-dpcwhlbrkmudrpgkkujqsfdqnghl/SourcePackages/checkouts/swift-clocks
    /Applications/Xcode-26.2.0.app/Contents/Developer/Toolchains/XcodeDefault.xctoolchain/usr/bin/appintentsmetadataprocessor --toolchain-dir /Applications/Xcode-26.2.0.app/Contents/Developer/Toolchains/XcodeDefault.xctoolchain --module-name Clocks --sdk-root /Applications/Xcode-26.2.0.app/Contents/Developer/Platforms/iPhoneSimulator.platform/Developer/SDKs/iPhoneSimulator26.2.sdk --xcode-version 17C52 --platform-family iOS --deployment-target 13.0 --bundle-identifier swift-clocks.Clocks --output /Users/ericwatke/Library/Developer/Xcode/DerivedData/PeerTubeSwift-dpcwhlbrkmudrpgkkujqsfdqnghl/Build/Products/Debug-iphonesimulator/Clocks.appintents --target-triple arm64-apple-ios13.0-simulator --binary-file /Users/ericwatke/Library/Developer/Xcode/DerivedData/PeerTubeSwift-dpcwhlbrkmudrpgkkujqsfdqnghl/Build/Products/Debug-iphonesimulator/Clocks.o --dependency-file /Users/ericwatke/Library/Developer/Xcode/DerivedData/PeerTubeSwift-dpcwhlbrkmudrpgkkujqsfdqnghl/Build/Intermediates.noindex/swift-clocks.build/Debug-iphonesimulator/Clocks.build/Objects-normal/arm64/Clocks_dependency_info.dat --stringsdata-file /Users/ericwatke/Library/Developer/Xcode/DerivedData/PeerTubeSwift-dpcwhlbrkmudrpgkkujqsfdqnghl/Build/Intermediates.noindex/swift-clocks.build/Debug-iphonesimulator/Clocks.build/Objects-normal/arm64/ExtractedAppShortcutsMetadata.stringsdata --source-file-list /Users/ericwatke/Library/Developer/Xcode/DerivedData/PeerTubeSwift-dpcwhlbrkmudrpgkkujqsfdqnghl/Build/Intermediates.noindex/swift-clocks.build/Debug-iphonesimulator/Clocks.build/Objects-normal/arm64/Clocks.SwiftFileList --metadata-file-list /Users/ericwatke/Library/Developer/Xcode/DerivedData/PeerTubeSwift-dpcwhlbrkmudrpgkkujqsfdqnghl/Build/Intermediates.noindex/swift-clocks.build/Debug-iphonesimulator/Clocks.build/Clocks.DependencyMetadataFileList --static-metadata-file-list /Users/ericwatke/Library/Developer/Xcode/DerivedData/PeerTubeSwift-dpcwhlbrkmudrpgkkujqsfdqnghl/Build/Intermediates.noindex/swift-clocks.build/Debug-iphonesimulator/Clocks.build/Clocks.DependencyStaticMetadataFileList --swift-const-vals-list /Users/ericwatke/Library/Developer/Xcode/DerivedData/PeerTubeSwift-dpcwhlbrkmudrpgkkujqsfdqnghl/Build/Intermediates.noindex/swift-clocks.build/Debug-iphonesimulator/Clocks.build/Objects-normal/arm64/Clocks.SwiftConstValuesFileList --force --compile-time-extraction --deployment-aware-processing --validate-assistant-intents --no-app-shortcuts-localization
2026-03-25 20:09:26.926 appintentsmetadataprocessor[26707:1338094] Starting appintentsmetadataprocessor export
2026-03-25 20:09:27.055 appintentsmetadataprocessor[26707:1338094] Extracted no relevant App Intents symbols, skipping writing output

ProcessInfoPlistFile /Users/ericwatke/Library/Developer/Xcode/DerivedData/PeerTubeSwift-dpcwhlbrkmudrpgkkujqsfdqnghl/Build/Products/Debug-iphonesimulator/PackageFrameworks/XCTestDynamicOverlay_6187313334988FF6_PackageProduct.framework/Info.plist /Users/ericwatke/Library/Developer/Xcode/DerivedData/PeerTubeSwift-dpcwhlbrkmudrpgkkujqsfdqnghl/Build/Intermediates.noindex/xctest-dynamic-overlay.build/Debug-iphonesimulator/XCTestDynamicOverlay\ product.build/empty-XCTestDynamicOverlay_6187313334988FF6_PackageProduct.plist (in target 'XCTestDynamicOverlay' from project 'xctest-dynamic-overlay')
    cd /Users/ericwatke/Library/Developer/Xcode/DerivedData/PeerTubeSwift-dpcwhlbrkmudrpgkkujqsfdqnghl/SourcePackages/checkouts/xctest-dynamic-overlay
    builtin-infoPlistUtility /Users/ericwatke/Library/Developer/Xcode/DerivedData/PeerTubeSwift-dpcwhlbrkmudrpgkkujqsfdqnghl/Build/Intermediates.noindex/xctest-dynamic-overlay.build/Debug-iphonesimulator/XCTestDynamicOverlay\ product.build/empty-XCTestDynamicOverlay_6187313334988FF6_PackageProduct.plist -producttype com.apple.product-type.framework -expandbuildsettings -format binary -platform iphonesimulator -o /Users/ericwatke/Library/Developer/Xcode/DerivedData/PeerTubeSwift-dpcwhlbrkmudrpgkkujqsfdqnghl/Build/Products/Debug-iphonesimulator/PackageFrameworks/XCTestDynamicOverlay_6187313334988FF6_PackageProduct.framework/Info.plist

Ld /Users/ericwatke/Library/Developer/Xcode/DerivedData/PeerTubeSwift-dpcwhlbrkmudrpgkkujqsfdqnghl/Build/Products/Debug-iphonesimulator/PackageFrameworks/XCTestDynamicOverlay_6187313334988FF6_PackageProduct.framework/XCTestDynamicOverlay_6187313334988FF6_PackageProduct normal (in target 'XCTestDynamicOverlay' from project 'xctest-dynamic-overlay')
    cd /Users/ericwatke/Library/Developer/Xcode/DerivedData/PeerTubeSwift-dpcwhlbrkmudrpgkkujqsfdqnghl/SourcePackages/checkouts/xctest-dynamic-overlay
    /Applications/Xcode-26.2.0.app/Contents/Developer/Toolchains/XcodeDefault.xctoolchain/usr/bin/clang -Xlinker -reproducible -target arm64-apple-ios13.0-simulator -dynamiclib -isysroot /Applications/Xcode-26.2.0.app/Contents/Developer/Platforms/iPhoneSimulator.platform/Developer/SDKs/iPhoneSimulator26.2.sdk -O0 -w -L/Users/ericwatke/Library/Developer/Xcode/DerivedData/PeerTubeSwift-dpcwhlbrkmudrpgkkujqsfdqnghl/Build/Intermediates.noindex/EagerLinkingTBDs/Debug-iphonesimulator -L/Users/ericwatke/Library/Developer/Xcode/DerivedData/PeerTubeSwift-dpcwhlbrkmudrpgkkujqsfdqnghl/Build/Products/Debug-iphonesimulator -L/Applications/Xcode-26.2.0.app/Contents/Developer/Platforms/iPhoneSimulator.platform/Developer/usr/lib -F/Users/ericwatke/Library/Developer/Xcode/DerivedData/PeerTubeSwift-dpcwhlbrkmudrpgkkujqsfdqnghl/Build/Intermediates.noindex/EagerLinkingTBDs/Debug-iphonesimulator -F/Users/ericwatke/Library/Developer/Xcode/DerivedData/PeerTubeSwift-dpcwhlbrkmudrpgkkujqsfdqnghl/Build/Products/Debug-iphonesimulator/PackageFrameworks -F/Users/ericwatke/Library/Developer/Xcode/DerivedData/PeerTubeSwift-dpcwhlbrkmudrpgkkujqsfdqnghl/Build/Products/Debug-iphonesimulator/PackageFrameworks -F/Users/ericwatke/Library/Developer/Xcode/DerivedData/PeerTubeSwift-dpcwhlbrkmudrpgkkujqsfdqnghl/Build/Products/Debug-iphonesimulator/PackageFrameworks -F/Users/ericwatke/Library/Developer/Xcode/DerivedData/PeerTubeSwift-dpcwhlbrkmudrpgkkujqsfdqnghl/Build/Products/Debug-iphonesimulator -iframework /Applications/Xcode-26.2.0.app/Contents/Developer/Platforms/iPhoneSimulator.platform/Developer/Library/Frameworks -iframework /Applications/Xcode-26.2.0.app/Contents/Developer/Platforms/iPhoneSimulator.platform/Developer/SDKs/iPhoneSimulator26.2.sdk/Developer/Library/Frameworks -filelist /Users/ericwatke/Library/Developer/Xcode/DerivedData/PeerTubeSwift-dpcwhlbrkmudrpgkkujqsfdqnghl/Build/Intermediates.noindex/xctest-dynamic-overlay.build/Debug-iphonesimulator/XCTestDynamicOverlay\ product.build/Objects-normal/arm64/XCTestDynamicOverlay_6187313334988FF6_PackageProduct.LinkFileList -install_name @rpath/XCTestDynamicOverlay_6187313334988FF6_PackageProduct.framework/XCTestDynamicOverlay_6187313334988FF6_PackageProduct -Xlinker -rpath -Xlinker /usr/lib/swift -Xlinker -rpath -Xlinker /Users/ericwatke/Library/Developer/Xcode/DerivedData/PeerTubeSwift-dpcwhlbrkmudrpgkkujqsfdqnghl/Build/Products/Debug-iphonesimulator/PackageFrameworks -dead_strip -Xlinker -object_path_lto -Xlinker /Users/ericwatke/Library/Developer/Xcode/DerivedData/PeerTubeSwift-dpcwhlbrkmudrpgkkujqsfdqnghl/Build/Intermediates.noindex/xctest-dynamic-overlay.build/Debug-iphonesimulator/XCTestDynamicOverlay\ product.build/Objects-normal/arm64/XCTestDynamicOverlay_6187313334988FF6_PackageProduct_lto.o -rdynamic -Xlinker -no_deduplicate -Xlinker -objc_abi_version -Xlinker 2 -Xlinker -debug_variant -Xlinker -dependency_info -Xlinker /Users/ericwatke/Library/Developer/Xcode/DerivedData/PeerTubeSwift-dpcwhlbrkmudrpgkkujqsfdqnghl/Build/Intermediates.noindex/xctest-dynamic-overlay.build/Debug-iphonesimulator/XCTestDynamicOverlay\ product.build/Objects-normal/arm64/XCTestDynamicOverlay_6187313334988FF6_PackageProduct_dependency_info.dat -fobjc-link-runtime -fprofile-instr-generate -L/Applications/Xcode-26.2.0.app/Contents/Developer/Toolchains/XcodeDefault.xctoolchain/usr/lib/swift/iphonesimulator -L/usr/lib/swift -Wl,-no_warn_duplicate_libraries -Wl,-no_warn_duplicate_libraries -Wl,-no_warn_duplicate_libraries -framework IssueReportingPackageSupport -framework IssueReporting -o /Users/ericwatke/Library/Developer/Xcode/DerivedData/PeerTubeSwift-dpcwhlbrkmudrpgkkujqsfdqnghl/Build/Products/Debug-iphonesimulator/PackageFrameworks/XCTestDynamicOverlay_6187313334988FF6_PackageProduct.framework/XCTestDynamicOverlay_6187313334988FF6_PackageProduct -Xlinker -add_ast_path -Xlinker /Users/ericwatke/Library/Developer/Xcode/DerivedData/PeerTubeSwift-dpcwhlbrkmudrpgkkujqsfdqnghl/Build/Intermediates.noindex/xctest-dynamic-overlay.build/Debug-iphonesimulator/XCTestDynamicOverlay.build/Objects-normal/arm64/XCTestDynamicOverlay.swiftmodule @/Users/ericwatke/Library/Developer/Xcode/DerivedData/PeerTubeSwift-dpcwhlbrkmudrpgkkujqsfdqnghl/Build/Intermediates.noindex/xctest-dynamic-overlay.build/Debug-iphonesimulator/XCTestDynamicOverlay.build/Objects-normal/arm64/XCTestDynamicOverlay-linker-args.resp

ProcessInfoPlistFile /Users/ericwatke/Library/Developer/Xcode/DerivedData/PeerTubeSwift-dpcwhlbrkmudrpgkkujqsfdqnghl/Build/Products/Debug-iphonesimulator/PackageFrameworks/Clocks_17A223499E7CA5_PackageProduct.framework/Info.plist /Users/ericwatke/Library/Developer/Xcode/DerivedData/PeerTubeSwift-dpcwhlbrkmudrpgkkujqsfdqnghl/Build/Intermediates.noindex/swift-clocks.build/Debug-iphonesimulator/Clocks\ product.build/empty-Clocks_17A223499E7CA5_PackageProduct.plist (in target 'Clocks' from project 'swift-clocks')
    cd /Users/ericwatke/Library/Developer/Xcode/DerivedData/PeerTubeSwift-dpcwhlbrkmudrpgkkujqsfdqnghl/SourcePackages/checkouts/swift-clocks
    builtin-infoPlistUtility /Users/ericwatke/Library/Developer/Xcode/DerivedData/PeerTubeSwift-dpcwhlbrkmudrpgkkujqsfdqnghl/Build/Intermediates.noindex/swift-clocks.build/Debug-iphonesimulator/Clocks\ product.build/empty-Clocks_17A223499E7CA5_PackageProduct.plist -producttype com.apple.product-type.framework -expandbuildsettings -format binary -platform iphonesimulator -o /Users/ericwatke/Library/Developer/Xcode/DerivedData/PeerTubeSwift-dpcwhlbrkmudrpgkkujqsfdqnghl/Build/Products/Debug-iphonesimulator/PackageFrameworks/Clocks_17A223499E7CA5_PackageProduct.framework/Info.plist

Ld /Users/ericwatke/Library/Developer/Xcode/DerivedData/PeerTubeSwift-dpcwhlbrkmudrpgkkujqsfdqnghl/Build/Products/Debug-iphonesimulator/PackageFrameworks/Clocks_17A223499E7CA5_PackageProduct.framework/Clocks_17A223499E7CA5_PackageProduct normal (in target 'Clocks' from project 'swift-clocks')
    cd /Users/ericwatke/Library/Developer/Xcode/DerivedData/PeerTubeSwift-dpcwhlbrkmudrpgkkujqsfdqnghl/SourcePackages/checkouts/swift-clocks
    /Applications/Xcode-26.2.0.app/Contents/Developer/Toolchains/XcodeDefault.xctoolchain/usr/bin/clang -Xlinker -reproducible -target arm64-apple-ios13.0-simulator -dynamiclib -isysroot /Applications/Xcode-26.2.0.app/Contents/Developer/Platforms/iPhoneSimulator.platform/Developer/SDKs/iPhoneSimulator26.2.sdk -O0 -w -L/Users/ericwatke/Library/Developer/Xcode/DerivedData/PeerTubeSwift-dpcwhlbrkmudrpgkkujqsfdqnghl/Build/Intermediates.noindex/EagerLinkingTBDs/Debug-iphonesimulator -L/Users/ericwatke/Library/Developer/Xcode/DerivedData/PeerTubeSwift-dpcwhlbrkmudrpgkkujqsfdqnghl/Build/Products/Debug-iphonesimulator -L/Applications/Xcode-26.2.0.app/Contents/Developer/Platforms/iPhoneSimulator.platform/Developer/usr/lib -F/Users/ericwatke/Library/Developer/Xcode/DerivedData/PeerTubeSwift-dpcwhlbrkmudrpgkkujqsfdqnghl/Build/Intermediates.noindex/EagerLinkingTBDs/Debug-iphonesimulator -F/Users/ericwatke/Library/Developer/Xcode/DerivedData/PeerTubeSwift-dpcwhlbrkmudrpgkkujqsfdqnghl/Build/Products/Debug-iphonesimulator/PackageFrameworks -F/Users/ericwatke/Library/Developer/Xcode/DerivedData/PeerTubeSwift-dpcwhlbrkmudrpgkkujqsfdqnghl/Build/Products/Debug-iphonesimulator/PackageFrameworks -F/Users/ericwatke/Library/Developer/Xcode/DerivedData/PeerTubeSwift-dpcwhlbrkmudrpgkkujqsfdqnghl/Build/Products/Debug-iphonesimulator/PackageFrameworks -F/Users/ericwatke/Library/Developer/Xcode/DerivedData/PeerTubeSwift-dpcwhlbrkmudrpgkkujqsfdqnghl/Build/Products/Debug-iphonesimulator/PackageFrameworks -F/Users/ericwatke/Library/Developer/Xcode/DerivedData/PeerTubeSwift-dpcwhlbrkmudrpgkkujqsfdqnghl/Build/Products/Debug-iphonesimulator -iframework /Applications/Xcode-26.2.0.app/Contents/Developer/Platforms/iPhoneSimulator.platform/Developer/Library/Frameworks -iframework /Applications/Xcode-26.2.0.app/Contents/Developer/Platforms/iPhoneSimulator.platform/Developer/SDKs/iPhoneSimulator26.2.sdk/Developer/Library/Frameworks -filelist /Users/ericwatke/Library/Developer/Xcode/DerivedData/PeerTubeSwift-dpcwhlbrkmudrpgkkujqsfdqnghl/Build/Intermediates.noindex/swift-clocks.build/Debug-iphonesimulator/Clocks\ product.build/Objects-normal/arm64/Clocks_17A223499E7CA5_PackageProduct.LinkFileList -install_name @rpath/Clocks_17A223499E7CA5_PackageProduct.framework/Clocks_17A223499E7CA5_PackageProduct -Xlinker -rpath -Xlinker /usr/lib/swift -Xlinker -rpath -Xlinker /Users/ericwatke/Library/Developer/Xcode/DerivedData/PeerTubeSwift-dpcwhlbrkmudrpgkkujqsfdqnghl/Build/Products/Debug-iphonesimulator/PackageFrameworks -dead_strip -Xlinker -object_path_lto -Xlinker /Users/ericwatke/Library/Developer/Xcode/DerivedData/PeerTubeSwift-dpcwhlbrkmudrpgkkujqsfdqnghl/Build/Intermediates.noindex/swift-clocks.build/Debug-iphonesimulator/Clocks\ product.build/Objects-normal/arm64/Clocks_17A223499E7CA5_PackageProduct_lto.o -rdynamic -Xlinker -no_deduplicate -Xlinker -objc_abi_version -Xlinker 2 -Xlinker -debug_variant -Xlinker -dependency_info -Xlinker /Users/ericwatke/Library/Developer/Xcode/DerivedData/PeerTubeSwift-dpcwhlbrkmudrpgkkujqsfdqnghl/Build/Intermediates.noindex/swift-clocks.build/Debug-iphonesimulator/Clocks\ product.build/Objects-normal/arm64/Clocks_17A223499E7CA5_PackageProduct_dependency_info.dat -fobjc-link-runtime -fprofile-instr-generate -L/Applications/Xcode-26.2.0.app/Contents/Developer/Toolchains/XcodeDefault.xctoolchain/usr/lib/swift/iphonesimulator -L/usr/lib/swift -Wl,-no_warn_duplicate_libraries -Wl,-no_warn_duplicate_libraries -Wl,-no_warn_duplicate_libraries -Wl,-no_warn_duplicate_libraries /Users/ericwatke/Library/Developer/Xcode/DerivedData/PeerTubeSwift-dpcwhlbrkmudrpgkkujqsfdqnghl/Build/Products/Debug-iphonesimulator/PackageFrameworks/ConcurrencyExtras_-2B4B167800F2E3ED_PackageProduct.framework/ConcurrencyExtras_-2B4B167800F2E3ED_PackageProduct /Users/ericwatke/Library/Developer/Xcode/DerivedData/PeerTubeSwift-dpcwhlbrkmudrpgkkujqsfdqnghl/Build/Products/Debug-iphonesimulator/PackageFrameworks/IssueReporting.framework/IssueReporting /Users/ericwatke/Library/Developer/Xcode/DerivedData/PeerTubeSwift-dpcwhlbrkmudrpgkkujqsfdqnghl/Build/Products/Debug-iphonesimulator/PackageFrameworks/IssueReportingPackageSupport.framework/IssueReportingPackageSupport -o /Users/ericwatke/Library/Developer/Xcode/DerivedData/PeerTubeSwift-dpcwhlbrkmudrpgkkujqsfdqnghl/Build/Products/Debug-iphonesimulator/PackageFrameworks/Clocks_17A223499E7CA5_PackageProduct.framework/Clocks_17A223499E7CA5_PackageProduct -Xlinker -add_ast_path -Xlinker /Users/ericwatke/Library/Developer/Xcode/DerivedData/PeerTubeSwift-dpcwhlbrkmudrpgkkujqsfdqnghl/Build/Intermediates.noindex/swift-clocks.build/Debug-iphonesimulator/Clocks.build/Objects-normal/arm64/Clocks.swiftmodule @/Users/ericwatke/Library/Developer/Xcode/DerivedData/PeerTubeSwift-dpcwhlbrkmudrpgkkujqsfdqnghl/Build/Intermediates.noindex/swift-clocks.build/Debug-iphonesimulator/Clocks.build/Objects-normal/arm64/Clocks-linker-args.resp

ExtractAppIntentsMetadata (in target 'StructuredQueriesSQLiteCore' from project 'swift-structured-queries')
    cd /Users/ericwatke/Library/Developer/Xcode/DerivedData/PeerTubeSwift-dpcwhlbrkmudrpgkkujqsfdqnghl/SourcePackages/checkouts/swift-structured-queries
    /Applications/Xcode-26.2.0.app/Contents/Developer/Toolchains/XcodeDefault.xctoolchain/usr/bin/appintentsmetadataprocessor --toolchain-dir /Applications/Xcode-26.2.0.app/Contents/Developer/Toolchains/XcodeDefault.xctoolchain --module-name StructuredQueriesSQLiteCore --sdk-root /Applications/Xcode-26.2.0.app/Contents/Developer/Platforms/iPhoneSimulator.platform/Developer/SDKs/iPhoneSimulator26.2.sdk --xcode-version 17C52 --platform-family iOS --deployment-target 13.0 --bundle-identifier swift-structured-queries.StructuredQueriesSQLiteCore --output /Users/ericwatke/Library/Developer/Xcode/DerivedData/PeerTubeSwift-dpcwhlbrkmudrpgkkujqsfdqnghl/Build/Products/Debug-iphonesimulator/StructuredQueriesSQLiteCore.appintents --target-triple arm64-apple-ios13.0-simulator --binary-file /Users/ericwatke/Library/Developer/Xcode/DerivedData/PeerTubeSwift-dpcwhlbrkmudrpgkkujqsfdqnghl/Build/Products/Debug-iphonesimulator/StructuredQueriesSQLiteCore.o --dependency-file /Users/ericwatke/Library/Developer/Xcode/DerivedData/PeerTubeSwift-dpcwhlbrkmudrpgkkujqsfdqnghl/Build/Intermediates.noindex/swift-structured-queries.build/Debug-iphonesimulator/StructuredQueriesSQLiteCore.build/Objects-normal/arm64/StructuredQueriesSQLiteCore_dependency_info.dat --stringsdata-file /Users/ericwatke/Library/Developer/Xcode/DerivedData/PeerTubeSwift-dpcwhlbrkmudrpgkkujqsfdqnghl/Build/Intermediates.noindex/swift-structured-queries.build/Debug-iphonesimulator/StructuredQueriesSQLiteCore.build/Objects-normal/arm64/ExtractedAppShortcutsMetadata.stringsdata --source-file-list /Users/ericwatke/Library/Developer/Xcode/DerivedData/PeerTubeSwift-dpcwhlbrkmudrpgkkujqsfdqnghl/Build/Intermediates.noindex/swift-structured-queries.build/Debug-iphonesimulator/StructuredQueriesSQLiteCore.build/Objects-normal/arm64/StructuredQueriesSQLiteCore.SwiftFileList --metadata-file-list /Users/ericwatke/Library/Developer/Xcode/DerivedData/PeerTubeSwift-dpcwhlbrkmudrpgkkujqsfdqnghl/Build/Intermediates.noindex/swift-structured-queries.build/Debug-iphonesimulator/StructuredQueriesSQLiteCore.build/StructuredQueriesSQLiteCore.DependencyMetadataFileList --static-metadata-file-list /Users/ericwatke/Library/Developer/Xcode/DerivedData/PeerTubeSwift-dpcwhlbrkmudrpgkkujqsfdqnghl/Build/Intermediates.noindex/swift-structured-queries.build/Debug-iphonesimulator/StructuredQueriesSQLiteCore.build/StructuredQueriesSQLiteCore.DependencyStaticMetadataFileList --swift-const-vals-list /Users/ericwatke/Library/Developer/Xcode/DerivedData/PeerTubeSwift-dpcwhlbrkmudrpgkkujqsfdqnghl/Build/Intermediates.noindex/swift-structured-queries.build/Debug-iphonesimulator/StructuredQueriesSQLiteCore.build/Objects-normal/arm64/StructuredQueriesSQLiteCore.SwiftConstValuesFileList --force --compile-time-extraction --deployment-aware-processing --validate-assistant-intents --no-app-shortcuts-localization
2026-03-25 20:09:27.096 appintentsmetadataprocessor[26715:1338123] Starting appintentsmetadataprocessor export
2026-03-25 20:09:27.414 appintentsmetadataprocessor[26715:1338123] Extracted no relevant App Intents symbols, skipping writing output

ExtractAppIntentsMetadata (in target 'StructuredQueries' from project 'swift-structured-queries')
    cd /Users/ericwatke/Library/Developer/Xcode/DerivedData/PeerTubeSwift-dpcwhlbrkmudrpgkkujqsfdqnghl/SourcePackages/checkouts/swift-structured-queries
    /Applications/Xcode-26.2.0.app/Contents/Developer/Toolchains/XcodeDefault.xctoolchain/usr/bin/appintentsmetadataprocessor --toolchain-dir /Applications/Xcode-26.2.0.app/Contents/Developer/Toolchains/XcodeDefault.xctoolchain --module-name StructuredQueries --sdk-root /Applications/Xcode-26.2.0.app/Contents/Developer/Platforms/iPhoneSimulator.platform/Developer/SDKs/iPhoneSimulator26.2.sdk --xcode-version 17C52 --platform-family iOS --deployment-target 13.0 --bundle-identifier swift-structured-queries.StructuredQueries --output /Users/ericwatke/Library/Developer/Xcode/DerivedData/PeerTubeSwift-dpcwhlbrkmudrpgkkujqsfdqnghl/Build/Products/Debug-iphonesimulator/StructuredQueries.appintents --target-triple arm64-apple-ios13.0-simulator --binary-file /Users/ericwatke/Library/Developer/Xcode/DerivedData/PeerTubeSwift-dpcwhlbrkmudrpgkkujqsfdqnghl/Build/Products/Debug-iphonesimulator/StructuredQueries.o --dependency-file /Users/ericwatke/Library/Developer/Xcode/DerivedData/PeerTubeSwift-dpcwhlbrkmudrpgkkujqsfdqnghl/Build/Intermediates.noindex/swift-structured-queries.build/Debug-iphonesimulator/StructuredQueries.build/Objects-normal/arm64/StructuredQueries_dependency_info.dat --stringsdata-file /Users/ericwatke/Library/Developer/Xcode/DerivedData/PeerTubeSwift-dpcwhlbrkmudrpgkkujqsfdqnghl/Build/Intermediates.noindex/swift-structured-queries.build/Debug-iphonesimulator/StructuredQueries.build/Objects-normal/arm64/ExtractedAppShortcutsMetadata.stringsdata --source-file-list /Users/ericwatke/Library/Developer/Xcode/DerivedData/PeerTubeSwift-dpcwhlbrkmudrpgkkujqsfdqnghl/Build/Intermediates.noindex/swift-structured-queries.build/Debug-iphonesimulator/StructuredQueries.build/Objects-normal/arm64/StructuredQueries.SwiftFileList --metadata-file-list /Users/ericwatke/Library/Developer/Xcode/DerivedData/PeerTubeSwift-dpcwhlbrkmudrpgkkujqsfdqnghl/Build/Intermediates.noindex/swift-structured-queries.build/Debug-iphonesimulator/StructuredQueries.build/StructuredQueries.DependencyMetadataFileList --static-metadata-file-list /Users/ericwatke/Library/Developer/Xcode/DerivedData/PeerTubeSwift-dpcwhlbrkmudrpgkkujqsfdqnghl/Build/Intermediates.noindex/swift-structured-queries.build/Debug-iphonesimulator/StructuredQueries.build/StructuredQueries.DependencyStaticMetadataFileList --swift-const-vals-list /Users/ericwatke/Library/Developer/Xcode/DerivedData/PeerTubeSwift-dpcwhlbrkmudrpgkkujqsfdqnghl/Build/Intermediates.noindex/swift-structured-queries.build/Debug-iphonesimulator/StructuredQueries.build/Objects-normal/arm64/StructuredQueries.SwiftConstValuesFileList --force --compile-time-extraction --deployment-aware-processing --validate-assistant-intents --no-app-shortcuts-localization
2026-03-25 20:09:27.095 appintentsmetadataprocessor[26716:1338124] Starting appintentsmetadataprocessor export
2026-03-25 20:09:27.407 appintentsmetadataprocessor[26716:1338124] Extracted no relevant App Intents symbols, skipping writing output

ProcessInfoPlistFile /Users/ericwatke/Library/Developer/Xcode/DerivedData/PeerTubeSwift-dpcwhlbrkmudrpgkkujqsfdqnghl/Build/Products/Debug-iphonesimulator/PackageFrameworks/CombineSchedulers_-54F188414C11E20_PackageProduct.framework/Info.plist /Users/ericwatke/Library/Developer/Xcode/DerivedData/PeerTubeSwift-dpcwhlbrkmudrpgkkujqsfdqnghl/Build/Intermediates.noindex/combine-schedulers.build/Debug-iphonesimulator/CombineSchedulers\ product.build/empty-CombineSchedulers_-54F188414C11E20_PackageProduct.plist (in target 'CombineSchedulers' from project 'combine-schedulers')
    cd /Users/ericwatke/Library/Developer/Xcode/DerivedData/PeerTubeSwift-dpcwhlbrkmudrpgkkujqsfdqnghl/SourcePackages/checkouts/combine-schedulers
    builtin-infoPlistUtility /Users/ericwatke/Library/Developer/Xcode/DerivedData/PeerTubeSwift-dpcwhlbrkmudrpgkkujqsfdqnghl/Build/Intermediates.noindex/combine-schedulers.build/Debug-iphonesimulator/CombineSchedulers\ product.build/empty-CombineSchedulers_-54F188414C11E20_PackageProduct.plist -producttype com.apple.product-type.framework -expandbuildsettings -format binary -platform iphonesimulator -o /Users/ericwatke/Library/Developer/Xcode/DerivedData/PeerTubeSwift-dpcwhlbrkmudrpgkkujqsfdqnghl/Build/Products/Debug-iphonesimulator/PackageFrameworks/CombineSchedulers_-54F188414C11E20_PackageProduct.framework/Info.plist

Ld /Users/ericwatke/Library/Developer/Xcode/DerivedData/PeerTubeSwift-dpcwhlbrkmudrpgkkujqsfdqnghl/Build/Products/Debug-iphonesimulator/PackageFrameworks/CombineSchedulers_-54F188414C11E20_PackageProduct.framework/CombineSchedulers_-54F188414C11E20_PackageProduct normal (in target 'CombineSchedulers' from project 'combine-schedulers')
    cd /Users/ericwatke/Library/Developer/Xcode/DerivedData/PeerTubeSwift-dpcwhlbrkmudrpgkkujqsfdqnghl/SourcePackages/checkouts/combine-schedulers
    /Applications/Xcode-26.2.0.app/Contents/Developer/Toolchains/XcodeDefault.xctoolchain/usr/bin/clang -Xlinker -reproducible -target arm64-apple-ios13.0-simulator -dynamiclib -isysroot /Applications/Xcode-26.2.0.app/Contents/Developer/Platforms/iPhoneSimulator.platform/Developer/SDKs/iPhoneSimulator26.2.sdk -O0 -w -L/Users/ericwatke/Library/Developer/Xcode/DerivedData/PeerTubeSwift-dpcwhlbrkmudrpgkkujqsfdqnghl/Build/Intermediates.noindex/EagerLinkingTBDs/Debug-iphonesimulator -L/Users/ericwatke/Library/Developer/Xcode/DerivedData/PeerTubeSwift-dpcwhlbrkmudrpgkkujqsfdqnghl/Build/Products/Debug-iphonesimulator -L/Applications/Xcode-26.2.0.app/Contents/Developer/Platforms/iPhoneSimulator.platform/Developer/usr/lib -F/Users/ericwatke/Library/Developer/Xcode/DerivedData/PeerTubeSwift-dpcwhlbrkmudrpgkkujqsfdqnghl/Build/Intermediates.noindex/EagerLinkingTBDs/Debug-iphonesimulator -F/Users/ericwatke/Library/Developer/Xcode/DerivedData/PeerTubeSwift-dpcwhlbrkmudrpgkkujqsfdqnghl/Build/Products/Debug-iphonesimulator/PackageFrameworks -F/Users/ericwatke/Library/Developer/Xcode/DerivedData/PeerTubeSwift-dpcwhlbrkmudrpgkkujqsfdqnghl/Build/Products/Debug-iphonesimulator/PackageFrameworks -F/Users/ericwatke/Library/Developer/Xcode/DerivedData/PeerTubeSwift-dpcwhlbrkmudrpgkkujqsfdqnghl/Build/Products/Debug-iphonesimulator/PackageFrameworks -F/Users/ericwatke/Library/Developer/Xcode/DerivedData/PeerTubeSwift-dpcwhlbrkmudrpgkkujqsfdqnghl/Build/Products/Debug-iphonesimulator/PackageFrameworks -F/Users/ericwatke/Library/Developer/Xcode/DerivedData/PeerTubeSwift-dpcwhlbrkmudrpgkkujqsfdqnghl/Build/Products/Debug-iphonesimulator -iframework /Applications/Xcode-26.2.0.app/Contents/Developer/Platforms/iPhoneSimulator.platform/Developer/Library/Frameworks -iframework /Applications/Xcode-26.2.0.app/Contents/Developer/Platforms/iPhoneSimulator.platform/Developer/SDKs/iPhoneSimulator26.2.sdk/Developer/Library/Frameworks -filelist /Users/ericwatke/Library/Developer/Xcode/DerivedData/PeerTubeSwift-dpcwhlbrkmudrpgkkujqsfdqnghl/Build/Intermediates.noindex/combine-schedulers.build/Debug-iphonesimulator/CombineSchedulers\ product.build/Objects-normal/arm64/CombineSchedulers_-54F188414C11E20_PackageProduct.LinkFileList -install_name @rpath/CombineSchedulers_-54F188414C11E20_PackageProduct.framework/CombineSchedulers_-54F188414C11E20_PackageProduct -Xlinker -rpath -Xlinker /usr/lib/swift -Xlinker -rpath -Xlinker /Users/ericwatke/Library/Developer/Xcode/DerivedData/PeerTubeSwift-dpcwhlbrkmudrpgkkujqsfdqnghl/Build/Products/Debug-iphonesimulator/PackageFrameworks -dead_strip -Xlinker -object_path_lto -Xlinker /Users/ericwatke/Library/Developer/Xcode/DerivedData/PeerTubeSwift-dpcwhlbrkmudrpgkkujqsfdqnghl/Build/Intermediates.noindex/combine-schedulers.build/Debug-iphonesimulator/CombineSchedulers\ product.build/Objects-normal/arm64/CombineSchedulers_-54F188414C11E20_PackageProduct_lto.o -rdynamic -Xlinker -no_deduplicate -Xlinker -objc_abi_version -Xlinker 2 -Xlinker -debug_variant -Xlinker -dependency_info -Xlinker /Users/ericwatke/Library/Developer/Xcode/DerivedData/PeerTubeSwift-dpcwhlbrkmudrpgkkujqsfdqnghl/Build/Intermediates.noindex/combine-schedulers.build/Debug-iphonesimulator/CombineSchedulers\ product.build/Objects-normal/arm64/CombineSchedulers_-54F188414C11E20_PackageProduct_dependency_info.dat -fobjc-link-runtime -fprofile-instr-generate -L/Applications/Xcode-26.2.0.app/Contents/Developer/Toolchains/XcodeDefault.xctoolchain/usr/lib/swift/iphonesimulator -L/usr/lib/swift -Wl,-no_warn_duplicate_libraries -Wl,-no_warn_duplicate_libraries -Wl,-no_warn_duplicate_libraries -Wl,-no_warn_duplicate_libraries /Users/ericwatke/Library/Developer/Xcode/DerivedData/PeerTubeSwift-dpcwhlbrkmudrpgkkujqsfdqnghl/Build/Products/Debug-iphonesimulator/PackageFrameworks/ConcurrencyExtras_-2B4B167800F2E3ED_PackageProduct.framework/ConcurrencyExtras_-2B4B167800F2E3ED_PackageProduct /Users/ericwatke/Library/Developer/Xcode/DerivedData/PeerTubeSwift-dpcwhlbrkmudrpgkkujqsfdqnghl/Build/Products/Debug-iphonesimulator/PackageFrameworks/IssueReporting.framework/IssueReporting /Users/ericwatke/Library/Developer/Xcode/DerivedData/PeerTubeSwift-dpcwhlbrkmudrpgkkujqsfdqnghl/Build/Products/Debug-iphonesimulator/PackageFrameworks/IssueReportingPackageSupport.framework/IssueReportingPackageSupport -o /Users/ericwatke/Library/Developer/Xcode/DerivedData/PeerTubeSwift-dpcwhlbrkmudrpgkkujqsfdqnghl/Build/Products/Debug-iphonesimulator/PackageFrameworks/CombineSchedulers_-54F188414C11E20_PackageProduct.framework/CombineSchedulers_-54F188414C11E20_PackageProduct -Xlinker -add_ast_path -Xlinker /Users/ericwatke/Library/Developer/Xcode/DerivedData/PeerTubeSwift-dpcwhlbrkmudrpgkkujqsfdqnghl/Build/Intermediates.noindex/combine-schedulers.build/Debug-iphonesimulator/CombineSchedulers.build/Objects-normal/arm64/CombineSchedulers.swiftmodule @/Users/ericwatke/Library/Developer/Xcode/DerivedData/PeerTubeSwift-dpcwhlbrkmudrpgkkujqsfdqnghl/Build/Intermediates.noindex/combine-schedulers.build/Debug-iphonesimulator/CombineSchedulers.build/Objects-normal/arm64/CombineSchedulers-linker-args.resp

SwiftDriver\ Compilation\ Requirements PerceptionCore normal arm64 com.apple.xcode.tools.swift.compiler (in target 'PerceptionCore' from project 'swift-perception')
    cd /Users/ericwatke/Documents/GitHub/peertube-swift/App/PeerTubeSwift/PeerTubeSwift.xcodeproj
    builtin-Swift-Compilation-Requirements -- /Applications/Xcode-26.2.0.app/Contents/Developer/Toolchains/XcodeDefault.xctoolchain/usr/bin/swiftc -module-name PerceptionCore -Onone -enforce-exclusivity\=checked @/Users/ericwatke/Library/Developer/Xcode/DerivedData/PeerTubeSwift-dpcwhlbrkmudrpgkkujqsfdqnghl/Build/Intermediates.noindex/swift-perception.build/Debug-iphonesimulator/PerceptionCore.build/Objects-normal/arm64/PerceptionCore.SwiftFileList -DSWIFT_PACKAGE -DDEBUG -DSWIFT_MODULE_RESOURCE_BUNDLE_UNAVAILABLE -DXcode -plugin-path /Applications/Xcode-26.2.0.app/Contents/Developer/Toolchains/XcodeDefault.xctoolchain/usr/lib/swift/host/plugins/testing -enable-experimental-feature DebugDescriptionMacro -sdk /Applications/Xcode-26.2.0.app/Contents/Developer/Platforms/iPhoneSimulator.platform/Developer/SDKs/iPhoneSimulator26.2.sdk -target arm64-apple-ios13.0-simulator -g -module-cache-path /Users/ericwatke/Library/Developer/Xcode/DerivedData/ModuleCache.noindex -Xfrontend -serialize-debugging-options -profile-coverage-mapping -profile-generate -enable-testing -suppress-warnings -index-store-path /Users/ericwatke/Library/Developer/Xcode/DerivedData/PeerTubeSwift-dpcwhlbrkmudrpgkkujqsfdqnghl/Index.noindex/DataStore -Xcc -D_LIBCPP_HARDENING_MODE\=_LIBCPP_HARDENING_MODE_DEBUG -swift-version 5 -I /Users/ericwatke/Library/Developer/Xcode/DerivedData/PeerTubeSwift-dpcwhlbrkmudrpgkkujqsfdqnghl/Build/Products/Debug-iphonesimulator -Isystem /Applications/Xcode-26.2.0.app/Contents/Developer/Platforms/iPhoneSimulator.platform/Developer/usr/lib -F /Users/ericwatke/Library/Developer/Xcode/DerivedData/PeerTubeSwift-dpcwhlbrkmudrpgkkujqsfdqnghl/Build/Products/Debug-iphonesimulator/PackageFrameworks -F /Users/ericwatke/Library/Developer/Xcode/DerivedData/PeerTubeSwift-dpcwhlbrkmudrpgkkujqsfdqnghl/Build/Products/Debug-iphonesimulator/PackageFrameworks -F /Users/ericwatke/Library/Developer/Xcode/DerivedData/PeerTubeSwift-dpcwhlbrkmudrpgkkujqsfdqnghl/Build/Products/Debug-iphonesimulator -F /Applications/Xcode-26.2.0.app/Contents/Developer/Platforms/iPhoneSimulator.platform/Developer/Library/Frameworks -F /Applications/Xcode-26.2.0.app/Contents/Developer/Platforms/iPhoneSimulator.platform/Developer/SDKs/iPhoneSimulator26.2.sdk/Developer/Library/Frameworks -c -j8 -enable-batch-mode -incremental -Xcc -ivfsstatcache -Xcc /Users/ericwatke/Library/Developer/Xcode/DerivedData/SDKStatCaches.noindex/iphonesimulator26.2-23C53-396ea2e52eee30dc3ef691f54c5a881e.sdkstatcache -output-file-map /Users/ericwatke/Library/Developer/Xcode/DerivedData/PeerTubeSwift-dpcwhlbrkmudrpgkkujqsfdqnghl/Build/Intermediates.noindex/swift-perception.build/Debug-iphonesimulator/PerceptionCore.build/Objects-normal/arm64/PerceptionCore-OutputFileMap.json -use-frontend-parseable-output -save-temps -no-color-diagnostics -explicit-module-build -module-cache-path /Users/ericwatke/Library/Developer/Xcode/DerivedData/PeerTubeSwift-dpcwhlbrkmudrpgkkujqsfdqnghl/Build/Intermediates.noindex/SwiftExplicitPrecompiledModules -clang-scanner-module-cache-path /Users/ericwatke/Library/Developer/Xcode/DerivedData/ModuleCache.noindex -sdk-module-cache-path /Users/ericwatke/Library/Developer/Xcode/DerivedData/ModuleCache.noindex -serialize-diagnostics -emit-dependencies -emit-module -emit-module-path /Users/ericwatke/Library/Developer/Xcode/DerivedData/PeerTubeSwift-dpcwhlbrkmudrpgkkujqsfdqnghl/Build/Intermediates.noindex/swift-perception.build/Debug-iphonesimulator/PerceptionCore.build/Objects-normal/arm64/PerceptionCore.swiftmodule -user-module-version 2.0.9 -validate-clang-modules-once -clang-build-session-file /Users/ericwatke/Library/Developer/Xcode/DerivedData/ModuleCache.noindex/Session.modulevalidation -package-name swift_perception -Xcc -I/Users/ericwatke/Library/Developer/Xcode/DerivedData/PeerTubeSwift-dpcwhlbrkmudrpgkkujqsfdqnghl/Build/Intermediates.noindex/swift-perception.build/Debug-iphonesimulator/PerceptionCore.build/swift-overrides.hmap -emit-const-values -Xfrontend -const-gather-protocols-file -Xfrontend /Users/ericwatke/Library/Developer/Xcode/DerivedData/PeerTubeSwift-dpcwhlbrkmudrpgkkujqsfdqnghl/Build/Intermediates.noindex/swift-perception.build/Debug-iphonesimulator/PerceptionCore.build/Objects-normal/arm64/PerceptionCore_const_extract_protocols.json -Xcc -I/Users/ericwatke/Library/Developer/Xcode/DerivedData/PeerTubeSwift-dpcwhlbrkmudrpgkkujqsfdqnghl/Build/Products/Debug-iphonesimulator/include -Xcc -I/Users/ericwatke/Library/Developer/Xcode/DerivedData/PeerTubeSwift-dpcwhlbrkmudrpgkkujqsfdqnghl/Build/Intermediates.noindex/swift-perception.build/Debug-iphonesimulator/PerceptionCore.build/DerivedSources-normal/arm64 -Xcc -I/Users/ericwatke/Library/Developer/Xcode/DerivedData/PeerTubeSwift-dpcwhlbrkmudrpgkkujqsfdqnghl/Build/Intermediates.noindex/swift-perception.build/Debug-iphonesimulator/PerceptionCore.build/DerivedSources/arm64 -Xcc -I/Users/ericwatke/Library/Developer/Xcode/DerivedData/PeerTubeSwift-dpcwhlbrkmudrpgkkujqsfdqnghl/Build/Intermediates.noindex/swift-perception.build/Debug-iphonesimulator/PerceptionCore.build/DerivedSources -Xcc -DSWIFT_PACKAGE -Xcc -DDEBUG\=1 -emit-objc-header -emit-objc-header-path /Users/ericwatke/Library/Developer/Xcode/DerivedData/PeerTubeSwift-dpcwhlbrkmudrpgkkujqsfdqnghl/Build/Intermediates.noindex/swift-perception.build/Debug-iphonesimulator/PerceptionCore.build/Objects-normal/arm64/PerceptionCore-Swift.h -working-directory /Users/ericwatke/Documents/GitHub/peertube-swift/App/PeerTubeSwift/PeerTubeSwift.xcodeproj -experimental-emit-module-separately -disable-cmo

SwiftDriver\ Compilation PerceptionCore normal arm64 com.apple.xcode.tools.swift.compiler (in target 'PerceptionCore' from project 'swift-perception')
    cd /Users/ericwatke/Documents/GitHub/peertube-swift/App/PeerTubeSwift/PeerTubeSwift.xcodeproj
    builtin-Swift-Compilation -- /Applications/Xcode-26.2.0.app/Contents/Developer/Toolchains/XcodeDefault.xctoolchain/usr/bin/swiftc -module-name PerceptionCore -Onone -enforce-exclusivity\=checked @/Users/ericwatke/Library/Developer/Xcode/DerivedData/PeerTubeSwift-dpcwhlbrkmudrpgkkujqsfdqnghl/Build/Intermediates.noindex/swift-perception.build/Debug-iphonesimulator/PerceptionCore.build/Objects-normal/arm64/PerceptionCore.SwiftFileList -DSWIFT_PACKAGE -DDEBUG -DSWIFT_MODULE_RESOURCE_BUNDLE_UNAVAILABLE -DXcode -plugin-path /Applications/Xcode-26.2.0.app/Contents/Developer/Toolchains/XcodeDefault.xctoolchain/usr/lib/swift/host/plugins/testing -enable-experimental-feature DebugDescriptionMacro -sdk /Applications/Xcode-26.2.0.app/Contents/Developer/Platforms/iPhoneSimulator.platform/Developer/SDKs/iPhoneSimulator26.2.sdk -target arm64-apple-ios13.0-simulator -g -module-cache-path /Users/ericwatke/Library/Developer/Xcode/DerivedData/ModuleCache.noindex -Xfrontend -serialize-debugging-options -profile-coverage-mapping -profile-generate -enable-testing -suppress-warnings -index-store-path /Users/ericwatke/Library/Developer/Xcode/DerivedData/PeerTubeSwift-dpcwhlbrkmudrpgkkujqsfdqnghl/Index.noindex/DataStore -Xcc -D_LIBCPP_HARDENING_MODE\=_LIBCPP_HARDENING_MODE_DEBUG -swift-version 5 -I /Users/ericwatke/Library/Developer/Xcode/DerivedData/PeerTubeSwift-dpcwhlbrkmudrpgkkujqsfdqnghl/Build/Products/Debug-iphonesimulator -Isystem /Applications/Xcode-26.2.0.app/Contents/Developer/Platforms/iPhoneSimulator.platform/Developer/usr/lib -F /Users/ericwatke/Library/Developer/Xcode/DerivedData/PeerTubeSwift-dpcwhlbrkmudrpgkkujqsfdqnghl/Build/Products/Debug-iphonesimulator/PackageFrameworks -F /Users/ericwatke/Library/Developer/Xcode/DerivedData/PeerTubeSwift-dpcwhlbrkmudrpgkkujqsfdqnghl/Build/Products/Debug-iphonesimulator/PackageFrameworks -F /Users/ericwatke/Library/Developer/Xcode/DerivedData/PeerTubeSwift-dpcwhlbrkmudrpgkkujqsfdqnghl/Build/Products/Debug-iphonesimulator -F /Applications/Xcode-26.2.0.app/Contents/Developer/Platforms/iPhoneSimulator.platform/Developer/Library/Frameworks -F /Applications/Xcode-26.2.0.app/Contents/Developer/Platforms/iPhoneSimulator.platform/Developer/SDKs/iPhoneSimulator26.2.sdk/Developer/Library/Frameworks -c -j8 -enable-batch-mode -incremental -Xcc -ivfsstatcache -Xcc /Users/ericwatke/Library/Developer/Xcode/DerivedData/SDKStatCaches.noindex/iphonesimulator26.2-23C53-396ea2e52eee30dc3ef691f54c5a881e.sdkstatcache -output-file-map /Users/ericwatke/Library/Developer/Xcode/DerivedData/PeerTubeSwift-dpcwhlbrkmudrpgkkujqsfdqnghl/Build/Intermediates.noindex/swift-perception.build/Debug-iphonesimulator/PerceptionCore.build/Objects-normal/arm64/PerceptionCore-OutputFileMap.json -use-frontend-parseable-output -save-temps -no-color-diagnostics -explicit-module-build -module-cache-path /Users/ericwatke/Library/Developer/Xcode/DerivedData/PeerTubeSwift-dpcwhlbrkmudrpgkkujqsfdqnghl/Build/Intermediates.noindex/SwiftExplicitPrecompiledModules -clang-scanner-module-cache-path /Users/ericwatke/Library/Developer/Xcode/DerivedData/ModuleCache.noindex -sdk-module-cache-path /Users/ericwatke/Library/Developer/Xcode/DerivedData/ModuleCache.noindex -serialize-diagnostics -emit-dependencies -emit-module -emit-module-path /Users/ericwatke/Library/Developer/Xcode/DerivedData/PeerTubeSwift-dpcwhlbrkmudrpgkkujqsfdqnghl/Build/Intermediates.noindex/swift-perception.build/Debug-iphonesimulator/PerceptionCore.build/Objects-normal/arm64/PerceptionCore.swiftmodule -user-module-version 2.0.9 -validate-clang-modules-once -clang-build-session-file /Users/ericwatke/Library/Developer/Xcode/DerivedData/ModuleCache.noindex/Session.modulevalidation -package-name swift_perception -Xcc -I/Users/ericwatke/Library/Developer/Xcode/DerivedData/PeerTubeSwift-dpcwhlbrkmudrpgkkujqsfdqnghl/Build/Intermediates.noindex/swift-perception.build/Debug-iphonesimulator/PerceptionCore.build/swift-overrides.hmap -emit-const-values -Xfrontend -const-gather-protocols-file -Xfrontend /Users/ericwatke/Library/Developer/Xcode/DerivedData/PeerTubeSwift-dpcwhlbrkmudrpgkkujqsfdqnghl/Build/Intermediates.noindex/swift-perception.build/Debug-iphonesimulator/PerceptionCore.build/Objects-normal/arm64/PerceptionCore_const_extract_protocols.json -Xcc -I/Users/ericwatke/Library/Developer/Xcode/DerivedData/PeerTubeSwift-dpcwhlbrkmudrpgkkujqsfdqnghl/Build/Products/Debug-iphonesimulator/include -Xcc -I/Users/ericwatke/Library/Developer/Xcode/DerivedData/PeerTubeSwift-dpcwhlbrkmudrpgkkujqsfdqnghl/Build/Intermediates.noindex/swift-perception.build/Debug-iphonesimulator/PerceptionCore.build/DerivedSources-normal/arm64 -Xcc -I/Users/ericwatke/Library/Developer/Xcode/DerivedData/PeerTubeSwift-dpcwhlbrkmudrpgkkujqsfdqnghl/Build/Intermediates.noindex/swift-perception.build/Debug-iphonesimulator/PerceptionCore.build/DerivedSources/arm64 -Xcc -I/Users/ericwatke/Library/Developer/Xcode/DerivedData/PeerTubeSwift-dpcwhlbrkmudrpgkkujqsfdqnghl/Build/Intermediates.noindex/swift-perception.build/Debug-iphonesimulator/PerceptionCore.build/DerivedSources -Xcc -DSWIFT_PACKAGE -Xcc -DDEBUG\=1 -emit-objc-header -emit-objc-header-path /Users/ericwatke/Library/Developer/Xcode/DerivedData/PeerTubeSwift-dpcwhlbrkmudrpgkkujqsfdqnghl/Build/Intermediates.noindex/swift-perception.build/Debug-iphonesimulator/PerceptionCore.build/Objects-normal/arm64/PerceptionCore-Swift.h -working-directory /Users/ericwatke/Documents/GitHub/peertube-swift/App/PeerTubeSwift/PeerTubeSwift.xcodeproj -experimental-emit-module-separately -disable-cmo

SwiftMergeGeneratedHeaders /Users/ericwatke/Library/Developer/Xcode/DerivedData/PeerTubeSwift-dpcwhlbrkmudrpgkkujqsfdqnghl/Build/Intermediates.noindex/GeneratedModuleMaps-iphonesimulator/PerceptionCore-Swift.h /Users/ericwatke/Library/Developer/Xcode/DerivedData/PeerTubeSwift-dpcwhlbrkmudrpgkkujqsfdqnghl/Build/Intermediates.noindex/swift-perception.build/Debug-iphonesimulator/PerceptionCore.build/Objects-normal/arm64/PerceptionCore-Swift.h (in target 'PerceptionCore' from project 'swift-perception')
    cd /Users/ericwatke/Library/Developer/Xcode/DerivedData/PeerTubeSwift-dpcwhlbrkmudrpgkkujqsfdqnghl/SourcePackages/checkouts/swift-perception
    builtin-swiftHeaderTool -arch arm64 /Users/ericwatke/Library/Developer/Xcode/DerivedData/PeerTubeSwift-dpcwhlbrkmudrpgkkujqsfdqnghl/Build/Intermediates.noindex/swift-perception.build/Debug-iphonesimulator/PerceptionCore.build/Objects-normal/arm64/PerceptionCore-Swift.h -o /Users/ericwatke/Library/Developer/Xcode/DerivedData/PeerTubeSwift-dpcwhlbrkmudrpgkkujqsfdqnghl/Build/Intermediates.noindex/GeneratedModuleMaps-iphonesimulator/PerceptionCore-Swift.h

Ld /Users/ericwatke/Library/Developer/Xcode/DerivedData/PeerTubeSwift-dpcwhlbrkmudrpgkkujqsfdqnghl/Build/Products/Debug-iphonesimulator/PackageFrameworks/PerceptionCore.framework/PerceptionCore normal (in target 'PerceptionCore' from project 'swift-perception')
    cd /Users/ericwatke/Library/Developer/Xcode/DerivedData/PeerTubeSwift-dpcwhlbrkmudrpgkkujqsfdqnghl/SourcePackages/checkouts/swift-perception
    /Applications/Xcode-26.2.0.app/Contents/Developer/Toolchains/XcodeDefault.xctoolchain/usr/bin/clang -Xlinker -reproducible -target arm64-apple-ios13.0-simulator -dynamiclib -isysroot /Applications/Xcode-26.2.0.app/Contents/Developer/Platforms/iPhoneSimulator.platform/Developer/SDKs/iPhoneSimulator26.2.sdk -O0 -w -L/Users/ericwatke/Library/Developer/Xcode/DerivedData/PeerTubeSwift-dpcwhlbrkmudrpgkkujqsfdqnghl/Build/Intermediates.noindex/EagerLinkingTBDs/Debug-iphonesimulator -L/Users/ericwatke/Library/Developer/Xcode/DerivedData/PeerTubeSwift-dpcwhlbrkmudrpgkkujqsfdqnghl/Build/Products/Debug-iphonesimulator -L/Applications/Xcode-26.2.0.app/Contents/Developer/Platforms/iPhoneSimulator.platform/Developer/usr/lib -F/Users/ericwatke/Library/Developer/Xcode/DerivedData/PeerTubeSwift-dpcwhlbrkmudrpgkkujqsfdqnghl/Build/Intermediates.noindex/EagerLinkingTBDs/Debug-iphonesimulator -F/Users/ericwatke/Library/Developer/Xcode/DerivedData/PeerTubeSwift-dpcwhlbrkmudrpgkkujqsfdqnghl/Build/Products/Debug-iphonesimulator/PackageFrameworks -F/Users/ericwatke/Library/Developer/Xcode/DerivedData/PeerTubeSwift-dpcwhlbrkmudrpgkkujqsfdqnghl/Build/Products/Debug-iphonesimulator/PackageFrameworks -F/Users/ericwatke/Library/Developer/Xcode/DerivedData/PeerTubeSwift-dpcwhlbrkmudrpgkkujqsfdqnghl/Build/Products/Debug-iphonesimulator -iframework /Applications/Xcode-26.2.0.app/Contents/Developer/Platforms/iPhoneSimulator.platform/Developer/Library/Frameworks -iframework /Applications/Xcode-26.2.0.app/Contents/Developer/Platforms/iPhoneSimulator.platform/Developer/SDKs/iPhoneSimulator26.2.sdk/Developer/Library/Frameworks -filelist /Users/ericwatke/Library/Developer/Xcode/DerivedData/PeerTubeSwift-dpcwhlbrkmudrpgkkujqsfdqnghl/Build/Intermediates.noindex/swift-perception.build/Debug-iphonesimulator/PerceptionCore.build/Objects-normal/arm64/PerceptionCore.LinkFileList -install_name @rpath/PerceptionCore.framework/PerceptionCore -Xlinker -rpath -Xlinker /usr/lib/swift -Xlinker -rpath -Xlinker /Users/ericwatke/Library/Developer/Xcode/DerivedData/PeerTubeSwift-dpcwhlbrkmudrpgkkujqsfdqnghl/Build/Products/Debug-iphonesimulator/PackageFrameworks -dead_strip -Xlinker -object_path_lto -Xlinker /Users/ericwatke/Library/Developer/Xcode/DerivedData/PeerTubeSwift-dpcwhlbrkmudrpgkkujqsfdqnghl/Build/Intermediates.noindex/swift-perception.build/Debug-iphonesimulator/PerceptionCore.build/Objects-normal/arm64/PerceptionCore_lto.o -rdynamic -Xlinker -no_deduplicate -Xlinker -objc_abi_version -Xlinker 2 -Xlinker -debug_variant -Xlinker -dependency_info -Xlinker /Users/ericwatke/Library/Developer/Xcode/DerivedData/PeerTubeSwift-dpcwhlbrkmudrpgkkujqsfdqnghl/Build/Intermediates.noindex/swift-perception.build/Debug-iphonesimulator/PerceptionCore.build/Objects-normal/arm64/PerceptionCore_dependency_info.dat -fobjc-link-runtime -fprofile-instr-generate -L/Applications/Xcode-26.2.0.app/Contents/Developer/Toolchains/XcodeDefault.xctoolchain/usr/lib/swift/iphonesimulator -L/usr/lib/swift -Xlinker -add_ast_path -Xlinker /Users/ericwatke/Library/Developer/Xcode/DerivedData/PeerTubeSwift-dpcwhlbrkmudrpgkkujqsfdqnghl/Build/Intermediates.noindex/swift-perception.build/Debug-iphonesimulator/PerceptionCore.build/Objects-normal/arm64/PerceptionCore.swiftmodule @/Users/ericwatke/Library/Developer/Xcode/DerivedData/PeerTubeSwift-dpcwhlbrkmudrpgkkujqsfdqnghl/Build/Intermediates.noindex/swift-perception.build/Debug-iphonesimulator/PerceptionCore.build/Objects-normal/arm64/PerceptionCore-linker-args.resp -Wl,-no_warn_duplicate_libraries -Wl,-no_warn_duplicate_libraries /Users/ericwatke/Library/Developer/Xcode/DerivedData/PeerTubeSwift-dpcwhlbrkmudrpgkkujqsfdqnghl/Build/Products/Debug-iphonesimulator/PackageFrameworks/IssueReporting.framework/IssueReporting /Users/ericwatke/Library/Developer/Xcode/DerivedData/PeerTubeSwift-dpcwhlbrkmudrpgkkujqsfdqnghl/Build/Products/Debug-iphonesimulator/PackageFrameworks/IssueReportingPackageSupport.framework/IssueReportingPackageSupport -o /Users/ericwatke/Library/Developer/Xcode/DerivedData/PeerTubeSwift-dpcwhlbrkmudrpgkkujqsfdqnghl/Build/Products/Debug-iphonesimulator/PackageFrameworks/PerceptionCore.framework/PerceptionCore

SwiftDriver SwiftNavigation normal arm64 com.apple.xcode.tools.swift.compiler (in target 'SwiftNavigation' from project 'swift-navigation')
    cd /Users/ericwatke/Documents/GitHub/peertube-swift/App/PeerTubeSwift/PeerTubeSwift.xcodeproj
    builtin-SwiftDriver -- /Applications/Xcode-26.2.0.app/Contents/Developer/Toolchains/XcodeDefault.xctoolchain/usr/bin/swiftc -module-name SwiftNavigation -Onone -enforce-exclusivity\=checked @/Users/ericwatke/Library/Developer/Xcode/DerivedData/PeerTubeSwift-dpcwhlbrkmudrpgkkujqsfdqnghl/Build/Intermediates.noindex/swift-navigation.build/Debug-iphonesimulator/SwiftNavigation.build/Objects-normal/arm64/SwiftNavigation.SwiftFileList -DSWIFT_PACKAGE -DDEBUG -DSWIFT_MODULE_RESOURCE_BUNDLE_UNAVAILABLE -DXcode -plugin-path /Applications/Xcode-26.2.0.app/Contents/Developer/Toolchains/XcodeDefault.xctoolchain/usr/lib/swift/host/plugins/testing -enable-experimental-feature DebugDescriptionMacro -sdk /Applications/Xcode-26.2.0.app/Contents/Developer/Platforms/iPhoneSimulator.platform/Developer/SDKs/iPhoneSimulator26.2.sdk -target arm64-apple-ios13.0-simulator -g -module-cache-path /Users/ericwatke/Library/Developer/Xcode/DerivedData/ModuleCache.noindex -Xfrontend -serialize-debugging-options -profile-coverage-mapping -profile-generate -enable-testing -suppress-warnings -index-store-path /Users/ericwatke/Library/Developer/Xcode/DerivedData/PeerTubeSwift-dpcwhlbrkmudrpgkkujqsfdqnghl/Index.noindex/DataStore -Xcc -D_LIBCPP_HARDENING_MODE\=_LIBCPP_HARDENING_MODE_DEBUG -swift-version 6 -I /Users/ericwatke/Library/Developer/Xcode/DerivedData/PeerTubeSwift-dpcwhlbrkmudrpgkkujqsfdqnghl/Build/Products/Debug-iphonesimulator -Isystem /Applications/Xcode-26.2.0.app/Contents/Developer/Platforms/iPhoneSimulator.platform/Developer/usr/lib -F /Users/ericwatke/Library/Developer/Xcode/DerivedData/PeerTubeSwift-dpcwhlbrkmudrpgkkujqsfdqnghl/Build/Products/Debug-iphonesimulator/PackageFrameworks -F /Users/ericwatke/Library/Developer/Xcode/DerivedData/PeerTubeSwift-dpcwhlbrkmudrpgkkujqsfdqnghl/Build/Products/Debug-iphonesimulator/PackageFrameworks -F /Users/ericwatke/Library/Developer/Xcode/DerivedData/PeerTubeSwift-dpcwhlbrkmudrpgkkujqsfdqnghl/Build/Products/Debug-iphonesimulator/PackageFrameworks -F /Users/ericwatke/Library/Developer/Xcode/DerivedData/PeerTubeSwift-dpcwhlbrkmudrpgkkujqsfdqnghl/Build/Products/Debug-iphonesimulator/PackageFrameworks -F /Users/ericwatke/Library/Developer/Xcode/DerivedData/PeerTubeSwift-dpcwhlbrkmudrpgkkujqsfdqnghl/Build/Products/Debug-iphonesimulator/PackageFrameworks -F /Users/ericwatke/Library/Developer/Xcode/DerivedData/PeerTubeSwift-dpcwhlbrkmudrpgkkujqsfdqnghl/Build/Products/Debug-iphonesimulator/PackageFrameworks -F /Users/ericwatke/Library/Developer/Xcode/DerivedData/PeerTubeSwift-dpcwhlbrkmudrpgkkujqsfdqnghl/Build/Products/Debug-iphonesimulator/PackageFrameworks -F /Users/ericwatke/Library/Developer/Xcode/DerivedData/PeerTubeSwift-dpcwhlbrkmudrpgkkujqsfdqnghl/Build/Products/Debug-iphonesimulator/PackageFrameworks -F /Users/ericwatke/Library/Developer/Xcode/DerivedData/PeerTubeSwift-dpcwhlbrkmudrpgkkujqsfdqnghl/Build/Products/Debug-iphonesimulator/PackageFrameworks -F /Users/ericwatke/Library/Developer/Xcode/DerivedData/PeerTubeSwift-dpcwhlbrkmudrpgkkujqsfdqnghl/Build/Products/Debug-iphonesimulator/PackageFrameworks -F /Users/ericwatke/Library/Developer/Xcode/DerivedData/PeerTubeSwift-dpcwhlbrkmudrpgkkujqsfdqnghl/Build/Products/Debug-iphonesimulator/PackageFrameworks -F /Users/ericwatke/Library/Developer/Xcode/DerivedData/PeerTubeSwift-dpcwhlbrkmudrpgkkujqsfdqnghl/Build/Products/Debug-iphonesimulator -F /Applications/Xcode-26.2.0.app/Contents/Developer/Platforms/iPhoneSimulator.platform/Developer/Library/Frameworks -F /Applications/Xcode-26.2.0.app/Contents/Developer/Platforms/iPhoneSimulator.platform/Developer/SDKs/iPhoneSimulator26.2.sdk/Developer/Library/Frameworks -Xfrontend -load-plugin-executable -Xfrontend /Users/ericwatke/Library/Developer/Xcode/DerivedData/PeerTubeSwift-dpcwhlbrkmudrpgkkujqsfdqnghl/Build/Products/Debug/CasePathsMacros\#CasePathsMacros -Xfrontend -load-plugin-executable -Xfrontend /Users/ericwatke/Library/Developer/Xcode/DerivedData/PeerTubeSwift-dpcwhlbrkmudrpgkkujqsfdqnghl/Build/Products/Debug/PerceptionMacros\#PerceptionMacros -c -j8 -enable-batch-mode -incremental -Xcc -ivfsstatcache -Xcc /Users/ericwatke/Library/Developer/Xcode/DerivedData/SDKStatCaches.noindex/iphonesimulator26.2-23C53-396ea2e52eee30dc3ef691f54c5a881e.sdkstatcache -output-file-map /Users/ericwatke/Library/Developer/Xcode/DerivedData/PeerTubeSwift-dpcwhlbrkmudrpgkkujqsfdqnghl/Build/Intermediates.noindex/swift-navigation.build/Debug-iphonesimulator/SwiftNavigation.build/Objects-normal/arm64/SwiftNavigation-OutputFileMap.json -use-frontend-parseable-output -save-temps -no-color-diagnostics -explicit-module-build -module-cache-path /Users/ericwatke/Library/Developer/Xcode/DerivedData/PeerTubeSwift-dpcwhlbrkmudrpgkkujqsfdqnghl/Build/Intermediates.noindex/SwiftExplicitPrecompiledModules -clang-scanner-module-cache-path /Users/ericwatke/Library/Developer/Xcode/DerivedData/ModuleCache.noindex -sdk-module-cache-path /Users/ericwatke/Library/Developer/Xcode/DerivedData/ModuleCache.noindex -serialize-diagnostics -emit-dependencies -emit-module -emit-module-path /Users/ericwatke/Library/Developer/Xcode/DerivedData/PeerTubeSwift-dpcwhlbrkmudrpgkkujqsfdqnghl/Build/Intermediates.noindex/swift-navigation.build/Debug-iphonesimulator/SwiftNavigation.build/Objects-normal/arm64/SwiftNavigation.swiftmodule -user-module-version 2.6.0 -validate-clang-modules-once -clang-build-session-file /Users/ericwatke/Library/Developer/Xcode/DerivedData/ModuleCache.noindex/Session.modulevalidation -package-name swift_navigation -Xcc -I/Users/ericwatke/Library/Developer/Xcode/DerivedData/PeerTubeSwift-dpcwhlbrkmudrpgkkujqsfdqnghl/Build/Intermediates.noindex/swift-navigation.build/Debug-iphonesimulator/SwiftNavigation.build/swift-overrides.hmap -emit-const-values -Xfrontend -const-gather-protocols-file -Xfrontend /Users/ericwatke/Library/Developer/Xcode/DerivedData/PeerTubeSwift-dpcwhlbrkmudrpgkkujqsfdqnghl/Build/Intermediates.noindex/swift-navigation.build/Debug-iphonesimulator/SwiftNavigation.build/Objects-normal/arm64/SwiftNavigation_const_extract_protocols.json -Xcc -I/Users/ericwatke/Library/Developer/Xcode/DerivedData/PeerTubeSwift-dpcwhlbrkmudrpgkkujqsfdqnghl/Build/Products/Debug-iphonesimulator/include -Xcc -I/Users/ericwatke/Library/Developer/Xcode/DerivedData/PeerTubeSwift-dpcwhlbrkmudrpgkkujqsfdqnghl/Build/Intermediates.noindex/swift-navigation.build/Debug-iphonesimulator/SwiftNavigation.build/DerivedSources-normal/arm64 -Xcc -I/Users/ericwatke/Library/Developer/Xcode/DerivedData/PeerTubeSwift-dpcwhlbrkmudrpgkkujqsfdqnghl/Build/Intermediates.noindex/swift-navigation.build/Debug-iphonesimulator/SwiftNavigation.build/DerivedSources/arm64 -Xcc -I/Users/ericwatke/Library/Developer/Xcode/DerivedData/PeerTubeSwift-dpcwhlbrkmudrpgkkujqsfdqnghl/Build/Intermediates.noindex/swift-navigation.build/Debug-iphonesimulator/SwiftNavigation.build/DerivedSources -Xcc -DSWIFT_PACKAGE -Xcc -DDEBUG\=1 -emit-objc-header -emit-objc-header-path /Users/ericwatke/Library/Developer/Xcode/DerivedData/PeerTubeSwift-dpcwhlbrkmudrpgkkujqsfdqnghl/Build/Intermediates.noindex/swift-navigation.build/Debug-iphonesimulator/SwiftNavigation.build/Objects-normal/arm64/SwiftNavigation-Swift.h -working-directory /Users/ericwatke/Documents/GitHub/peertube-swift/App/PeerTubeSwift/PeerTubeSwift.xcodeproj -experimental-emit-module-separately -disable-cmo

SwiftDriver SQLiteData normal arm64 com.apple.xcode.tools.swift.compiler (in target 'SQLiteData' from project 'sqlite-data')
    cd /Users/ericwatke/Documents/GitHub/peertube-swift/App/PeerTubeSwift/PeerTubeSwift.xcodeproj
    builtin-SwiftDriver -- /Applications/Xcode-26.2.0.app/Contents/Developer/Toolchains/XcodeDefault.xctoolchain/usr/bin/swiftc -module-name SQLiteData -Onone -enforce-exclusivity\=checked @/Users/ericwatke/Library/Developer/Xcode/DerivedData/PeerTubeSwift-dpcwhlbrkmudrpgkkujqsfdqnghl/Build/Intermediates.noindex/sqlite-data.build/Debug-iphonesimulator/SQLiteData.build/Objects-normal/arm64/SQLiteData.SwiftFileList -DSWIFT_PACKAGE -DDEBUG -DSWIFT_MODULE_RESOURCE_BUNDLE_UNAVAILABLE -Xcc -fmodule-map-file\=/Users/ericwatke/Library/Developer/Xcode/DerivedData/PeerTubeSwift-dpcwhlbrkmudrpgkkujqsfdqnghl/SourcePackages/checkouts/GRDB.swift/Sources/GRDBSQLite/module.modulemap -DXcode -enable-upcoming-feature MemberImportVisibility -plugin-path /Applications/Xcode-26.2.0.app/Contents/Developer/Toolchains/XcodeDefault.xctoolchain/usr/lib/swift/host/plugins/testing -enable-experimental-feature DebugDescriptionMacro -sdk /Applications/Xcode-26.2.0.app/Contents/Developer/Platforms/iPhoneSimulator.platform/Developer/SDKs/iPhoneSimulator26.2.sdk -target arm64-apple-ios13.0-simulator -g -module-cache-path /Users/ericwatke/Library/Developer/Xcode/DerivedData/ModuleCache.noindex -Xfrontend -serialize-debugging-options -profile-coverage-mapping -profile-generate -enable-testing -suppress-warnings -index-store-path /Users/ericwatke/Library/Developer/Xcode/DerivedData/PeerTubeSwift-dpcwhlbrkmudrpgkkujqsfdqnghl/Index.noindex/DataStore -Xcc -D_LIBCPP_HARDENING_MODE\=_LIBCPP_HARDENING_MODE_DEBUG -swift-version 6 -I /Users/ericwatke/Library/Developer/Xcode/DerivedData/PeerTubeSwift-dpcwhlbrkmudrpgkkujqsfdqnghl/Build/Products/Debug-iphonesimulator -Isystem /Applications/Xcode-26.2.0.app/Contents/Developer/Platforms/iPhoneSimulator.platform/Developer/usr/lib -F /Users/ericwatke/Library/Developer/Xcode/DerivedData/PeerTubeSwift-dpcwhlbrkmudrpgkkujqsfdqnghl/Build/Products/Debug-iphonesimulator/PackageFrameworks -F /Users/ericwatke/Library/Developer/Xcode/DerivedData/PeerTubeSwift-dpcwhlbrkmudrpgkkujqsfdqnghl/Build/Products/Debug-iphonesimulator/PackageFrameworks -F /Users/ericwatke/Library/Developer/Xcode/DerivedData/PeerTubeSwift-dpcwhlbrkmudrpgkkujqsfdqnghl/Build/Products/Debug-iphonesimulator/PackageFrameworks -F /Users/ericwatke/Library/Developer/Xcode/DerivedData/PeerTubeSwift-dpcwhlbrkmudrpgkkujqsfdqnghl/Build/Products/Debug-iphonesimulator/PackageFrameworks -F /Users/ericwatke/Library/Developer/Xcode/DerivedData/PeerTubeSwift-dpcwhlbrkmudrpgkkujqsfdqnghl/Build/Products/Debug-iphonesimulator/PackageFrameworks -F /Users/ericwatke/Library/Developer/Xcode/DerivedData/PeerTubeSwift-dpcwhlbrkmudrpgkkujqsfdqnghl/Build/Products/Debug-iphonesimulator/PackageFrameworks -F /Users/ericwatke/Library/Developer/Xcode/DerivedData/PeerTubeSwift-dpcwhlbrkmudrpgkkujqsfdqnghl/Build/Products/Debug-iphonesimulator/PackageFrameworks -F /Users/ericwatke/Library/Developer/Xcode/DerivedData/PeerTubeSwift-dpcwhlbrkmudrpgkkujqsfdqnghl/Build/Products/Debug-iphonesimulator/PackageFrameworks -F /Users/ericwatke/Library/Developer/Xcode/DerivedData/PeerTubeSwift-dpcwhlbrkmudrpgkkujqsfdqnghl/Build/Products/Debug-iphonesimulator/PackageFrameworks -F /Users/ericwatke/Library/Developer/Xcode/DerivedData/PeerTubeSwift-dpcwhlbrkmudrpgkkujqsfdqnghl/Build/Products/Debug-iphonesimulator/PackageFrameworks -F /Users/ericwatke/Library/Developer/Xcode/DerivedData/PeerTubeSwift-dpcwhlbrkmudrpgkkujqsfdqnghl/Build/Products/Debug-iphonesimulator/PackageFrameworks -F /Users/ericwatke/Library/Developer/Xcode/DerivedData/PeerTubeSwift-dpcwhlbrkmudrpgkkujqsfdqnghl/Build/Products/Debug-iphonesimulator/PackageFrameworks -F /Users/ericwatke/Library/Developer/Xcode/DerivedData/PeerTubeSwift-dpcwhlbrkmudrpgkkujqsfdqnghl/Build/Products/Debug-iphonesimulator/PackageFrameworks -F /Users/ericwatke/Library/Developer/Xcode/DerivedData/PeerTubeSwift-dpcwhlbrkmudrpgkkujqsfdqnghl/Build/Products/Debug-iphonesimulator/PackageFrameworks -F /Users/ericwatke/Library/Developer/Xcode/DerivedData/PeerTubeSwift-dpcwhlbrkmudrpgkkujqsfdqnghl/Build/Products/Debug-iphonesimulator/PackageFrameworks -F /Users/ericwatke/Library/Developer/Xcode/DerivedData/PeerTubeSwift-dpcwhlbrkmudrpgkkujqsfdqnghl/Build/Products/Debug-iphonesimulator/PackageFrameworks -F /Users/ericwatke/Library/Developer/Xcode/DerivedData/PeerTubeSwift-dpcwhlbrkmudrpgkkujqsfdqnghl/Build/Products/Debug-iphonesimulator/PackageFrameworks -F /Users/ericwatke/Library/Developer/Xcode/DerivedData/PeerTubeSwift-dpcwhlbrkmudrpgkkujqsfdqnghl/Build/Products/Debug-iphonesimulator/PackageFrameworks -F /Users/ericwatke/Library/Developer/Xcode/DerivedData/PeerTubeSwift-dpcwhlbrkmudrpgkkujqsfdqnghl/Build/Products/Debug-iphonesimulator/PackageFrameworks -F /Users/ericwatke/Library/Developer/Xcode/DerivedData/PeerTubeSwift-dpcwhlbrkmudrpgkkujqsfdqnghl/Build/Products/Debug-iphonesimulator/PackageFrameworks -F /Users/ericwatke/Library/Developer/Xcode/DerivedData/PeerTubeSwift-dpcwhlbrkmudrpgkkujqsfdqnghl/Build/Products/Debug-iphonesimulator/PackageFrameworks -F /Users/ericwatke/Library/Developer/Xcode/DerivedData/PeerTubeSwift-dpcwhlbrkmudrpgkkujqsfdqnghl/Build/Products/Debug-iphonesimulator -F /Applications/Xcode-26.2.0.app/Contents/Developer/Platforms/iPhoneSimulator.platform/Developer/Library/Frameworks -F /Applications/Xcode-26.2.0.app/Contents/Developer/Platforms/iPhoneSimulator.platform/Developer/SDKs/iPhoneSimulator26.2.sdk/Developer/Library/Frameworks -Xfrontend -load-plugin-executable -Xfrontend /Users/ericwatke/Library/Developer/Xcode/DerivedData/PeerTubeSwift-dpcwhlbrkmudrpgkkujqsfdqnghl/Build/Products/Debug/PerceptionMacros\#PerceptionMacros -Xfrontend -load-plugin-executable -Xfrontend /Users/ericwatke/Library/Developer/Xcode/DerivedData/PeerTubeSwift-dpcwhlbrkmudrpgkkujqsfdqnghl/Build/Products/Debug/StructuredQueriesMacros\#StructuredQueriesMacros -Xfrontend -load-plugin-executable -Xfrontend /Users/ericwatke/Library/Developer/Xcode/DerivedData/PeerTubeSwift-dpcwhlbrkmudrpgkkujqsfdqnghl/Build/Products/Debug/StructuredQueriesSQLiteMacros\#StructuredQueriesSQLiteMacros -c -j8 -enable-batch-mode -incremental -Xcc -ivfsstatcache -Xcc /Users/ericwatke/Library/Developer/Xcode/DerivedData/SDKStatCaches.noindex/iphonesimulator26.2-23C53-396ea2e52eee30dc3ef691f54c5a881e.sdkstatcache -output-file-map /Users/ericwatke/Library/Developer/Xcode/DerivedData/PeerTubeSwift-dpcwhlbrkmudrpgkkujqsfdqnghl/Build/Intermediates.noindex/sqlite-data.build/Debug-iphonesimulator/SQLiteData.build/Objects-normal/arm64/SQLiteData-OutputFileMap.json -use-frontend-parseable-output -save-temps -no-color-diagnostics -explicit-module-build -module-cache-path /Users/ericwatke/Library/Developer/Xcode/DerivedData/PeerTubeSwift-dpcwhlbrkmudrpgkkujqsfdqnghl/Build/Intermediates.noindex/SwiftExplicitPrecompiledModules -clang-scanner-module-cache-path /Users/ericwatke/Library/Developer/Xcode/DerivedData/ModuleCache.noindex -sdk-module-cache-path /Users/ericwatke/Library/Developer/Xcode/DerivedData/ModuleCache.noindex -serialize-diagnostics -emit-dependencies -emit-module -emit-module-path /Users/ericwatke/Library/Developer/Xcode/DerivedData/PeerTubeSwift-dpcwhlbrkmudrpgkkujqsfdqnghl/Build/Intermediates.noindex/sqlite-data.build/Debug-iphonesimulator/SQLiteData.build/Objects-normal/arm64/SQLiteData.swiftmodule -user-module-version 1.4.1 -validate-clang-modules-once -clang-build-session-file /Users/ericwatke/Library/Developer/Xcode/DerivedData/ModuleCache.noindex/Session.modulevalidation -package-name sqlite_data -Xcc -I/Users/ericwatke/Library/Developer/Xcode/DerivedData/PeerTubeSwift-dpcwhlbrkmudrpgkkujqsfdqnghl/Build/Intermediates.noindex/sqlite-data.build/Debug-iphonesimulator/SQLiteData.build/swift-overrides.hmap -emit-const-values -Xfrontend -const-gather-protocols-file -Xfrontend /Users/ericwatke/Library/Developer/Xcode/DerivedData/PeerTubeSwift-dpcwhlbrkmudrpgkkujqsfdqnghl/Build/Intermediates.noindex/sqlite-data.build/Debug-iphonesimulator/SQLiteData.build/Objects-normal/arm64/SQLiteData_const_extract_protocols.json -Xcc -I/Users/ericwatke/Library/Developer/Xcode/DerivedData/PeerTubeSwift-dpcwhlbrkmudrpgkkujqsfdqnghl/Build/Products/Debug-iphonesimulator/include -Xcc -I/Users/ericwatke/Library/Developer/Xcode/DerivedData/PeerTubeSwift-dpcwhlbrkmudrpgkkujqsfdqnghl/Build/Intermediates.noindex/sqlite-data.build/Debug-iphonesimulator/SQLiteData.build/DerivedSources-normal/arm64 -Xcc -I/Users/ericwatke/Library/Developer/Xcode/DerivedData/PeerTubeSwift-dpcwhlbrkmudrpgkkujqsfdqnghl/Build/Intermediates.noindex/sqlite-data.build/Debug-iphonesimulator/SQLiteData.build/DerivedSources/arm64 -Xcc -I/Users/ericwatke/Library/Developer/Xcode/DerivedData/PeerTubeSwift-dpcwhlbrkmudrpgkkujqsfdqnghl/Build/Intermediates.noindex/sqlite-data.build/Debug-iphonesimulator/SQLiteData.build/DerivedSources -Xcc -DSWIFT_PACKAGE -Xcc -DDEBUG\=1 -emit-objc-header -emit-objc-header-path /Users/ericwatke/Library/Developer/Xcode/DerivedData/PeerTubeSwift-dpcwhlbrkmudrpgkkujqsfdqnghl/Build/Intermediates.noindex/sqlite-data.build/Debug-iphonesimulator/SQLiteData.build/Objects-normal/arm64/SQLiteData-Swift.h -working-directory /Users/ericwatke/Documents/GitHub/peertube-swift/App/PeerTubeSwift/PeerTubeSwift.xcodeproj -experimental-emit-module-separately -disable-cmo

GenerateTAPI /Users/ericwatke/Library/Developer/Xcode/DerivedData/PeerTubeSwift-dpcwhlbrkmudrpgkkujqsfdqnghl/Build/Intermediates.noindex/EagerLinkingTBDs/Debug-iphonesimulator/XCTestDynamicOverlay_6187313334988FF6_PackageProduct.framework/XCTestDynamicOverlay_6187313334988FF6_PackageProduct.tbd (in target 'XCTestDynamicOverlay' from project 'xctest-dynamic-overlay')
    cd /Users/ericwatke/Library/Developer/Xcode/DerivedData/PeerTubeSwift-dpcwhlbrkmudrpgkkujqsfdqnghl/SourcePackages/checkouts/xctest-dynamic-overlay
    /Applications/Xcode-26.2.0.app/Contents/Developer/Toolchains/XcodeDefault.xctoolchain/usr/bin/tapi stubify -isysroot /Applications/Xcode-26.2.0.app/Contents/Developer/Platforms/iPhoneSimulator.platform/Developer/SDKs/iPhoneSimulator26.2.sdk -F/Users/ericwatke/Library/Developer/Xcode/DerivedData/PeerTubeSwift-dpcwhlbrkmudrpgkkujqsfdqnghl/Build/Products/Debug-iphonesimulator/PackageFrameworks -F/Users/ericwatke/Library/Developer/Xcode/DerivedData/PeerTubeSwift-dpcwhlbrkmudrpgkkujqsfdqnghl/Build/Products/Debug-iphonesimulator/PackageFrameworks -F/Users/ericwatke/Library/Developer/Xcode/DerivedData/PeerTubeSwift-dpcwhlbrkmudrpgkkujqsfdqnghl/Build/Products/Debug-iphonesimulator/PackageFrameworks -F/Users/ericwatke/Library/Developer/Xcode/DerivedData/PeerTubeSwift-dpcwhlbrkmudrpgkkujqsfdqnghl/Build/Products/Debug-iphonesimulator -iframework /Applications/Xcode-26.2.0.app/Contents/Developer/Platforms/iPhoneSimulator.platform/Developer/Library/Frameworks -iframework /Applications/Xcode-26.2.0.app/Contents/Developer/Platforms/iPhoneSimulator.platform/Developer/SDKs/iPhoneSimulator26.2.sdk/Developer/Library/Frameworks -L/Users/ericwatke/Library/Developer/Xcode/DerivedData/PeerTubeSwift-dpcwhlbrkmudrpgkkujqsfdqnghl/Build/Products/Debug-iphonesimulator -L/Applications/Xcode-26.2.0.app/Contents/Developer/Platforms/iPhoneSimulator.platform/Developer/usr/lib /Users/ericwatke/Library/Developer/Xcode/DerivedData/PeerTubeSwift-dpcwhlbrkmudrpgkkujqsfdqnghl/Build/Products/Debug-iphonesimulator/PackageFrameworks/XCTestDynamicOverlay_6187313334988FF6_PackageProduct.framework/XCTestDynamicOverlay_6187313334988FF6_PackageProduct -o /Users/ericwatke/Library/Developer/Xcode/DerivedData/PeerTubeSwift-dpcwhlbrkmudrpgkkujqsfdqnghl/Build/Intermediates.noindex/EagerLinkingTBDs/Debug-iphonesimulator/XCTestDynamicOverlay_6187313334988FF6_PackageProduct.framework/XCTestDynamicOverlay_6187313334988FF6_PackageProduct.tbd

ExtractAppIntentsMetadata (in target 'DependenciesMacros' from project 'swift-dependencies')
    cd /Users/ericwatke/Library/Developer/Xcode/DerivedData/PeerTubeSwift-dpcwhlbrkmudrpgkkujqsfdqnghl/SourcePackages/checkouts/swift-dependencies
    /Applications/Xcode-26.2.0.app/Contents/Developer/Toolchains/XcodeDefault.xctoolchain/usr/bin/appintentsmetadataprocessor --toolchain-dir /Applications/Xcode-26.2.0.app/Contents/Developer/Toolchains/XcodeDefault.xctoolchain --module-name DependenciesMacros --sdk-root /Applications/Xcode-26.2.0.app/Contents/Developer/Platforms/iPhoneSimulator.platform/Developer/SDKs/iPhoneSimulator26.2.sdk --xcode-version 17C52 --platform-family iOS --deployment-target 13.0 --bundle-identifier swift-dependencies.DependenciesMacros --output /Users/ericwatke/Library/Developer/Xcode/DerivedData/PeerTubeSwift-dpcwhlbrkmudrpgkkujqsfdqnghl/Build/Products/Debug-iphonesimulator/DependenciesMacros.appintents --target-triple arm64-apple-ios13.0-simulator --binary-file /Users/ericwatke/Library/Developer/Xcode/DerivedData/PeerTubeSwift-dpcwhlbrkmudrpgkkujqsfdqnghl/Build/Products/Debug-iphonesimulator/DependenciesMacros.o --dependency-file /Users/ericwatke/Library/Developer/Xcode/DerivedData/PeerTubeSwift-dpcwhlbrkmudrpgkkujqsfdqnghl/Build/Intermediates.noindex/swift-dependencies.build/Debug-iphonesimulator/DependenciesMacros.build/Objects-normal/arm64/DependenciesMacros_dependency_info.dat --stringsdata-file /Users/ericwatke/Library/Developer/Xcode/DerivedData/PeerTubeSwift-dpcwhlbrkmudrpgkkujqsfdqnghl/Build/Intermediates.noindex/swift-dependencies.build/Debug-iphonesimulator/DependenciesMacros.build/Objects-normal/arm64/ExtractedAppShortcutsMetadata.stringsdata --source-file-list /Users/ericwatke/Library/Developer/Xcode/DerivedData/PeerTubeSwift-dpcwhlbrkmudrpgkkujqsfdqnghl/Build/Intermediates.noindex/swift-dependencies.build/Debug-iphonesimulator/DependenciesMacros.build/Objects-normal/arm64/DependenciesMacros.SwiftFileList --metadata-file-list /Users/ericwatke/Library/Developer/Xcode/DerivedData/PeerTubeSwift-dpcwhlbrkmudrpgkkujqsfdqnghl/Build/Intermediates.noindex/swift-dependencies.build/Debug-iphonesimulator/DependenciesMacros.build/DependenciesMacros.DependencyMetadataFileList --static-metadata-file-list /Users/ericwatke/Library/Developer/Xcode/DerivedData/PeerTubeSwift-dpcwhlbrkmudrpgkkujqsfdqnghl/Build/Intermediates.noindex/swift-dependencies.build/Debug-iphonesimulator/DependenciesMacros.build/DependenciesMacros.DependencyStaticMetadataFileList --swift-const-vals-list /Users/ericwatke/Library/Developer/Xcode/DerivedData/PeerTubeSwift-dpcwhlbrkmudrpgkkujqsfdqnghl/Build/Intermediates.noindex/swift-dependencies.build/Debug-iphonesimulator/DependenciesMacros.build/Objects-normal/arm64/DependenciesMacros.SwiftConstValuesFileList --force --compile-time-extraction --deployment-aware-processing --validate-assistant-intents --no-app-shortcuts-localization
2026-03-25 20:09:27.386 appintentsmetadataprocessor[26723:1338173] Starting appintentsmetadataprocessor export
2026-03-25 20:09:27.605 appintentsmetadataprocessor[26723:1338173] Extracted no relevant App Intents symbols, skipping writing output

ExtractAppIntentsMetadata (in target 'CustomDump' from project 'swift-custom-dump')
    cd /Users/ericwatke/Library/Developer/Xcode/DerivedData/PeerTubeSwift-dpcwhlbrkmudrpgkkujqsfdqnghl/SourcePackages/checkouts/swift-custom-dump
    /Applications/Xcode-26.2.0.app/Contents/Developer/Toolchains/XcodeDefault.xctoolchain/usr/bin/appintentsmetadataprocessor --toolchain-dir /Applications/Xcode-26.2.0.app/Contents/Developer/Toolchains/XcodeDefault.xctoolchain --module-name CustomDump --sdk-root /Applications/Xcode-26.2.0.app/Contents/Developer/Platforms/iPhoneSimulator.platform/Developer/SDKs/iPhoneSimulator26.2.sdk --xcode-version 17C52 --platform-family iOS --deployment-target 13.0 --bundle-identifier swift-custom-dump.CustomDump --output /Users/ericwatke/Library/Developer/Xcode/DerivedData/PeerTubeSwift-dpcwhlbrkmudrpgkkujqsfdqnghl/Build/Products/Debug-iphonesimulator/CustomDump.appintents --target-triple arm64-apple-ios13.0-simulator --binary-file /Users/ericwatke/Library/Developer/Xcode/DerivedData/PeerTubeSwift-dpcwhlbrkmudrpgkkujqsfdqnghl/Build/Products/Debug-iphonesimulator/CustomDump.o --dependency-file /Users/ericwatke/Library/Developer/Xcode/DerivedData/PeerTubeSwift-dpcwhlbrkmudrpgkkujqsfdqnghl/Build/Intermediates.noindex/swift-custom-dump.build/Debug-iphonesimulator/CustomDump.build/Objects-normal/arm64/CustomDump_dependency_info.dat --stringsdata-file /Users/ericwatke/Library/Developer/Xcode/DerivedData/PeerTubeSwift-dpcwhlbrkmudrpgkkujqsfdqnghl/Build/Intermediates.noindex/swift-custom-dump.build/Debug-iphonesimulator/CustomDump.build/Objects-normal/arm64/ExtractedAppShortcutsMetadata.stringsdata --source-file-list /Users/ericwatke/Library/Developer/Xcode/DerivedData/PeerTubeSwift-dpcwhlbrkmudrpgkkujqsfdqnghl/Build/Intermediates.noindex/swift-custom-dump.build/Debug-iphonesimulator/CustomDump.build/Objects-normal/arm64/CustomDump.SwiftFileList --metadata-file-list /Users/ericwatke/Library/Developer/Xcode/DerivedData/PeerTubeSwift-dpcwhlbrkmudrpgkkujqsfdqnghl/Build/Intermediates.noindex/swift-custom-dump.build/Debug-iphonesimulator/CustomDump.build/CustomDump.DependencyMetadataFileList --static-metadata-file-list /Users/ericwatke/Library/Developer/Xcode/DerivedData/PeerTubeSwift-dpcwhlbrkmudrpgkkujqsfdqnghl/Build/Intermediates.noindex/swift-custom-dump.build/Debug-iphonesimulator/CustomDump.build/CustomDump.DependencyStaticMetadataFileList --swift-const-vals-list /Users/ericwatke/Library/Developer/Xcode/DerivedData/PeerTubeSwift-dpcwhlbrkmudrpgkkujqsfdqnghl/Build/Intermediates.noindex/swift-custom-dump.build/Debug-iphonesimulator/CustomDump.build/Objects-normal/arm64/CustomDump.SwiftConstValuesFileList --force --compile-time-extraction --deployment-aware-processing --validate-assistant-intents --no-app-shortcuts-localization
2026-03-25 20:09:27.449 appintentsmetadataprocessor[26724:1338177] Starting appintentsmetadataprocessor export
2026-03-25 20:09:27.673 appintentsmetadataprocessor[26724:1338177] Extracted no relevant App Intents symbols, skipping writing output

ExtractAppIntentsMetadata (in target 'CasePathsCore' from project 'swift-case-paths')
    cd /Users/ericwatke/Library/Developer/Xcode/DerivedData/PeerTubeSwift-dpcwhlbrkmudrpgkkujqsfdqnghl/SourcePackages/checkouts/swift-case-paths
    /Applications/Xcode-26.2.0.app/Contents/Developer/Toolchains/XcodeDefault.xctoolchain/usr/bin/appintentsmetadataprocessor --toolchain-dir /Applications/Xcode-26.2.0.app/Contents/Developer/Toolchains/XcodeDefault.xctoolchain --module-name CasePathsCore --sdk-root /Applications/Xcode-26.2.0.app/Contents/Developer/Platforms/iPhoneSimulator.platform/Developer/SDKs/iPhoneSimulator26.2.sdk --xcode-version 17C52 --platform-family iOS --deployment-target 13.0 --bundle-identifier swift-case-paths.CasePathsCore --output /Users/ericwatke/Library/Developer/Xcode/DerivedData/PeerTubeSwift-dpcwhlbrkmudrpgkkujqsfdqnghl/Build/Products/Debug-iphonesimulator/CasePathsCore.appintents --target-triple arm64-apple-ios13.0-simulator --binary-file /Users/ericwatke/Library/Developer/Xcode/DerivedData/PeerTubeSwift-dpcwhlbrkmudrpgkkujqsfdqnghl/Build/Products/Debug-iphonesimulator/CasePathsCore.o --dependency-file /Users/ericwatke/Library/Developer/Xcode/DerivedData/PeerTubeSwift-dpcwhlbrkmudrpgkkujqsfdqnghl/Build/Intermediates.noindex/swift-case-paths.build/Debug-iphonesimulator/CasePathsCore.build/Objects-normal/arm64/CasePathsCore_dependency_info.dat --stringsdata-file /Users/ericwatke/Library/Developer/Xcode/DerivedData/PeerTubeSwift-dpcwhlbrkmudrpgkkujqsfdqnghl/Build/Intermediates.noindex/swift-case-paths.build/Debug-iphonesimulator/CasePathsCore.build/Objects-normal/arm64/ExtractedAppShortcutsMetadata.stringsdata --source-file-list /Users/ericwatke/Library/Developer/Xcode/DerivedData/PeerTubeSwift-dpcwhlbrkmudrpgkkujqsfdqnghl/Build/Intermediates.noindex/swift-case-paths.build/Debug-iphonesimulator/CasePathsCore.build/Objects-normal/arm64/CasePathsCore.SwiftFileList --metadata-file-list /Users/ericwatke/Library/Developer/Xcode/DerivedData/PeerTubeSwift-dpcwhlbrkmudrpgkkujqsfdqnghl/Build/Intermediates.noindex/swift-case-paths.build/Debug-iphonesimulator/CasePathsCore.build/CasePathsCore.DependencyMetadataFileList --static-metadata-file-list /Users/ericwatke/Library/Developer/Xcode/DerivedData/PeerTubeSwift-dpcwhlbrkmudrpgkkujqsfdqnghl/Build/Intermediates.noindex/swift-case-paths.build/Debug-iphonesimulator/CasePathsCore.build/CasePathsCore.DependencyStaticMetadataFileList --swift-const-vals-list /Users/ericwatke/Library/Developer/Xcode/DerivedData/PeerTubeSwift-dpcwhlbrkmudrpgkkujqsfdqnghl/Build/Intermediates.noindex/swift-case-paths.build/Debug-iphonesimulator/CasePathsCore.build/Objects-normal/arm64/CasePathsCore.SwiftConstValuesFileList --force --compile-time-extraction --deployment-aware-processing --validate-assistant-intents --no-app-shortcuts-localization
2026-03-25 20:09:27.487 appintentsmetadataprocessor[26725:1338186] Starting appintentsmetadataprocessor export
2026-03-25 20:09:27.723 appintentsmetadataprocessor[26725:1338186] Extracted no relevant App Intents symbols, skipping writing output

ExtractAppIntentsMetadata (in target 'StructuredQueriesSQLite' from project 'swift-structured-queries')
    cd /Users/ericwatke/Library/Developer/Xcode/DerivedData/PeerTubeSwift-dpcwhlbrkmudrpgkkujqsfdqnghl/SourcePackages/checkouts/swift-structured-queries
    /Applications/Xcode-26.2.0.app/Contents/Developer/Toolchains/XcodeDefault.xctoolchain/usr/bin/appintentsmetadataprocessor --toolchain-dir /Applications/Xcode-26.2.0.app/Contents/Developer/Toolchains/XcodeDefault.xctoolchain --module-name StructuredQueriesSQLite --sdk-root /Applications/Xcode-26.2.0.app/Contents/Developer/Platforms/iPhoneSimulator.platform/Developer/SDKs/iPhoneSimulator26.2.sdk --xcode-version 17C52 --platform-family iOS --deployment-target 13.0 --bundle-identifier swift-structured-queries.StructuredQueriesSQLite --output /Users/ericwatke/Library/Developer/Xcode/DerivedData/PeerTubeSwift-dpcwhlbrkmudrpgkkujqsfdqnghl/Build/Products/Debug-iphonesimulator/StructuredQueriesSQLite.appintents --target-triple arm64-apple-ios13.0-simulator --binary-file /Users/ericwatke/Library/Developer/Xcode/DerivedData/PeerTubeSwift-dpcwhlbrkmudrpgkkujqsfdqnghl/Build/Products/Debug-iphonesimulator/StructuredQueriesSQLite.o --dependency-file /Users/ericwatke/Library/Developer/Xcode/DerivedData/PeerTubeSwift-dpcwhlbrkmudrpgkkujqsfdqnghl/Build/Intermediates.noindex/swift-structured-queries.build/Debug-iphonesimulator/StructuredQueriesSQLite.build/Objects-normal/arm64/StructuredQueriesSQLite_dependency_info.dat --stringsdata-file /Users/ericwatke/Library/Developer/Xcode/DerivedData/PeerTubeSwift-dpcwhlbrkmudrpgkkujqsfdqnghl/Build/Intermediates.noindex/swift-structured-queries.build/Debug-iphonesimulator/StructuredQueriesSQLite.build/Objects-normal/arm64/ExtractedAppShortcutsMetadata.stringsdata --source-file-list /Users/ericwatke/Library/Developer/Xcode/DerivedData/PeerTubeSwift-dpcwhlbrkmudrpgkkujqsfdqnghl/Build/Intermediates.noindex/swift-structured-queries.build/Debug-iphonesimulator/StructuredQueriesSQLite.build/Objects-normal/arm64/StructuredQueriesSQLite.SwiftFileList --metadata-file-list /Users/ericwatke/Library/Developer/Xcode/DerivedData/PeerTubeSwift-dpcwhlbrkmudrpgkkujqsfdqnghl/Build/Intermediates.noindex/swift-structured-queries.build/Debug-iphonesimulator/StructuredQueriesSQLite.build/StructuredQueriesSQLite.DependencyMetadataFileList --static-metadata-file-list /Users/ericwatke/Library/Developer/Xcode/DerivedData/PeerTubeSwift-dpcwhlbrkmudrpgkkujqsfdqnghl/Build/Intermediates.noindex/swift-structured-queries.build/Debug-iphonesimulator/StructuredQueriesSQLite.build/StructuredQueriesSQLite.DependencyStaticMetadataFileList --swift-const-vals-list /Users/ericwatke/Library/Developer/Xcode/DerivedData/PeerTubeSwift-dpcwhlbrkmudrpgkkujqsfdqnghl/Build/Intermediates.noindex/swift-structured-queries.build/Debug-iphonesimulator/StructuredQueriesSQLite.build/Objects-normal/arm64/StructuredQueriesSQLite.SwiftConstValuesFileList --force --compile-time-extraction --deployment-aware-processing --validate-assistant-intents --no-app-shortcuts-localization
2026-03-25 20:09:27.658 appintentsmetadataprocessor[26726:1338193] Starting appintentsmetadataprocessor export
2026-03-25 20:09:27.892 appintentsmetadataprocessor[26726:1338193] Extracted no relevant App Intents symbols, skipping writing output

Ld /Users/ericwatke/Library/Developer/Xcode/DerivedData/PeerTubeSwift-dpcwhlbrkmudrpgkkujqsfdqnghl/Build/Products/Debug-iphonesimulator/PackageFrameworks/CustomDump_169F2B173C94B61B_PackageProduct.framework/CustomDump_169F2B173C94B61B_PackageProduct normal (in target 'CustomDump' from project 'swift-custom-dump')
    cd /Users/ericwatke/Library/Developer/Xcode/DerivedData/PeerTubeSwift-dpcwhlbrkmudrpgkkujqsfdqnghl/SourcePackages/checkouts/swift-custom-dump
    /Applications/Xcode-26.2.0.app/Contents/Developer/Toolchains/XcodeDefault.xctoolchain/usr/bin/clang -Xlinker -reproducible -target arm64-apple-ios13.0-simulator -dynamiclib -isysroot /Applications/Xcode-26.2.0.app/Contents/Developer/Platforms/iPhoneSimulator.platform/Developer/SDKs/iPhoneSimulator26.2.sdk -O0 -w -L/Users/ericwatke/Library/Developer/Xcode/DerivedData/PeerTubeSwift-dpcwhlbrkmudrpgkkujqsfdqnghl/Build/Intermediates.noindex/EagerLinkingTBDs/Debug-iphonesimulator -L/Users/ericwatke/Library/Developer/Xcode/DerivedData/PeerTubeSwift-dpcwhlbrkmudrpgkkujqsfdqnghl/Build/Products/Debug-iphonesimulator -L/Applications/Xcode-26.2.0.app/Contents/Developer/Platforms/iPhoneSimulator.platform/Developer/usr/lib -F/Users/ericwatke/Library/Developer/Xcode/DerivedData/PeerTubeSwift-dpcwhlbrkmudrpgkkujqsfdqnghl/Build/Intermediates.noindex/EagerLinkingTBDs/Debug-iphonesimulator -F/Users/ericwatke/Library/Developer/Xcode/DerivedData/PeerTubeSwift-dpcwhlbrkmudrpgkkujqsfdqnghl/Build/Products/Debug-iphonesimulator/PackageFrameworks -F/Users/ericwatke/Library/Developer/Xcode/DerivedData/PeerTubeSwift-dpcwhlbrkmudrpgkkujqsfdqnghl/Build/Products/Debug-iphonesimulator/PackageFrameworks -F/Users/ericwatke/Library/Developer/Xcode/DerivedData/PeerTubeSwift-dpcwhlbrkmudrpgkkujqsfdqnghl/Build/Products/Debug-iphonesimulator/PackageFrameworks -F/Users/ericwatke/Library/Developer/Xcode/DerivedData/PeerTubeSwift-dpcwhlbrkmudrpgkkujqsfdqnghl/Build/Products/Debug-iphonesimulator/PackageFrameworks -F/Users/ericwatke/Library/Developer/Xcode/DerivedData/PeerTubeSwift-dpcwhlbrkmudrpgkkujqsfdqnghl/Build/Products/Debug-iphonesimulator -iframework /Applications/Xcode-26.2.0.app/Contents/Developer/Platforms/iPhoneSimulator.platform/Developer/Library/Frameworks -iframework /Applications/Xcode-26.2.0.app/Contents/Developer/Platforms/iPhoneSimulator.platform/Developer/SDKs/iPhoneSimulator26.2.sdk/Developer/Library/Frameworks -filelist /Users/ericwatke/Library/Developer/Xcode/DerivedData/PeerTubeSwift-dpcwhlbrkmudrpgkkujqsfdqnghl/Build/Intermediates.noindex/swift-custom-dump.build/Debug-iphonesimulator/CustomDump\ product.build/Objects-normal/arm64/CustomDump_169F2B173C94B61B_PackageProduct.LinkFileList -install_name @rpath/CustomDump_169F2B173C94B61B_PackageProduct.framework/CustomDump_169F2B173C94B61B_PackageProduct -Xlinker -rpath -Xlinker /usr/lib/swift -Xlinker -rpath -Xlinker /Users/ericwatke/Library/Developer/Xcode/DerivedData/PeerTubeSwift-dpcwhlbrkmudrpgkkujqsfdqnghl/Build/Products/Debug-iphonesimulator/PackageFrameworks -dead_strip -Xlinker -object_path_lto -Xlinker /Users/ericwatke/Library/Developer/Xcode/DerivedData/PeerTubeSwift-dpcwhlbrkmudrpgkkujqsfdqnghl/Build/Intermediates.noindex/swift-custom-dump.build/Debug-iphonesimulator/CustomDump\ product.build/Objects-normal/arm64/CustomDump_169F2B173C94B61B_PackageProduct_lto.o -rdynamic -Xlinker -no_deduplicate -Xlinker -objc_abi_version -Xlinker 2 -Xlinker -debug_variant -Xlinker -dependency_info -Xlinker /Users/ericwatke/Library/Developer/Xcode/DerivedData/PeerTubeSwift-dpcwhlbrkmudrpgkkujqsfdqnghl/Build/Intermediates.noindex/swift-custom-dump.build/Debug-iphonesimulator/CustomDump\ product.build/Objects-normal/arm64/CustomDump_169F2B173C94B61B_PackageProduct_dependency_info.dat -fobjc-link-runtime -fprofile-instr-generate -L/Applications/Xcode-26.2.0.app/Contents/Developer/Toolchains/XcodeDefault.xctoolchain/usr/lib/swift/iphonesimulator -L/usr/lib/swift -Wl,-no_warn_duplicate_libraries -Wl,-no_warn_duplicate_libraries -Wl,-no_warn_duplicate_libraries -Wl,-no_warn_duplicate_libraries /Users/ericwatke/Library/Developer/Xcode/DerivedData/PeerTubeSwift-dpcwhlbrkmudrpgkkujqsfdqnghl/Build/Products/Debug-iphonesimulator/PackageFrameworks/IssueReporting.framework/IssueReporting /Users/ericwatke/Library/Developer/Xcode/DerivedData/PeerTubeSwift-dpcwhlbrkmudrpgkkujqsfdqnghl/Build/Products/Debug-iphonesimulator/PackageFrameworks/IssueReportingPackageSupport.framework/IssueReportingPackageSupport /Users/ericwatke/Library/Developer/Xcode/DerivedData/PeerTubeSwift-dpcwhlbrkmudrpgkkujqsfdqnghl/Build/Products/Debug-iphonesimulator/PackageFrameworks/XCTestDynamicOverlay_6187313334988FF6_PackageProduct.framework/XCTestDynamicOverlay_6187313334988FF6_PackageProduct -o /Users/ericwatke/Library/Developer/Xcode/DerivedData/PeerTubeSwift-dpcwhlbrkmudrpgkkujqsfdqnghl/Build/Products/Debug-iphonesimulator/PackageFrameworks/CustomDump_169F2B173C94B61B_PackageProduct.framework/CustomDump_169F2B173C94B61B_PackageProduct -Xlinker -add_ast_path -Xlinker /Users/ericwatke/Library/Developer/Xcode/DerivedData/PeerTubeSwift-dpcwhlbrkmudrpgkkujqsfdqnghl/Build/Intermediates.noindex/swift-custom-dump.build/Debug-iphonesimulator/CustomDump.build/Objects-normal/arm64/CustomDump.swiftmodule @/Users/ericwatke/Library/Developer/Xcode/DerivedData/PeerTubeSwift-dpcwhlbrkmudrpgkkujqsfdqnghl/Build/Intermediates.noindex/swift-custom-dump.build/Debug-iphonesimulator/CustomDump.build/Objects-normal/arm64/CustomDump-linker-args.resp

ProcessInfoPlistFile /Users/ericwatke/Library/Developer/Xcode/DerivedData/PeerTubeSwift-dpcwhlbrkmudrpgkkujqsfdqnghl/Build/Products/Debug-iphonesimulator/PackageFrameworks/CustomDump_169F2B173C94B61B_PackageProduct.framework/Info.plist /Users/ericwatke/Library/Developer/Xcode/DerivedData/PeerTubeSwift-dpcwhlbrkmudrpgkkujqsfdqnghl/Build/Intermediates.noindex/swift-custom-dump.build/Debug-iphonesimulator/CustomDump\ product.build/empty-CustomDump_169F2B173C94B61B_PackageProduct.plist (in target 'CustomDump' from project 'swift-custom-dump')
    cd /Users/ericwatke/Library/Developer/Xcode/DerivedData/PeerTubeSwift-dpcwhlbrkmudrpgkkujqsfdqnghl/SourcePackages/checkouts/swift-custom-dump
    builtin-infoPlistUtility /Users/ericwatke/Library/Developer/Xcode/DerivedData/PeerTubeSwift-dpcwhlbrkmudrpgkkujqsfdqnghl/Build/Intermediates.noindex/swift-custom-dump.build/Debug-iphonesimulator/CustomDump\ product.build/empty-CustomDump_169F2B173C94B61B_PackageProduct.plist -producttype com.apple.product-type.framework -expandbuildsettings -format binary -platform iphonesimulator -o /Users/ericwatke/Library/Developer/Xcode/DerivedData/PeerTubeSwift-dpcwhlbrkmudrpgkkujqsfdqnghl/Build/Products/Debug-iphonesimulator/PackageFrameworks/CustomDump_169F2B173C94B61B_PackageProduct.framework/Info.plist

GenerateTAPI /Users/ericwatke/Library/Developer/Xcode/DerivedData/PeerTubeSwift-dpcwhlbrkmudrpgkkujqsfdqnghl/Build/Intermediates.noindex/EagerLinkingTBDs/Debug-iphonesimulator/Clocks_17A223499E7CA5_PackageProduct.framework/Clocks_17A223499E7CA5_PackageProduct.tbd (in target 'Clocks' from project 'swift-clocks')
    cd /Users/ericwatke/Library/Developer/Xcode/DerivedData/PeerTubeSwift-dpcwhlbrkmudrpgkkujqsfdqnghl/SourcePackages/checkouts/swift-clocks
    /Applications/Xcode-26.2.0.app/Contents/Developer/Toolchains/XcodeDefault.xctoolchain/usr/bin/tapi stubify -isysroot /Applications/Xcode-26.2.0.app/Contents/Developer/Platforms/iPhoneSimulator.platform/Developer/SDKs/iPhoneSimulator26.2.sdk -F/Users/ericwatke/Library/Developer/Xcode/DerivedData/PeerTubeSwift-dpcwhlbrkmudrpgkkujqsfdqnghl/Build/Products/Debug-iphonesimulator/PackageFrameworks -F/Users/ericwatke/Library/Developer/Xcode/DerivedData/PeerTubeSwift-dpcwhlbrkmudrpgkkujqsfdqnghl/Build/Products/Debug-iphonesimulator/PackageFrameworks -F/Users/ericwatke/Library/Developer/Xcode/DerivedData/PeerTubeSwift-dpcwhlbrkmudrpgkkujqsfdqnghl/Build/Products/Debug-iphonesimulator/PackageFrameworks -F/Users/ericwatke/Library/Developer/Xcode/DerivedData/PeerTubeSwift-dpcwhlbrkmudrpgkkujqsfdqnghl/Build/Products/Debug-iphonesimulator/PackageFrameworks -F/Users/ericwatke/Library/Developer/Xcode/DerivedData/PeerTubeSwift-dpcwhlbrkmudrpgkkujqsfdqnghl/Build/Products/Debug-iphonesimulator -iframework /Applications/Xcode-26.2.0.app/Contents/Developer/Platforms/iPhoneSimulator.platform/Developer/Library/Frameworks -iframework /Applications/Xcode-26.2.0.app/Contents/Developer/Platforms/iPhoneSimulator.platform/Developer/SDKs/iPhoneSimulator26.2.sdk/Developer/Library/Frameworks -L/Users/ericwatke/Library/Developer/Xcode/DerivedData/PeerTubeSwift-dpcwhlbrkmudrpgkkujqsfdqnghl/Build/Products/Debug-iphonesimulator -L/Applications/Xcode-26.2.0.app/Contents/Developer/Platforms/iPhoneSimulator.platform/Developer/usr/lib /Users/ericwatke/Library/Developer/Xcode/DerivedData/PeerTubeSwift-dpcwhlbrkmudrpgkkujqsfdqnghl/Build/Products/Debug-iphonesimulator/PackageFrameworks/Clocks_17A223499E7CA5_PackageProduct.framework/Clocks_17A223499E7CA5_PackageProduct -o /Users/ericwatke/Library/Developer/Xcode/DerivedData/PeerTubeSwift-dpcwhlbrkmudrpgkkujqsfdqnghl/Build/Intermediates.noindex/EagerLinkingTBDs/Debug-iphonesimulator/Clocks_17A223499E7CA5_PackageProduct.framework/Clocks_17A223499E7CA5_PackageProduct.tbd

ExtractAppIntentsMetadata (in target 'CasePaths' from project 'swift-case-paths')
    cd /Users/ericwatke/Library/Developer/Xcode/DerivedData/PeerTubeSwift-dpcwhlbrkmudrpgkkujqsfdqnghl/SourcePackages/checkouts/swift-case-paths
    /Applications/Xcode-26.2.0.app/Contents/Developer/Toolchains/XcodeDefault.xctoolchain/usr/bin/appintentsmetadataprocessor --toolchain-dir /Applications/Xcode-26.2.0.app/Contents/Developer/Toolchains/XcodeDefault.xctoolchain --module-name CasePaths --sdk-root /Applications/Xcode-26.2.0.app/Contents/Developer/Platforms/iPhoneSimulator.platform/Developer/SDKs/iPhoneSimulator26.2.sdk --xcode-version 17C52 --platform-family iOS --deployment-target 13.0 --bundle-identifier swift-case-paths.CasePaths --output /Users/ericwatke/Library/Developer/Xcode/DerivedData/PeerTubeSwift-dpcwhlbrkmudrpgkkujqsfdqnghl/Build/Products/Debug-iphonesimulator/CasePaths.appintents --target-triple arm64-apple-ios13.0-simulator --binary-file /Users/ericwatke/Library/Developer/Xcode/DerivedData/PeerTubeSwift-dpcwhlbrkmudrpgkkujqsfdqnghl/Build/Products/Debug-iphonesimulator/CasePaths.o --dependency-file /Users/ericwatke/Library/Developer/Xcode/DerivedData/PeerTubeSwift-dpcwhlbrkmudrpgkkujqsfdqnghl/Build/Intermediates.noindex/swift-case-paths.build/Debug-iphonesimulator/CasePaths.build/Objects-normal/arm64/CasePaths_dependency_info.dat --stringsdata-file /Users/ericwatke/Library/Developer/Xcode/DerivedData/PeerTubeSwift-dpcwhlbrkmudrpgkkujqsfdqnghl/Build/Intermediates.noindex/swift-case-paths.build/Debug-iphonesimulator/CasePaths.build/Objects-normal/arm64/ExtractedAppShortcutsMetadata.stringsdata --source-file-list /Users/ericwatke/Library/Developer/Xcode/DerivedData/PeerTubeSwift-dpcwhlbrkmudrpgkkujqsfdqnghl/Build/Intermediates.noindex/swift-case-paths.build/Debug-iphonesimulator/CasePaths.build/Objects-normal/arm64/CasePaths.SwiftFileList --metadata-file-list /Users/ericwatke/Library/Developer/Xcode/DerivedData/PeerTubeSwift-dpcwhlbrkmudrpgkkujqsfdqnghl/Build/Intermediates.noindex/swift-case-paths.build/Debug-iphonesimulator/CasePaths.build/CasePaths.DependencyMetadataFileList --static-metadata-file-list /Users/ericwatke/Library/Developer/Xcode/DerivedData/PeerTubeSwift-dpcwhlbrkmudrpgkkujqsfdqnghl/Build/Intermediates.noindex/swift-case-paths.build/Debug-iphonesimulator/CasePaths.build/CasePaths.DependencyStaticMetadataFileList --swift-const-vals-list /Users/ericwatke/Library/Developer/Xcode/DerivedData/PeerTubeSwift-dpcwhlbrkmudrpgkkujqsfdqnghl/Build/Intermediates.noindex/swift-case-paths.build/Debug-iphonesimulator/CasePaths.build/Objects-normal/arm64/CasePaths.SwiftConstValuesFileList --force --compile-time-extraction --deployment-aware-processing --validate-assistant-intents --no-app-shortcuts-localization
2026-03-25 20:09:27.773 appintentsmetadataprocessor[26730:1338202] Starting appintentsmetadataprocessor export
2026-03-25 20:09:28.031 appintentsmetadataprocessor[26730:1338202] Extracted no relevant App Intents symbols, skipping writing output

ExtractAppIntentsMetadata (in target 'PerceptionCore' from project 'swift-perception')
    cd /Users/ericwatke/Library/Developer/Xcode/DerivedData/PeerTubeSwift-dpcwhlbrkmudrpgkkujqsfdqnghl/SourcePackages/checkouts/swift-perception
    /Applications/Xcode-26.2.0.app/Contents/Developer/Toolchains/XcodeDefault.xctoolchain/usr/bin/appintentsmetadataprocessor --toolchain-dir /Applications/Xcode-26.2.0.app/Contents/Developer/Toolchains/XcodeDefault.xctoolchain --module-name PerceptionCore --sdk-root /Applications/Xcode-26.2.0.app/Contents/Developer/Platforms/iPhoneSimulator.platform/Developer/SDKs/iPhoneSimulator26.2.sdk --xcode-version 17C52 --platform-family iOS --deployment-target 13.0 --bundle-identifier swift-perception.PerceptionCore --output /Users/ericwatke/Library/Developer/Xcode/DerivedData/PeerTubeSwift-dpcwhlbrkmudrpgkkujqsfdqnghl/Build/Products/Debug-iphonesimulator/PackageFrameworks/PerceptionCore.framework --target-triple arm64-apple-ios13.0-simulator --binary-file /Users/ericwatke/Library/Developer/Xcode/DerivedData/PeerTubeSwift-dpcwhlbrkmudrpgkkujqsfdqnghl/Build/Products/Debug-iphonesimulator/PackageFrameworks/PerceptionCore.framework/PerceptionCore --dependency-file /Users/ericwatke/Library/Developer/Xcode/DerivedData/PeerTubeSwift-dpcwhlbrkmudrpgkkujqsfdqnghl/Build/Intermediates.noindex/swift-perception.build/Debug-iphonesimulator/PerceptionCore.build/Objects-normal/arm64/PerceptionCore_dependency_info.dat --stringsdata-file /Users/ericwatke/Library/Developer/Xcode/DerivedData/PeerTubeSwift-dpcwhlbrkmudrpgkkujqsfdqnghl/Build/Intermediates.noindex/swift-perception.build/Debug-iphonesimulator/PerceptionCore.build/Objects-normal/arm64/ExtractedAppShortcutsMetadata.stringsdata --source-file-list /Users/ericwatke/Library/Developer/Xcode/DerivedData/PeerTubeSwift-dpcwhlbrkmudrpgkkujqsfdqnghl/Build/Intermediates.noindex/swift-perception.build/Debug-iphonesimulator/PerceptionCore.build/Objects-normal/arm64/PerceptionCore.SwiftFileList --metadata-file-list /Users/ericwatke/Library/Developer/Xcode/DerivedData/PeerTubeSwift-dpcwhlbrkmudrpgkkujqsfdqnghl/Build/Intermediates.noindex/swift-perception.build/Debug-iphonesimulator/PerceptionCore.build/PerceptionCore.DependencyMetadataFileList --static-metadata-file-list /Users/ericwatke/Library/Developer/Xcode/DerivedData/PeerTubeSwift-dpcwhlbrkmudrpgkkujqsfdqnghl/Build/Intermediates.noindex/swift-perception.build/Debug-iphonesimulator/PerceptionCore.build/PerceptionCore.DependencyStaticMetadataFileList --swift-const-vals-list /Users/ericwatke/Library/Developer/Xcode/DerivedData/PeerTubeSwift-dpcwhlbrkmudrpgkkujqsfdqnghl/Build/Intermediates.noindex/swift-perception.build/Debug-iphonesimulator/PerceptionCore.build/Objects-normal/arm64/PerceptionCore.SwiftConstValuesFileList --compile-time-extraction --deployment-aware-processing --validate-assistant-intents --no-app-shortcuts-localization
2026-03-25 20:09:27.822 appintentsmetadataprocessor[26731:1338219] Starting appintentsmetadataprocessor export
2026-03-25 20:09:27.824 appintentsmetadataprocessor[26731:1338219] warning: Metadata extraction skipped. No AppIntents.framework dependency found.

GenerateTAPI /Users/ericwatke/Library/Developer/Xcode/DerivedData/PeerTubeSwift-dpcwhlbrkmudrpgkkujqsfdqnghl/Build/Intermediates.noindex/EagerLinkingTBDs/Debug-iphonesimulator/CombineSchedulers_-54F188414C11E20_PackageProduct.framework/CombineSchedulers_-54F188414C11E20_PackageProduct.tbd (in target 'CombineSchedulers' from project 'combine-schedulers')
    cd /Users/ericwatke/Library/Developer/Xcode/DerivedData/PeerTubeSwift-dpcwhlbrkmudrpgkkujqsfdqnghl/SourcePackages/checkouts/combine-schedulers
    /Applications/Xcode-26.2.0.app/Contents/Developer/Toolchains/XcodeDefault.xctoolchain/usr/bin/tapi stubify -isysroot /Applications/Xcode-26.2.0.app/Contents/Developer/Platforms/iPhoneSimulator.platform/Developer/SDKs/iPhoneSimulator26.2.sdk -F/Users/ericwatke/Library/Developer/Xcode/DerivedData/PeerTubeSwift-dpcwhlbrkmudrpgkkujqsfdqnghl/Build/Products/Debug-iphonesimulator/PackageFrameworks -F/Users/ericwatke/Library/Developer/Xcode/DerivedData/PeerTubeSwift-dpcwhlbrkmudrpgkkujqsfdqnghl/Build/Products/Debug-iphonesimulator/PackageFrameworks -F/Users/ericwatke/Library/Developer/Xcode/DerivedData/PeerTubeSwift-dpcwhlbrkmudrpgkkujqsfdqnghl/Build/Products/Debug-iphonesimulator/PackageFrameworks -F/Users/ericwatke/Library/Developer/Xcode/DerivedData/PeerTubeSwift-dpcwhlbrkmudrpgkkujqsfdqnghl/Build/Products/Debug-iphonesimulator/PackageFrameworks -F/Users/ericwatke/Library/Developer/Xcode/DerivedData/PeerTubeSwift-dpcwhlbrkmudrpgkkujqsfdqnghl/Build/Products/Debug-iphonesimulator -iframework /Applications/Xcode-26.2.0.app/Contents/Developer/Platforms/iPhoneSimulator.platform/Developer/Library/Frameworks -iframework /Applications/Xcode-26.2.0.app/Contents/Developer/Platforms/iPhoneSimulator.platform/Developer/SDKs/iPhoneSimulator26.2.sdk/Developer/Library/Frameworks -L/Users/ericwatke/Library/Developer/Xcode/DerivedData/PeerTubeSwift-dpcwhlbrkmudrpgkkujqsfdqnghl/Build/Products/Debug-iphonesimulator -L/Applications/Xcode-26.2.0.app/Contents/Developer/Platforms/iPhoneSimulator.platform/Developer/usr/lib /Users/ericwatke/Library/Developer/Xcode/DerivedData/PeerTubeSwift-dpcwhlbrkmudrpgkkujqsfdqnghl/Build/Products/Debug-iphonesimulator/PackageFrameworks/CombineSchedulers_-54F188414C11E20_PackageProduct.framework/CombineSchedulers_-54F188414C11E20_PackageProduct -o /Users/ericwatke/Library/Developer/Xcode/DerivedData/PeerTubeSwift-dpcwhlbrkmudrpgkkujqsfdqnghl/Build/Intermediates.noindex/EagerLinkingTBDs/Debug-iphonesimulator/CombineSchedulers_-54F188414C11E20_PackageProduct.framework/CombineSchedulers_-54F188414C11E20_PackageProduct.tbd

ExtractAppIntentsMetadata (in target 'Dependencies' from project 'swift-dependencies')
    cd /Users/ericwatke/Library/Developer/Xcode/DerivedData/PeerTubeSwift-dpcwhlbrkmudrpgkkujqsfdqnghl/SourcePackages/checkouts/swift-dependencies
    /Applications/Xcode-26.2.0.app/Contents/Developer/Toolchains/XcodeDefault.xctoolchain/usr/bin/appintentsmetadataprocessor --toolchain-dir /Applications/Xcode-26.2.0.app/Contents/Developer/Toolchains/XcodeDefault.xctoolchain --module-name Dependencies --sdk-root /Applications/Xcode-26.2.0.app/Contents/Developer/Platforms/iPhoneSimulator.platform/Developer/SDKs/iPhoneSimulator26.2.sdk --xcode-version 17C52 --platform-family iOS --deployment-target 13.0 --bundle-identifier swift-dependencies.Dependencies --output /Users/ericwatke/Library/Developer/Xcode/DerivedData/PeerTubeSwift-dpcwhlbrkmudrpgkkujqsfdqnghl/Build/Products/Debug-iphonesimulator/Dependencies.appintents --target-triple arm64-apple-ios13.0-simulator --binary-file /Users/ericwatke/Library/Developer/Xcode/DerivedData/PeerTubeSwift-dpcwhlbrkmudrpgkkujqsfdqnghl/Build/Products/Debug-iphonesimulator/Dependencies.o --dependency-file /Users/ericwatke/Library/Developer/Xcode/DerivedData/PeerTubeSwift-dpcwhlbrkmudrpgkkujqsfdqnghl/Build/Intermediates.noindex/swift-dependencies.build/Debug-iphonesimulator/Dependencies.build/Objects-normal/arm64/Dependencies_dependency_info.dat --stringsdata-file /Users/ericwatke/Library/Developer/Xcode/DerivedData/PeerTubeSwift-dpcwhlbrkmudrpgkkujqsfdqnghl/Build/Intermediates.noindex/swift-dependencies.build/Debug-iphonesimulator/Dependencies.build/Objects-normal/arm64/ExtractedAppShortcutsMetadata.stringsdata --source-file-list /Users/ericwatke/Library/Developer/Xcode/DerivedData/PeerTubeSwift-dpcwhlbrkmudrpgkkujqsfdqnghl/Build/Intermediates.noindex/swift-dependencies.build/Debug-iphonesimulator/Dependencies.build/Objects-normal/arm64/Dependencies.SwiftFileList --metadata-file-list /Users/ericwatke/Library/Developer/Xcode/DerivedData/PeerTubeSwift-dpcwhlbrkmudrpgkkujqsfdqnghl/Build/Intermediates.noindex/swift-dependencies.build/Debug-iphonesimulator/Dependencies.build/Dependencies.DependencyMetadataFileList --static-metadata-file-list /Users/ericwatke/Library/Developer/Xcode/DerivedData/PeerTubeSwift-dpcwhlbrkmudrpgkkujqsfdqnghl/Build/Intermediates.noindex/swift-dependencies.build/Debug-iphonesimulator/Dependencies.build/Dependencies.DependencyStaticMetadataFileList --swift-const-vals-list /Users/ericwatke/Library/Developer/Xcode/DerivedData/PeerTubeSwift-dpcwhlbrkmudrpgkkujqsfdqnghl/Build/Intermediates.noindex/swift-dependencies.build/Debug-iphonesimulator/Dependencies.build/Objects-normal/arm64/Dependencies.SwiftConstValuesFileList --force --compile-time-extraction --deployment-aware-processing --validate-assistant-intents --no-app-shortcuts-localization
2026-03-25 20:09:27.826 appintentsmetadataprocessor[26733:1338221] Starting appintentsmetadataprocessor export
2026-03-25 20:09:28.064 appintentsmetadataprocessor[26733:1338221] Extracted no relevant App Intents symbols, skipping writing output

AppIntentsSSUTraining (in target 'PerceptionCore' from project 'swift-perception')
    cd /Users/ericwatke/Library/Developer/Xcode/DerivedData/PeerTubeSwift-dpcwhlbrkmudrpgkkujqsfdqnghl/SourcePackages/checkouts/swift-perception
    /Applications/Xcode-26.2.0.app/Contents/Developer/Toolchains/XcodeDefault.xctoolchain/usr/bin/appintentsnltrainingprocessor --infoplist-path /Users/ericwatke/Library/Developer/Xcode/DerivedData/PeerTubeSwift-dpcwhlbrkmudrpgkkujqsfdqnghl/Build/Products/Debug-iphonesimulator/PackageFrameworks/PerceptionCore.framework/Info.plist --temp-dir-path /Users/ericwatke/Library/Developer/Xcode/DerivedData/PeerTubeSwift-dpcwhlbrkmudrpgkkujqsfdqnghl/Build/Intermediates.noindex/swift-perception.build/Debug-iphonesimulator/PerceptionCore.build/ssu --bundle-id swift-perception.PerceptionCore --product-path /Users/ericwatke/Library/Developer/Xcode/DerivedData/PeerTubeSwift-dpcwhlbrkmudrpgkkujqsfdqnghl/Build/Products/Debug-iphonesimulator/PackageFrameworks/PerceptionCore.framework --extracted-metadata-path /Users/ericwatke/Library/Developer/Xcode/DerivedData/PeerTubeSwift-dpcwhlbrkmudrpgkkujqsfdqnghl/Build/Products/Debug-iphonesimulator/PackageFrameworks/PerceptionCore.framework/Metadata.appintents --metadata-file-list /Users/ericwatke/Library/Developer/Xcode/DerivedData/PeerTubeSwift-dpcwhlbrkmudrpgkkujqsfdqnghl/Build/Intermediates.noindex/swift-perception.build/Debug-iphonesimulator/PerceptionCore.build/PerceptionCore.DependencyMetadataFileList --archive-ssu-assets
2026-03-25 20:09:27.865 appintentsnltrainingprocessor[26734:1338224] Parsing options for appintentsnltrainingprocessor
2026-03-25 20:09:27.885 appintentsnltrainingprocessor[26734:1338224] No AppShortcuts found - Skipping.

ExtractAppIntentsMetadata (in target 'Perception' from project 'swift-perception')
    cd /Users/ericwatke/Library/Developer/Xcode/DerivedData/PeerTubeSwift-dpcwhlbrkmudrpgkkujqsfdqnghl/SourcePackages/checkouts/swift-perception
    /Applications/Xcode-26.2.0.app/Contents/Developer/Toolchains/XcodeDefault.xctoolchain/usr/bin/appintentsmetadataprocessor --toolchain-dir /Applications/Xcode-26.2.0.app/Contents/Developer/Toolchains/XcodeDefault.xctoolchain --module-name Perception --sdk-root /Applications/Xcode-26.2.0.app/Contents/Developer/Platforms/iPhoneSimulator.platform/Developer/SDKs/iPhoneSimulator26.2.sdk --xcode-version 17C52 --platform-family iOS --deployment-target 13.0 --bundle-identifier swift-perception.Perception --output /Users/ericwatke/Library/Developer/Xcode/DerivedData/PeerTubeSwift-dpcwhlbrkmudrpgkkujqsfdqnghl/Build/Products/Debug-iphonesimulator/Perception.appintents --target-triple arm64-apple-ios13.0-simulator --binary-file /Users/ericwatke/Library/Developer/Xcode/DerivedData/PeerTubeSwift-dpcwhlbrkmudrpgkkujqsfdqnghl/Build/Products/Debug-iphonesimulator/Perception.o --dependency-file /Users/ericwatke/Library/Developer/Xcode/DerivedData/PeerTubeSwift-dpcwhlbrkmudrpgkkujqsfdqnghl/Build/Intermediates.noindex/swift-perception.build/Debug-iphonesimulator/Perception.build/Objects-normal/arm64/Perception_dependency_info.dat --stringsdata-file /Users/ericwatke/Library/Developer/Xcode/DerivedData/PeerTubeSwift-dpcwhlbrkmudrpgkkujqsfdqnghl/Build/Intermediates.noindex/swift-perception.build/Debug-iphonesimulator/Perception.build/Objects-normal/arm64/ExtractedAppShortcutsMetadata.stringsdata --source-file-list /Users/ericwatke/Library/Developer/Xcode/DerivedData/PeerTubeSwift-dpcwhlbrkmudrpgkkujqsfdqnghl/Build/Intermediates.noindex/swift-perception.build/Debug-iphonesimulator/Perception.build/Objects-normal/arm64/Perception.SwiftFileList --metadata-file-list /Users/ericwatke/Library/Developer/Xcode/DerivedData/PeerTubeSwift-dpcwhlbrkmudrpgkkujqsfdqnghl/Build/Intermediates.noindex/swift-perception.build/Debug-iphonesimulator/Perception.build/Perception.DependencyMetadataFileList --static-metadata-file-list /Users/ericwatke/Library/Developer/Xcode/DerivedData/PeerTubeSwift-dpcwhlbrkmudrpgkkujqsfdqnghl/Build/Intermediates.noindex/swift-perception.build/Debug-iphonesimulator/Perception.build/Perception.DependencyStaticMetadataFileList --swift-const-vals-list /Users/ericwatke/Library/Developer/Xcode/DerivedData/PeerTubeSwift-dpcwhlbrkmudrpgkkujqsfdqnghl/Build/Intermediates.noindex/swift-perception.build/Debug-iphonesimulator/Perception.build/Objects-normal/arm64/Perception.SwiftConstValuesFileList --force --compile-time-extraction --deployment-aware-processing --validate-assistant-intents --no-app-shortcuts-localization
2026-03-25 20:09:27.907 appintentsmetadataprocessor[26735:1338229] Starting appintentsmetadataprocessor export
2026-03-25 20:09:28.089 appintentsmetadataprocessor[26735:1338229] Extracted no relevant App Intents symbols, skipping writing output

Ld /Users/ericwatke/Library/Developer/Xcode/DerivedData/PeerTubeSwift-dpcwhlbrkmudrpgkkujqsfdqnghl/Build/Products/Debug-iphonesimulator/PackageFrameworks/StructuredQueriesSQLite_-662414AA5E85D5A4_PackageProduct.framework/StructuredQueriesSQLite_-662414AA5E85D5A4_PackageProduct normal (in target 'StructuredQueriesSQLite' from project 'swift-structured-queries')
    cd /Users/ericwatke/Library/Developer/Xcode/DerivedData/PeerTubeSwift-dpcwhlbrkmudrpgkkujqsfdqnghl/SourcePackages/checkouts/swift-structured-queries
    /Applications/Xcode-26.2.0.app/Contents/Developer/Toolchains/XcodeDefault.xctoolchain/usr/bin/clang -Xlinker -reproducible -target arm64-apple-ios13.0-simulator -dynamiclib -isysroot /Applications/Xcode-26.2.0.app/Contents/Developer/Platforms/iPhoneSimulator.platform/Developer/SDKs/iPhoneSimulator26.2.sdk -O0 -w -L/Users/ericwatke/Library/Developer/Xcode/DerivedData/PeerTubeSwift-dpcwhlbrkmudrpgkkujqsfdqnghl/Build/Intermediates.noindex/EagerLinkingTBDs/Debug-iphonesimulator -L/Users/ericwatke/Library/Developer/Xcode/DerivedData/PeerTubeSwift-dpcwhlbrkmudrpgkkujqsfdqnghl/Build/Products/Debug-iphonesimulator -L/Applications/Xcode-26.2.0.app/Contents/Developer/Platforms/iPhoneSimulator.platform/Developer/usr/lib -F/Users/ericwatke/Library/Developer/Xcode/DerivedData/PeerTubeSwift-dpcwhlbrkmudrpgkkujqsfdqnghl/Build/Intermediates.noindex/EagerLinkingTBDs/Debug-iphonesimulator -F/Users/ericwatke/Library/Developer/Xcode/DerivedData/PeerTubeSwift-dpcwhlbrkmudrpgkkujqsfdqnghl/Build/Products/Debug-iphonesimulator/PackageFrameworks -F/Users/ericwatke/Library/Developer/Xcode/DerivedData/PeerTubeSwift-dpcwhlbrkmudrpgkkujqsfdqnghl/Build/Products/Debug-iphonesimulator/PackageFrameworks -F/Users/ericwatke/Library/Developer/Xcode/DerivedData/PeerTubeSwift-dpcwhlbrkmudrpgkkujqsfdqnghl/Build/Products/Debug-iphonesimulator/PackageFrameworks -F/Users/ericwatke/Library/Developer/Xcode/DerivedData/PeerTubeSwift-dpcwhlbrkmudrpgkkujqsfdqnghl/Build/Products/Debug-iphonesimulator/PackageFrameworks -F/Users/ericwatke/Library/Developer/Xcode/DerivedData/PeerTubeSwift-dpcwhlbrkmudrpgkkujqsfdqnghl/Build/Products/Debug-iphonesimulator/PackageFrameworks -F/Users/ericwatke/Library/Developer/Xcode/DerivedData/PeerTubeSwift-dpcwhlbrkmudrpgkkujqsfdqnghl/Build/Products/Debug-iphonesimulator/PackageFrameworks -F/Users/ericwatke/Library/Developer/Xcode/DerivedData/PeerTubeSwift-dpcwhlbrkmudrpgkkujqsfdqnghl/Build/Products/Debug-iphonesimulator -iframework /Applications/Xcode-26.2.0.app/Contents/Developer/Platforms/iPhoneSimulator.platform/Developer/Library/Frameworks -iframework /Applications/Xcode-26.2.0.app/Contents/Developer/Platforms/iPhoneSimulator.platform/Developer/SDKs/iPhoneSimulator26.2.sdk/Developer/Library/Frameworks -filelist /Users/ericwatke/Library/Developer/Xcode/DerivedData/PeerTubeSwift-dpcwhlbrkmudrpgkkujqsfdqnghl/Build/Intermediates.noindex/swift-structured-queries.build/Debug-iphonesimulator/StructuredQueriesSQLite\ product.build/Objects-normal/arm64/StructuredQueriesSQLite_-662414AA5E85D5A4_PackageProduct.LinkFileList -install_name @rpath/StructuredQueriesSQLite_-662414AA5E85D5A4_PackageProduct.framework/StructuredQueriesSQLite_-662414AA5E85D5A4_PackageProduct -Xlinker -rpath -Xlinker /usr/lib/swift -Xlinker -rpath -Xlinker /Users/ericwatke/Library/Developer/Xcode/DerivedData/PeerTubeSwift-dpcwhlbrkmudrpgkkujqsfdqnghl/Build/Products/Debug-iphonesimulator/PackageFrameworks -dead_strip -Xlinker -object_path_lto -Xlinker /Users/ericwatke/Library/Developer/Xcode/DerivedData/PeerTubeSwift-dpcwhlbrkmudrpgkkujqsfdqnghl/Build/Intermediates.noindex/swift-structured-queries.build/Debug-iphonesimulator/StructuredQueriesSQLite\ product.build/Objects-normal/arm64/StructuredQueriesSQLite_-662414AA5E85D5A4_PackageProduct_lto.o -rdynamic -Xlinker -no_deduplicate -Xlinker -objc_abi_version -Xlinker 2 -Xlinker -debug_variant -Xlinker -dependency_info -Xlinker /Users/ericwatke/Library/Developer/Xcode/DerivedData/PeerTubeSwift-dpcwhlbrkmudrpgkkujqsfdqnghl/Build/Intermediates.noindex/swift-structured-queries.build/Debug-iphonesimulator/StructuredQueriesSQLite\ product.build/Objects-normal/arm64/StructuredQueriesSQLite_-662414AA5E85D5A4_PackageProduct_dependency_info.dat -fobjc-link-runtime -fprofile-instr-generate -L/Applications/Xcode-26.2.0.app/Contents/Developer/Toolchains/XcodeDefault.xctoolchain/usr/lib/swift/iphonesimulator -L/usr/lib/swift -Wl,-no_warn_duplicate_libraries -Wl,-no_warn_duplicate_libraries -Wl,-no_warn_duplicate_libraries -Wl,-no_warn_duplicate_libraries -Wl,-no_warn_duplicate_libraries -Wl,-no_warn_duplicate_libraries /Users/ericwatke/Library/Developer/Xcode/DerivedData/PeerTubeSwift-dpcwhlbrkmudrpgkkujqsfdqnghl/Build/Products/Debug-iphonesimulator/PackageFrameworks/IssueReporting.framework/IssueReporting /Users/ericwatke/Library/Developer/Xcode/DerivedData/PeerTubeSwift-dpcwhlbrkmudrpgkkujqsfdqnghl/Build/Products/Debug-iphonesimulator/PackageFrameworks/IssueReportingPackageSupport.framework/IssueReportingPackageSupport -o /Users/ericwatke/Library/Developer/Xcode/DerivedData/PeerTubeSwift-dpcwhlbrkmudrpgkkujqsfdqnghl/Build/Products/Debug-iphonesimulator/PackageFrameworks/StructuredQueriesSQLite_-662414AA5E85D5A4_PackageProduct.framework/StructuredQueriesSQLite_-662414AA5E85D5A4_PackageProduct -Xlinker -add_ast_path -Xlinker /Users/ericwatke/Library/Developer/Xcode/DerivedData/PeerTubeSwift-dpcwhlbrkmudrpgkkujqsfdqnghl/Build/Intermediates.noindex/swift-structured-queries.build/Debug-iphonesimulator/StructuredQueriesSQLite.build/Objects-normal/arm64/StructuredQueriesSQLite.swiftmodule @/Users/ericwatke/Library/Developer/Xcode/DerivedData/PeerTubeSwift-dpcwhlbrkmudrpgkkujqsfdqnghl/Build/Intermediates.noindex/swift-structured-queries.build/Debug-iphonesimulator/StructuredQueriesSQLite.build/Objects-normal/arm64/StructuredQueriesSQLite-linker-args.resp -Xlinker -add_ast_path -Xlinker /Users/ericwatke/Library/Developer/Xcode/DerivedData/PeerTubeSwift-dpcwhlbrkmudrpgkkujqsfdqnghl/Build/Intermediates.noindex/swift-structured-queries.build/Debug-iphonesimulator/StructuredQueriesCore.build/Objects-normal/arm64/StructuredQueriesCore.swiftmodule @/Users/ericwatke/Library/Developer/Xcode/DerivedData/PeerTubeSwift-dpcwhlbrkmudrpgkkujqsfdqnghl/Build/Intermediates.noindex/swift-structured-queries.build/Debug-iphonesimulator/StructuredQueriesCore.build/Objects-normal/arm64/StructuredQueriesCore-linker-args.resp -Xlinker -add_ast_path -Xlinker /Users/ericwatke/Library/Developer/Xcode/DerivedData/PeerTubeSwift-dpcwhlbrkmudrpgkkujqsfdqnghl/Build/Intermediates.noindex/swift-structured-queries.build/Debug-iphonesimulator/StructuredQueries.build/Objects-normal/arm64/StructuredQueries.swiftmodule @/Users/ericwatke/Library/Developer/Xcode/DerivedData/PeerTubeSwift-dpcwhlbrkmudrpgkkujqsfdqnghl/Build/Intermediates.noindex/swift-structured-queries.build/Debug-iphonesimulator/StructuredQueries.build/Objects-normal/arm64/StructuredQueries-linker-args.resp -Xlinker -add_ast_path -Xlinker /Users/ericwatke/Library/Developer/Xcode/DerivedData/PeerTubeSwift-dpcwhlbrkmudrpgkkujqsfdqnghl/Build/Intermediates.noindex/swift-structured-queries.build/Debug-iphonesimulator/StructuredQueriesSQLiteCore.build/Objects-normal/arm64/StructuredQueriesSQLiteCore.swiftmodule @/Users/ericwatke/Library/Developer/Xcode/DerivedData/PeerTubeSwift-dpcwhlbrkmudrpgkkujqsfdqnghl/Build/Intermediates.noindex/swift-structured-queries.build/Debug-iphonesimulator/StructuredQueriesSQLiteCore.build/Objects-normal/arm64/StructuredQueriesSQLiteCore-linker-args.resp

ProcessInfoPlistFile /Users/ericwatke/Library/Developer/Xcode/DerivedData/PeerTubeSwift-dpcwhlbrkmudrpgkkujqsfdqnghl/Build/Products/Debug-iphonesimulator/PackageFrameworks/StructuredQueriesSQLite_-662414AA5E85D5A4_PackageProduct.framework/Info.plist /Users/ericwatke/Library/Developer/Xcode/DerivedData/PeerTubeSwift-dpcwhlbrkmudrpgkkujqsfdqnghl/Build/Intermediates.noindex/swift-structured-queries.build/Debug-iphonesimulator/StructuredQueriesSQLite\ product.build/empty-StructuredQueriesSQLite_-662414AA5E85D5A4_PackageProduct.plist (in target 'StructuredQueriesSQLite' from project 'swift-structured-queries')
    cd /Users/ericwatke/Library/Developer/Xcode/DerivedData/PeerTubeSwift-dpcwhlbrkmudrpgkkujqsfdqnghl/SourcePackages/checkouts/swift-structured-queries
    builtin-infoPlistUtility /Users/ericwatke/Library/Developer/Xcode/DerivedData/PeerTubeSwift-dpcwhlbrkmudrpgkkujqsfdqnghl/Build/Intermediates.noindex/swift-structured-queries.build/Debug-iphonesimulator/StructuredQueriesSQLite\ product.build/empty-StructuredQueriesSQLite_-662414AA5E85D5A4_PackageProduct.plist -producttype com.apple.product-type.framework -expandbuildsettings -format binary -platform iphonesimulator -o /Users/ericwatke/Library/Developer/Xcode/DerivedData/PeerTubeSwift-dpcwhlbrkmudrpgkkujqsfdqnghl/Build/Products/Debug-iphonesimulator/PackageFrameworks/StructuredQueriesSQLite_-662414AA5E85D5A4_PackageProduct.framework/Info.plist

Ld /Users/ericwatke/Library/Developer/Xcode/DerivedData/PeerTubeSwift-dpcwhlbrkmudrpgkkujqsfdqnghl/Build/Products/Debug-iphonesimulator/PackageFrameworks/Dependencies_40816CBEDFB225D3_PackageProduct.framework/Dependencies_40816CBEDFB225D3_PackageProduct normal (in target 'Dependencies' from project 'swift-dependencies')
    cd /Users/ericwatke/Library/Developer/Xcode/DerivedData/PeerTubeSwift-dpcwhlbrkmudrpgkkujqsfdqnghl/SourcePackages/checkouts/swift-dependencies
    /Applications/Xcode-26.2.0.app/Contents/Developer/Toolchains/XcodeDefault.xctoolchain/usr/bin/clang -Xlinker -reproducible -target arm64-apple-ios13.0-simulator -dynamiclib -isysroot /Applications/Xcode-26.2.0.app/Contents/Developer/Platforms/iPhoneSimulator.platform/Developer/SDKs/iPhoneSimulator26.2.sdk -O0 -w -L/Users/ericwatke/Library/Developer/Xcode/DerivedData/PeerTubeSwift-dpcwhlbrkmudrpgkkujqsfdqnghl/Build/Intermediates.noindex/EagerLinkingTBDs/Debug-iphonesimulator -L/Users/ericwatke/Library/Developer/Xcode/DerivedData/PeerTubeSwift-dpcwhlbrkmudrpgkkujqsfdqnghl/Build/Products/Debug-iphonesimulator -L/Applications/Xcode-26.2.0.app/Contents/Developer/Platforms/iPhoneSimulator.platform/Developer/usr/lib -F/Users/ericwatke/Library/Developer/Xcode/DerivedData/PeerTubeSwift-dpcwhlbrkmudrpgkkujqsfdqnghl/Build/Intermediates.noindex/EagerLinkingTBDs/Debug-iphonesimulator -F/Users/ericwatke/Library/Developer/Xcode/DerivedData/PeerTubeSwift-dpcwhlbrkmudrpgkkujqsfdqnghl/Build/Products/Debug-iphonesimulator/PackageFrameworks -F/Users/ericwatke/Library/Developer/Xcode/DerivedData/PeerTubeSwift-dpcwhlbrkmudrpgkkujqsfdqnghl/Build/Products/Debug-iphonesimulator/PackageFrameworks -F/Users/ericwatke/Library/Developer/Xcode/DerivedData/PeerTubeSwift-dpcwhlbrkmudrpgkkujqsfdqnghl/Build/Products/Debug-iphonesimulator/PackageFrameworks -F/Users/ericwatke/Library/Developer/Xcode/DerivedData/PeerTubeSwift-dpcwhlbrkmudrpgkkujqsfdqnghl/Build/Products/Debug-iphonesimulator/PackageFrameworks -F/Users/ericwatke/Library/Developer/Xcode/DerivedData/PeerTubeSwift-dpcwhlbrkmudrpgkkujqsfdqnghl/Build/Products/Debug-iphonesimulator/PackageFrameworks -F/Users/ericwatke/Library/Developer/Xcode/DerivedData/PeerTubeSwift-dpcwhlbrkmudrpgkkujqsfdqnghl/Build/Products/Debug-iphonesimulator/PackageFrameworks -F/Users/ericwatke/Library/Developer/Xcode/DerivedData/PeerTubeSwift-dpcwhlbrkmudrpgkkujqsfdqnghl/Build/Products/Debug-iphonesimulator/PackageFrameworks -F/Users/ericwatke/Library/Developer/Xcode/DerivedData/PeerTubeSwift-dpcwhlbrkmudrpgkkujqsfdqnghl/Build/Products/Debug-iphonesimulator -iframework /Applications/Xcode-26.2.0.app/Contents/Developer/Platforms/iPhoneSimulator.platform/Developer/Library/Frameworks -iframework /Applications/Xcode-26.2.0.app/Contents/Developer/Platforms/iPhoneSimulator.platform/Developer/SDKs/iPhoneSimulator26.2.sdk/Developer/Library/Frameworks -filelist /Users/ericwatke/Library/Developer/Xcode/DerivedData/PeerTubeSwift-dpcwhlbrkmudrpgkkujqsfdqnghl/Build/Intermediates.noindex/swift-dependencies.build/Debug-iphonesimulator/Dependencies\ product.build/Objects-normal/arm64/Dependencies_40816CBEDFB225D3_PackageProduct.LinkFileList -install_name @rpath/Dependencies_40816CBEDFB225D3_PackageProduct.framework/Dependencies_40816CBEDFB225D3_PackageProduct -Xlinker -rpath -Xlinker /usr/lib/swift -Xlinker -rpath -Xlinker /Users/ericwatke/Library/Developer/Xcode/DerivedData/PeerTubeSwift-dpcwhlbrkmudrpgkkujqsfdqnghl/Build/Products/Debug-iphonesimulator/PackageFrameworks -dead_strip -Xlinker -object_path_lto -Xlinker /Users/ericwatke/Library/Developer/Xcode/DerivedData/PeerTubeSwift-dpcwhlbrkmudrpgkkujqsfdqnghl/Build/Intermediates.noindex/swift-dependencies.build/Debug-iphonesimulator/Dependencies\ product.build/Objects-normal/arm64/Dependencies_40816CBEDFB225D3_PackageProduct_lto.o -rdynamic -Xlinker -no_deduplicate -Xlinker -objc_abi_version -Xlinker 2 -Xlinker -debug_variant -Xlinker -dependency_info -Xlinker /Users/ericwatke/Library/Developer/Xcode/DerivedData/PeerTubeSwift-dpcwhlbrkmudrpgkkujqsfdqnghl/Build/Intermediates.noindex/swift-dependencies.build/Debug-iphonesimulator/Dependencies\ product.build/Objects-normal/arm64/Dependencies_40816CBEDFB225D3_PackageProduct_dependency_info.dat -fobjc-link-runtime -fprofile-instr-generate -L/Applications/Xcode-26.2.0.app/Contents/Developer/Toolchains/XcodeDefault.xctoolchain/usr/lib/swift/iphonesimulator -L/usr/lib/swift -Wl,-no_warn_duplicate_libraries -Wl,-no_warn_duplicate_libraries -Wl,-no_warn_duplicate_libraries -Wl,-no_warn_duplicate_libraries -Wl,-no_warn_duplicate_libraries -Wl,-no_warn_duplicate_libraries -Wl,-no_warn_duplicate_libraries /Users/ericwatke/Library/Developer/Xcode/DerivedData/PeerTubeSwift-dpcwhlbrkmudrpgkkujqsfdqnghl/Build/Products/Debug-iphonesimulator/PackageFrameworks/Clocks_17A223499E7CA5_PackageProduct.framework/Clocks_17A223499E7CA5_PackageProduct /Users/ericwatke/Library/Developer/Xcode/DerivedData/PeerTubeSwift-dpcwhlbrkmudrpgkkujqsfdqnghl/Build/Products/Debug-iphonesimulator/PackageFrameworks/CombineSchedulers_-54F188414C11E20_PackageProduct.framework/CombineSchedulers_-54F188414C11E20_PackageProduct /Users/ericwatke/Library/Developer/Xcode/DerivedData/PeerTubeSwift-dpcwhlbrkmudrpgkkujqsfdqnghl/Build/Products/Debug-iphonesimulator/PackageFrameworks/ConcurrencyExtras_-2B4B167800F2E3ED_PackageProduct.framework/ConcurrencyExtras_-2B4B167800F2E3ED_PackageProduct /Users/ericwatke/Library/Developer/Xcode/DerivedData/PeerTubeSwift-dpcwhlbrkmudrpgkkujqsfdqnghl/Build/Products/Debug-iphonesimulator/PackageFrameworks/IssueReporting.framework/IssueReporting /Users/ericwatke/Library/Developer/Xcode/DerivedData/PeerTubeSwift-dpcwhlbrkmudrpgkkujqsfdqnghl/Build/Products/Debug-iphonesimulator/PackageFrameworks/IssueReportingPackageSupport.framework/IssueReportingPackageSupport /Users/ericwatke/Library/Developer/Xcode/DerivedData/PeerTubeSwift-dpcwhlbrkmudrpgkkujqsfdqnghl/Build/Products/Debug-iphonesimulator/PackageFrameworks/XCTestDynamicOverlay_6187313334988FF6_PackageProduct.framework/XCTestDynamicOverlay_6187313334988FF6_PackageProduct -o /Users/ericwatke/Library/Developer/Xcode/DerivedData/PeerTubeSwift-dpcwhlbrkmudrpgkkujqsfdqnghl/Build/Products/Debug-iphonesimulator/PackageFrameworks/Dependencies_40816CBEDFB225D3_PackageProduct.framework/Dependencies_40816CBEDFB225D3_PackageProduct -Xlinker -add_ast_path -Xlinker /Users/ericwatke/Library/Developer/Xcode/DerivedData/PeerTubeSwift-dpcwhlbrkmudrpgkkujqsfdqnghl/Build/Intermediates.noindex/swift-dependencies.build/Debug-iphonesimulator/Dependencies.build/Objects-normal/arm64/Dependencies.swiftmodule @/Users/ericwatke/Library/Developer/Xcode/DerivedData/PeerTubeSwift-dpcwhlbrkmudrpgkkujqsfdqnghl/Build/Intermediates.noindex/swift-dependencies.build/Debug-iphonesimulator/Dependencies.build/Objects-normal/arm64/Dependencies-linker-args.resp

ProcessInfoPlistFile /Users/ericwatke/Library/Developer/Xcode/DerivedData/PeerTubeSwift-dpcwhlbrkmudrpgkkujqsfdqnghl/Build/Products/Debug-iphonesimulator/PackageFrameworks/Dependencies_40816CBEDFB225D3_PackageProduct.framework/Info.plist /Users/ericwatke/Library/Developer/Xcode/DerivedData/PeerTubeSwift-dpcwhlbrkmudrpgkkujqsfdqnghl/Build/Intermediates.noindex/swift-dependencies.build/Debug-iphonesimulator/Dependencies\ product.build/empty-Dependencies_40816CBEDFB225D3_PackageProduct.plist (in target 'Dependencies' from project 'swift-dependencies')
    cd /Users/ericwatke/Library/Developer/Xcode/DerivedData/PeerTubeSwift-dpcwhlbrkmudrpgkkujqsfdqnghl/SourcePackages/checkouts/swift-dependencies
    builtin-infoPlistUtility /Users/ericwatke/Library/Developer/Xcode/DerivedData/PeerTubeSwift-dpcwhlbrkmudrpgkkujqsfdqnghl/Build/Intermediates.noindex/swift-dependencies.build/Debug-iphonesimulator/Dependencies\ product.build/empty-Dependencies_40816CBEDFB225D3_PackageProduct.plist -producttype com.apple.product-type.framework -expandbuildsettings -format binary -platform iphonesimulator -o /Users/ericwatke/Library/Developer/Xcode/DerivedData/PeerTubeSwift-dpcwhlbrkmudrpgkkujqsfdqnghl/Build/Products/Debug-iphonesimulator/PackageFrameworks/Dependencies_40816CBEDFB225D3_PackageProduct.framework/Info.plist

GenerateTAPI /Users/ericwatke/Library/Developer/Xcode/DerivedData/PeerTubeSwift-dpcwhlbrkmudrpgkkujqsfdqnghl/Build/Intermediates.noindex/EagerLinkingTBDs/Debug-iphonesimulator/StructuredQueriesSQLite_-662414AA5E85D5A4_PackageProduct.framework/StructuredQueriesSQLite_-662414AA5E85D5A4_PackageProduct.tbd (in target 'StructuredQueriesSQLite' from project 'swift-structured-queries')
    cd /Users/ericwatke/Library/Developer/Xcode/DerivedData/PeerTubeSwift-dpcwhlbrkmudrpgkkujqsfdqnghl/SourcePackages/checkouts/swift-structured-queries
    /Applications/Xcode-26.2.0.app/Contents/Developer/Toolchains/XcodeDefault.xctoolchain/usr/bin/tapi stubify -isysroot /Applications/Xcode-26.2.0.app/Contents/Developer/Platforms/iPhoneSimulator.platform/Developer/SDKs/iPhoneSimulator26.2.sdk -F/Users/ericwatke/Library/Developer/Xcode/DerivedData/PeerTubeSwift-dpcwhlbrkmudrpgkkujqsfdqnghl/Build/Products/Debug-iphonesimulator/PackageFrameworks -F/Users/ericwatke/Library/Developer/Xcode/DerivedData/PeerTubeSwift-dpcwhlbrkmudrpgkkujqsfdqnghl/Build/Products/Debug-iphonesimulator/PackageFrameworks -F/Users/ericwatke/Library/Developer/Xcode/DerivedData/PeerTubeSwift-dpcwhlbrkmudrpgkkujqsfdqnghl/Build/Products/Debug-iphonesimulator/PackageFrameworks -F/Users/ericwatke/Library/Developer/Xcode/DerivedData/PeerTubeSwift-dpcwhlbrkmudrpgkkujqsfdqnghl/Build/Products/Debug-iphonesimulator/PackageFrameworks -F/Users/ericwatke/Library/Developer/Xcode/DerivedData/PeerTubeSwift-dpcwhlbrkmudrpgkkujqsfdqnghl/Build/Products/Debug-iphonesimulator/PackageFrameworks -F/Users/ericwatke/Library/Developer/Xcode/DerivedData/PeerTubeSwift-dpcwhlbrkmudrpgkkujqsfdqnghl/Build/Products/Debug-iphonesimulator/PackageFrameworks -F/Users/ericwatke/Library/Developer/Xcode/DerivedData/PeerTubeSwift-dpcwhlbrkmudrpgkkujqsfdqnghl/Build/Products/Debug-iphonesimulator -iframework /Applications/Xcode-26.2.0.app/Contents/Developer/Platforms/iPhoneSimulator.platform/Developer/Library/Frameworks -iframework /Applications/Xcode-26.2.0.app/Contents/Developer/Platforms/iPhoneSimulator.platform/Developer/SDKs/iPhoneSimulator26.2.sdk/Developer/Library/Frameworks -L/Users/ericwatke/Library/Developer/Xcode/DerivedData/PeerTubeSwift-dpcwhlbrkmudrpgkkujqsfdqnghl/Build/Products/Debug-iphonesimulator -L/Applications/Xcode-26.2.0.app/Contents/Developer/Platforms/iPhoneSimulator.platform/Developer/usr/lib /Users/ericwatke/Library/Developer/Xcode/DerivedData/PeerTubeSwift-dpcwhlbrkmudrpgkkujqsfdqnghl/Build/Products/Debug-iphonesimulator/PackageFrameworks/StructuredQueriesSQLite_-662414AA5E85D5A4_PackageProduct.framework/StructuredQueriesSQLite_-662414AA5E85D5A4_PackageProduct -o /Users/ericwatke/Library/Developer/Xcode/DerivedData/PeerTubeSwift-dpcwhlbrkmudrpgkkujqsfdqnghl/Build/Intermediates.noindex/EagerLinkingTBDs/Debug-iphonesimulator/StructuredQueriesSQLite_-662414AA5E85D5A4_PackageProduct.framework/StructuredQueriesSQLite_-662414AA5E85D5A4_PackageProduct.tbd

Ld /Users/ericwatke/Library/Developer/Xcode/DerivedData/PeerTubeSwift-dpcwhlbrkmudrpgkkujqsfdqnghl/Build/Products/Debug-iphonesimulator/PackageFrameworks/Perception_-52E92A8ED7C94DDD_PackageProduct.framework/Perception_-52E92A8ED7C94DDD_PackageProduct normal (in target 'Perception' from project 'swift-perception')
    cd /Users/ericwatke/Library/Developer/Xcode/DerivedData/PeerTubeSwift-dpcwhlbrkmudrpgkkujqsfdqnghl/SourcePackages/checkouts/swift-perception
    /Applications/Xcode-26.2.0.app/Contents/Developer/Toolchains/XcodeDefault.xctoolchain/usr/bin/clang -Xlinker -reproducible -target arm64-apple-ios13.0-simulator -dynamiclib -isysroot /Applications/Xcode-26.2.0.app/Contents/Developer/Platforms/iPhoneSimulator.platform/Developer/SDKs/iPhoneSimulator26.2.sdk -O0 -w -L/Users/ericwatke/Library/Developer/Xcode/DerivedData/PeerTubeSwift-dpcwhlbrkmudrpgkkujqsfdqnghl/Build/Intermediates.noindex/EagerLinkingTBDs/Debug-iphonesimulator -L/Users/ericwatke/Library/Developer/Xcode/DerivedData/PeerTubeSwift-dpcwhlbrkmudrpgkkujqsfdqnghl/Build/Products/Debug-iphonesimulator -L/Applications/Xcode-26.2.0.app/Contents/Developer/Platforms/iPhoneSimulator.platform/Developer/usr/lib -F/Users/ericwatke/Library/Developer/Xcode/DerivedData/PeerTubeSwift-dpcwhlbrkmudrpgkkujqsfdqnghl/Build/Intermediates.noindex/EagerLinkingTBDs/Debug-iphonesimulator -F/Users/ericwatke/Library/Developer/Xcode/DerivedData/PeerTubeSwift-dpcwhlbrkmudrpgkkujqsfdqnghl/Build/Products/Debug-iphonesimulator/PackageFrameworks -F/Users/ericwatke/Library/Developer/Xcode/DerivedData/PeerTubeSwift-dpcwhlbrkmudrpgkkujqsfdqnghl/Build/Products/Debug-iphonesimulator/PackageFrameworks -F/Users/ericwatke/Library/Developer/Xcode/DerivedData/PeerTubeSwift-dpcwhlbrkmudrpgkkujqsfdqnghl/Build/Products/Debug-iphonesimulator/PackageFrameworks -F/Users/ericwatke/Library/Developer/Xcode/DerivedData/PeerTubeSwift-dpcwhlbrkmudrpgkkujqsfdqnghl/Build/Products/Debug-iphonesimulator/PackageFrameworks -F/Users/ericwatke/Library/Developer/Xcode/DerivedData/PeerTubeSwift-dpcwhlbrkmudrpgkkujqsfdqnghl/Build/Products/Debug-iphonesimulator -iframework /Applications/Xcode-26.2.0.app/Contents/Developer/Platforms/iPhoneSimulator.platform/Developer/Library/Frameworks -iframework /Applications/Xcode-26.2.0.app/Contents/Developer/Platforms/iPhoneSimulator.platform/Developer/SDKs/iPhoneSimulator26.2.sdk/Developer/Library/Frameworks -filelist /Users/ericwatke/Library/Developer/Xcode/DerivedData/PeerTubeSwift-dpcwhlbrkmudrpgkkujqsfdqnghl/Build/Intermediates.noindex/swift-perception.build/Debug-iphonesimulator/Perception\ product.build/Objects-normal/arm64/Perception_-52E92A8ED7C94DDD_PackageProduct.LinkFileList -install_name @rpath/Perception_-52E92A8ED7C94DDD_PackageProduct.framework/Perception_-52E92A8ED7C94DDD_PackageProduct -Xlinker -rpath -Xlinker /usr/lib/swift -Xlinker -rpath -Xlinker /Users/ericwatke/Library/Developer/Xcode/DerivedData/PeerTubeSwift-dpcwhlbrkmudrpgkkujqsfdqnghl/Build/Products/Debug-iphonesimulator/PackageFrameworks -dead_strip -Xlinker -object_path_lto -Xlinker /Users/ericwatke/Library/Developer/Xcode/DerivedData/PeerTubeSwift-dpcwhlbrkmudrpgkkujqsfdqnghl/Build/Intermediates.noindex/swift-perception.build/Debug-iphonesimulator/Perception\ product.build/Objects-normal/arm64/Perception_-52E92A8ED7C94DDD_PackageProduct_lto.o -rdynamic -Xlinker -no_deduplicate -Xlinker -objc_abi_version -Xlinker 2 -Xlinker -debug_variant -Xlinker -dependency_info -Xlinker /Users/ericwatke/Library/Developer/Xcode/DerivedData/PeerTubeSwift-dpcwhlbrkmudrpgkkujqsfdqnghl/Build/Intermediates.noindex/swift-perception.build/Debug-iphonesimulator/Perception\ product.build/Objects-normal/arm64/Perception_-52E92A8ED7C94DDD_PackageProduct_dependency_info.dat -fobjc-link-runtime -fprofile-instr-generate -L/Applications/Xcode-26.2.0.app/Contents/Developer/Toolchains/XcodeDefault.xctoolchain/usr/lib/swift/iphonesimulator -L/usr/lib/swift -Wl,-no_warn_duplicate_libraries -Wl,-no_warn_duplicate_libraries -Wl,-no_warn_duplicate_libraries -Wl,-no_warn_duplicate_libraries /Users/ericwatke/Library/Developer/Xcode/DerivedData/PeerTubeSwift-dpcwhlbrkmudrpgkkujqsfdqnghl/Build/Products/Debug-iphonesimulator/PackageFrameworks/IssueReporting.framework/IssueReporting /Users/ericwatke/Library/Developer/Xcode/DerivedData/PeerTubeSwift-dpcwhlbrkmudrpgkkujqsfdqnghl/Build/Products/Debug-iphonesimulator/PackageFrameworks/IssueReportingPackageSupport.framework/IssueReportingPackageSupport -framework PerceptionCore -o /Users/ericwatke/Library/Developer/Xcode/DerivedData/PeerTubeSwift-dpcwhlbrkmudrpgkkujqsfdqnghl/Build/Products/Debug-iphonesimulator/PackageFrameworks/Perception_-52E92A8ED7C94DDD_PackageProduct.framework/Perception_-52E92A8ED7C94DDD_PackageProduct -Xlinker -add_ast_path -Xlinker /Users/ericwatke/Library/Developer/Xcode/DerivedData/PeerTubeSwift-dpcwhlbrkmudrpgkkujqsfdqnghl/Build/Intermediates.noindex/swift-perception.build/Debug-iphonesimulator/Perception.build/Objects-normal/arm64/Perception.swiftmodule @/Users/ericwatke/Library/Developer/Xcode/DerivedData/PeerTubeSwift-dpcwhlbrkmudrpgkkujqsfdqnghl/Build/Intermediates.noindex/swift-perception.build/Debug-iphonesimulator/Perception.build/Objects-normal/arm64/Perception-linker-args.resp

ProcessInfoPlistFile /Users/ericwatke/Library/Developer/Xcode/DerivedData/PeerTubeSwift-dpcwhlbrkmudrpgkkujqsfdqnghl/Build/Products/Debug-iphonesimulator/PackageFrameworks/Perception_-52E92A8ED7C94DDD_PackageProduct.framework/Info.plist /Users/ericwatke/Library/Developer/Xcode/DerivedData/PeerTubeSwift-dpcwhlbrkmudrpgkkujqsfdqnghl/Build/Intermediates.noindex/swift-perception.build/Debug-iphonesimulator/Perception\ product.build/empty-Perception_-52E92A8ED7C94DDD_PackageProduct.plist (in target 'Perception' from project 'swift-perception')
    cd /Users/ericwatke/Library/Developer/Xcode/DerivedData/PeerTubeSwift-dpcwhlbrkmudrpgkkujqsfdqnghl/SourcePackages/checkouts/swift-perception
    builtin-infoPlistUtility /Users/ericwatke/Library/Developer/Xcode/DerivedData/PeerTubeSwift-dpcwhlbrkmudrpgkkujqsfdqnghl/Build/Intermediates.noindex/swift-perception.build/Debug-iphonesimulator/Perception\ product.build/empty-Perception_-52E92A8ED7C94DDD_PackageProduct.plist -producttype com.apple.product-type.framework -expandbuildsettings -format binary -platform iphonesimulator -o /Users/ericwatke/Library/Developer/Xcode/DerivedData/PeerTubeSwift-dpcwhlbrkmudrpgkkujqsfdqnghl/Build/Products/Debug-iphonesimulator/PackageFrameworks/Perception_-52E92A8ED7C94DDD_PackageProduct.framework/Info.plist

SwiftDriver\ Compilation\ Requirements SwiftNavigation normal arm64 com.apple.xcode.tools.swift.compiler (in target 'SwiftNavigation' from project 'swift-navigation')
    cd /Users/ericwatke/Documents/GitHub/peertube-swift/App/PeerTubeSwift/PeerTubeSwift.xcodeproj
    builtin-Swift-Compilation-Requirements -- /Applications/Xcode-26.2.0.app/Contents/Developer/Toolchains/XcodeDefault.xctoolchain/usr/bin/swiftc -module-name SwiftNavigation -Onone -enforce-exclusivity\=checked @/Users/ericwatke/Library/Developer/Xcode/DerivedData/PeerTubeSwift-dpcwhlbrkmudrpgkkujqsfdqnghl/Build/Intermediates.noindex/swift-navigation.build/Debug-iphonesimulator/SwiftNavigation.build/Objects-normal/arm64/SwiftNavigation.SwiftFileList -DSWIFT_PACKAGE -DDEBUG -DSWIFT_MODULE_RESOURCE_BUNDLE_UNAVAILABLE -DXcode -plugin-path /Applications/Xcode-26.2.0.app/Contents/Developer/Toolchains/XcodeDefault.xctoolchain/usr/lib/swift/host/plugins/testing -enable-experimental-feature DebugDescriptionMacro -sdk /Applications/Xcode-26.2.0.app/Contents/Developer/Platforms/iPhoneSimulator.platform/Developer/SDKs/iPhoneSimulator26.2.sdk -target arm64-apple-ios13.0-simulator -g -module-cache-path /Users/ericwatke/Library/Developer/Xcode/DerivedData/ModuleCache.noindex -Xfrontend -serialize-debugging-options -profile-coverage-mapping -profile-generate -enable-testing -suppress-warnings -index-store-path /Users/ericwatke/Library/Developer/Xcode/DerivedData/PeerTubeSwift-dpcwhlbrkmudrpgkkujqsfdqnghl/Index.noindex/DataStore -Xcc -D_LIBCPP_HARDENING_MODE\=_LIBCPP_HARDENING_MODE_DEBUG -swift-version 6 -I /Users/ericwatke/Library/Developer/Xcode/DerivedData/PeerTubeSwift-dpcwhlbrkmudrpgkkujqsfdqnghl/Build/Products/Debug-iphonesimulator -Isystem /Applications/Xcode-26.2.0.app/Contents/Developer/Platforms/iPhoneSimulator.platform/Developer/usr/lib -F /Users/ericwatke/Library/Developer/Xcode/DerivedData/PeerTubeSwift-dpcwhlbrkmudrpgkkujqsfdqnghl/Build/Products/Debug-iphonesimulator/PackageFrameworks -F /Users/ericwatke/Library/Developer/Xcode/DerivedData/PeerTubeSwift-dpcwhlbrkmudrpgkkujqsfdqnghl/Build/Products/Debug-iphonesimulator/PackageFrameworks -F /Users/ericwatke/Library/Developer/Xcode/DerivedData/PeerTubeSwift-dpcwhlbrkmudrpgkkujqsfdqnghl/Build/Products/Debug-iphonesimulator/PackageFrameworks -F /Users/ericwatke/Library/Developer/Xcode/DerivedData/PeerTubeSwift-dpcwhlbrkmudrpgkkujqsfdqnghl/Build/Products/Debug-iphonesimulator/PackageFrameworks -F /Users/ericwatke/Library/Developer/Xcode/DerivedData/PeerTubeSwift-dpcwhlbrkmudrpgkkujqsfdqnghl/Build/Products/Debug-iphonesimulator/PackageFrameworks -F /Users/ericwatke/Library/Developer/Xcode/DerivedData/PeerTubeSwift-dpcwhlbrkmudrpgkkujqsfdqnghl/Build/Products/Debug-iphonesimulator/PackageFrameworks -F /Users/ericwatke/Library/Developer/Xcode/DerivedData/PeerTubeSwift-dpcwhlbrkmudrpgkkujqsfdqnghl/Build/Products/Debug-iphonesimulator/PackageFrameworks -F /Users/ericwatke/Library/Developer/Xcode/DerivedData/PeerTubeSwift-dpcwhlbrkmudrpgkkujqsfdqnghl/Build/Products/Debug-iphonesimulator/PackageFrameworks -F /Users/ericwatke/Library/Developer/Xcode/DerivedData/PeerTubeSwift-dpcwhlbrkmudrpgkkujqsfdqnghl/Build/Products/Debug-iphonesimulator/PackageFrameworks -F /Users/ericwatke/Library/Developer/Xcode/DerivedData/PeerTubeSwift-dpcwhlbrkmudrpgkkujqsfdqnghl/Build/Products/Debug-iphonesimulator/PackageFrameworks -F /Users/ericwatke/Library/Developer/Xcode/DerivedData/PeerTubeSwift-dpcwhlbrkmudrpgkkujqsfdqnghl/Build/Products/Debug-iphonesimulator/PackageFrameworks -F /Users/ericwatke/Library/Developer/Xcode/DerivedData/PeerTubeSwift-dpcwhlbrkmudrpgkkujqsfdqnghl/Build/Products/Debug-iphonesimulator -F /Applications/Xcode-26.2.0.app/Contents/Developer/Platforms/iPhoneSimulator.platform/Developer/Library/Frameworks -F /Applications/Xcode-26.2.0.app/Contents/Developer/Platforms/iPhoneSimulator.platform/Developer/SDKs/iPhoneSimulator26.2.sdk/Developer/Library/Frameworks -Xfrontend -load-plugin-executable -Xfrontend /Users/ericwatke/Library/Developer/Xcode/DerivedData/PeerTubeSwift-dpcwhlbrkmudrpgkkujqsfdqnghl/Build/Products/Debug/CasePathsMacros\#CasePathsMacros -Xfrontend -load-plugin-executable -Xfrontend /Users/ericwatke/Library/Developer/Xcode/DerivedData/PeerTubeSwift-dpcwhlbrkmudrpgkkujqsfdqnghl/Build/Products/Debug/PerceptionMacros\#PerceptionMacros -c -j8 -enable-batch-mode -incremental -Xcc -ivfsstatcache -Xcc /Users/ericwatke/Library/Developer/Xcode/DerivedData/SDKStatCaches.noindex/iphonesimulator26.2-23C53-396ea2e52eee30dc3ef691f54c5a881e.sdkstatcache -output-file-map /Users/ericwatke/Library/Developer/Xcode/DerivedData/PeerTubeSwift-dpcwhlbrkmudrpgkkujqsfdqnghl/Build/Intermediates.noindex/swift-navigation.build/Debug-iphonesimulator/SwiftNavigation.build/Objects-normal/arm64/SwiftNavigation-OutputFileMap.json -use-frontend-parseable-output -save-temps -no-color-diagnostics -explicit-module-build -module-cache-path /Users/ericwatke/Library/Developer/Xcode/DerivedData/PeerTubeSwift-dpcwhlbrkmudrpgkkujqsfdqnghl/Build/Intermediates.noindex/SwiftExplicitPrecompiledModules -clang-scanner-module-cache-path /Users/ericwatke/Library/Developer/Xcode/DerivedData/ModuleCache.noindex -sdk-module-cache-path /Users/ericwatke/Library/Developer/Xcode/DerivedData/ModuleCache.noindex -serialize-diagnostics -emit-dependencies -emit-module -emit-module-path /Users/ericwatke/Library/Developer/Xcode/DerivedData/PeerTubeSwift-dpcwhlbrkmudrpgkkujqsfdqnghl/Build/Intermediates.noindex/swift-navigation.build/Debug-iphonesimulator/SwiftNavigation.build/Objects-normal/arm64/SwiftNavigation.swiftmodule -user-module-version 2.6.0 -validate-clang-modules-once -clang-build-session-file /Users/ericwatke/Library/Developer/Xcode/DerivedData/ModuleCache.noindex/Session.modulevalidation -package-name swift_navigation -Xcc -I/Users/ericwatke/Library/Developer/Xcode/DerivedData/PeerTubeSwift-dpcwhlbrkmudrpgkkujqsfdqnghl/Build/Intermediates.noindex/swift-navigation.build/Debug-iphonesimulator/SwiftNavigation.build/swift-overrides.hmap -emit-const-values -Xfrontend -const-gather-protocols-file -Xfrontend /Users/ericwatke/Library/Developer/Xcode/DerivedData/PeerTubeSwift-dpcwhlbrkmudrpgkkujqsfdqnghl/Build/Intermediates.noindex/swift-navigation.build/Debug-iphonesimulator/SwiftNavigation.build/Objects-normal/arm64/SwiftNavigation_const_extract_protocols.json -Xcc -I/Users/ericwatke/Library/Developer/Xcode/DerivedData/PeerTubeSwift-dpcwhlbrkmudrpgkkujqsfdqnghl/Build/Products/Debug-iphonesimulator/include -Xcc -I/Users/ericwatke/Library/Developer/Xcode/DerivedData/PeerTubeSwift-dpcwhlbrkmudrpgkkujqsfdqnghl/Build/Intermediates.noindex/swift-navigation.build/Debug-iphonesimulator/SwiftNavigation.build/DerivedSources-normal/arm64 -Xcc -I/Users/ericwatke/Library/Developer/Xcode/DerivedData/PeerTubeSwift-dpcwhlbrkmudrpgkkujqsfdqnghl/Build/Intermediates.noindex/swift-navigation.build/Debug-iphonesimulator/SwiftNavigation.build/DerivedSources/arm64 -Xcc -I/Users/ericwatke/Library/Developer/Xcode/DerivedData/PeerTubeSwift-dpcwhlbrkmudrpgkkujqsfdqnghl/Build/Intermediates.noindex/swift-navigation.build/Debug-iphonesimulator/SwiftNavigation.build/DerivedSources -Xcc -DSWIFT_PACKAGE -Xcc -DDEBUG\=1 -emit-objc-header -emit-objc-header-path /Users/ericwatke/Library/Developer/Xcode/DerivedData/PeerTubeSwift-dpcwhlbrkmudrpgkkujqsfdqnghl/Build/Intermediates.noindex/swift-navigation.build/Debug-iphonesimulator/SwiftNavigation.build/Objects-normal/arm64/SwiftNavigation-Swift.h -working-directory /Users/ericwatke/Documents/GitHub/peertube-swift/App/PeerTubeSwift/PeerTubeSwift.xcodeproj -experimental-emit-module-separately -disable-cmo

SwiftDriver\ Compilation SwiftNavigation normal arm64 com.apple.xcode.tools.swift.compiler (in target 'SwiftNavigation' from project 'swift-navigation')
    cd /Users/ericwatke/Documents/GitHub/peertube-swift/App/PeerTubeSwift/PeerTubeSwift.xcodeproj
    builtin-Swift-Compilation -- /Applications/Xcode-26.2.0.app/Contents/Developer/Toolchains/XcodeDefault.xctoolchain/usr/bin/swiftc -module-name SwiftNavigation -Onone -enforce-exclusivity\=checked @/Users/ericwatke/Library/Developer/Xcode/DerivedData/PeerTubeSwift-dpcwhlbrkmudrpgkkujqsfdqnghl/Build/Intermediates.noindex/swift-navigation.build/Debug-iphonesimulator/SwiftNavigation.build/Objects-normal/arm64/SwiftNavigation.SwiftFileList -DSWIFT_PACKAGE -DDEBUG -DSWIFT_MODULE_RESOURCE_BUNDLE_UNAVAILABLE -DXcode -plugin-path /Applications/Xcode-26.2.0.app/Contents/Developer/Toolchains/XcodeDefault.xctoolchain/usr/lib/swift/host/plugins/testing -enable-experimental-feature DebugDescriptionMacro -sdk /Applications/Xcode-26.2.0.app/Contents/Developer/Platforms/iPhoneSimulator.platform/Developer/SDKs/iPhoneSimulator26.2.sdk -target arm64-apple-ios13.0-simulator -g -module-cache-path /Users/ericwatke/Library/Developer/Xcode/DerivedData/ModuleCache.noindex -Xfrontend -serialize-debugging-options -profile-coverage-mapping -profile-generate -enable-testing -suppress-warnings -index-store-path /Users/ericwatke/Library/Developer/Xcode/DerivedData/PeerTubeSwift-dpcwhlbrkmudrpgkkujqsfdqnghl/Index.noindex/DataStore -Xcc -D_LIBCPP_HARDENING_MODE\=_LIBCPP_HARDENING_MODE_DEBUG -swift-version 6 -I /Users/ericwatke/Library/Developer/Xcode/DerivedData/PeerTubeSwift-dpcwhlbrkmudrpgkkujqsfdqnghl/Build/Products/Debug-iphonesimulator -Isystem /Applications/Xcode-26.2.0.app/Contents/Developer/Platforms/iPhoneSimulator.platform/Developer/usr/lib -F /Users/ericwatke/Library/Developer/Xcode/DerivedData/PeerTubeSwift-dpcwhlbrkmudrpgkkujqsfdqnghl/Build/Products/Debug-iphonesimulator/PackageFrameworks -F /Users/ericwatke/Library/Developer/Xcode/DerivedData/PeerTubeSwift-dpcwhlbrkmudrpgkkujqsfdqnghl/Build/Products/Debug-iphonesimulator/PackageFrameworks -F /Users/ericwatke/Library/Developer/Xcode/DerivedData/PeerTubeSwift-dpcwhlbrkmudrpgkkujqsfdqnghl/Build/Products/Debug-iphonesimulator/PackageFrameworks -F /Users/ericwatke/Library/Developer/Xcode/DerivedData/PeerTubeSwift-dpcwhlbrkmudrpgkkujqsfdqnghl/Build/Products/Debug-iphonesimulator/PackageFrameworks -F /Users/ericwatke/Library/Developer/Xcode/DerivedData/PeerTubeSwift-dpcwhlbrkmudrpgkkujqsfdqnghl/Build/Products/Debug-iphonesimulator/PackageFrameworks -F /Users/ericwatke/Library/Developer/Xcode/DerivedData/PeerTubeSwift-dpcwhlbrkmudrpgkkujqsfdqnghl/Build/Products/Debug-iphonesimulator/PackageFrameworks -F /Users/ericwatke/Library/Developer/Xcode/DerivedData/PeerTubeSwift-dpcwhlbrkmudrpgkkujqsfdqnghl/Build/Products/Debug-iphonesimulator/PackageFrameworks -F /Users/ericwatke/Library/Developer/Xcode/DerivedData/PeerTubeSwift-dpcwhlbrkmudrpgkkujqsfdqnghl/Build/Products/Debug-iphonesimulator/PackageFrameworks -F /Users/ericwatke/Library/Developer/Xcode/DerivedData/PeerTubeSwift-dpcwhlbrkmudrpgkkujqsfdqnghl/Build/Products/Debug-iphonesimulator/PackageFrameworks -F /Users/ericwatke/Library/Developer/Xcode/DerivedData/PeerTubeSwift-dpcwhlbrkmudrpgkkujqsfdqnghl/Build/Products/Debug-iphonesimulator/PackageFrameworks -F /Users/ericwatke/Library/Developer/Xcode/DerivedData/PeerTubeSwift-dpcwhlbrkmudrpgkkujqsfdqnghl/Build/Products/Debug-iphonesimulator/PackageFrameworks -F /Users/ericwatke/Library/Developer/Xcode/DerivedData/PeerTubeSwift-dpcwhlbrkmudrpgkkujqsfdqnghl/Build/Products/Debug-iphonesimulator -F /Applications/Xcode-26.2.0.app/Contents/Developer/Platforms/iPhoneSimulator.platform/Developer/Library/Frameworks -F /Applications/Xcode-26.2.0.app/Contents/Developer/Platforms/iPhoneSimulator.platform/Developer/SDKs/iPhoneSimulator26.2.sdk/Developer/Library/Frameworks -Xfrontend -load-plugin-executable -Xfrontend /Users/ericwatke/Library/Developer/Xcode/DerivedData/PeerTubeSwift-dpcwhlbrkmudrpgkkujqsfdqnghl/Build/Products/Debug/CasePathsMacros\#CasePathsMacros -Xfrontend -load-plugin-executable -Xfrontend /Users/ericwatke/Library/Developer/Xcode/DerivedData/PeerTubeSwift-dpcwhlbrkmudrpgkkujqsfdqnghl/Build/Products/Debug/PerceptionMacros\#PerceptionMacros -c -j8 -enable-batch-mode -incremental -Xcc -ivfsstatcache -Xcc /Users/ericwatke/Library/Developer/Xcode/DerivedData/SDKStatCaches.noindex/iphonesimulator26.2-23C53-396ea2e52eee30dc3ef691f54c5a881e.sdkstatcache -output-file-map /Users/ericwatke/Library/Developer/Xcode/DerivedData/PeerTubeSwift-dpcwhlbrkmudrpgkkujqsfdqnghl/Build/Intermediates.noindex/swift-navigation.build/Debug-iphonesimulator/SwiftNavigation.build/Objects-normal/arm64/SwiftNavigation-OutputFileMap.json -use-frontend-parseable-output -save-temps -no-color-diagnostics -explicit-module-build -module-cache-path /Users/ericwatke/Library/Developer/Xcode/DerivedData/PeerTubeSwift-dpcwhlbrkmudrpgkkujqsfdqnghl/Build/Intermediates.noindex/SwiftExplicitPrecompiledModules -clang-scanner-module-cache-path /Users/ericwatke/Library/Developer/Xcode/DerivedData/ModuleCache.noindex -sdk-module-cache-path /Users/ericwatke/Library/Developer/Xcode/DerivedData/ModuleCache.noindex -serialize-diagnostics -emit-dependencies -emit-module -emit-module-path /Users/ericwatke/Library/Developer/Xcode/DerivedData/PeerTubeSwift-dpcwhlbrkmudrpgkkujqsfdqnghl/Build/Intermediates.noindex/swift-navigation.build/Debug-iphonesimulator/SwiftNavigation.build/Objects-normal/arm64/SwiftNavigation.swiftmodule -user-module-version 2.6.0 -validate-clang-modules-once -clang-build-session-file /Users/ericwatke/Library/Developer/Xcode/DerivedData/ModuleCache.noindex/Session.modulevalidation -package-name swift_navigation -Xcc -I/Users/ericwatke/Library/Developer/Xcode/DerivedData/PeerTubeSwift-dpcwhlbrkmudrpgkkujqsfdqnghl/Build/Intermediates.noindex/swift-navigation.build/Debug-iphonesimulator/SwiftNavigation.build/swift-overrides.hmap -emit-const-values -Xfrontend -const-gather-protocols-file -Xfrontend /Users/ericwatke/Library/Developer/Xcode/DerivedData/PeerTubeSwift-dpcwhlbrkmudrpgkkujqsfdqnghl/Build/Intermediates.noindex/swift-navigation.build/Debug-iphonesimulator/SwiftNavigation.build/Objects-normal/arm64/SwiftNavigation_const_extract_protocols.json -Xcc -I/Users/ericwatke/Library/Developer/Xcode/DerivedData/PeerTubeSwift-dpcwhlbrkmudrpgkkujqsfdqnghl/Build/Products/Debug-iphonesimulator/include -Xcc -I/Users/ericwatke/Library/Developer/Xcode/DerivedData/PeerTubeSwift-dpcwhlbrkmudrpgkkujqsfdqnghl/Build/Intermediates.noindex/swift-navigation.build/Debug-iphonesimulator/SwiftNavigation.build/DerivedSources-normal/arm64 -Xcc -I/Users/ericwatke/Library/Developer/Xcode/DerivedData/PeerTubeSwift-dpcwhlbrkmudrpgkkujqsfdqnghl/Build/Intermediates.noindex/swift-navigation.build/Debug-iphonesimulator/SwiftNavigation.build/DerivedSources/arm64 -Xcc -I/Users/ericwatke/Library/Developer/Xcode/DerivedData/PeerTubeSwift-dpcwhlbrkmudrpgkkujqsfdqnghl/Build/Intermediates.noindex/swift-navigation.build/Debug-iphonesimulator/SwiftNavigation.build/DerivedSources -Xcc -DSWIFT_PACKAGE -Xcc -DDEBUG\=1 -emit-objc-header -emit-objc-header-path /Users/ericwatke/Library/Developer/Xcode/DerivedData/PeerTubeSwift-dpcwhlbrkmudrpgkkujqsfdqnghl/Build/Intermediates.noindex/swift-navigation.build/Debug-iphonesimulator/SwiftNavigation.build/Objects-normal/arm64/SwiftNavigation-Swift.h -working-directory /Users/ericwatke/Documents/GitHub/peertube-swift/App/PeerTubeSwift/PeerTubeSwift.xcodeproj -experimental-emit-module-separately -disable-cmo

SwiftDriver ComposableArchitecture normal arm64 com.apple.xcode.tools.swift.compiler (in target 'ComposableArchitecture' from project 'swift-composable-architecture')
    cd /Users/ericwatke/Documents/GitHub/peertube-swift/App/PeerTubeSwift/PeerTubeSwift.xcodeproj
    builtin-SwiftDriver -- /Applications/Xcode-26.2.0.app/Contents/Developer/Toolchains/XcodeDefault.xctoolchain/usr/bin/swiftc -module-name ComposableArchitecture -Onone -enforce-exclusivity\=checked @/Users/ericwatke/Library/Developer/Xcode/DerivedData/PeerTubeSwift-dpcwhlbrkmudrpgkkujqsfdqnghl/Build/Intermediates.noindex/swift-composable-architecture.build/Debug-iphonesimulator/ComposableArchitecture.build/Objects-normal/arm64/ComposableArchitecture.SwiftFileList -DSWIFT_PACKAGE -DDEBUG -DSWIFT_MODULE_RESOURCE_BUNDLE_AVAILABLE -Xcc -fmodule-map-file\=/Users/ericwatke/Library/Developer/Xcode/DerivedData/PeerTubeSwift-dpcwhlbrkmudrpgkkujqsfdqnghl/Build/Intermediates.noindex/GeneratedModuleMaps-iphonesimulator/UIKitNavigationShim.modulemap -DXcode -enable-upcoming-feature ExistentialAny -plugin-path /Applications/Xcode-26.2.0.app/Contents/Developer/Toolchains/XcodeDefault.xctoolchain/usr/lib/swift/host/plugins/testing -enable-experimental-feature DebugDescriptionMacro -sdk /Applications/Xcode-26.2.0.app/Contents/Developer/Platforms/iPhoneSimulator.platform/Developer/SDKs/iPhoneSimulator26.2.sdk -target arm64-apple-ios13.0-simulator -g -module-cache-path /Users/ericwatke/Library/Developer/Xcode/DerivedData/ModuleCache.noindex -Xfrontend -serialize-debugging-options -profile-coverage-mapping -profile-generate -enable-testing -suppress-warnings -index-store-path /Users/ericwatke/Library/Developer/Xcode/DerivedData/PeerTubeSwift-dpcwhlbrkmudrpgkkujqsfdqnghl/Index.noindex/DataStore -Xcc -D_LIBCPP_HARDENING_MODE\=_LIBCPP_HARDENING_MODE_DEBUG -swift-version 6 -I /Users/ericwatke/Library/Developer/Xcode/DerivedData/PeerTubeSwift-dpcwhlbrkmudrpgkkujqsfdqnghl/Build/Products/Debug-iphonesimulator -Isystem /Applications/Xcode-26.2.0.app/Contents/Developer/Platforms/iPhoneSimulator.platform/Developer/usr/lib -F /Users/ericwatke/Library/Developer/Xcode/DerivedData/PeerTubeSwift-dpcwhlbrkmudrpgkkujqsfdqnghl/Build/Products/Debug-iphonesimulator/PackageFrameworks -F /Users/ericwatke/Library/Developer/Xcode/DerivedData/PeerTubeSwift-dpcwhlbrkmudrpgkkujqsfdqnghl/Build/Products/Debug-iphonesimulator/PackageFrameworks -F /Users/ericwatke/Library/Developer/Xcode/DerivedData/PeerTubeSwift-dpcwhlbrkmudrpgkkujqsfdqnghl/Build/Products/Debug-iphonesimulator/PackageFrameworks -F /Users/ericwatke/Library/Developer/Xcode/DerivedData/PeerTubeSwift-dpcwhlbrkmudrpgkkujqsfdqnghl/Build/Products/Debug-iphonesimulator/PackageFrameworks -F /Users/ericwatke/Library/Developer/Xcode/DerivedData/PeerTubeSwift-dpcwhlbrkmudrpgkkujqsfdqnghl/Build/Products/Debug-iphonesimulator/PackageFrameworks -F /Users/ericwatke/Library/Developer/Xcode/DerivedData/PeerTubeSwift-dpcwhlbrkmudrpgkkujqsfdqnghl/Build/Products/Debug-iphonesimulator/PackageFrameworks -F /Users/ericwatke/Library/Developer/Xcode/DerivedData/PeerTubeSwift-dpcwhlbrkmudrpgkkujqsfdqnghl/Build/Products/Debug-iphonesimulator/PackageFrameworks -F /Users/ericwatke/Library/Developer/Xcode/DerivedData/PeerTubeSwift-dpcwhlbrkmudrpgkkujqsfdqnghl/Build/Products/Debug-iphonesimulator/PackageFrameworks -F /Users/ericwatke/Library/Developer/Xcode/DerivedData/PeerTubeSwift-dpcwhlbrkmudrpgkkujqsfdqnghl/Build/Products/Debug-iphonesimulator/PackageFrameworks -F /Users/ericwatke/Library/Developer/Xcode/DerivedData/PeerTubeSwift-dpcwhlbrkmudrpgkkujqsfdqnghl/Build/Products/Debug-iphonesimulator/PackageFrameworks -F /Users/ericwatke/Library/Developer/Xcode/DerivedData/PeerTubeSwift-dpcwhlbrkmudrpgkkujqsfdqnghl/Build/Products/Debug-iphonesimulator/PackageFrameworks -F /Users/ericwatke/Library/Developer/Xcode/DerivedData/PeerTubeSwift-dpcwhlbrkmudrpgkkujqsfdqnghl/Build/Products/Debug-iphonesimulator/PackageFrameworks -F /Users/ericwatke/Library/Developer/Xcode/DerivedData/PeerTubeSwift-dpcwhlbrkmudrpgkkujqsfdqnghl/Build/Products/Debug-iphonesimulator/PackageFrameworks -F /Users/ericwatke/Library/Developer/Xcode/DerivedData/PeerTubeSwift-dpcwhlbrkmudrpgkkujqsfdqnghl/Build/Products/Debug-iphonesimulator/PackageFrameworks -F /Users/ericwatke/Library/Developer/Xcode/DerivedData/PeerTubeSwift-dpcwhlbrkmudrpgkkujqsfdqnghl/Build/Products/Debug-iphonesimulator/PackageFrameworks -F /Users/ericwatke/Library/Developer/Xcode/DerivedData/PeerTubeSwift-dpcwhlbrkmudrpgkkujqsfdqnghl/Build/Products/Debug-iphonesimulator/PackageFrameworks -F /Users/ericwatke/Library/Developer/Xcode/DerivedData/PeerTubeSwift-dpcwhlbrkmudrpgkkujqsfdqnghl/Build/Products/Debug-iphonesimulator/PackageFrameworks -F /Users/ericwatke/Library/Developer/Xcode/DerivedData/PeerTubeSwift-dpcwhlbrkmudrpgkkujqsfdqnghl/Build/Products/Debug-iphonesimulator/PackageFrameworks -F /Users/ericwatke/Library/Developer/Xcode/DerivedData/PeerTubeSwift-dpcwhlbrkmudrpgkkujqsfdqnghl/Build/Products/Debug-iphonesimulator/PackageFrameworks -F /Users/ericwatke/Library/Developer/Xcode/DerivedData/PeerTubeSwift-dpcwhlbrkmudrpgkkujqsfdqnghl/Build/Products/Debug-iphonesimulator/PackageFrameworks -F /Users/ericwatke/Library/Developer/Xcode/DerivedData/PeerTubeSwift-dpcwhlbrkmudrpgkkujqsfdqnghl/Build/Products/Debug-iphonesimulator/PackageFrameworks -F /Users/ericwatke/Library/Developer/Xcode/DerivedData/PeerTubeSwift-dpcwhlbrkmudrpgkkujqsfdqnghl/Build/Products/Debug-iphonesimulator/PackageFrameworks -F /Users/ericwatke/Library/Developer/Xcode/DerivedData/PeerTubeSwift-dpcwhlbrkmudrpgkkujqsfdqnghl/Build/Products/Debug-iphonesimulator/PackageFrameworks -F /Users/ericwatke/Library/Developer/Xcode/DerivedData/PeerTubeSwift-dpcwhlbrkmudrpgkkujqsfdqnghl/Build/Products/Debug-iphonesimulator -F /Applications/Xcode-26.2.0.app/Contents/Developer/Platforms/iPhoneSimulator.platform/Developer/Library/Frameworks -F /Applications/Xcode-26.2.0.app/Contents/Developer/Platforms/iPhoneSimulator.platform/Developer/SDKs/iPhoneSimulator26.2.sdk/Developer/Library/Frameworks -Xfrontend -load-plugin-executable -Xfrontend /Users/ericwatke/Library/Developer/Xcode/DerivedData/PeerTubeSwift-dpcwhlbrkmudrpgkkujqsfdqnghl/Build/Products/Debug/CasePathsMacros\#CasePathsMacros -Xfrontend -load-plugin-executable -Xfrontend /Users/ericwatke/Library/Developer/Xcode/DerivedData/PeerTubeSwift-dpcwhlbrkmudrpgkkujqsfdqnghl/Build/Products/Debug/ComposableArchitectureMacros\#ComposableArchitectureMacros -Xfrontend -load-plugin-executable -Xfrontend /Users/ericwatke/Library/Developer/Xcode/DerivedData/PeerTubeSwift-dpcwhlbrkmudrpgkkujqsfdqnghl/Build/Products/Debug/DependenciesMacrosPlugin\#DependenciesMacrosPlugin -Xfrontend -load-plugin-executable -Xfrontend /Users/ericwatke/Library/Developer/Xcode/DerivedData/PeerTubeSwift-dpcwhlbrkmudrpgkkujqsfdqnghl/Build/Products/Debug/PerceptionMacros\#PerceptionMacros -c -j8 -enable-batch-mode -incremental -Xcc -ivfsstatcache -Xcc /Users/ericwatke/Library/Developer/Xcode/DerivedData/SDKStatCaches.noindex/iphonesimulator26.2-23C53-396ea2e52eee30dc3ef691f54c5a881e.sdkstatcache -output-file-map /Users/ericwatke/Library/Developer/Xcode/DerivedData/PeerTubeSwift-dpcwhlbrkmudrpgkkujqsfdqnghl/Build/Intermediates.noindex/swift-composable-architecture.build/Debug-iphonesimulator/ComposableArchitecture.build/Objects-normal/arm64/ComposableArchitecture-OutputFileMap.json -use-frontend-parseable-output -save-temps -no-color-diagnostics -explicit-module-build -module-cache-path /Users/ericwatke/Library/Developer/Xcode/DerivedData/PeerTubeSwift-dpcwhlbrkmudrpgkkujqsfdqnghl/Build/Intermediates.noindex/SwiftExplicitPrecompiledModules -clang-scanner-module-cache-path /Users/ericwatke/Library/Developer/Xcode/DerivedData/ModuleCache.noindex -sdk-module-cache-path /Users/ericwatke/Library/Developer/Xcode/DerivedData/ModuleCache.noindex -serialize-diagnostics -emit-dependencies -emit-module -emit-module-path /Users/ericwatke/Library/Developer/Xcode/DerivedData/PeerTubeSwift-dpcwhlbrkmudrpgkkujqsfdqnghl/Build/Intermediates.noindex/swift-composable-architecture.build/Debug-iphonesimulator/ComposableArchitecture.build/Objects-normal/arm64/ComposableArchitecture.swiftmodule -user-module-version 1.23.1 -validate-clang-modules-once -clang-build-session-file /Users/ericwatke/Library/Developer/Xcode/DerivedData/ModuleCache.noindex/Session.modulevalidation -package-name swift_composable_architecture -Xcc -I/Users/ericwatke/Library/Developer/Xcode/DerivedData/PeerTubeSwift-dpcwhlbrkmudrpgkkujqsfdqnghl/Build/Intermediates.noindex/swift-composable-architecture.build/Debug-iphonesimulator/ComposableArchitecture.build/swift-overrides.hmap -emit-const-values -Xfrontend -const-gather-protocols-file -Xfrontend /Users/ericwatke/Library/Developer/Xcode/DerivedData/PeerTubeSwift-dpcwhlbrkmudrpgkkujqsfdqnghl/Build/Intermediates.noindex/swift-composable-architecture.build/Debug-iphonesimulator/ComposableArchitecture.build/Objects-normal/arm64/ComposableArchitecture_const_extract_protocols.json -Xcc -I/Users/ericwatke/Library/Developer/Xcode/DerivedData/PeerTubeSwift-dpcwhlbrkmudrpgkkujqsfdqnghl/SourcePackages/checkouts/swift-navigation/Sources/UIKitNavigationShim/include -Xcc -I/Users/ericwatke/Library/Developer/Xcode/DerivedData/PeerTubeSwift-dpcwhlbrkmudrpgkkujqsfdqnghl/Build/Products/Debug-iphonesimulator/include -Xcc -I/Users/ericwatke/Library/Developer/Xcode/DerivedData/PeerTubeSwift-dpcwhlbrkmudrpgkkujqsfdqnghl/Build/Intermediates.noindex/swift-composable-architecture.build/Debug-iphonesimulator/ComposableArchitecture.build/DerivedSources-normal/arm64 -Xcc -I/Users/ericwatke/Library/Developer/Xcode/DerivedData/PeerTubeSwift-dpcwhlbrkmudrpgkkujqsfdqnghl/Build/Intermediates.noindex/swift-composable-architecture.build/Debug-iphonesimulator/ComposableArchitecture.build/DerivedSources/arm64 -Xcc -I/Users/ericwatke/Library/Developer/Xcode/DerivedData/PeerTubeSwift-dpcwhlbrkmudrpgkkujqsfdqnghl/Build/Intermediates.noindex/swift-composable-architecture.build/Debug-iphonesimulator/ComposableArchitecture.build/DerivedSources -Xcc -DSWIFT_PACKAGE -Xcc -DDEBUG\=1 -emit-objc-header -emit-objc-header-path /Users/ericwatke/Library/Developer/Xcode/DerivedData/PeerTubeSwift-dpcwhlbrkmudrpgkkujqsfdqnghl/Build/Intermediates.noindex/swift-composable-architecture.build/Debug-iphonesimulator/ComposableArchitecture.build/Objects-normal/arm64/ComposableArchitecture-Swift.h -working-directory /Users/ericwatke/Documents/GitHub/peertube-swift/App/PeerTubeSwift/PeerTubeSwift.xcodeproj -experimental-emit-module-separately -disable-cmo

GenerateTAPI /Users/ericwatke/Library/Developer/Xcode/DerivedData/PeerTubeSwift-dpcwhlbrkmudrpgkkujqsfdqnghl/Build/Intermediates.noindex/EagerLinkingTBDs/Debug-iphonesimulator/CustomDump_169F2B173C94B61B_PackageProduct.framework/CustomDump_169F2B173C94B61B_PackageProduct.tbd (in target 'CustomDump' from project 'swift-custom-dump')
    cd /Users/ericwatke/Library/Developer/Xcode/DerivedData/PeerTubeSwift-dpcwhlbrkmudrpgkkujqsfdqnghl/SourcePackages/checkouts/swift-custom-dump
    /Applications/Xcode-26.2.0.app/Contents/Developer/Toolchains/XcodeDefault.xctoolchain/usr/bin/tapi stubify -isysroot /Applications/Xcode-26.2.0.app/Contents/Developer/Platforms/iPhoneSimulator.platform/Developer/SDKs/iPhoneSimulator26.2.sdk -F/Users/ericwatke/Library/Developer/Xcode/DerivedData/PeerTubeSwift-dpcwhlbrkmudrpgkkujqsfdqnghl/Build/Products/Debug-iphonesimulator/PackageFrameworks -F/Users/ericwatke/Library/Developer/Xcode/DerivedData/PeerTubeSwift-dpcwhlbrkmudrpgkkujqsfdqnghl/Build/Products/Debug-iphonesimulator/PackageFrameworks -F/Users/ericwatke/Library/Developer/Xcode/DerivedData/PeerTubeSwift-dpcwhlbrkmudrpgkkujqsfdqnghl/Build/Products/Debug-iphonesimulator/PackageFrameworks -F/Users/ericwatke/Library/Developer/Xcode/DerivedData/PeerTubeSwift-dpcwhlbrkmudrpgkkujqsfdqnghl/Build/Products/Debug-iphonesimulator/PackageFrameworks -F/Users/ericwatke/Library/Developer/Xcode/DerivedData/PeerTubeSwift-dpcwhlbrkmudrpgkkujqsfdqnghl/Build/Products/Debug-iphonesimulator -iframework /Applications/Xcode-26.2.0.app/Contents/Developer/Platforms/iPhoneSimulator.platform/Developer/Library/Frameworks -iframework /Applications/Xcode-26.2.0.app/Contents/Developer/Platforms/iPhoneSimulator.platform/Developer/SDKs/iPhoneSimulator26.2.sdk/Developer/Library/Frameworks -L/Users/ericwatke/Library/Developer/Xcode/DerivedData/PeerTubeSwift-dpcwhlbrkmudrpgkkujqsfdqnghl/Build/Products/Debug-iphonesimulator -L/Applications/Xcode-26.2.0.app/Contents/Developer/Platforms/iPhoneSimulator.platform/Developer/usr/lib /Users/ericwatke/Library/Developer/Xcode/DerivedData/PeerTubeSwift-dpcwhlbrkmudrpgkkujqsfdqnghl/Build/Products/Debug-iphonesimulator/PackageFrameworks/CustomDump_169F2B173C94B61B_PackageProduct.framework/CustomDump_169F2B173C94B61B_PackageProduct -o /Users/ericwatke/Library/Developer/Xcode/DerivedData/PeerTubeSwift-dpcwhlbrkmudrpgkkujqsfdqnghl/Build/Intermediates.noindex/EagerLinkingTBDs/Debug-iphonesimulator/CustomDump_169F2B173C94B61B_PackageProduct.framework/CustomDump_169F2B173C94B61B_PackageProduct.tbd

SwiftDriver\ Compilation\ Requirements SQLiteData normal arm64 com.apple.xcode.tools.swift.compiler (in target 'SQLiteData' from project 'sqlite-data')
    cd /Users/ericwatke/Documents/GitHub/peertube-swift/App/PeerTubeSwift/PeerTubeSwift.xcodeproj
    builtin-Swift-Compilation-Requirements -- /Applications/Xcode-26.2.0.app/Contents/Developer/Toolchains/XcodeDefault.xctoolchain/usr/bin/swiftc -module-name SQLiteData -Onone -enforce-exclusivity\=checked @/Users/ericwatke/Library/Developer/Xcode/DerivedData/PeerTubeSwift-dpcwhlbrkmudrpgkkujqsfdqnghl/Build/Intermediates.noindex/sqlite-data.build/Debug-iphonesimulator/SQLiteData.build/Objects-normal/arm64/SQLiteData.SwiftFileList -DSWIFT_PACKAGE -DDEBUG -DSWIFT_MODULE_RESOURCE_BUNDLE_UNAVAILABLE -Xcc -fmodule-map-file\=/Users/ericwatke/Library/Developer/Xcode/DerivedData/PeerTubeSwift-dpcwhlbrkmudrpgkkujqsfdqnghl/SourcePackages/checkouts/GRDB.swift/Sources/GRDBSQLite/module.modulemap -DXcode -enable-upcoming-feature MemberImportVisibility -plugin-path /Applications/Xcode-26.2.0.app/Contents/Developer/Toolchains/XcodeDefault.xctoolchain/usr/lib/swift/host/plugins/testing -enable-experimental-feature DebugDescriptionMacro -sdk /Applications/Xcode-26.2.0.app/Contents/Developer/Platforms/iPhoneSimulator.platform/Developer/SDKs/iPhoneSimulator26.2.sdk -target arm64-apple-ios13.0-simulator -g -module-cache-path /Users/ericwatke/Library/Developer/Xcode/DerivedData/ModuleCache.noindex -Xfrontend -serialize-debugging-options -profile-coverage-mapping -profile-generate -enable-testing -suppress-warnings -index-store-path /Users/ericwatke/Library/Developer/Xcode/DerivedData/PeerTubeSwift-dpcwhlbrkmudrpgkkujqsfdqnghl/Index.noindex/DataStore -Xcc -D_LIBCPP_HARDENING_MODE\=_LIBCPP_HARDENING_MODE_DEBUG -swift-version 6 -I /Users/ericwatke/Library/Developer/Xcode/DerivedData/PeerTubeSwift-dpcwhlbrkmudrpgkkujqsfdqnghl/Build/Products/Debug-iphonesimulator -Isystem /Applications/Xcode-26.2.0.app/Contents/Developer/Platforms/iPhoneSimulator.platform/Developer/usr/lib -F /Users/ericwatke/Library/Developer/Xcode/DerivedData/PeerTubeSwift-dpcwhlbrkmudrpgkkujqsfdqnghl/Build/Products/Debug-iphonesimulator/PackageFrameworks -F /Users/ericwatke/Library/Developer/Xcode/DerivedData/PeerTubeSwift-dpcwhlbrkmudrpgkkujqsfdqnghl/Build/Products/Debug-iphonesimulator/PackageFrameworks -F /Users/ericwatke/Library/Developer/Xcode/DerivedData/PeerTubeSwift-dpcwhlbrkmudrpgkkujqsfdqnghl/Build/Products/Debug-iphonesimulator/PackageFrameworks -F /Users/ericwatke/Library/Developer/Xcode/DerivedData/PeerTubeSwift-dpcwhlbrkmudrpgkkujqsfdqnghl/Build/Products/Debug-iphonesimulator/PackageFrameworks -F /Users/ericwatke/Library/Developer/Xcode/DerivedData/PeerTubeSwift-dpcwhlbrkmudrpgkkujqsfdqnghl/Build/Products/Debug-iphonesimulator/PackageFrameworks -F /Users/ericwatke/Library/Developer/Xcode/DerivedData/PeerTubeSwift-dpcwhlbrkmudrpgkkujqsfdqnghl/Build/Products/Debug-iphonesimulator/PackageFrameworks -F /Users/ericwatke/Library/Developer/Xcode/DerivedData/PeerTubeSwift-dpcwhlbrkmudrpgkkujqsfdqnghl/Build/Products/Debug-iphonesimulator/PackageFrameworks -F /Users/ericwatke/Library/Developer/Xcode/DerivedData/PeerTubeSwift-dpcwhlbrkmudrpgkkujqsfdqnghl/Build/Products/Debug-iphonesimulator/PackageFrameworks -F /Users/ericwatke/Library/Developer/Xcode/DerivedData/PeerTubeSwift-dpcwhlbrkmudrpgkkujqsfdqnghl/Build/Products/Debug-iphonesimulator/PackageFrameworks -F /Users/ericwatke/Library/Developer/Xcode/DerivedData/PeerTubeSwift-dpcwhlbrkmudrpgkkujqsfdqnghl/Build/Products/Debug-iphonesimulator/PackageFrameworks -F /Users/ericwatke/Library/Developer/Xcode/DerivedData/PeerTubeSwift-dpcwhlbrkmudrpgkkujqsfdqnghl/Build/Products/Debug-iphonesimulator/PackageFrameworks -F /Users/ericwatke/Library/Developer/Xcode/DerivedData/PeerTubeSwift-dpcwhlbrkmudrpgkkujqsfdqnghl/Build/Products/Debug-iphonesimulator/PackageFrameworks -F /Users/ericwatke/Library/Developer/Xcode/DerivedData/PeerTubeSwift-dpcwhlbrkmudrpgkkujqsfdqnghl/Build/Products/Debug-iphonesimulator/PackageFrameworks -F /Users/ericwatke/Library/Developer/Xcode/DerivedData/PeerTubeSwift-dpcwhlbrkmudrpgkkujqsfdqnghl/Build/Products/Debug-iphonesimulator/PackageFrameworks -F /Users/ericwatke/Library/Developer/Xcode/DerivedData/PeerTubeSwift-dpcwhlbrkmudrpgkkujqsfdqnghl/Build/Products/Debug-iphonesimulator/PackageFrameworks -F /Users/ericwatke/Library/Developer/Xcode/DerivedData/PeerTubeSwift-dpcwhlbrkmudrpgkkujqsfdqnghl/Build/Products/Debug-iphonesimulator/PackageFrameworks -F /Users/ericwatke/Library/Developer/Xcode/DerivedData/PeerTubeSwift-dpcwhlbrkmudrpgkkujqsfdqnghl/Build/Products/Debug-iphonesimulator/PackageFrameworks -F /Users/ericwatke/Library/Developer/Xcode/DerivedData/PeerTubeSwift-dpcwhlbrkmudrpgkkujqsfdqnghl/Build/Products/Debug-iphonesimulator/PackageFrameworks -F /Users/ericwatke/Library/Developer/Xcode/DerivedData/PeerTubeSwift-dpcwhlbrkmudrpgkkujqsfdqnghl/Build/Products/Debug-iphonesimulator/PackageFrameworks -F /Users/ericwatke/Library/Developer/Xcode/DerivedData/PeerTubeSwift-dpcwhlbrkmudrpgkkujqsfdqnghl/Build/Products/Debug-iphonesimulator/PackageFrameworks -F /Users/ericwatke/Library/Developer/Xcode/DerivedData/PeerTubeSwift-dpcwhlbrkmudrpgkkujqsfdqnghl/Build/Products/Debug-iphonesimulator/PackageFrameworks -F /Users/ericwatke/Library/Developer/Xcode/DerivedData/PeerTubeSwift-dpcwhlbrkmudrpgkkujqsfdqnghl/Build/Products/Debug-iphonesimulator -F /Applications/Xcode-26.2.0.app/Contents/Developer/Platforms/iPhoneSimulator.platform/Developer/Library/Frameworks -F /Applications/Xcode-26.2.0.app/Contents/Developer/Platforms/iPhoneSimulator.platform/Developer/SDKs/iPhoneSimulator26.2.sdk/Developer/Library/Frameworks -Xfrontend -load-plugin-executable -Xfrontend /Users/ericwatke/Library/Developer/Xcode/DerivedData/PeerTubeSwift-dpcwhlbrkmudrpgkkujqsfdqnghl/Build/Products/Debug/PerceptionMacros\#PerceptionMacros -Xfrontend -load-plugin-executable -Xfrontend /Users/ericwatke/Library/Developer/Xcode/DerivedData/PeerTubeSwift-dpcwhlbrkmudrpgkkujqsfdqnghl/Build/Products/Debug/StructuredQueriesMacros\#StructuredQueriesMacros -Xfrontend -load-plugin-executable -Xfrontend /Users/ericwatke/Library/Developer/Xcode/DerivedData/PeerTubeSwift-dpcwhlbrkmudrpgkkujqsfdqnghl/Build/Products/Debug/StructuredQueriesSQLiteMacros\#StructuredQueriesSQLiteMacros -c -j8 -enable-batch-mode -incremental -Xcc -ivfsstatcache -Xcc /Users/ericwatke/Library/Developer/Xcode/DerivedData/SDKStatCaches.noindex/iphonesimulator26.2-23C53-396ea2e52eee30dc3ef691f54c5a881e.sdkstatcache -output-file-map /Users/ericwatke/Library/Developer/Xcode/DerivedData/PeerTubeSwift-dpcwhlbrkmudrpgkkujqsfdqnghl/Build/Intermediates.noindex/sqlite-data.build/Debug-iphonesimulator/SQLiteData.build/Objects-normal/arm64/SQLiteData-OutputFileMap.json -use-frontend-parseable-output -save-temps -no-color-diagnostics -explicit-module-build -module-cache-path /Users/ericwatke/Library/Developer/Xcode/DerivedData/PeerTubeSwift-dpcwhlbrkmudrpgkkujqsfdqnghl/Build/Intermediates.noindex/SwiftExplicitPrecompiledModules -clang-scanner-module-cache-path /Users/ericwatke/Library/Developer/Xcode/DerivedData/ModuleCache.noindex -sdk-module-cache-path /Users/ericwatke/Library/Developer/Xcode/DerivedData/ModuleCache.noindex -serialize-diagnostics -emit-dependencies -emit-module -emit-module-path /Users/ericwatke/Library/Developer/Xcode/DerivedData/PeerTubeSwift-dpcwhlbrkmudrpgkkujqsfdqnghl/Build/Intermediates.noindex/sqlite-data.build/Debug-iphonesimulator/SQLiteData.build/Objects-normal/arm64/SQLiteData.swiftmodule -user-module-version 1.4.1 -validate-clang-modules-once -clang-build-session-file /Users/ericwatke/Library/Developer/Xcode/DerivedData/ModuleCache.noindex/Session.modulevalidation -package-name sqlite_data -Xcc -I/Users/ericwatke/Library/Developer/Xcode/DerivedData/PeerTubeSwift-dpcwhlbrkmudrpgkkujqsfdqnghl/Build/Intermediates.noindex/sqlite-data.build/Debug-iphonesimulator/SQLiteData.build/swift-overrides.hmap -emit-const-values -Xfrontend -const-gather-protocols-file -Xfrontend /Users/ericwatke/Library/Developer/Xcode/DerivedData/PeerTubeSwift-dpcwhlbrkmudrpgkkujqsfdqnghl/Build/Intermediates.noindex/sqlite-data.build/Debug-iphonesimulator/SQLiteData.build/Objects-normal/arm64/SQLiteData_const_extract_protocols.json -Xcc -I/Users/ericwatke/Library/Developer/Xcode/DerivedData/PeerTubeSwift-dpcwhlbrkmudrpgkkujqsfdqnghl/Build/Products/Debug-iphonesimulator/include -Xcc -I/Users/ericwatke/Library/Developer/Xcode/DerivedData/PeerTubeSwift-dpcwhlbrkmudrpgkkujqsfdqnghl/Build/Intermediates.noindex/sqlite-data.build/Debug-iphonesimulator/SQLiteData.build/DerivedSources-normal/arm64 -Xcc -I/Users/ericwatke/Library/Developer/Xcode/DerivedData/PeerTubeSwift-dpcwhlbrkmudrpgkkujqsfdqnghl/Build/Intermediates.noindex/sqlite-data.build/Debug-iphonesimulator/SQLiteData.build/DerivedSources/arm64 -Xcc -I/Users/ericwatke/Library/Developer/Xcode/DerivedData/PeerTubeSwift-dpcwhlbrkmudrpgkkujqsfdqnghl/Build/Intermediates.noindex/sqlite-data.build/Debug-iphonesimulator/SQLiteData.build/DerivedSources -Xcc -DSWIFT_PACKAGE -Xcc -DDEBUG\=1 -emit-objc-header -emit-objc-header-path /Users/ericwatke/Library/Developer/Xcode/DerivedData/PeerTubeSwift-dpcwhlbrkmudrpgkkujqsfdqnghl/Build/Intermediates.noindex/sqlite-data.build/Debug-iphonesimulator/SQLiteData.build/Objects-normal/arm64/SQLiteData-Swift.h -working-directory /Users/ericwatke/Documents/GitHub/peertube-swift/App/PeerTubeSwift/PeerTubeSwift.xcodeproj -experimental-emit-module-separately -disable-cmo

SwiftDriver\ Compilation SQLiteData normal arm64 com.apple.xcode.tools.swift.compiler (in target 'SQLiteData' from project 'sqlite-data')
    cd /Users/ericwatke/Documents/GitHub/peertube-swift/App/PeerTubeSwift/PeerTubeSwift.xcodeproj
    builtin-Swift-Compilation -- /Applications/Xcode-26.2.0.app/Contents/Developer/Toolchains/XcodeDefault.xctoolchain/usr/bin/swiftc -module-name SQLiteData -Onone -enforce-exclusivity\=checked @/Users/ericwatke/Library/Developer/Xcode/DerivedData/PeerTubeSwift-dpcwhlbrkmudrpgkkujqsfdqnghl/Build/Intermediates.noindex/sqlite-data.build/Debug-iphonesimulator/SQLiteData.build/Objects-normal/arm64/SQLiteData.SwiftFileList -DSWIFT_PACKAGE -DDEBUG -DSWIFT_MODULE_RESOURCE_BUNDLE_UNAVAILABLE -Xcc -fmodule-map-file\=/Users/ericwatke/Library/Developer/Xcode/DerivedData/PeerTubeSwift-dpcwhlbrkmudrpgkkujqsfdqnghl/SourcePackages/checkouts/GRDB.swift/Sources/GRDBSQLite/module.modulemap -DXcode -enable-upcoming-feature MemberImportVisibility -plugin-path /Applications/Xcode-26.2.0.app/Contents/Developer/Toolchains/XcodeDefault.xctoolchain/usr/lib/swift/host/plugins/testing -enable-experimental-feature DebugDescriptionMacro -sdk /Applications/Xcode-26.2.0.app/Contents/Developer/Platforms/iPhoneSimulator.platform/Developer/SDKs/iPhoneSimulator26.2.sdk -target arm64-apple-ios13.0-simulator -g -module-cache-path /Users/ericwatke/Library/Developer/Xcode/DerivedData/ModuleCache.noindex -Xfrontend -serialize-debugging-options -profile-coverage-mapping -profile-generate -enable-testing -suppress-warnings -index-store-path /Users/ericwatke/Library/Developer/Xcode/DerivedData/PeerTubeSwift-dpcwhlbrkmudrpgkkujqsfdqnghl/Index.noindex/DataStore -Xcc -D_LIBCPP_HARDENING_MODE\=_LIBCPP_HARDENING_MODE_DEBUG -swift-version 6 -I /Users/ericwatke/Library/Developer/Xcode/DerivedData/PeerTubeSwift-dpcwhlbrkmudrpgkkujqsfdqnghl/Build/Products/Debug-iphonesimulator -Isystem /Applications/Xcode-26.2.0.app/Contents/Developer/Platforms/iPhoneSimulator.platform/Developer/usr/lib -F /Users/ericwatke/Library/Developer/Xcode/DerivedData/PeerTubeSwift-dpcwhlbrkmudrpgkkujqsfdqnghl/Build/Products/Debug-iphonesimulator/PackageFrameworks -F /Users/ericwatke/Library/Developer/Xcode/DerivedData/PeerTubeSwift-dpcwhlbrkmudrpgkkujqsfdqnghl/Build/Products/Debug-iphonesimulator/PackageFrameworks -F /Users/ericwatke/Library/Developer/Xcode/DerivedData/PeerTubeSwift-dpcwhlbrkmudrpgkkujqsfdqnghl/Build/Products/Debug-iphonesimulator/PackageFrameworks -F /Users/ericwatke/Library/Developer/Xcode/DerivedData/PeerTubeSwift-dpcwhlbrkmudrpgkkujqsfdqnghl/Build/Products/Debug-iphonesimulator/PackageFrameworks -F /Users/ericwatke/Library/Developer/Xcode/DerivedData/PeerTubeSwift-dpcwhlbrkmudrpgkkujqsfdqnghl/Build/Products/Debug-iphonesimulator/PackageFrameworks -F /Users/ericwatke/Library/Developer/Xcode/DerivedData/PeerTubeSwift-dpcwhlbrkmudrpgkkujqsfdqnghl/Build/Products/Debug-iphonesimulator/PackageFrameworks -F /Users/ericwatke/Library/Developer/Xcode/DerivedData/PeerTubeSwift-dpcwhlbrkmudrpgkkujqsfdqnghl/Build/Products/Debug-iphonesimulator/PackageFrameworks -F /Users/ericwatke/Library/Developer/Xcode/DerivedData/PeerTubeSwift-dpcwhlbrkmudrpgkkujqsfdqnghl/Build/Products/Debug-iphonesimulator/PackageFrameworks -F /Users/ericwatke/Library/Developer/Xcode/DerivedData/PeerTubeSwift-dpcwhlbrkmudrpgkkujqsfdqnghl/Build/Products/Debug-iphonesimulator/PackageFrameworks -F /Users/ericwatke/Library/Developer/Xcode/DerivedData/PeerTubeSwift-dpcwhlbrkmudrpgkkujqsfdqnghl/Build/Products/Debug-iphonesimulator/PackageFrameworks -F /Users/ericwatke/Library/Developer/Xcode/DerivedData/PeerTubeSwift-dpcwhlbrkmudrpgkkujqsfdqnghl/Build/Products/Debug-iphonesimulator/PackageFrameworks -F /Users/ericwatke/Library/Developer/Xcode/DerivedData/PeerTubeSwift-dpcwhlbrkmudrpgkkujqsfdqnghl/Build/Products/Debug-iphonesimulator/PackageFrameworks -F /Users/ericwatke/Library/Developer/Xcode/DerivedData/PeerTubeSwift-dpcwhlbrkmudrpgkkujqsfdqnghl/Build/Products/Debug-iphonesimulator/PackageFrameworks -F /Users/ericwatke/Library/Developer/Xcode/DerivedData/PeerTubeSwift-dpcwhlbrkmudrpgkkujqsfdqnghl/Build/Products/Debug-iphonesimulator/PackageFrameworks -F /Users/ericwatke/Library/Developer/Xcode/DerivedData/PeerTubeSwift-dpcwhlbrkmudrpgkkujqsfdqnghl/Build/Products/Debug-iphonesimulator/PackageFrameworks -F /Users/ericwatke/Library/Developer/Xcode/DerivedData/PeerTubeSwift-dpcwhlbrkmudrpgkkujqsfdqnghl/Build/Products/Debug-iphonesimulator/PackageFrameworks -F /Users/ericwatke/Library/Developer/Xcode/DerivedData/PeerTubeSwift-dpcwhlbrkmudrpgkkujqsfdqnghl/Build/Products/Debug-iphonesimulator/PackageFrameworks -F /Users/ericwatke/Library/Developer/Xcode/DerivedData/PeerTubeSwift-dpcwhlbrkmudrpgkkujqsfdqnghl/Build/Products/Debug-iphonesimulator/PackageFrameworks -F /Users/ericwatke/Library/Developer/Xcode/DerivedData/PeerTubeSwift-dpcwhlbrkmudrpgkkujqsfdqnghl/Build/Products/Debug-iphonesimulator/PackageFrameworks -F /Users/ericwatke/Library/Developer/Xcode/DerivedData/PeerTubeSwift-dpcwhlbrkmudrpgkkujqsfdqnghl/Build/Products/Debug-iphonesimulator/PackageFrameworks -F /Users/ericwatke/Library/Developer/Xcode/DerivedData/PeerTubeSwift-dpcwhlbrkmudrpgkkujqsfdqnghl/Build/Products/Debug-iphonesimulator/PackageFrameworks -F /Users/ericwatke/Library/Developer/Xcode/DerivedData/PeerTubeSwift-dpcwhlbrkmudrpgkkujqsfdqnghl/Build/Products/Debug-iphonesimulator -F /Applications/Xcode-26.2.0.app/Contents/Developer/Platforms/iPhoneSimulator.platform/Developer/Library/Frameworks -F /Applications/Xcode-26.2.0.app/Contents/Developer/Platforms/iPhoneSimulator.platform/Developer/SDKs/iPhoneSimulator26.2.sdk/Developer/Library/Frameworks -Xfrontend -load-plugin-executable -Xfrontend /Users/ericwatke/Library/Developer/Xcode/DerivedData/PeerTubeSwift-dpcwhlbrkmudrpgkkujqsfdqnghl/Build/Products/Debug/PerceptionMacros\#PerceptionMacros -Xfrontend -load-plugin-executable -Xfrontend /Users/ericwatke/Library/Developer/Xcode/DerivedData/PeerTubeSwift-dpcwhlbrkmudrpgkkujqsfdqnghl/Build/Products/Debug/StructuredQueriesMacros\#StructuredQueriesMacros -Xfrontend -load-plugin-executable -Xfrontend /Users/ericwatke/Library/Developer/Xcode/DerivedData/PeerTubeSwift-dpcwhlbrkmudrpgkkujqsfdqnghl/Build/Products/Debug/StructuredQueriesSQLiteMacros\#StructuredQueriesSQLiteMacros -c -j8 -enable-batch-mode -incremental -Xcc -ivfsstatcache -Xcc /Users/ericwatke/Library/Developer/Xcode/DerivedData/SDKStatCaches.noindex/iphonesimulator26.2-23C53-396ea2e52eee30dc3ef691f54c5a881e.sdkstatcache -output-file-map /Users/ericwatke/Library/Developer/Xcode/DerivedData/PeerTubeSwift-dpcwhlbrkmudrpgkkujqsfdqnghl/Build/Intermediates.noindex/sqlite-data.build/Debug-iphonesimulator/SQLiteData.build/Objects-normal/arm64/SQLiteData-OutputFileMap.json -use-frontend-parseable-output -save-temps -no-color-diagnostics -explicit-module-build -module-cache-path /Users/ericwatke/Library/Developer/Xcode/DerivedData/PeerTubeSwift-dpcwhlbrkmudrpgkkujqsfdqnghl/Build/Intermediates.noindex/SwiftExplicitPrecompiledModules -clang-scanner-module-cache-path /Users/ericwatke/Library/Developer/Xcode/DerivedData/ModuleCache.noindex -sdk-module-cache-path /Users/ericwatke/Library/Developer/Xcode/DerivedData/ModuleCache.noindex -serialize-diagnostics -emit-dependencies -emit-module -emit-module-path /Users/ericwatke/Library/Developer/Xcode/DerivedData/PeerTubeSwift-dpcwhlbrkmudrpgkkujqsfdqnghl/Build/Intermediates.noindex/sqlite-data.build/Debug-iphonesimulator/SQLiteData.build/Objects-normal/arm64/SQLiteData.swiftmodule -user-module-version 1.4.1 -validate-clang-modules-once -clang-build-session-file /Users/ericwatke/Library/Developer/Xcode/DerivedData/ModuleCache.noindex/Session.modulevalidation -package-name sqlite_data -Xcc -I/Users/ericwatke/Library/Developer/Xcode/DerivedData/PeerTubeSwift-dpcwhlbrkmudrpgkkujqsfdqnghl/Build/Intermediates.noindex/sqlite-data.build/Debug-iphonesimulator/SQLiteData.build/swift-overrides.hmap -emit-const-values -Xfrontend -const-gather-protocols-file -Xfrontend /Users/ericwatke/Library/Developer/Xcode/DerivedData/PeerTubeSwift-dpcwhlbrkmudrpgkkujqsfdqnghl/Build/Intermediates.noindex/sqlite-data.build/Debug-iphonesimulator/SQLiteData.build/Objects-normal/arm64/SQLiteData_const_extract_protocols.json -Xcc -I/Users/ericwatke/Library/Developer/Xcode/DerivedData/PeerTubeSwift-dpcwhlbrkmudrpgkkujqsfdqnghl/Build/Products/Debug-iphonesimulator/include -Xcc -I/Users/ericwatke/Library/Developer/Xcode/DerivedData/PeerTubeSwift-dpcwhlbrkmudrpgkkujqsfdqnghl/Build/Intermediates.noindex/sqlite-data.build/Debug-iphonesimulator/SQLiteData.build/DerivedSources-normal/arm64 -Xcc -I/Users/ericwatke/Library/Developer/Xcode/DerivedData/PeerTubeSwift-dpcwhlbrkmudrpgkkujqsfdqnghl/Build/Intermediates.noindex/sqlite-data.build/Debug-iphonesimulator/SQLiteData.build/DerivedSources/arm64 -Xcc -I/Users/ericwatke/Library/Developer/Xcode/DerivedData/PeerTubeSwift-dpcwhlbrkmudrpgkkujqsfdqnghl/Build/Intermediates.noindex/sqlite-data.build/Debug-iphonesimulator/SQLiteData.build/DerivedSources -Xcc -DSWIFT_PACKAGE -Xcc -DDEBUG\=1 -emit-objc-header -emit-objc-header-path /Users/ericwatke/Library/Developer/Xcode/DerivedData/PeerTubeSwift-dpcwhlbrkmudrpgkkujqsfdqnghl/Build/Intermediates.noindex/sqlite-data.build/Debug-iphonesimulator/SQLiteData.build/Objects-normal/arm64/SQLiteData-Swift.h -working-directory /Users/ericwatke/Documents/GitHub/peertube-swift/App/PeerTubeSwift/PeerTubeSwift.xcodeproj -experimental-emit-module-separately -disable-cmo

SwiftMergeGeneratedHeaders /Users/ericwatke/Library/Developer/Xcode/DerivedData/PeerTubeSwift-dpcwhlbrkmudrpgkkujqsfdqnghl/Build/Intermediates.noindex/GeneratedModuleMaps-iphonesimulator/SQLiteData-Swift.h /Users/ericwatke/Library/Developer/Xcode/DerivedData/PeerTubeSwift-dpcwhlbrkmudrpgkkujqsfdqnghl/Build/Intermediates.noindex/sqlite-data.build/Debug-iphonesimulator/SQLiteData.build/Objects-normal/arm64/SQLiteData-Swift.h (in target 'SQLiteData' from project 'sqlite-data')
    cd /Users/ericwatke/Library/Developer/Xcode/DerivedData/PeerTubeSwift-dpcwhlbrkmudrpgkkujqsfdqnghl/SourcePackages/checkouts/sqlite-data
    builtin-swiftHeaderTool -arch arm64 /Users/ericwatke/Library/Developer/Xcode/DerivedData/PeerTubeSwift-dpcwhlbrkmudrpgkkujqsfdqnghl/Build/Intermediates.noindex/sqlite-data.build/Debug-iphonesimulator/SQLiteData.build/Objects-normal/arm64/SQLiteData-Swift.h -o /Users/ericwatke/Library/Developer/Xcode/DerivedData/PeerTubeSwift-dpcwhlbrkmudrpgkkujqsfdqnghl/Build/Intermediates.noindex/GeneratedModuleMaps-iphonesimulator/SQLiteData-Swift.h

SwiftDriver SQLiteDataTestSupport normal arm64 com.apple.xcode.tools.swift.compiler (in target 'SQLiteDataTestSupport' from project 'sqlite-data')
    cd /Users/ericwatke/Documents/GitHub/peertube-swift/App/PeerTubeSwift/PeerTubeSwift.xcodeproj
    builtin-SwiftDriver -- /Applications/Xcode-26.2.0.app/Contents/Developer/Toolchains/XcodeDefault.xctoolchain/usr/bin/swiftc -module-name SQLiteDataTestSupport -Onone -enforce-exclusivity\=checked @/Users/ericwatke/Library/Developer/Xcode/DerivedData/PeerTubeSwift-dpcwhlbrkmudrpgkkujqsfdqnghl/Build/Intermediates.noindex/sqlite-data.build/Debug-iphonesimulator/SQLiteDataTestSupport.build/Objects-normal/arm64/SQLiteDataTestSupport.SwiftFileList -DSWIFT_PACKAGE -DDEBUG -DSWIFT_MODULE_RESOURCE_BUNDLE_UNAVAILABLE -Xcc -fmodule-map-file\=/Users/ericwatke/Library/Developer/Xcode/DerivedData/PeerTubeSwift-dpcwhlbrkmudrpgkkujqsfdqnghl/SourcePackages/checkouts/GRDB.swift/Sources/GRDBSQLite/module.modulemap -DXcode -enable-upcoming-feature MemberImportVisibility -plugin-path /Applications/Xcode-26.2.0.app/Contents/Developer/Toolchains/XcodeDefault.xctoolchain/usr/lib/swift/host/plugins/testing -enable-experimental-feature DebugDescriptionMacro -sdk /Applications/Xcode-26.2.0.app/Contents/Developer/Platforms/iPhoneSimulator.platform/Developer/SDKs/iPhoneSimulator26.2.sdk -target arm64-apple-ios13.0-simulator -g -module-cache-path /Users/ericwatke/Library/Developer/Xcode/DerivedData/ModuleCache.noindex -Xfrontend -serialize-debugging-options -profile-coverage-mapping -profile-generate -enable-testing -suppress-warnings -index-store-path /Users/ericwatke/Library/Developer/Xcode/DerivedData/PeerTubeSwift-dpcwhlbrkmudrpgkkujqsfdqnghl/Index.noindex/DataStore -Xcc -D_LIBCPP_HARDENING_MODE\=_LIBCPP_HARDENING_MODE_DEBUG -swift-version 6 -I /Users/ericwatke/Library/Developer/Xcode/DerivedData/PeerTubeSwift-dpcwhlbrkmudrpgkkujqsfdqnghl/Build/Products/Debug-iphonesimulator -Isystem /Applications/Xcode-26.2.0.app/Contents/Developer/Platforms/iPhoneSimulator.platform/Developer/usr/lib -F /Users/ericwatke/Library/Developer/Xcode/DerivedData/PeerTubeSwift-dpcwhlbrkmudrpgkkujqsfdqnghl/Build/Products/Debug-iphonesimulator/PackageFrameworks -F /Users/ericwatke/Library/Developer/Xcode/DerivedData/PeerTubeSwift-dpcwhlbrkmudrpgkkujqsfdqnghl/Build/Products/Debug-iphonesimulator/PackageFrameworks -F /Users/ericwatke/Library/Developer/Xcode/DerivedData/PeerTubeSwift-dpcwhlbrkmudrpgkkujqsfdqnghl/Build/Products/Debug-iphonesimulator/PackageFrameworks -F /Users/ericwatke/Library/Developer/Xcode/DerivedData/PeerTubeSwift-dpcwhlbrkmudrpgkkujqsfdqnghl/Build/Products/Debug-iphonesimulator/PackageFrameworks -F /Users/ericwatke/Library/Developer/Xcode/DerivedData/PeerTubeSwift-dpcwhlbrkmudrpgkkujqsfdqnghl/Build/Products/Debug-iphonesimulator/PackageFrameworks -F /Users/ericwatke/Library/Developer/Xcode/DerivedData/PeerTubeSwift-dpcwhlbrkmudrpgkkujqsfdqnghl/Build/Products/Debug-iphonesimulator/PackageFrameworks -F /Users/ericwatke/Library/Developer/Xcode/DerivedData/PeerTubeSwift-dpcwhlbrkmudrpgkkujqsfdqnghl/Build/Products/Debug-iphonesimulator/PackageFrameworks -F /Users/ericwatke/Library/Developer/Xcode/DerivedData/PeerTubeSwift-dpcwhlbrkmudrpgkkujqsfdqnghl/Build/Products/Debug-iphonesimulator/PackageFrameworks -F /Users/ericwatke/Library/Developer/Xcode/DerivedData/PeerTubeSwift-dpcwhlbrkmudrpgkkujqsfdqnghl/Build/Products/Debug-iphonesimulator/PackageFrameworks -F /Users/ericwatke/Library/Developer/Xcode/DerivedData/PeerTubeSwift-dpcwhlbrkmudrpgkkujqsfdqnghl/Build/Products/Debug-iphonesimulator/PackageFrameworks -F /Users/ericwatke/Library/Developer/Xcode/DerivedData/PeerTubeSwift-dpcwhlbrkmudrpgkkujqsfdqnghl/Build/Products/Debug-iphonesimulator/PackageFrameworks -F /Users/ericwatke/Library/Developer/Xcode/DerivedData/PeerTubeSwift-dpcwhlbrkmudrpgkkujqsfdqnghl/Build/Products/Debug-iphonesimulator/PackageFrameworks -F /Users/ericwatke/Library/Developer/Xcode/DerivedData/PeerTubeSwift-dpcwhlbrkmudrpgkkujqsfdqnghl/Build/Products/Debug-iphonesimulator/PackageFrameworks -F /Users/ericwatke/Library/Developer/Xcode/DerivedData/PeerTubeSwift-dpcwhlbrkmudrpgkkujqsfdqnghl/Build/Products/Debug-iphonesimulator/PackageFrameworks -F /Users/ericwatke/Library/Developer/Xcode/DerivedData/PeerTubeSwift-dpcwhlbrkmudrpgkkujqsfdqnghl/Build/Products/Debug-iphonesimulator/PackageFrameworks -F /Users/ericwatke/Library/Developer/Xcode/DerivedData/PeerTubeSwift-dpcwhlbrkmudrpgkkujqsfdqnghl/Build/Products/Debug-iphonesimulator/PackageFrameworks -F /Users/ericwatke/Library/Developer/Xcode/DerivedData/PeerTubeSwift-dpcwhlbrkmudrpgkkujqsfdqnghl/Build/Products/Debug-iphonesimulator/PackageFrameworks -F /Users/ericwatke/Library/Developer/Xcode/DerivedData/PeerTubeSwift-dpcwhlbrkmudrpgkkujqsfdqnghl/Build/Products/Debug-iphonesimulator/PackageFrameworks -F /Users/ericwatke/Library/Developer/Xcode/DerivedData/PeerTubeSwift-dpcwhlbrkmudrpgkkujqsfdqnghl/Build/Products/Debug-iphonesimulator/PackageFrameworks -F /Users/ericwatke/Library/Developer/Xcode/DerivedData/PeerTubeSwift-dpcwhlbrkmudrpgkkujqsfdqnghl/Build/Products/Debug-iphonesimulator/PackageFrameworks -F /Users/ericwatke/Library/Developer/Xcode/DerivedData/PeerTubeSwift-dpcwhlbrkmudrpgkkujqsfdqnghl/Build/Products/Debug-iphonesimulator/PackageFrameworks -F /Users/ericwatke/Library/Developer/Xcode/DerivedData/PeerTubeSwift-dpcwhlbrkmudrpgkkujqsfdqnghl/Build/Products/Debug-iphonesimulator/PackageFrameworks -F /Users/ericwatke/Library/Developer/Xcode/DerivedData/PeerTubeSwift-dpcwhlbrkmudrpgkkujqsfdqnghl/Build/Products/Debug-iphonesimulator/PackageFrameworks -F /Users/ericwatke/Library/Developer/Xcode/DerivedData/PeerTubeSwift-dpcwhlbrkmudrpgkkujqsfdqnghl/Build/Products/Debug-iphonesimulator/PackageFrameworks -F /Users/ericwatke/Library/Developer/Xcode/DerivedData/PeerTubeSwift-dpcwhlbrkmudrpgkkujqsfdqnghl/Build/Products/Debug-iphonesimulator/PackageFrameworks -F /Users/ericwatke/Library/Developer/Xcode/DerivedData/PeerTubeSwift-dpcwhlbrkmudrpgkkujqsfdqnghl/Build/Products/Debug-iphonesimulator/PackageFrameworks -F /Users/ericwatke/Library/Developer/Xcode/DerivedData/PeerTubeSwift-dpcwhlbrkmudrpgkkujqsfdqnghl/Build/Products/Debug-iphonesimulator/PackageFrameworks -F /Users/ericwatke/Library/Developer/Xcode/DerivedData/PeerTubeSwift-dpcwhlbrkmudrpgkkujqsfdqnghl/Build/Products/Debug-iphonesimulator/PackageFrameworks -F /Users/ericwatke/Library/Developer/Xcode/DerivedData/PeerTubeSwift-dpcwhlbrkmudrpgkkujqsfdqnghl/Build/Products/Debug-iphonesimulator/PackageFrameworks -F /Users/ericwatke/Library/Developer/Xcode/DerivedData/PeerTubeSwift-dpcwhlbrkmudrpgkkujqsfdqnghl/Build/Products/Debug-iphonesimulator/PackageFrameworks -F /Users/ericwatke/Library/Developer/Xcode/DerivedData/PeerTubeSwift-dpcwhlbrkmudrpgkkujqsfdqnghl/Build/Products/Debug-iphonesimulator/PackageFrameworks -F /Users/ericwatke/Library/Developer/Xcode/DerivedData/PeerTubeSwift-dpcwhlbrkmudrpgkkujqsfdqnghl/Build/Products/Debug-iphonesimulator/PackageFrameworks -F /Users/ericwatke/Library/Developer/Xcode/DerivedData/PeerTubeSwift-dpcwhlbrkmudrpgkkujqsfdqnghl/Build/Products/Debug-iphonesimulator/PackageFrameworks -F /Users/ericwatke/Library/Developer/Xcode/DerivedData/PeerTubeSwift-dpcwhlbrkmudrpgkkujqsfdqnghl/Build/Products/Debug-iphonesimulator/PackageFrameworks -F /Users/ericwatke/Library/Developer/Xcode/DerivedData/PeerTubeSwift-dpcwhlbrkmudrpgkkujqsfdqnghl/Build/Products/Debug-iphonesimulator/PackageFrameworks -F /Users/ericwatke/Library/Developer/Xcode/DerivedData/PeerTubeSwift-dpcwhlbrkmudrpgkkujqsfdqnghl/Build/Products/Debug-iphonesimulator/PackageFrameworks -F /Users/ericwatke/Library/Developer/Xcode/DerivedData/PeerTubeSwift-dpcwhlbrkmudrpgkkujqsfdqnghl/Build/Products/Debug-iphonesimulator/PackageFrameworks -F /Users/ericwatke/Library/Developer/Xcode/DerivedData/PeerTubeSwift-dpcwhlbrkmudrpgkkujqsfdqnghl/Build/Products/Debug-iphonesimulator/PackageFrameworks -F /Users/ericwatke/Library/Developer/Xcode/DerivedData/PeerTubeSwift-dpcwhlbrkmudrpgkkujqsfdqnghl/Build/Products/Debug-iphonesimulator -F /Applications/Xcode-26.2.0.app/Contents/Developer/Platforms/iPhoneSimulator.platform/Developer/Library/Frameworks -F /Applications/Xcode-26.2.0.app/Contents/Developer/Platforms/iPhoneSimulator.platform/Developer/SDKs/iPhoneSimulator26.2.sdk/Developer/Library/Frameworks -Xfrontend -load-plugin-executable -Xfrontend /Users/ericwatke/Library/Developer/Xcode/DerivedData/PeerTubeSwift-dpcwhlbrkmudrpgkkujqsfdqnghl/Build/Products/Debug/PerceptionMacros\#PerceptionMacros -Xfrontend -load-plugin-executable -Xfrontend /Users/ericwatke/Library/Developer/Xcode/DerivedData/PeerTubeSwift-dpcwhlbrkmudrpgkkujqsfdqnghl/Build/Products/Debug/StructuredQueriesMacros\#StructuredQueriesMacros -Xfrontend -load-plugin-executable -Xfrontend /Users/ericwatke/Library/Developer/Xcode/DerivedData/PeerTubeSwift-dpcwhlbrkmudrpgkkujqsfdqnghl/Build/Products/Debug/StructuredQueriesSQLiteMacros\#StructuredQueriesSQLiteMacros -parse-as-library -c -j8 -enable-batch-mode -incremental -Xcc -ivfsstatcache -Xcc /Users/ericwatke/Library/Developer/Xcode/DerivedData/SDKStatCaches.noindex/iphonesimulator26.2-23C53-396ea2e52eee30dc3ef691f54c5a881e.sdkstatcache -output-file-map /Users/ericwatke/Library/Developer/Xcode/DerivedData/PeerTubeSwift-dpcwhlbrkmudrpgkkujqsfdqnghl/Build/Intermediates.noindex/sqlite-data.build/Debug-iphonesimulator/SQLiteDataTestSupport.build/Objects-normal/arm64/SQLiteDataTestSupport-OutputFileMap.json -use-frontend-parseable-output -save-temps -no-color-diagnostics -explicit-module-build -module-cache-path /Users/ericwatke/Library/Developer/Xcode/DerivedData/PeerTubeSwift-dpcwhlbrkmudrpgkkujqsfdqnghl/Build/Intermediates.noindex/SwiftExplicitPrecompiledModules -clang-scanner-module-cache-path /Users/ericwatke/Library/Developer/Xcode/DerivedData/ModuleCache.noindex -sdk-module-cache-path /Users/ericwatke/Library/Developer/Xcode/DerivedData/ModuleCache.noindex -serialize-diagnostics -emit-dependencies -emit-module -emit-module-path /Users/ericwatke/Library/Developer/Xcode/DerivedData/PeerTubeSwift-dpcwhlbrkmudrpgkkujqsfdqnghl/Build/Intermediates.noindex/sqlite-data.build/Debug-iphonesimulator/SQLiteDataTestSupport.build/Objects-normal/arm64/SQLiteDataTestSupport.swiftmodule -user-module-version 1.4.1 -validate-clang-modules-once -clang-build-session-file /Users/ericwatke/Library/Developer/Xcode/DerivedData/ModuleCache.noindex/Session.modulevalidation -package-name sqlite_data -Xcc -I/Users/ericwatke/Library/Developer/Xcode/DerivedData/PeerTubeSwift-dpcwhlbrkmudrpgkkujqsfdqnghl/Build/Intermediates.noindex/sqlite-data.build/Debug-iphonesimulator/SQLiteDataTestSupport.build/swift-overrides.hmap -emit-const-values -Xfrontend -const-gather-protocols-file -Xfrontend /Users/ericwatke/Library/Developer/Xcode/DerivedData/PeerTubeSwift-dpcwhlbrkmudrpgkkujqsfdqnghl/Build/Intermediates.noindex/sqlite-data.build/Debug-iphonesimulator/SQLiteDataTestSupport.build/Objects-normal/arm64/SQLiteDataTestSupport_const_extract_protocols.json -Xcc -I/Users/ericwatke/Library/Developer/Xcode/DerivedData/PeerTubeSwift-dpcwhlbrkmudrpgkkujqsfdqnghl/SourcePackages/checkouts/swift-syntax/Sources/_SwiftSyntaxCShims/include -Xcc -I/Users/ericwatke/Library/Developer/Xcode/DerivedData/PeerTubeSwift-dpcwhlbrkmudrpgkkujqsfdqnghl/Build/Products/Debug-iphonesimulator/include -Xcc -I/Users/ericwatke/Library/Developer/Xcode/DerivedData/PeerTubeSwift-dpcwhlbrkmudrpgkkujqsfdqnghl/Build/Intermediates.noindex/sqlite-data.build/Debug-iphonesimulator/SQLiteDataTestSupport.build/DerivedSources-normal/arm64 -Xcc -I/Users/ericwatke/Library/Developer/Xcode/DerivedData/PeerTubeSwift-dpcwhlbrkmudrpgkkujqsfdqnghl/Build/Intermediates.noindex/sqlite-data.build/Debug-iphonesimulator/SQLiteDataTestSupport.build/DerivedSources/arm64 -Xcc -I/Users/ericwatke/Library/Developer/Xcode/DerivedData/PeerTubeSwift-dpcwhlbrkmudrpgkkujqsfdqnghl/Build/Intermediates.noindex/sqlite-data.build/Debug-iphonesimulator/SQLiteDataTestSupport.build/DerivedSources -Xcc -DSWIFT_PACKAGE -Xcc -DDEBUG\=1 -emit-objc-header -emit-objc-header-path /Users/ericwatke/Library/Developer/Xcode/DerivedData/PeerTubeSwift-dpcwhlbrkmudrpgkkujqsfdqnghl/Build/Intermediates.noindex/sqlite-data.build/Debug-iphonesimulator/SQLiteDataTestSupport.build/Objects-normal/arm64/SQLiteDataTestSupport-Swift.h -working-directory /Users/ericwatke/Documents/GitHub/peertube-swift/App/PeerTubeSwift/PeerTubeSwift.xcodeproj -experimental-emit-module-separately -disable-cmo

GenerateTAPI /Users/ericwatke/Library/Developer/Xcode/DerivedData/PeerTubeSwift-dpcwhlbrkmudrpgkkujqsfdqnghl/Build/Intermediates.noindex/EagerLinkingTBDs/Debug-iphonesimulator/Dependencies_40816CBEDFB225D3_PackageProduct.framework/Dependencies_40816CBEDFB225D3_PackageProduct.tbd (in target 'Dependencies' from project 'swift-dependencies')
    cd /Users/ericwatke/Library/Developer/Xcode/DerivedData/PeerTubeSwift-dpcwhlbrkmudrpgkkujqsfdqnghl/SourcePackages/checkouts/swift-dependencies
    /Applications/Xcode-26.2.0.app/Contents/Developer/Toolchains/XcodeDefault.xctoolchain/usr/bin/tapi stubify -isysroot /Applications/Xcode-26.2.0.app/Contents/Developer/Platforms/iPhoneSimulator.platform/Developer/SDKs/iPhoneSimulator26.2.sdk -F/Users/ericwatke/Library/Developer/Xcode/DerivedData/PeerTubeSwift-dpcwhlbrkmudrpgkkujqsfdqnghl/Build/Products/Debug-iphonesimulator/PackageFrameworks -F/Users/ericwatke/Library/Developer/Xcode/DerivedData/PeerTubeSwift-dpcwhlbrkmudrpgkkujqsfdqnghl/Build/Products/Debug-iphonesimulator/PackageFrameworks -F/Users/ericwatke/Library/Developer/Xcode/DerivedData/PeerTubeSwift-dpcwhlbrkmudrpgkkujqsfdqnghl/Build/Products/Debug-iphonesimulator/PackageFrameworks -F/Users/ericwatke/Library/Developer/Xcode/DerivedData/PeerTubeSwift-dpcwhlbrkmudrpgkkujqsfdqnghl/Build/Products/Debug-iphonesimulator/PackageFrameworks -F/Users/ericwatke/Library/Developer/Xcode/DerivedData/PeerTubeSwift-dpcwhlbrkmudrpgkkujqsfdqnghl/Build/Products/Debug-iphonesimulator/PackageFrameworks -F/Users/ericwatke/Library/Developer/Xcode/DerivedData/PeerTubeSwift-dpcwhlbrkmudrpgkkujqsfdqnghl/Build/Products/Debug-iphonesimulator/PackageFrameworks -F/Users/ericwatke/Library/Developer/Xcode/DerivedData/PeerTubeSwift-dpcwhlbrkmudrpgkkujqsfdqnghl/Build/Products/Debug-iphonesimulator/PackageFrameworks -F/Users/ericwatke/Library/Developer/Xcode/DerivedData/PeerTubeSwift-dpcwhlbrkmudrpgkkujqsfdqnghl/Build/Products/Debug-iphonesimulator -iframework /Applications/Xcode-26.2.0.app/Contents/Developer/Platforms/iPhoneSimulator.platform/Developer/Library/Frameworks -iframework /Applications/Xcode-26.2.0.app/Contents/Developer/Platforms/iPhoneSimulator.platform/Developer/SDKs/iPhoneSimulator26.2.sdk/Developer/Library/Frameworks -L/Users/ericwatke/Library/Developer/Xcode/DerivedData/PeerTubeSwift-dpcwhlbrkmudrpgkkujqsfdqnghl/Build/Products/Debug-iphonesimulator -L/Applications/Xcode-26.2.0.app/Contents/Developer/Platforms/iPhoneSimulator.platform/Developer/usr/lib /Users/ericwatke/Library/Developer/Xcode/DerivedData/PeerTubeSwift-dpcwhlbrkmudrpgkkujqsfdqnghl/Build/Products/Debug-iphonesimulator/PackageFrameworks/Dependencies_40816CBEDFB225D3_PackageProduct.framework/Dependencies_40816CBEDFB225D3_PackageProduct -o /Users/ericwatke/Library/Developer/Xcode/DerivedData/PeerTubeSwift-dpcwhlbrkmudrpgkkujqsfdqnghl/Build/Intermediates.noindex/EagerLinkingTBDs/Debug-iphonesimulator/Dependencies_40816CBEDFB225D3_PackageProduct.framework/Dependencies_40816CBEDFB225D3_PackageProduct.tbd

ExtractAppIntentsMetadata (in target 'Sharing' from project 'swift-sharing')
    cd /Users/ericwatke/Library/Developer/Xcode/DerivedData/PeerTubeSwift-dpcwhlbrkmudrpgkkujqsfdqnghl/SourcePackages/checkouts/swift-sharing
    /Applications/Xcode-26.2.0.app/Contents/Developer/Toolchains/XcodeDefault.xctoolchain/usr/bin/appintentsmetadataprocessor --toolchain-dir /Applications/Xcode-26.2.0.app/Contents/Developer/Toolchains/XcodeDefault.xctoolchain --module-name Sharing --sdk-root /Applications/Xcode-26.2.0.app/Contents/Developer/Platforms/iPhoneSimulator.platform/Developer/SDKs/iPhoneSimulator26.2.sdk --xcode-version 17C52 --platform-family iOS --deployment-target 13.0 --bundle-identifier swift-sharing.Sharing --output /Users/ericwatke/Library/Developer/Xcode/DerivedData/PeerTubeSwift-dpcwhlbrkmudrpgkkujqsfdqnghl/Build/Products/Debug-iphonesimulator/Sharing.appintents --target-triple arm64-apple-ios13.0-simulator --binary-file /Users/ericwatke/Library/Developer/Xcode/DerivedData/PeerTubeSwift-dpcwhlbrkmudrpgkkujqsfdqnghl/Build/Products/Debug-iphonesimulator/Sharing.o --dependency-file /Users/ericwatke/Library/Developer/Xcode/DerivedData/PeerTubeSwift-dpcwhlbrkmudrpgkkujqsfdqnghl/Build/Intermediates.noindex/swift-sharing.build/Debug-iphonesimulator/Sharing.build/Objects-normal/arm64/Sharing_dependency_info.dat --stringsdata-file /Users/ericwatke/Library/Developer/Xcode/DerivedData/PeerTubeSwift-dpcwhlbrkmudrpgkkujqsfdqnghl/Build/Intermediates.noindex/swift-sharing.build/Debug-iphonesimulator/Sharing.build/Objects-normal/arm64/ExtractedAppShortcutsMetadata.stringsdata --source-file-list /Users/ericwatke/Library/Developer/Xcode/DerivedData/PeerTubeSwift-dpcwhlbrkmudrpgkkujqsfdqnghl/Build/Intermediates.noindex/swift-sharing.build/Debug-iphonesimulator/Sharing.build/Objects-normal/arm64/Sharing.SwiftFileList --metadata-file-list /Users/ericwatke/Library/Developer/Xcode/DerivedData/PeerTubeSwift-dpcwhlbrkmudrpgkkujqsfdqnghl/Build/Intermediates.noindex/swift-sharing.build/Debug-iphonesimulator/Sharing.build/Sharing.DependencyMetadataFileList --static-metadata-file-list /Users/ericwatke/Library/Developer/Xcode/DerivedData/PeerTubeSwift-dpcwhlbrkmudrpgkkujqsfdqnghl/Build/Intermediates.noindex/swift-sharing.build/Debug-iphonesimulator/Sharing.build/Sharing.DependencyStaticMetadataFileList --swift-const-vals-list /Users/ericwatke/Library/Developer/Xcode/DerivedData/PeerTubeSwift-dpcwhlbrkmudrpgkkujqsfdqnghl/Build/Intermediates.noindex/swift-sharing.build/Debug-iphonesimulator/Sharing.build/Objects-normal/arm64/Sharing.SwiftConstValuesFileList --force --compile-time-extraction --deployment-aware-processing --validate-assistant-intents --no-app-shortcuts-localization
2026-03-25 20:09:28.400 appintentsmetadataprocessor[26745:1338281] Starting appintentsmetadataprocessor export
2026-03-25 20:09:28.537 appintentsmetadataprocessor[26745:1338281] Extracted no relevant App Intents symbols, skipping writing output

GenerateTAPI /Users/ericwatke/Library/Developer/Xcode/DerivedData/PeerTubeSwift-dpcwhlbrkmudrpgkkujqsfdqnghl/Build/Intermediates.noindex/EagerLinkingTBDs/Debug-iphonesimulator/Perception_-52E92A8ED7C94DDD_PackageProduct.framework/Perception_-52E92A8ED7C94DDD_PackageProduct.tbd (in target 'Perception' from project 'swift-perception')
    cd /Users/ericwatke/Library/Developer/Xcode/DerivedData/PeerTubeSwift-dpcwhlbrkmudrpgkkujqsfdqnghl/SourcePackages/checkouts/swift-perception
    /Applications/Xcode-26.2.0.app/Contents/Developer/Toolchains/XcodeDefault.xctoolchain/usr/bin/tapi stubify -isysroot /Applications/Xcode-26.2.0.app/Contents/Developer/Platforms/iPhoneSimulator.platform/Developer/SDKs/iPhoneSimulator26.2.sdk -F/Users/ericwatke/Library/Developer/Xcode/DerivedData/PeerTubeSwift-dpcwhlbrkmudrpgkkujqsfdqnghl/Build/Products/Debug-iphonesimulator/PackageFrameworks -F/Users/ericwatke/Library/Developer/Xcode/DerivedData/PeerTubeSwift-dpcwhlbrkmudrpgkkujqsfdqnghl/Build/Products/Debug-iphonesimulator/PackageFrameworks -F/Users/ericwatke/Library/Developer/Xcode/DerivedData/PeerTubeSwift-dpcwhlbrkmudrpgkkujqsfdqnghl/Build/Products/Debug-iphonesimulator/PackageFrameworks -F/Users/ericwatke/Library/Developer/Xcode/DerivedData/PeerTubeSwift-dpcwhlbrkmudrpgkkujqsfdqnghl/Build/Products/Debug-iphonesimulator/PackageFrameworks -F/Users/ericwatke/Library/Developer/Xcode/DerivedData/PeerTubeSwift-dpcwhlbrkmudrpgkkujqsfdqnghl/Build/Products/Debug-iphonesimulator -iframework /Applications/Xcode-26.2.0.app/Contents/Developer/Platforms/iPhoneSimulator.platform/Developer/Library/Frameworks -iframework /Applications/Xcode-26.2.0.app/Contents/Developer/Platforms/iPhoneSimulator.platform/Developer/SDKs/iPhoneSimulator26.2.sdk/Developer/Library/Frameworks -L/Users/ericwatke/Library/Developer/Xcode/DerivedData/PeerTubeSwift-dpcwhlbrkmudrpgkkujqsfdqnghl/Build/Products/Debug-iphonesimulator -L/Applications/Xcode-26.2.0.app/Contents/Developer/Platforms/iPhoneSimulator.platform/Developer/usr/lib /Users/ericwatke/Library/Developer/Xcode/DerivedData/PeerTubeSwift-dpcwhlbrkmudrpgkkujqsfdqnghl/Build/Products/Debug-iphonesimulator/PackageFrameworks/Perception_-52E92A8ED7C94DDD_PackageProduct.framework/Perception_-52E92A8ED7C94DDD_PackageProduct -o /Users/ericwatke/Library/Developer/Xcode/DerivedData/PeerTubeSwift-dpcwhlbrkmudrpgkkujqsfdqnghl/Build/Intermediates.noindex/EagerLinkingTBDs/Debug-iphonesimulator/Perception_-52E92A8ED7C94DDD_PackageProduct.framework/Perception_-52E92A8ED7C94DDD_PackageProduct.tbd

ExtractAppIntentsMetadata (in target 'SwiftNavigation' from project 'swift-navigation')
    cd /Users/ericwatke/Library/Developer/Xcode/DerivedData/PeerTubeSwift-dpcwhlbrkmudrpgkkujqsfdqnghl/SourcePackages/checkouts/swift-navigation
    /Applications/Xcode-26.2.0.app/Contents/Developer/Toolchains/XcodeDefault.xctoolchain/usr/bin/appintentsmetadataprocessor --toolchain-dir /Applications/Xcode-26.2.0.app/Contents/Developer/Toolchains/XcodeDefault.xctoolchain --module-name SwiftNavigation --sdk-root /Applications/Xcode-26.2.0.app/Contents/Developer/Platforms/iPhoneSimulator.platform/Developer/SDKs/iPhoneSimulator26.2.sdk --xcode-version 17C52 --platform-family iOS --deployment-target 13.0 --bundle-identifier swift-navigation.SwiftNavigation --output /Users/ericwatke/Library/Developer/Xcode/DerivedData/PeerTubeSwift-dpcwhlbrkmudrpgkkujqsfdqnghl/Build/Products/Debug-iphonesimulator/SwiftNavigation.appintents --target-triple arm64-apple-ios13.0-simulator --binary-file /Users/ericwatke/Library/Developer/Xcode/DerivedData/PeerTubeSwift-dpcwhlbrkmudrpgkkujqsfdqnghl/Build/Products/Debug-iphonesimulator/SwiftNavigation.o --dependency-file /Users/ericwatke/Library/Developer/Xcode/DerivedData/PeerTubeSwift-dpcwhlbrkmudrpgkkujqsfdqnghl/Build/Intermediates.noindex/swift-navigation.build/Debug-iphonesimulator/SwiftNavigation.build/Objects-normal/arm64/SwiftNavigation_dependency_info.dat --stringsdata-file /Users/ericwatke/Library/Developer/Xcode/DerivedData/PeerTubeSwift-dpcwhlbrkmudrpgkkujqsfdqnghl/Build/Intermediates.noindex/swift-navigation.build/Debug-iphonesimulator/SwiftNavigation.build/Objects-normal/arm64/ExtractedAppShortcutsMetadata.stringsdata --source-file-list /Users/ericwatke/Library/Developer/Xcode/DerivedData/PeerTubeSwift-dpcwhlbrkmudrpgkkujqsfdqnghl/Build/Intermediates.noindex/swift-navigation.build/Debug-iphonesimulator/SwiftNavigation.build/Objects-normal/arm64/SwiftNavigation.SwiftFileList --metadata-file-list /Users/ericwatke/Library/Developer/Xcode/DerivedData/PeerTubeSwift-dpcwhlbrkmudrpgkkujqsfdqnghl/Build/Intermediates.noindex/swift-navigation.build/Debug-iphonesimulator/SwiftNavigation.build/SwiftNavigation.DependencyMetadataFileList --static-metadata-file-list /Users/ericwatke/Library/Developer/Xcode/DerivedData/PeerTubeSwift-dpcwhlbrkmudrpgkkujqsfdqnghl/Build/Intermediates.noindex/swift-navigation.build/Debug-iphonesimulator/SwiftNavigation.build/SwiftNavigation.DependencyStaticMetadataFileList --swift-const-vals-list /Users/ericwatke/Library/Developer/Xcode/DerivedData/PeerTubeSwift-dpcwhlbrkmudrpgkkujqsfdqnghl/Build/Intermediates.noindex/swift-navigation.build/Debug-iphonesimulator/SwiftNavigation.build/Objects-normal/arm64/SwiftNavigation.SwiftConstValuesFileList --force --compile-time-extraction --deployment-aware-processing --validate-assistant-intents --no-app-shortcuts-localization
2026-03-25 20:09:28.415 appintentsmetadataprocessor[26747:1338283] Starting appintentsmetadataprocessor export
2026-03-25 20:09:28.548 appintentsmetadataprocessor[26747:1338283] Extracted no relevant App Intents symbols, skipping writing output

Ld /Users/ericwatke/Library/Developer/Xcode/DerivedData/PeerTubeSwift-dpcwhlbrkmudrpgkkujqsfdqnghl/Build/Products/Debug-iphonesimulator/PackageFrameworks/Sharing_39620103CB313153_PackageProduct.framework/Sharing_39620103CB313153_PackageProduct normal (in target 'Sharing' from project 'swift-sharing')
    cd /Users/ericwatke/Library/Developer/Xcode/DerivedData/PeerTubeSwift-dpcwhlbrkmudrpgkkujqsfdqnghl/SourcePackages/checkouts/swift-sharing
    /Applications/Xcode-26.2.0.app/Contents/Developer/Toolchains/XcodeDefault.xctoolchain/usr/bin/clang -Xlinker -reproducible -target arm64-apple-ios13.0-simulator -dynamiclib -isysroot /Applications/Xcode-26.2.0.app/Contents/Developer/Platforms/iPhoneSimulator.platform/Developer/SDKs/iPhoneSimulator26.2.sdk -O0 -w -L/Users/ericwatke/Library/Developer/Xcode/DerivedData/PeerTubeSwift-dpcwhlbrkmudrpgkkujqsfdqnghl/Build/Intermediates.noindex/EagerLinkingTBDs/Debug-iphonesimulator -L/Users/ericwatke/Library/Developer/Xcode/DerivedData/PeerTubeSwift-dpcwhlbrkmudrpgkkujqsfdqnghl/Build/Products/Debug-iphonesimulator -L/Applications/Xcode-26.2.0.app/Contents/Developer/Platforms/iPhoneSimulator.platform/Developer/usr/lib -F/Users/ericwatke/Library/Developer/Xcode/DerivedData/PeerTubeSwift-dpcwhlbrkmudrpgkkujqsfdqnghl/Build/Intermediates.noindex/EagerLinkingTBDs/Debug-iphonesimulator -F/Users/ericwatke/Library/Developer/Xcode/DerivedData/PeerTubeSwift-dpcwhlbrkmudrpgkkujqsfdqnghl/Build/Products/Debug-iphonesimulator/PackageFrameworks -F/Users/ericwatke/Library/Developer/Xcode/DerivedData/PeerTubeSwift-dpcwhlbrkmudrpgkkujqsfdqnghl/Build/Products/Debug-iphonesimulator/PackageFrameworks -F/Users/ericwatke/Library/Developer/Xcode/DerivedData/PeerTubeSwift-dpcwhlbrkmudrpgkkujqsfdqnghl/Build/Products/Debug-iphonesimulator/PackageFrameworks -F/Users/ericwatke/Library/Developer/Xcode/DerivedData/PeerTubeSwift-dpcwhlbrkmudrpgkkujqsfdqnghl/Build/Products/Debug-iphonesimulator/PackageFrameworks -F/Users/ericwatke/Library/Developer/Xcode/DerivedData/PeerTubeSwift-dpcwhlbrkmudrpgkkujqsfdqnghl/Build/Products/Debug-iphonesimulator/PackageFrameworks -F/Users/ericwatke/Library/Developer/Xcode/DerivedData/PeerTubeSwift-dpcwhlbrkmudrpgkkujqsfdqnghl/Build/Products/Debug-iphonesimulator/PackageFrameworks -F/Users/ericwatke/Library/Developer/Xcode/DerivedData/PeerTubeSwift-dpcwhlbrkmudrpgkkujqsfdqnghl/Build/Products/Debug-iphonesimulator/PackageFrameworks -F/Users/ericwatke/Library/Developer/Xcode/DerivedData/PeerTubeSwift-dpcwhlbrkmudrpgkkujqsfdqnghl/Build/Products/Debug-iphonesimulator/PackageFrameworks -F/Users/ericwatke/Library/Developer/Xcode/DerivedData/PeerTubeSwift-dpcwhlbrkmudrpgkkujqsfdqnghl/Build/Products/Debug-iphonesimulator/PackageFrameworks -F/Users/ericwatke/Library/Developer/Xcode/DerivedData/PeerTubeSwift-dpcwhlbrkmudrpgkkujqsfdqnghl/Build/Products/Debug-iphonesimulator/PackageFrameworks -F/Users/ericwatke/Library/Developer/Xcode/DerivedData/PeerTubeSwift-dpcwhlbrkmudrpgkkujqsfdqnghl/Build/Products/Debug-iphonesimulator/PackageFrameworks -F/Users/ericwatke/Library/Developer/Xcode/DerivedData/PeerTubeSwift-dpcwhlbrkmudrpgkkujqsfdqnghl/Build/Products/Debug-iphonesimulator/PackageFrameworks -F/Users/ericwatke/Library/Developer/Xcode/DerivedData/PeerTubeSwift-dpcwhlbrkmudrpgkkujqsfdqnghl/Build/Products/Debug-iphonesimulator/PackageFrameworks -F/Users/ericwatke/Library/Developer/Xcode/DerivedData/PeerTubeSwift-dpcwhlbrkmudrpgkkujqsfdqnghl/Build/Products/Debug-iphonesimulator/PackageFrameworks -F/Users/ericwatke/Library/Developer/Xcode/DerivedData/PeerTubeSwift-dpcwhlbrkmudrpgkkujqsfdqnghl/Build/Products/Debug-iphonesimulator/PackageFrameworks -F/Users/ericwatke/Library/Developer/Xcode/DerivedData/PeerTubeSwift-dpcwhlbrkmudrpgkkujqsfdqnghl/Build/Products/Debug-iphonesimulator -iframework /Applications/Xcode-26.2.0.app/Contents/Developer/Platforms/iPhoneSimulator.platform/Developer/Library/Frameworks -iframework /Applications/Xcode-26.2.0.app/Contents/Developer/Platforms/iPhoneSimulator.platform/Developer/SDKs/iPhoneSimulator26.2.sdk/Developer/Library/Frameworks -filelist /Users/ericwatke/Library/Developer/Xcode/DerivedData/PeerTubeSwift-dpcwhlbrkmudrpgkkujqsfdqnghl/Build/Intermediates.noindex/swift-sharing.build/Debug-iphonesimulator/Sharing\ product.build/Objects-normal/arm64/Sharing_39620103CB313153_PackageProduct.LinkFileList -install_name @rpath/Sharing_39620103CB313153_PackageProduct.framework/Sharing_39620103CB313153_PackageProduct -Xlinker -rpath -Xlinker /usr/lib/swift -Xlinker -rpath -Xlinker /Users/ericwatke/Library/Developer/Xcode/DerivedData/PeerTubeSwift-dpcwhlbrkmudrpgkkujqsfdqnghl/Build/Products/Debug-iphonesimulator/PackageFrameworks -dead_strip -Xlinker -object_path_lto -Xlinker /Users/ericwatke/Library/Developer/Xcode/DerivedData/PeerTubeSwift-dpcwhlbrkmudrpgkkujqsfdqnghl/Build/Intermediates.noindex/swift-sharing.build/Debug-iphonesimulator/Sharing\ product.build/Objects-normal/arm64/Sharing_39620103CB313153_PackageProduct_lto.o -rdynamic -Xlinker -no_deduplicate -Xlinker -objc_abi_version -Xlinker 2 -Xlinker -debug_variant -Xlinker -dependency_info -Xlinker /Users/ericwatke/Library/Developer/Xcode/DerivedData/PeerTubeSwift-dpcwhlbrkmudrpgkkujqsfdqnghl/Build/Intermediates.noindex/swift-sharing.build/Debug-iphonesimulator/Sharing\ product.build/Objects-normal/arm64/Sharing_39620103CB313153_PackageProduct_dependency_info.dat -fobjc-link-runtime -fprofile-instr-generate -L/Applications/Xcode-26.2.0.app/Contents/Developer/Toolchains/XcodeDefault.xctoolchain/usr/lib/swift/iphonesimulator -L/usr/lib/swift -Wl,-no_warn_duplicate_libraries -Wl,-no_warn_duplicate_libraries -Wl,-no_warn_duplicate_libraries -Wl,-no_warn_duplicate_libraries -Wl,-no_warn_duplicate_libraries -Wl,-no_warn_duplicate_libraries -Wl,-no_warn_duplicate_libraries -Wl,-no_warn_duplicate_libraries -Wl,-no_warn_duplicate_libraries -Wl,-no_warn_duplicate_libraries -Wl,-no_warn_duplicate_libraries -Wl,-no_warn_duplicate_libraries -Wl,-no_warn_duplicate_libraries -Wl,-no_warn_duplicate_libraries -Wl,-no_warn_duplicate_libraries /Users/ericwatke/Library/Developer/Xcode/DerivedData/PeerTubeSwift-dpcwhlbrkmudrpgkkujqsfdqnghl/Build/Products/Debug-iphonesimulator/PackageFrameworks/CombineSchedulers_-54F188414C11E20_PackageProduct.framework/CombineSchedulers_-54F188414C11E20_PackageProduct /Users/ericwatke/Library/Developer/Xcode/DerivedData/PeerTubeSwift-dpcwhlbrkmudrpgkkujqsfdqnghl/Build/Products/Debug-iphonesimulator/PackageFrameworks/ConcurrencyExtras_-2B4B167800F2E3ED_PackageProduct.framework/ConcurrencyExtras_-2B4B167800F2E3ED_PackageProduct /Users/ericwatke/Library/Developer/Xcode/DerivedData/PeerTubeSwift-dpcwhlbrkmudrpgkkujqsfdqnghl/Build/Products/Debug-iphonesimulator/PackageFrameworks/CustomDump_169F2B173C94B61B_PackageProduct.framework/CustomDump_169F2B173C94B61B_PackageProduct /Users/ericwatke/Library/Developer/Xcode/DerivedData/PeerTubeSwift-dpcwhlbrkmudrpgkkujqsfdqnghl/Build/Products/Debug-iphonesimulator/PackageFrameworks/Dependencies_40816CBEDFB225D3_PackageProduct.framework/Dependencies_40816CBEDFB225D3_PackageProduct /Users/ericwatke/Library/Developer/Xcode/DerivedData/PeerTubeSwift-dpcwhlbrkmudrpgkkujqsfdqnghl/Build/Products/Debug-iphonesimulator/PackageFrameworks/IdentifiedCollections_-5C6E944B2019E177_PackageProduct.framework/IdentifiedCollections_-5C6E944B2019E177_PackageProduct /Users/ericwatke/Library/Developer/Xcode/DerivedData/PeerTubeSwift-dpcwhlbrkmudrpgkkujqsfdqnghl/Build/Products/Debug-iphonesimulator/PackageFrameworks/IssueReporting.framework/IssueReporting /Users/ericwatke/Library/Developer/Xcode/DerivedData/PeerTubeSwift-dpcwhlbrkmudrpgkkujqsfdqnghl/Build/Products/Debug-iphonesimulator/PackageFrameworks/IssueReportingPackageSupport.framework/IssueReportingPackageSupport /Users/ericwatke/Library/Developer/Xcode/DerivedData/PeerTubeSwift-dpcwhlbrkmudrpgkkujqsfdqnghl/Build/Products/Debug-iphonesimulator/PackageFrameworks/PerceptionCore.framework/PerceptionCore -o /Users/ericwatke/Library/Developer/Xcode/DerivedData/PeerTubeSwift-dpcwhlbrkmudrpgkkujqsfdqnghl/Build/Products/Debug-iphonesimulator/PackageFrameworks/Sharing_39620103CB313153_PackageProduct.framework/Sharing_39620103CB313153_PackageProduct -Xlinker -add_ast_path -Xlinker /Users/ericwatke/Library/Developer/Xcode/DerivedData/PeerTubeSwift-dpcwhlbrkmudrpgkkujqsfdqnghl/Build/Intermediates.noindex/swift-sharing.build/Debug-iphonesimulator/Sharing.build/Objects-normal/arm64/Sharing.swiftmodule @/Users/ericwatke/Library/Developer/Xcode/DerivedData/PeerTubeSwift-dpcwhlbrkmudrpgkkujqsfdqnghl/Build/Intermediates.noindex/swift-sharing.build/Debug-iphonesimulator/Sharing.build/Objects-normal/arm64/Sharing-linker-args.resp -Xlinker -add_ast_path -Xlinker /Users/ericwatke/Library/Developer/Xcode/DerivedData/PeerTubeSwift-dpcwhlbrkmudrpgkkujqsfdqnghl/Build/Intermediates.noindex/swift-sharing.build/Debug-iphonesimulator/Sharing1.build/Objects-normal/arm64/Sharing1.swiftmodule @/Users/ericwatke/Library/Developer/Xcode/DerivedData/PeerTubeSwift-dpcwhlbrkmudrpgkkujqsfdqnghl/Build/Intermediates.noindex/swift-sharing.build/Debug-iphonesimulator/Sharing1.build/Objects-normal/arm64/Sharing1-linker-args.resp -Xlinker -add_ast_path -Xlinker /Users/ericwatke/Library/Developer/Xcode/DerivedData/PeerTubeSwift-dpcwhlbrkmudrpgkkujqsfdqnghl/Build/Intermediates.noindex/swift-sharing.build/Debug-iphonesimulator/Sharing2.build/Objects-normal/arm64/Sharing2.swiftmodule @/Users/ericwatke/Library/Developer/Xcode/DerivedData/PeerTubeSwift-dpcwhlbrkmudrpgkkujqsfdqnghl/Build/Intermediates.noindex/swift-sharing.build/Debug-iphonesimulator/Sharing2.build/Objects-normal/arm64/Sharing2-linker-args.resp

ProcessInfoPlistFile /Users/ericwatke/Library/Developer/Xcode/DerivedData/PeerTubeSwift-dpcwhlbrkmudrpgkkujqsfdqnghl/Build/Products/Debug-iphonesimulator/PackageFrameworks/Sharing_39620103CB313153_PackageProduct.framework/Info.plist /Users/ericwatke/Library/Developer/Xcode/DerivedData/PeerTubeSwift-dpcwhlbrkmudrpgkkujqsfdqnghl/Build/Intermediates.noindex/swift-sharing.build/Debug-iphonesimulator/Sharing\ product.build/empty-Sharing_39620103CB313153_PackageProduct.plist (in target 'Sharing' from project 'swift-sharing')
    cd /Users/ericwatke/Library/Developer/Xcode/DerivedData/PeerTubeSwift-dpcwhlbrkmudrpgkkujqsfdqnghl/SourcePackages/checkouts/swift-sharing
    builtin-infoPlistUtility /Users/ericwatke/Library/Developer/Xcode/DerivedData/PeerTubeSwift-dpcwhlbrkmudrpgkkujqsfdqnghl/Build/Intermediates.noindex/swift-sharing.build/Debug-iphonesimulator/Sharing\ product.build/empty-Sharing_39620103CB313153_PackageProduct.plist -producttype com.apple.product-type.framework -expandbuildsettings -format binary -platform iphonesimulator -o /Users/ericwatke/Library/Developer/Xcode/DerivedData/PeerTubeSwift-dpcwhlbrkmudrpgkkujqsfdqnghl/Build/Products/Debug-iphonesimulator/PackageFrameworks/Sharing_39620103CB313153_PackageProduct.framework/Info.plist

ExtractAppIntentsMetadata (in target 'UIKitNavigation' from project 'swift-navigation')
    cd /Users/ericwatke/Library/Developer/Xcode/DerivedData/PeerTubeSwift-dpcwhlbrkmudrpgkkujqsfdqnghl/SourcePackages/checkouts/swift-navigation
    /Applications/Xcode-26.2.0.app/Contents/Developer/Toolchains/XcodeDefault.xctoolchain/usr/bin/appintentsmetadataprocessor --toolchain-dir /Applications/Xcode-26.2.0.app/Contents/Developer/Toolchains/XcodeDefault.xctoolchain --module-name UIKitNavigation --sdk-root /Applications/Xcode-26.2.0.app/Contents/Developer/Platforms/iPhoneSimulator.platform/Developer/SDKs/iPhoneSimulator26.2.sdk --xcode-version 17C52 --platform-family iOS --deployment-target 13.0 --bundle-identifier swift-navigation.UIKitNavigation --output /Users/ericwatke/Library/Developer/Xcode/DerivedData/PeerTubeSwift-dpcwhlbrkmudrpgkkujqsfdqnghl/Build/Products/Debug-iphonesimulator/UIKitNavigation.appintents --target-triple arm64-apple-ios13.0-simulator --binary-file /Users/ericwatke/Library/Developer/Xcode/DerivedData/PeerTubeSwift-dpcwhlbrkmudrpgkkujqsfdqnghl/Build/Products/Debug-iphonesimulator/UIKitNavigation.o --dependency-file /Users/ericwatke/Library/Developer/Xcode/DerivedData/PeerTubeSwift-dpcwhlbrkmudrpgkkujqsfdqnghl/Build/Intermediates.noindex/swift-navigation.build/Debug-iphonesimulator/UIKitNavigation.build/Objects-normal/arm64/UIKitNavigation_dependency_info.dat --stringsdata-file /Users/ericwatke/Library/Developer/Xcode/DerivedData/PeerTubeSwift-dpcwhlbrkmudrpgkkujqsfdqnghl/Build/Intermediates.noindex/swift-navigation.build/Debug-iphonesimulator/UIKitNavigation.build/Objects-normal/arm64/ExtractedAppShortcutsMetadata.stringsdata --source-file-list /Users/ericwatke/Library/Developer/Xcode/DerivedData/PeerTubeSwift-dpcwhlbrkmudrpgkkujqsfdqnghl/Build/Intermediates.noindex/swift-navigation.build/Debug-iphonesimulator/UIKitNavigation.build/Objects-normal/arm64/UIKitNavigation.SwiftFileList --metadata-file-list /Users/ericwatke/Library/Developer/Xcode/DerivedData/PeerTubeSwift-dpcwhlbrkmudrpgkkujqsfdqnghl/Build/Intermediates.noindex/swift-navigation.build/Debug-iphonesimulator/UIKitNavigation.build/UIKitNavigation.DependencyMetadataFileList --static-metadata-file-list /Users/ericwatke/Library/Developer/Xcode/DerivedData/PeerTubeSwift-dpcwhlbrkmudrpgkkujqsfdqnghl/Build/Intermediates.noindex/swift-navigation.build/Debug-iphonesimulator/UIKitNavigation.build/UIKitNavigation.DependencyStaticMetadataFileList --swift-const-vals-list /Users/ericwatke/Library/Developer/Xcode/DerivedData/PeerTubeSwift-dpcwhlbrkmudrpgkkujqsfdqnghl/Build/Intermediates.noindex/swift-navigation.build/Debug-iphonesimulator/UIKitNavigation.build/Objects-normal/arm64/UIKitNavigation.SwiftConstValuesFileList --force --compile-time-extraction --deployment-aware-processing --validate-assistant-intents --no-app-shortcuts-localization
2026-03-25 20:09:28.582 appintentsmetadataprocessor[26750:1338308] Starting appintentsmetadataprocessor export
2026-03-25 20:09:28.797 appintentsmetadataprocessor[26750:1338308] Extracted no relevant App Intents symbols, skipping writing output

ExtractAppIntentsMetadata (in target 'SwiftUINavigation' from project 'swift-navigation')
    cd /Users/ericwatke/Library/Developer/Xcode/DerivedData/PeerTubeSwift-dpcwhlbrkmudrpgkkujqsfdqnghl/SourcePackages/checkouts/swift-navigation
    /Applications/Xcode-26.2.0.app/Contents/Developer/Toolchains/XcodeDefault.xctoolchain/usr/bin/appintentsmetadataprocessor --toolchain-dir /Applications/Xcode-26.2.0.app/Contents/Developer/Toolchains/XcodeDefault.xctoolchain --module-name SwiftUINavigation --sdk-root /Applications/Xcode-26.2.0.app/Contents/Developer/Platforms/iPhoneSimulator.platform/Developer/SDKs/iPhoneSimulator26.2.sdk --xcode-version 17C52 --platform-family iOS --deployment-target 13.0 --bundle-identifier swift-navigation.SwiftUINavigation --output /Users/ericwatke/Library/Developer/Xcode/DerivedData/PeerTubeSwift-dpcwhlbrkmudrpgkkujqsfdqnghl/Build/Products/Debug-iphonesimulator/SwiftUINavigation.appintents --target-triple arm64-apple-ios13.0-simulator --binary-file /Users/ericwatke/Library/Developer/Xcode/DerivedData/PeerTubeSwift-dpcwhlbrkmudrpgkkujqsfdqnghl/Build/Products/Debug-iphonesimulator/SwiftUINavigation.o --dependency-file /Users/ericwatke/Library/Developer/Xcode/DerivedData/PeerTubeSwift-dpcwhlbrkmudrpgkkujqsfdqnghl/Build/Intermediates.noindex/swift-navigation.build/Debug-iphonesimulator/SwiftUINavigation.build/Objects-normal/arm64/SwiftUINavigation_dependency_info.dat --stringsdata-file /Users/ericwatke/Library/Developer/Xcode/DerivedData/PeerTubeSwift-dpcwhlbrkmudrpgkkujqsfdqnghl/Build/Intermediates.noindex/swift-navigation.build/Debug-iphonesimulator/SwiftUINavigation.build/Objects-normal/arm64/ExtractedAppShortcutsMetadata.stringsdata --source-file-list /Users/ericwatke/Library/Developer/Xcode/DerivedData/PeerTubeSwift-dpcwhlbrkmudrpgkkujqsfdqnghl/Build/Intermediates.noindex/swift-navigation.build/Debug-iphonesimulator/SwiftUINavigation.build/Objects-normal/arm64/SwiftUINavigation.SwiftFileList --metadata-file-list /Users/ericwatke/Library/Developer/Xcode/DerivedData/PeerTubeSwift-dpcwhlbrkmudrpgkkujqsfdqnghl/Build/Intermediates.noindex/swift-navigation.build/Debug-iphonesimulator/SwiftUINavigation.build/SwiftUINavigation.DependencyMetadataFileList --static-metadata-file-list /Users/ericwatke/Library/Developer/Xcode/DerivedData/PeerTubeSwift-dpcwhlbrkmudrpgkkujqsfdqnghl/Build/Intermediates.noindex/swift-navigation.build/Debug-iphonesimulator/SwiftUINavigation.build/SwiftUINavigation.DependencyStaticMetadataFileList --swift-const-vals-list /Users/ericwatke/Library/Developer/Xcode/DerivedData/PeerTubeSwift-dpcwhlbrkmudrpgkkujqsfdqnghl/Build/Intermediates.noindex/swift-navigation.build/Debug-iphonesimulator/SwiftUINavigation.build/Objects-normal/arm64/SwiftUINavigation.SwiftConstValuesFileList --force --compile-time-extraction --deployment-aware-processing --validate-assistant-intents --no-app-shortcuts-localization
2026-03-25 20:09:28.824 appintentsmetadataprocessor[26751:1338320] Starting appintentsmetadataprocessor export
2026-03-25 20:09:28.949 appintentsmetadataprocessor[26751:1338320] Extracted no relevant App Intents symbols, skipping writing output

GenerateTAPI /Users/ericwatke/Library/Developer/Xcode/DerivedData/PeerTubeSwift-dpcwhlbrkmudrpgkkujqsfdqnghl/Build/Intermediates.noindex/EagerLinkingTBDs/Debug-iphonesimulator/Sharing_39620103CB313153_PackageProduct.framework/Sharing_39620103CB313153_PackageProduct.tbd (in target 'Sharing' from project 'swift-sharing')
    cd /Users/ericwatke/Library/Developer/Xcode/DerivedData/PeerTubeSwift-dpcwhlbrkmudrpgkkujqsfdqnghl/SourcePackages/checkouts/swift-sharing
    /Applications/Xcode-26.2.0.app/Contents/Developer/Toolchains/XcodeDefault.xctoolchain/usr/bin/tapi stubify -isysroot /Applications/Xcode-26.2.0.app/Contents/Developer/Platforms/iPhoneSimulator.platform/Developer/SDKs/iPhoneSimulator26.2.sdk -F/Users/ericwatke/Library/Developer/Xcode/DerivedData/PeerTubeSwift-dpcwhlbrkmudrpgkkujqsfdqnghl/Build/Products/Debug-iphonesimulator/PackageFrameworks -F/Users/ericwatke/Library/Developer/Xcode/DerivedData/PeerTubeSwift-dpcwhlbrkmudrpgkkujqsfdqnghl/Build/Products/Debug-iphonesimulator/PackageFrameworks -F/Users/ericwatke/Library/Developer/Xcode/DerivedData/PeerTubeSwift-dpcwhlbrkmudrpgkkujqsfdqnghl/Build/Products/Debug-iphonesimulator/PackageFrameworks -F/Users/ericwatke/Library/Developer/Xcode/DerivedData/PeerTubeSwift-dpcwhlbrkmudrpgkkujqsfdqnghl/Build/Products/Debug-iphonesimulator/PackageFrameworks -F/Users/ericwatke/Library/Developer/Xcode/DerivedData/PeerTubeSwift-dpcwhlbrkmudrpgkkujqsfdqnghl/Build/Products/Debug-iphonesimulator/PackageFrameworks -F/Users/ericwatke/Library/Developer/Xcode/DerivedData/PeerTubeSwift-dpcwhlbrkmudrpgkkujqsfdqnghl/Build/Products/Debug-iphonesimulator/PackageFrameworks -F/Users/ericwatke/Library/Developer/Xcode/DerivedData/PeerTubeSwift-dpcwhlbrkmudrpgkkujqsfdqnghl/Build/Products/Debug-iphonesimulator/PackageFrameworks -F/Users/ericwatke/Library/Developer/Xcode/DerivedData/PeerTubeSwift-dpcwhlbrkmudrpgkkujqsfdqnghl/Build/Products/Debug-iphonesimulator/PackageFrameworks -F/Users/ericwatke/Library/Developer/Xcode/DerivedData/PeerTubeSwift-dpcwhlbrkmudrpgkkujqsfdqnghl/Build/Products/Debug-iphonesimulator/PackageFrameworks -F/Users/ericwatke/Library/Developer/Xcode/DerivedData/PeerTubeSwift-dpcwhlbrkmudrpgkkujqsfdqnghl/Build/Products/Debug-iphonesimulator/PackageFrameworks -F/Users/ericwatke/Library/Developer/Xcode/DerivedData/PeerTubeSwift-dpcwhlbrkmudrpgkkujqsfdqnghl/Build/Products/Debug-iphonesimulator/PackageFrameworks -F/Users/ericwatke/Library/Developer/Xcode/DerivedData/PeerTubeSwift-dpcwhlbrkmudrpgkkujqsfdqnghl/Build/Products/Debug-iphonesimulator/PackageFrameworks -F/Users/ericwatke/Library/Developer/Xcode/DerivedData/PeerTubeSwift-dpcwhlbrkmudrpgkkujqsfdqnghl/Build/Products/Debug-iphonesimulator/PackageFrameworks -F/Users/ericwatke/Library/Developer/Xcode/DerivedData/PeerTubeSwift-dpcwhlbrkmudrpgkkujqsfdqnghl/Build/Products/Debug-iphonesimulator/PackageFrameworks -F/Users/ericwatke/Library/Developer/Xcode/DerivedData/PeerTubeSwift-dpcwhlbrkmudrpgkkujqsfdqnghl/Build/Products/Debug-iphonesimulator/PackageFrameworks -F/Users/ericwatke/Library/Developer/Xcode/DerivedData/PeerTubeSwift-dpcwhlbrkmudrpgkkujqsfdqnghl/Build/Products/Debug-iphonesimulator -iframework /Applications/Xcode-26.2.0.app/Contents/Developer/Platforms/iPhoneSimulator.platform/Developer/Library/Frameworks -iframework /Applications/Xcode-26.2.0.app/Contents/Developer/Platforms/iPhoneSimulator.platform/Developer/SDKs/iPhoneSimulator26.2.sdk/Developer/Library/Frameworks -L/Users/ericwatke/Library/Developer/Xcode/DerivedData/PeerTubeSwift-dpcwhlbrkmudrpgkkujqsfdqnghl/Build/Products/Debug-iphonesimulator -L/Applications/Xcode-26.2.0.app/Contents/Developer/Platforms/iPhoneSimulator.platform/Developer/usr/lib /Users/ericwatke/Library/Developer/Xcode/DerivedData/PeerTubeSwift-dpcwhlbrkmudrpgkkujqsfdqnghl/Build/Products/Debug-iphonesimulator/PackageFrameworks/Sharing_39620103CB313153_PackageProduct.framework/Sharing_39620103CB313153_PackageProduct -o /Users/ericwatke/Library/Developer/Xcode/DerivedData/PeerTubeSwift-dpcwhlbrkmudrpgkkujqsfdqnghl/Build/Intermediates.noindex/EagerLinkingTBDs/Debug-iphonesimulator/Sharing_39620103CB313153_PackageProduct.framework/Sharing_39620103CB313153_PackageProduct.tbd

Ld /Users/ericwatke/Library/Developer/Xcode/DerivedData/PeerTubeSwift-dpcwhlbrkmudrpgkkujqsfdqnghl/Build/Products/Debug-iphonesimulator/PackageFrameworks/SQLiteData.framework/SQLiteData normal (in target 'SQLiteData' from project 'sqlite-data')
    cd /Users/ericwatke/Library/Developer/Xcode/DerivedData/PeerTubeSwift-dpcwhlbrkmudrpgkkujqsfdqnghl/SourcePackages/checkouts/sqlite-data
    /Applications/Xcode-26.2.0.app/Contents/Developer/Toolchains/XcodeDefault.xctoolchain/usr/bin/clang -Xlinker -reproducible -target arm64-apple-ios13.0-simulator -dynamiclib -isysroot /Applications/Xcode-26.2.0.app/Contents/Developer/Platforms/iPhoneSimulator.platform/Developer/SDKs/iPhoneSimulator26.2.sdk -O0 -w -L/Users/ericwatke/Library/Developer/Xcode/DerivedData/PeerTubeSwift-dpcwhlbrkmudrpgkkujqsfdqnghl/Build/Intermediates.noindex/EagerLinkingTBDs/Debug-iphonesimulator -L/Users/ericwatke/Library/Developer/Xcode/DerivedData/PeerTubeSwift-dpcwhlbrkmudrpgkkujqsfdqnghl/Build/Products/Debug-iphonesimulator -L/Applications/Xcode-26.2.0.app/Contents/Developer/Platforms/iPhoneSimulator.platform/Developer/usr/lib -F/Users/ericwatke/Library/Developer/Xcode/DerivedData/PeerTubeSwift-dpcwhlbrkmudrpgkkujqsfdqnghl/Build/Intermediates.noindex/EagerLinkingTBDs/Debug-iphonesimulator -F/Users/ericwatke/Library/Developer/Xcode/DerivedData/PeerTubeSwift-dpcwhlbrkmudrpgkkujqsfdqnghl/Build/Products/Debug-iphonesimulator/PackageFrameworks -F/Users/ericwatke/Library/Developer/Xcode/DerivedData/PeerTubeSwift-dpcwhlbrkmudrpgkkujqsfdqnghl/Build/Products/Debug-iphonesimulator/PackageFrameworks -F/Users/ericwatke/Library/Developer/Xcode/DerivedData/PeerTubeSwift-dpcwhlbrkmudrpgkkujqsfdqnghl/Build/Products/Debug-iphonesimulator/PackageFrameworks -F/Users/ericwatke/Library/Developer/Xcode/DerivedData/PeerTubeSwift-dpcwhlbrkmudrpgkkujqsfdqnghl/Build/Products/Debug-iphonesimulator/PackageFrameworks -F/Users/ericwatke/Library/Developer/Xcode/DerivedData/PeerTubeSwift-dpcwhlbrkmudrpgkkujqsfdqnghl/Build/Products/Debug-iphonesimulator/PackageFrameworks -F/Users/ericwatke/Library/Developer/Xcode/DerivedData/PeerTubeSwift-dpcwhlbrkmudrpgkkujqsfdqnghl/Build/Products/Debug-iphonesimulator/PackageFrameworks -F/Users/ericwatke/Library/Developer/Xcode/DerivedData/PeerTubeSwift-dpcwhlbrkmudrpgkkujqsfdqnghl/Build/Products/Debug-iphonesimulator/PackageFrameworks -F/Users/ericwatke/Library/Developer/Xcode/DerivedData/PeerTubeSwift-dpcwhlbrkmudrpgkkujqsfdqnghl/Build/Products/Debug-iphonesimulator/PackageFrameworks -F/Users/ericwatke/Library/Developer/Xcode/DerivedData/PeerTubeSwift-dpcwhlbrkmudrpgkkujqsfdqnghl/Build/Products/Debug-iphonesimulator/PackageFrameworks -F/Users/ericwatke/Library/Developer/Xcode/DerivedData/PeerTubeSwift-dpcwhlbrkmudrpgkkujqsfdqnghl/Build/Products/Debug-iphonesimulator/PackageFrameworks -F/Users/ericwatke/Library/Developer/Xcode/DerivedData/PeerTubeSwift-dpcwhlbrkmudrpgkkujqsfdqnghl/Build/Products/Debug-iphonesimulator/PackageFrameworks -F/Users/ericwatke/Library/Developer/Xcode/DerivedData/PeerTubeSwift-dpcwhlbrkmudrpgkkujqsfdqnghl/Build/Products/Debug-iphonesimulator/PackageFrameworks -F/Users/ericwatke/Library/Developer/Xcode/DerivedData/PeerTubeSwift-dpcwhlbrkmudrpgkkujqsfdqnghl/Build/Products/Debug-iphonesimulator/PackageFrameworks -F/Users/ericwatke/Library/Developer/Xcode/DerivedData/PeerTubeSwift-dpcwhlbrkmudrpgkkujqsfdqnghl/Build/Products/Debug-iphonesimulator/PackageFrameworks -F/Users/ericwatke/Library/Developer/Xcode/DerivedData/PeerTubeSwift-dpcwhlbrkmudrpgkkujqsfdqnghl/Build/Products/Debug-iphonesimulator/PackageFrameworks -F/Users/ericwatke/Library/Developer/Xcode/DerivedData/PeerTubeSwift-dpcwhlbrkmudrpgkkujqsfdqnghl/Build/Products/Debug-iphonesimulator/PackageFrameworks -F/Users/ericwatke/Library/Developer/Xcode/DerivedData/PeerTubeSwift-dpcwhlbrkmudrpgkkujqsfdqnghl/Build/Products/Debug-iphonesimulator/PackageFrameworks -F/Users/ericwatke/Library/Developer/Xcode/DerivedData/PeerTubeSwift-dpcwhlbrkmudrpgkkujqsfdqnghl/Build/Products/Debug-iphonesimulator/PackageFrameworks -F/Users/ericwatke/Library/Developer/Xcode/DerivedData/PeerTubeSwift-dpcwhlbrkmudrpgkkujqsfdqnghl/Build/Products/Debug-iphonesimulator/PackageFrameworks -F/Users/ericwatke/Library/Developer/Xcode/DerivedData/PeerTubeSwift-dpcwhlbrkmudrpgkkujqsfdqnghl/Build/Products/Debug-iphonesimulator/PackageFrameworks -F/Users/ericwatke/Library/Developer/Xcode/DerivedData/PeerTubeSwift-dpcwhlbrkmudrpgkkujqsfdqnghl/Build/Products/Debug-iphonesimulator/PackageFrameworks -F/Users/ericwatke/Library/Developer/Xcode/DerivedData/PeerTubeSwift-dpcwhlbrkmudrpgkkujqsfdqnghl/Build/Products/Debug-iphonesimulator -iframework /Applications/Xcode-26.2.0.app/Contents/Developer/Platforms/iPhoneSimulator.platform/Developer/Library/Frameworks -iframework /Applications/Xcode-26.2.0.app/Contents/Developer/Platforms/iPhoneSimulator.platform/Developer/SDKs/iPhoneSimulator26.2.sdk/Developer/Library/Frameworks -filelist /Users/ericwatke/Library/Developer/Xcode/DerivedData/PeerTubeSwift-dpcwhlbrkmudrpgkkujqsfdqnghl/Build/Intermediates.noindex/sqlite-data.build/Debug-iphonesimulator/SQLiteData.build/Objects-normal/arm64/SQLiteData.LinkFileList -install_name @rpath/SQLiteData.framework/SQLiteData -Xlinker -rpath -Xlinker /usr/lib/swift -Xlinker -rpath -Xlinker /Users/ericwatke/Library/Developer/Xcode/DerivedData/PeerTubeSwift-dpcwhlbrkmudrpgkkujqsfdqnghl/Build/Products/Debug-iphonesimulator/PackageFrameworks -dead_strip -Xlinker -object_path_lto -Xlinker /Users/ericwatke/Library/Developer/Xcode/DerivedData/PeerTubeSwift-dpcwhlbrkmudrpgkkujqsfdqnghl/Build/Intermediates.noindex/sqlite-data.build/Debug-iphonesimulator/SQLiteData.build/Objects-normal/arm64/SQLiteData_lto.o -rdynamic -Xlinker -no_deduplicate -Xlinker -objc_abi_version -Xlinker 2 -Xlinker -debug_variant -Xlinker -dependency_info -Xlinker /Users/ericwatke/Library/Developer/Xcode/DerivedData/PeerTubeSwift-dpcwhlbrkmudrpgkkujqsfdqnghl/Build/Intermediates.noindex/sqlite-data.build/Debug-iphonesimulator/SQLiteData.build/Objects-normal/arm64/SQLiteData_dependency_info.dat -fobjc-link-runtime -fprofile-instr-generate -L/Applications/Xcode-26.2.0.app/Contents/Developer/Toolchains/XcodeDefault.xctoolchain/usr/lib/swift/iphonesimulator -L/usr/lib/swift -Xlinker -add_ast_path -Xlinker /Users/ericwatke/Library/Developer/Xcode/DerivedData/PeerTubeSwift-dpcwhlbrkmudrpgkkujqsfdqnghl/Build/Intermediates.noindex/sqlite-data.build/Debug-iphonesimulator/SQLiteData.build/Objects-normal/arm64/SQLiteData.swiftmodule @/Users/ericwatke/Library/Developer/Xcode/DerivedData/PeerTubeSwift-dpcwhlbrkmudrpgkkujqsfdqnghl/Build/Intermediates.noindex/sqlite-data.build/Debug-iphonesimulator/SQLiteData.build/Objects-normal/arm64/SQLiteData-linker-args.resp -Wl,-no_warn_duplicate_libraries -Wl,-no_warn_duplicate_libraries -Wl,-no_warn_duplicate_libraries -Wl,-no_warn_duplicate_libraries -Wl,-no_warn_duplicate_libraries -Wl,-no_warn_duplicate_libraries -Wl,-no_warn_duplicate_libraries -Wl,-no_warn_duplicate_libraries -Wl,-no_warn_duplicate_libraries -Wl,-no_warn_duplicate_libraries -Wl,-no_warn_duplicate_libraries -Wl,-no_warn_duplicate_libraries -Wl,-no_warn_duplicate_libraries -Wl,-no_warn_duplicate_libraries -Wl,-no_warn_duplicate_libraries -Wl,-no_warn_duplicate_libraries -Wl,-no_warn_duplicate_libraries -Wl,-no_warn_duplicate_libraries -Wl,-no_warn_duplicate_libraries -Wl,-no_warn_duplicate_libraries -Wl,-no_warn_duplicate_libraries /Users/ericwatke/Library/Developer/Xcode/DerivedData/PeerTubeSwift-dpcwhlbrkmudrpgkkujqsfdqnghl/Build/Products/Debug-iphonesimulator/PackageFrameworks/ConcurrencyExtras_-2B4B167800F2E3ED_PackageProduct.framework/ConcurrencyExtras_-2B4B167800F2E3ED_PackageProduct /Users/ericwatke/Library/Developer/Xcode/DerivedData/PeerTubeSwift-dpcwhlbrkmudrpgkkujqsfdqnghl/Build/Products/Debug-iphonesimulator/PackageFrameworks/Dependencies_40816CBEDFB225D3_PackageProduct.framework/Dependencies_40816CBEDFB225D3_PackageProduct /Users/ericwatke/Library/Developer/Xcode/DerivedData/PeerTubeSwift-dpcwhlbrkmudrpgkkujqsfdqnghl/Build/Products/Debug-iphonesimulator/PackageFrameworks/GRDB_5DC4DB053_PackageProduct.framework/GRDB_5DC4DB053_PackageProduct /Users/ericwatke/Library/Developer/Xcode/DerivedData/PeerTubeSwift-dpcwhlbrkmudrpgkkujqsfdqnghl/Build/Products/Debug-iphonesimulator/PackageFrameworks/IssueReporting.framework/IssueReporting /Users/ericwatke/Library/Developer/Xcode/DerivedData/PeerTubeSwift-dpcwhlbrkmudrpgkkujqsfdqnghl/Build/Products/Debug-iphonesimulator/PackageFrameworks/IssueReportingPackageSupport.framework/IssueReportingPackageSupport /Users/ericwatke/Library/Developer/Xcode/DerivedData/PeerTubeSwift-dpcwhlbrkmudrpgkkujqsfdqnghl/Build/Products/Debug-iphonesimulator/PackageFrameworks/OrderedCollections_1222128174265B56_PackageProduct.framework/OrderedCollections_1222128174265B56_PackageProduct /Users/ericwatke/Library/Developer/Xcode/DerivedData/PeerTubeSwift-dpcwhlbrkmudrpgkkujqsfdqnghl/Build/Products/Debug-iphonesimulator/PackageFrameworks/Perception_-52E92A8ED7C94DDD_PackageProduct.framework/Perception_-52E92A8ED7C94DDD_PackageProduct /Users/ericwatke/Library/Developer/Xcode/DerivedData/PeerTubeSwift-dpcwhlbrkmudrpgkkujqsfdqnghl/Build/Products/Debug-iphonesimulator/PackageFrameworks/Sharing_39620103CB313153_PackageProduct.framework/Sharing_39620103CB313153_PackageProduct /Users/ericwatke/Library/Developer/Xcode/DerivedData/PeerTubeSwift-dpcwhlbrkmudrpgkkujqsfdqnghl/Build/Products/Debug-iphonesimulator/PackageFrameworks/StructuredQueriesSQLite_-662414AA5E85D5A4_PackageProduct.framework/StructuredQueriesSQLite_-662414AA5E85D5A4_PackageProduct -o /Users/ericwatke/Library/Developer/Xcode/DerivedData/PeerTubeSwift-dpcwhlbrkmudrpgkkujqsfdqnghl/Build/Products/Debug-iphonesimulator/PackageFrameworks/SQLiteData.framework/SQLiteData

ProcessInfoPlistFile /Users/ericwatke/Library/Developer/Xcode/DerivedData/PeerTubeSwift-dpcwhlbrkmudrpgkkujqsfdqnghl/Build/Products/Debug-iphonesimulator/PackageFrameworks/SQLiteData.framework/Info.plist /Users/ericwatke/Library/Developer/Xcode/DerivedData/PeerTubeSwift-dpcwhlbrkmudrpgkkujqsfdqnghl/Build/Intermediates.noindex/sqlite-data.build/Debug-iphonesimulator/SQLiteData.build/empty-SQLiteData.plist (in target 'SQLiteData' from project 'sqlite-data')
    cd /Users/ericwatke/Library/Developer/Xcode/DerivedData/PeerTubeSwift-dpcwhlbrkmudrpgkkujqsfdqnghl/SourcePackages/checkouts/sqlite-data
    builtin-infoPlistUtility /Users/ericwatke/Library/Developer/Xcode/DerivedData/PeerTubeSwift-dpcwhlbrkmudrpgkkujqsfdqnghl/Build/Intermediates.noindex/sqlite-data.build/Debug-iphonesimulator/SQLiteData.build/empty-SQLiteData.plist -producttype com.apple.product-type.framework -expandbuildsettings -format binary -platform iphonesimulator -o /Users/ericwatke/Library/Developer/Xcode/DerivedData/PeerTubeSwift-dpcwhlbrkmudrpgkkujqsfdqnghl/Build/Products/Debug-iphonesimulator/PackageFrameworks/SQLiteData.framework/Info.plist

SwiftDriver\ Compilation\ Requirements ComposableArchitecture normal arm64 com.apple.xcode.tools.swift.compiler (in target 'ComposableArchitecture' from project 'swift-composable-architecture')
    cd /Users/ericwatke/Documents/GitHub/peertube-swift/App/PeerTubeSwift/PeerTubeSwift.xcodeproj
    builtin-Swift-Compilation-Requirements -- /Applications/Xcode-26.2.0.app/Contents/Developer/Toolchains/XcodeDefault.xctoolchain/usr/bin/swiftc -module-name ComposableArchitecture -Onone -enforce-exclusivity\=checked @/Users/ericwatke/Library/Developer/Xcode/DerivedData/PeerTubeSwift-dpcwhlbrkmudrpgkkujqsfdqnghl/Build/Intermediates.noindex/swift-composable-architecture.build/Debug-iphonesimulator/ComposableArchitecture.build/Objects-normal/arm64/ComposableArchitecture.SwiftFileList -DSWIFT_PACKAGE -DDEBUG -DSWIFT_MODULE_RESOURCE_BUNDLE_AVAILABLE -Xcc -fmodule-map-file\=/Users/ericwatke/Library/Developer/Xcode/DerivedData/PeerTubeSwift-dpcwhlbrkmudrpgkkujqsfdqnghl/Build/Intermediates.noindex/GeneratedModuleMaps-iphonesimulator/UIKitNavigationShim.modulemap -DXcode -enable-upcoming-feature ExistentialAny -plugin-path /Applications/Xcode-26.2.0.app/Contents/Developer/Toolchains/XcodeDefault.xctoolchain/usr/lib/swift/host/plugins/testing -enable-experimental-feature DebugDescriptionMacro -sdk /Applications/Xcode-26.2.0.app/Contents/Developer/Platforms/iPhoneSimulator.platform/Developer/SDKs/iPhoneSimulator26.2.sdk -target arm64-apple-ios13.0-simulator -g -module-cache-path /Users/ericwatke/Library/Developer/Xcode/DerivedData/ModuleCache.noindex -Xfrontend -serialize-debugging-options -profile-coverage-mapping -profile-generate -enable-testing -suppress-warnings -index-store-path /Users/ericwatke/Library/Developer/Xcode/DerivedData/PeerTubeSwift-dpcwhlbrkmudrpgkkujqsfdqnghl/Index.noindex/DataStore -Xcc -D_LIBCPP_HARDENING_MODE\=_LIBCPP_HARDENING_MODE_DEBUG -swift-version 6 -I /Users/ericwatke/Library/Developer/Xcode/DerivedData/PeerTubeSwift-dpcwhlbrkmudrpgkkujqsfdqnghl/Build/Products/Debug-iphonesimulator -Isystem /Applications/Xcode-26.2.0.app/Contents/Developer/Platforms/iPhoneSimulator.platform/Developer/usr/lib -F /Users/ericwatke/Library/Developer/Xcode/DerivedData/PeerTubeSwift-dpcwhlbrkmudrpgkkujqsfdqnghl/Build/Products/Debug-iphonesimulator/PackageFrameworks -F /Users/ericwatke/Library/Developer/Xcode/DerivedData/PeerTubeSwift-dpcwhlbrkmudrpgkkujqsfdqnghl/Build/Products/Debug-iphonesimulator/PackageFrameworks -F /Users/ericwatke/Library/Developer/Xcode/DerivedData/PeerTubeSwift-dpcwhlbrkmudrpgkkujqsfdqnghl/Build/Products/Debug-iphonesimulator/PackageFrameworks -F /Users/ericwatke/Library/Developer/Xcode/DerivedData/PeerTubeSwift-dpcwhlbrkmudrpgkkujqsfdqnghl/Build/Products/Debug-iphonesimulator/PackageFrameworks -F /Users/ericwatke/Library/Developer/Xcode/DerivedData/PeerTubeSwift-dpcwhlbrkmudrpgkkujqsfdqnghl/Build/Products/Debug-iphonesimulator/PackageFrameworks -F /Users/ericwatke/Library/Developer/Xcode/DerivedData/PeerTubeSwift-dpcwhlbrkmudrpgkkujqsfdqnghl/Build/Products/Debug-iphonesimulator/PackageFrameworks -F /Users/ericwatke/Library/Developer/Xcode/DerivedData/PeerTubeSwift-dpcwhlbrkmudrpgkkujqsfdqnghl/Build/Products/Debug-iphonesimulator/PackageFrameworks -F /Users/ericwatke/Library/Developer/Xcode/DerivedData/PeerTubeSwift-dpcwhlbrkmudrpgkkujqsfdqnghl/Build/Products/Debug-iphonesimulator/PackageFrameworks -F /Users/ericwatke/Library/Developer/Xcode/DerivedData/PeerTubeSwift-dpcwhlbrkmudrpgkkujqsfdqnghl/Build/Products/Debug-iphonesimulator/PackageFrameworks -F /Users/ericwatke/Library/Developer/Xcode/DerivedData/PeerTubeSwift-dpcwhlbrkmudrpgkkujqsfdqnghl/Build/Products/Debug-iphonesimulator/PackageFrameworks -F /Users/ericwatke/Library/Developer/Xcode/DerivedData/PeerTubeSwift-dpcwhlbrkmudrpgkkujqsfdqnghl/Build/Products/Debug-iphonesimulator/PackageFrameworks -F /Users/ericwatke/Library/Developer/Xcode/DerivedData/PeerTubeSwift-dpcwhlbrkmudrpgkkujqsfdqnghl/Build/Products/Debug-iphonesimulator/PackageFrameworks -F /Users/ericwatke/Library/Developer/Xcode/DerivedData/PeerTubeSwift-dpcwhlbrkmudrpgkkujqsfdqnghl/Build/Products/Debug-iphonesimulator/PackageFrameworks -F /Users/ericwatke/Library/Developer/Xcode/DerivedData/PeerTubeSwift-dpcwhlbrkmudrpgkkujqsfdqnghl/Build/Products/Debug-iphonesimulator/PackageFrameworks -F /Users/ericwatke/Library/Developer/Xcode/DerivedData/PeerTubeSwift-dpcwhlbrkmudrpgkkujqsfdqnghl/Build/Products/Debug-iphonesimulator/PackageFrameworks -F /Users/ericwatke/Library/Developer/Xcode/DerivedData/PeerTubeSwift-dpcwhlbrkmudrpgkkujqsfdqnghl/Build/Products/Debug-iphonesimulator/PackageFrameworks -F /Users/ericwatke/Library/Developer/Xcode/DerivedData/PeerTubeSwift-dpcwhlbrkmudrpgkkujqsfdqnghl/Build/Products/Debug-iphonesimulator/PackageFrameworks -F /Users/ericwatke/Library/Developer/Xcode/DerivedData/PeerTubeSwift-dpcwhlbrkmudrpgkkujqsfdqnghl/Build/Products/Debug-iphonesimulator/PackageFrameworks -F /Users/ericwatke/Library/Developer/Xcode/DerivedData/PeerTubeSwift-dpcwhlbrkmudrpgkkujqsfdqnghl/Build/Products/Debug-iphonesimulator/PackageFrameworks -F /Users/ericwatke/Library/Developer/Xcode/DerivedData/PeerTubeSwift-dpcwhlbrkmudrpgkkujqsfdqnghl/Build/Products/Debug-iphonesimulator/PackageFrameworks -F /Users/ericwatke/Library/Developer/Xcode/DerivedData/PeerTubeSwift-dpcwhlbrkmudrpgkkujqsfdqnghl/Build/Products/Debug-iphonesimulator/PackageFrameworks -F /Users/ericwatke/Library/Developer/Xcode/DerivedData/PeerTubeSwift-dpcwhlbrkmudrpgkkujqsfdqnghl/Build/Products/Debug-iphonesimulator/PackageFrameworks -F /Users/ericwatke/Library/Developer/Xcode/DerivedData/PeerTubeSwift-dpcwhlbrkmudrpgkkujqsfdqnghl/Build/Products/Debug-iphonesimulator/PackageFrameworks -F /Users/ericwatke/Library/Developer/Xcode/DerivedData/PeerTubeSwift-dpcwhlbrkmudrpgkkujqsfdqnghl/Build/Products/Debug-iphonesimulator -F /Applications/Xcode-26.2.0.app/Contents/Developer/Platforms/iPhoneSimulator.platform/Developer/Library/Frameworks -F /Applications/Xcode-26.2.0.app/Contents/Developer/Platforms/iPhoneSimulator.platform/Developer/SDKs/iPhoneSimulator26.2.sdk/Developer/Library/Frameworks -Xfrontend -load-plugin-executable -Xfrontend /Users/ericwatke/Library/Developer/Xcode/DerivedData/PeerTubeSwift-dpcwhlbrkmudrpgkkujqsfdqnghl/Build/Products/Debug/CasePathsMacros\#CasePathsMacros -Xfrontend -load-plugin-executable -Xfrontend /Users/ericwatke/Library/Developer/Xcode/DerivedData/PeerTubeSwift-dpcwhlbrkmudrpgkkujqsfdqnghl/Build/Products/Debug/ComposableArchitectureMacros\#ComposableArchitectureMacros -Xfrontend -load-plugin-executable -Xfrontend /Users/ericwatke/Library/Developer/Xcode/DerivedData/PeerTubeSwift-dpcwhlbrkmudrpgkkujqsfdqnghl/Build/Products/Debug/DependenciesMacrosPlugin\#DependenciesMacrosPlugin -Xfrontend -load-plugin-executable -Xfrontend /Users/ericwatke/Library/Developer/Xcode/DerivedData/PeerTubeSwift-dpcwhlbrkmudrpgkkujqsfdqnghl/Build/Products/Debug/PerceptionMacros\#PerceptionMacros -c -j8 -enable-batch-mode -incremental -Xcc -ivfsstatcache -Xcc /Users/ericwatke/Library/Developer/Xcode/DerivedData/SDKStatCaches.noindex/iphonesimulator26.2-23C53-396ea2e52eee30dc3ef691f54c5a881e.sdkstatcache -output-file-map /Users/ericwatke/Library/Developer/Xcode/DerivedData/PeerTubeSwift-dpcwhlbrkmudrpgkkujqsfdqnghl/Build/Intermediates.noindex/swift-composable-architecture.build/Debug-iphonesimulator/ComposableArchitecture.build/Objects-normal/arm64/ComposableArchitecture-OutputFileMap.json -use-frontend-parseable-output -save-temps -no-color-diagnostics -explicit-module-build -module-cache-path /Users/ericwatke/Library/Developer/Xcode/DerivedData/PeerTubeSwift-dpcwhlbrkmudrpgkkujqsfdqnghl/Build/Intermediates.noindex/SwiftExplicitPrecompiledModules -clang-scanner-module-cache-path /Users/ericwatke/Library/Developer/Xcode/DerivedData/ModuleCache.noindex -sdk-module-cache-path /Users/ericwatke/Library/Developer/Xcode/DerivedData/ModuleCache.noindex -serialize-diagnostics -emit-dependencies -emit-module -emit-module-path /Users/ericwatke/Library/Developer/Xcode/DerivedData/PeerTubeSwift-dpcwhlbrkmudrpgkkujqsfdqnghl/Build/Intermediates.noindex/swift-composable-architecture.build/Debug-iphonesimulator/ComposableArchitecture.build/Objects-normal/arm64/ComposableArchitecture.swiftmodule -user-module-version 1.23.1 -validate-clang-modules-once -clang-build-session-file /Users/ericwatke/Library/Developer/Xcode/DerivedData/ModuleCache.noindex/Session.modulevalidation -package-name swift_composable_architecture -Xcc -I/Users/ericwatke/Library/Developer/Xcode/DerivedData/PeerTubeSwift-dpcwhlbrkmudrpgkkujqsfdqnghl/Build/Intermediates.noindex/swift-composable-architecture.build/Debug-iphonesimulator/ComposableArchitecture.build/swift-overrides.hmap -emit-const-values -Xfrontend -const-gather-protocols-file -Xfrontend /Users/ericwatke/Library/Developer/Xcode/DerivedData/PeerTubeSwift-dpcwhlbrkmudrpgkkujqsfdqnghl/Build/Intermediates.noindex/swift-composable-architecture.build/Debug-iphonesimulator/ComposableArchitecture.build/Objects-normal/arm64/ComposableArchitecture_const_extract_protocols.json -Xcc -I/Users/ericwatke/Library/Developer/Xcode/DerivedData/PeerTubeSwift-dpcwhlbrkmudrpgkkujqsfdqnghl/SourcePackages/checkouts/swift-navigation/Sources/UIKitNavigationShim/include -Xcc -I/Users/ericwatke/Library/Developer/Xcode/DerivedData/PeerTubeSwift-dpcwhlbrkmudrpgkkujqsfdqnghl/Build/Products/Debug-iphonesimulator/include -Xcc -I/Users/ericwatke/Library/Developer/Xcode/DerivedData/PeerTubeSwift-dpcwhlbrkmudrpgkkujqsfdqnghl/Build/Intermediates.noindex/swift-composable-architecture.build/Debug-iphonesimulator/ComposableArchitecture.build/DerivedSources-normal/arm64 -Xcc -I/Users/ericwatke/Library/Developer/Xcode/DerivedData/PeerTubeSwift-dpcwhlbrkmudrpgkkujqsfdqnghl/Build/Intermediates.noindex/swift-composable-architecture.build/Debug-iphonesimulator/ComposableArchitecture.build/DerivedSources/arm64 -Xcc -I/Users/ericwatke/Library/Developer/Xcode/DerivedData/PeerTubeSwift-dpcwhlbrkmudrpgkkujqsfdqnghl/Build/Intermediates.noindex/swift-composable-architecture.build/Debug-iphonesimulator/ComposableArchitecture.build/DerivedSources -Xcc -DSWIFT_PACKAGE -Xcc -DDEBUG\=1 -emit-objc-header -emit-objc-header-path /Users/ericwatke/Library/Developer/Xcode/DerivedData/PeerTubeSwift-dpcwhlbrkmudrpgkkujqsfdqnghl/Build/Intermediates.noindex/swift-composable-architecture.build/Debug-iphonesimulator/ComposableArchitecture.build/Objects-normal/arm64/ComposableArchitecture-Swift.h -working-directory /Users/ericwatke/Documents/GitHub/peertube-swift/App/PeerTubeSwift/PeerTubeSwift.xcodeproj -experimental-emit-module-separately -disable-cmo

SwiftDriver\ Compilation ComposableArchitecture normal arm64 com.apple.xcode.tools.swift.compiler (in target 'ComposableArchitecture' from project 'swift-composable-architecture')
    cd /Users/ericwatke/Documents/GitHub/peertube-swift/App/PeerTubeSwift/PeerTubeSwift.xcodeproj
    builtin-Swift-Compilation -- /Applications/Xcode-26.2.0.app/Contents/Developer/Toolchains/XcodeDefault.xctoolchain/usr/bin/swiftc -module-name ComposableArchitecture -Onone -enforce-exclusivity\=checked @/Users/ericwatke/Library/Developer/Xcode/DerivedData/PeerTubeSwift-dpcwhlbrkmudrpgkkujqsfdqnghl/Build/Intermediates.noindex/swift-composable-architecture.build/Debug-iphonesimulator/ComposableArchitecture.build/Objects-normal/arm64/ComposableArchitecture.SwiftFileList -DSWIFT_PACKAGE -DDEBUG -DSWIFT_MODULE_RESOURCE_BUNDLE_AVAILABLE -Xcc -fmodule-map-file\=/Users/ericwatke/Library/Developer/Xcode/DerivedData/PeerTubeSwift-dpcwhlbrkmudrpgkkujqsfdqnghl/Build/Intermediates.noindex/GeneratedModuleMaps-iphonesimulator/UIKitNavigationShim.modulemap -DXcode -enable-upcoming-feature ExistentialAny -plugin-path /Applications/Xcode-26.2.0.app/Contents/Developer/Toolchains/XcodeDefault.xctoolchain/usr/lib/swift/host/plugins/testing -enable-experimental-feature DebugDescriptionMacro -sdk /Applications/Xcode-26.2.0.app/Contents/Developer/Platforms/iPhoneSimulator.platform/Developer/SDKs/iPhoneSimulator26.2.sdk -target arm64-apple-ios13.0-simulator -g -module-cache-path /Users/ericwatke/Library/Developer/Xcode/DerivedData/ModuleCache.noindex -Xfrontend -serialize-debugging-options -profile-coverage-mapping -profile-generate -enable-testing -suppress-warnings -index-store-path /Users/ericwatke/Library/Developer/Xcode/DerivedData/PeerTubeSwift-dpcwhlbrkmudrpgkkujqsfdqnghl/Index.noindex/DataStore -Xcc -D_LIBCPP_HARDENING_MODE\=_LIBCPP_HARDENING_MODE_DEBUG -swift-version 6 -I /Users/ericwatke/Library/Developer/Xcode/DerivedData/PeerTubeSwift-dpcwhlbrkmudrpgkkujqsfdqnghl/Build/Products/Debug-iphonesimulator -Isystem /Applications/Xcode-26.2.0.app/Contents/Developer/Platforms/iPhoneSimulator.platform/Developer/usr/lib -F /Users/ericwatke/Library/Developer/Xcode/DerivedData/PeerTubeSwift-dpcwhlbrkmudrpgkkujqsfdqnghl/Build/Products/Debug-iphonesimulator/PackageFrameworks -F /Users/ericwatke/Library/Developer/Xcode/DerivedData/PeerTubeSwift-dpcwhlbrkmudrpgkkujqsfdqnghl/Build/Products/Debug-iphonesimulator/PackageFrameworks -F /Users/ericwatke/Library/Developer/Xcode/DerivedData/PeerTubeSwift-dpcwhlbrkmudrpgkkujqsfdqnghl/Build/Products/Debug-iphonesimulator/PackageFrameworks -F /Users/ericwatke/Library/Developer/Xcode/DerivedData/PeerTubeSwift-dpcwhlbrkmudrpgkkujqsfdqnghl/Build/Products/Debug-iphonesimulator/PackageFrameworks -F /Users/ericwatke/Library/Developer/Xcode/DerivedData/PeerTubeSwift-dpcwhlbrkmudrpgkkujqsfdqnghl/Build/Products/Debug-iphonesimulator/PackageFrameworks -F /Users/ericwatke/Library/Developer/Xcode/DerivedData/PeerTubeSwift-dpcwhlbrkmudrpgkkujqsfdqnghl/Build/Products/Debug-iphonesimulator/PackageFrameworks -F /Users/ericwatke/Library/Developer/Xcode/DerivedData/PeerTubeSwift-dpcwhlbrkmudrpgkkujqsfdqnghl/Build/Products/Debug-iphonesimulator/PackageFrameworks -F /Users/ericwatke/Library/Developer/Xcode/DerivedData/PeerTubeSwift-dpcwhlbrkmudrpgkkujqsfdqnghl/Build/Products/Debug-iphonesimulator/PackageFrameworks -F /Users/ericwatke/Library/Developer/Xcode/DerivedData/PeerTubeSwift-dpcwhlbrkmudrpgkkujqsfdqnghl/Build/Products/Debug-iphonesimulator/PackageFrameworks -F /Users/ericwatke/Library/Developer/Xcode/DerivedData/PeerTubeSwift-dpcwhlbrkmudrpgkkujqsfdqnghl/Build/Products/Debug-iphonesimulator/PackageFrameworks -F /Users/ericwatke/Library/Developer/Xcode/DerivedData/PeerTubeSwift-dpcwhlbrkmudrpgkkujqsfdqnghl/Build/Products/Debug-iphonesimulator/PackageFrameworks -F /Users/ericwatke/Library/Developer/Xcode/DerivedData/PeerTubeSwift-dpcwhlbrkmudrpgkkujqsfdqnghl/Build/Products/Debug-iphonesimulator/PackageFrameworks -F /Users/ericwatke/Library/Developer/Xcode/DerivedData/PeerTubeSwift-dpcwhlbrkmudrpgkkujqsfdqnghl/Build/Products/Debug-iphonesimulator/PackageFrameworks -F /Users/ericwatke/Library/Developer/Xcode/DerivedData/PeerTubeSwift-dpcwhlbrkmudrpgkkujqsfdqnghl/Build/Products/Debug-iphonesimulator/PackageFrameworks -F /Users/ericwatke/Library/Developer/Xcode/DerivedData/PeerTubeSwift-dpcwhlbrkmudrpgkkujqsfdqnghl/Build/Products/Debug-iphonesimulator/PackageFrameworks -F /Users/ericwatke/Library/Developer/Xcode/DerivedData/PeerTubeSwift-dpcwhlbrkmudrpgkkujqsfdqnghl/Build/Products/Debug-iphonesimulator/PackageFrameworks -F /Users/ericwatke/Library/Developer/Xcode/DerivedData/PeerTubeSwift-dpcwhlbrkmudrpgkkujqsfdqnghl/Build/Products/Debug-iphonesimulator/PackageFrameworks -F /Users/ericwatke/Library/Developer/Xcode/DerivedData/PeerTubeSwift-dpcwhlbrkmudrpgkkujqsfdqnghl/Build/Products/Debug-iphonesimulator/PackageFrameworks -F /Users/ericwatke/Library/Developer/Xcode/DerivedData/PeerTubeSwift-dpcwhlbrkmudrpgkkujqsfdqnghl/Build/Products/Debug-iphonesimulator/PackageFrameworks -F /Users/ericwatke/Library/Developer/Xcode/DerivedData/PeerTubeSwift-dpcwhlbrkmudrpgkkujqsfdqnghl/Build/Products/Debug-iphonesimulator/PackageFrameworks -F /Users/ericwatke/Library/Developer/Xcode/DerivedData/PeerTubeSwift-dpcwhlbrkmudrpgkkujqsfdqnghl/Build/Products/Debug-iphonesimulator/PackageFrameworks -F /Users/ericwatke/Library/Developer/Xcode/DerivedData/PeerTubeSwift-dpcwhlbrkmudrpgkkujqsfdqnghl/Build/Products/Debug-iphonesimulator/PackageFrameworks -F /Users/ericwatke/Library/Developer/Xcode/DerivedData/PeerTubeSwift-dpcwhlbrkmudrpgkkujqsfdqnghl/Build/Products/Debug-iphonesimulator/PackageFrameworks -F /Users/ericwatke/Library/Developer/Xcode/DerivedData/PeerTubeSwift-dpcwhlbrkmudrpgkkujqsfdqnghl/Build/Products/Debug-iphonesimulator -F /Applications/Xcode-26.2.0.app/Contents/Developer/Platforms/iPhoneSimulator.platform/Developer/Library/Frameworks -F /Applications/Xcode-26.2.0.app/Contents/Developer/Platforms/iPhoneSimulator.platform/Developer/SDKs/iPhoneSimulator26.2.sdk/Developer/Library/Frameworks -Xfrontend -load-plugin-executable -Xfrontend /Users/ericwatke/Library/Developer/Xcode/DerivedData/PeerTubeSwift-dpcwhlbrkmudrpgkkujqsfdqnghl/Build/Products/Debug/CasePathsMacros\#CasePathsMacros -Xfrontend -load-plugin-executable -Xfrontend /Users/ericwatke/Library/Developer/Xcode/DerivedData/PeerTubeSwift-dpcwhlbrkmudrpgkkujqsfdqnghl/Build/Products/Debug/ComposableArchitectureMacros\#ComposableArchitectureMacros -Xfrontend -load-plugin-executable -Xfrontend /Users/ericwatke/Library/Developer/Xcode/DerivedData/PeerTubeSwift-dpcwhlbrkmudrpgkkujqsfdqnghl/Build/Products/Debug/DependenciesMacrosPlugin\#DependenciesMacrosPlugin -Xfrontend -load-plugin-executable -Xfrontend /Users/ericwatke/Library/Developer/Xcode/DerivedData/PeerTubeSwift-dpcwhlbrkmudrpgkkujqsfdqnghl/Build/Products/Debug/PerceptionMacros\#PerceptionMacros -c -j8 -enable-batch-mode -incremental -Xcc -ivfsstatcache -Xcc /Users/ericwatke/Library/Developer/Xcode/DerivedData/SDKStatCaches.noindex/iphonesimulator26.2-23C53-396ea2e52eee30dc3ef691f54c5a881e.sdkstatcache -output-file-map /Users/ericwatke/Library/Developer/Xcode/DerivedData/PeerTubeSwift-dpcwhlbrkmudrpgkkujqsfdqnghl/Build/Intermediates.noindex/swift-composable-architecture.build/Debug-iphonesimulator/ComposableArchitecture.build/Objects-normal/arm64/ComposableArchitecture-OutputFileMap.json -use-frontend-parseable-output -save-temps -no-color-diagnostics -explicit-module-build -module-cache-path /Users/ericwatke/Library/Developer/Xcode/DerivedData/PeerTubeSwift-dpcwhlbrkmudrpgkkujqsfdqnghl/Build/Intermediates.noindex/SwiftExplicitPrecompiledModules -clang-scanner-module-cache-path /Users/ericwatke/Library/Developer/Xcode/DerivedData/ModuleCache.noindex -sdk-module-cache-path /Users/ericwatke/Library/Developer/Xcode/DerivedData/ModuleCache.noindex -serialize-diagnostics -emit-dependencies -emit-module -emit-module-path /Users/ericwatke/Library/Developer/Xcode/DerivedData/PeerTubeSwift-dpcwhlbrkmudrpgkkujqsfdqnghl/Build/Intermediates.noindex/swift-composable-architecture.build/Debug-iphonesimulator/ComposableArchitecture.build/Objects-normal/arm64/ComposableArchitecture.swiftmodule -user-module-version 1.23.1 -validate-clang-modules-once -clang-build-session-file /Users/ericwatke/Library/Developer/Xcode/DerivedData/ModuleCache.noindex/Session.modulevalidation -package-name swift_composable_architecture -Xcc -I/Users/ericwatke/Library/Developer/Xcode/DerivedData/PeerTubeSwift-dpcwhlbrkmudrpgkkujqsfdqnghl/Build/Intermediates.noindex/swift-composable-architecture.build/Debug-iphonesimulator/ComposableArchitecture.build/swift-overrides.hmap -emit-const-values -Xfrontend -const-gather-protocols-file -Xfrontend /Users/ericwatke/Library/Developer/Xcode/DerivedData/PeerTubeSwift-dpcwhlbrkmudrpgkkujqsfdqnghl/Build/Intermediates.noindex/swift-composable-architecture.build/Debug-iphonesimulator/ComposableArchitecture.build/Objects-normal/arm64/ComposableArchitecture_const_extract_protocols.json -Xcc -I/Users/ericwatke/Library/Developer/Xcode/DerivedData/PeerTubeSwift-dpcwhlbrkmudrpgkkujqsfdqnghl/SourcePackages/checkouts/swift-navigation/Sources/UIKitNavigationShim/include -Xcc -I/Users/ericwatke/Library/Developer/Xcode/DerivedData/PeerTubeSwift-dpcwhlbrkmudrpgkkujqsfdqnghl/Build/Products/Debug-iphonesimulator/include -Xcc -I/Users/ericwatke/Library/Developer/Xcode/DerivedData/PeerTubeSwift-dpcwhlbrkmudrpgkkujqsfdqnghl/Build/Intermediates.noindex/swift-composable-architecture.build/Debug-iphonesimulator/ComposableArchitecture.build/DerivedSources-normal/arm64 -Xcc -I/Users/ericwatke/Library/Developer/Xcode/DerivedData/PeerTubeSwift-dpcwhlbrkmudrpgkkujqsfdqnghl/Build/Intermediates.noindex/swift-composable-architecture.build/Debug-iphonesimulator/ComposableArchitecture.build/DerivedSources/arm64 -Xcc -I/Users/ericwatke/Library/Developer/Xcode/DerivedData/PeerTubeSwift-dpcwhlbrkmudrpgkkujqsfdqnghl/Build/Intermediates.noindex/swift-composable-architecture.build/Debug-iphonesimulator/ComposableArchitecture.build/DerivedSources -Xcc -DSWIFT_PACKAGE -Xcc -DDEBUG\=1 -emit-objc-header -emit-objc-header-path /Users/ericwatke/Library/Developer/Xcode/DerivedData/PeerTubeSwift-dpcwhlbrkmudrpgkkujqsfdqnghl/Build/Intermediates.noindex/swift-composable-architecture.build/Debug-iphonesimulator/ComposableArchitecture.build/Objects-normal/arm64/ComposableArchitecture-Swift.h -working-directory /Users/ericwatke/Documents/GitHub/peertube-swift/App/PeerTubeSwift/PeerTubeSwift.xcodeproj -experimental-emit-module-separately -disable-cmo

ProcessProductPackaging /Users/ericwatke/Documents/GitHub/peertube-swift/App/PeerTubeSwift/PeerTubeSwift/PeerTubeSwift.entitlements /Users/ericwatke/Library/Developer/Xcode/DerivedData/PeerTubeSwift-dpcwhlbrkmudrpgkkujqsfdqnghl/Build/Intermediates.noindex/PeerTubeSwift.build/Debug-iphonesimulator/PeerTubeSwift.build/PeerTubeSwift.app.xcent (in target 'PeerTubeSwift' from project 'PeerTubeSwift')
    cd /Users/ericwatke/Documents/GitHub/peertube-swift/App/PeerTubeSwift
    
    Entitlements:
    
    {
}
    
    builtin-productPackagingUtility /Users/ericwatke/Documents/GitHub/peertube-swift/App/PeerTubeSwift/PeerTubeSwift/PeerTubeSwift.entitlements -entitlements -format xml -o /Users/ericwatke/Library/Developer/Xcode/DerivedData/PeerTubeSwift-dpcwhlbrkmudrpgkkujqsfdqnghl/Build/Intermediates.noindex/PeerTubeSwift.build/Debug-iphonesimulator/PeerTubeSwift.build/PeerTubeSwift.app.xcent

ProcessProductPackaging /Users/ericwatke/Documents/GitHub/peertube-swift/App/PeerTubeSwift/PeerTubeSwift/PeerTubeSwift.entitlements /Users/ericwatke/Library/Developer/Xcode/DerivedData/PeerTubeSwift-dpcwhlbrkmudrpgkkujqsfdqnghl/Build/Intermediates.noindex/PeerTubeSwift.build/Debug-iphonesimulator/PeerTubeSwift.build/PeerTubeSwift.app-Simulated.xcent (in target 'PeerTubeSwift' from project 'PeerTubeSwift')
    cd /Users/ericwatke/Documents/GitHub/peertube-swift/App/PeerTubeSwift
    
    Entitlements:
    
    {
    "application-identifier" = "855632PAQ8.design.woven.PeerTubeSwift";
    "aps-environment" = development;
    "com.apple.developer.icloud-container-identifiers" =     (
    );
    "com.apple.developer.icloud-services" =     (
    );
}
    
    builtin-productPackagingUtility /Users/ericwatke/Documents/GitHub/peertube-swift/App/PeerTubeSwift/PeerTubeSwift/PeerTubeSwift.entitlements -entitlements -format xml -o /Users/ericwatke/Library/Developer/Xcode/DerivedData/PeerTubeSwift-dpcwhlbrkmudrpgkkujqsfdqnghl/Build/Intermediates.noindex/PeerTubeSwift.build/Debug-iphonesimulator/PeerTubeSwift.build/PeerTubeSwift.app-Simulated.xcent

ProcessProductPackagingDER /Users/ericwatke/Library/Developer/Xcode/DerivedData/PeerTubeSwift-dpcwhlbrkmudrpgkkujqsfdqnghl/Build/Intermediates.noindex/PeerTubeSwift.build/Debug-iphonesimulator/PeerTubeSwift.build/PeerTubeSwift.app.xcent /Users/ericwatke/Library/Developer/Xcode/DerivedData/PeerTubeSwift-dpcwhlbrkmudrpgkkujqsfdqnghl/Build/Intermediates.noindex/PeerTubeSwift.build/Debug-iphonesimulator/PeerTubeSwift.build/PeerTubeSwift.app.xcent.der (in target 'PeerTubeSwift' from project 'PeerTubeSwift')
    cd /Users/ericwatke/Documents/GitHub/peertube-swift/App/PeerTubeSwift
    /usr/bin/derq query -f xml -i /Users/ericwatke/Library/Developer/Xcode/DerivedData/PeerTubeSwift-dpcwhlbrkmudrpgkkujqsfdqnghl/Build/Intermediates.noindex/PeerTubeSwift.build/Debug-iphonesimulator/PeerTubeSwift.build/PeerTubeSwift.app.xcent -o /Users/ericwatke/Library/Developer/Xcode/DerivedData/PeerTubeSwift-dpcwhlbrkmudrpgkkujqsfdqnghl/Build/Intermediates.noindex/PeerTubeSwift.build/Debug-iphonesimulator/PeerTubeSwift.build/PeerTubeSwift.app.xcent.der --raw

ProcessProductPackagingDER /Users/ericwatke/Library/Developer/Xcode/DerivedData/PeerTubeSwift-dpcwhlbrkmudrpgkkujqsfdqnghl/Build/Intermediates.noindex/PeerTubeSwift.build/Debug-iphonesimulator/PeerTubeSwift.build/PeerTubeSwift.app-Simulated.xcent /Users/ericwatke/Library/Developer/Xcode/DerivedData/PeerTubeSwift-dpcwhlbrkmudrpgkkujqsfdqnghl/Build/Intermediates.noindex/PeerTubeSwift.build/Debug-iphonesimulator/PeerTubeSwift.build/PeerTubeSwift.app-Simulated.xcent.der (in target 'PeerTubeSwift' from project 'PeerTubeSwift')
    cd /Users/ericwatke/Documents/GitHub/peertube-swift/App/PeerTubeSwift
    /usr/bin/derq query -f xml -i /Users/ericwatke/Library/Developer/Xcode/DerivedData/PeerTubeSwift-dpcwhlbrkmudrpgkkujqsfdqnghl/Build/Intermediates.noindex/PeerTubeSwift.build/Debug-iphonesimulator/PeerTubeSwift.build/PeerTubeSwift.app-Simulated.xcent -o /Users/ericwatke/Library/Developer/Xcode/DerivedData/PeerTubeSwift-dpcwhlbrkmudrpgkkujqsfdqnghl/Build/Intermediates.noindex/PeerTubeSwift.build/Debug-iphonesimulator/PeerTubeSwift.build/PeerTubeSwift.app-Simulated.xcent.der --raw

SwiftDriver PeerTubeSwift normal arm64 com.apple.xcode.tools.swift.compiler (in target 'PeerTubeSwift' from project 'PeerTubeSwift')
    cd /Users/ericwatke/Documents/GitHub/peertube-swift/App/PeerTubeSwift
    builtin-SwiftDriver -- /Applications/Xcode-26.2.0.app/Contents/Developer/Toolchains/XcodeDefault.xctoolchain/usr/bin/swiftc -module-name PeerTubeSwift -Onone -enforce-exclusivity\=checked @/Users/ericwatke/Library/Developer/Xcode/DerivedData/PeerTubeSwift-dpcwhlbrkmudrpgkkujqsfdqnghl/Build/Intermediates.noindex/PeerTubeSwift.build/Debug-iphonesimulator/PeerTubeSwift.build/Objects-normal/arm64/PeerTubeSwift.SwiftFileList -DDEBUG -Xcc -fmodule-map-file\=/Users/ericwatke/Library/Developer/Xcode/DerivedData/PeerTubeSwift-dpcwhlbrkmudrpgkkujqsfdqnghl/SourcePackages/checkouts/GRDB.swift/Sources/GRDBSQLite/module.modulemap -Xcc -fmodule-map-file\=/Users/ericwatke/Library/Developer/Xcode/DerivedData/PeerTubeSwift-dpcwhlbrkmudrpgkkujqsfdqnghl/Build/Intermediates.noindex/GeneratedModuleMaps-iphonesimulator/UIKitNavigationShim.modulemap -enable-upcoming-feature MemberImportVisibility -enable-upcoming-feature InferIsolatedConformances -enable-upcoming-feature NonisolatedNonsendingByDefault -enable-experimental-feature DebugDescriptionMacro -sdk /Applications/Xcode-26.2.0.app/Contents/Developer/Platforms/iPhoneSimulator.platform/Developer/SDKs/iPhoneSimulator26.2.sdk -target arm64-apple-ios18.6-simulator -g -module-cache-path /Users/ericwatke/Library/Developer/Xcode/DerivedData/ModuleCache.noindex -Xfrontend -serialize-debugging-options -profile-coverage-mapping -profile-generate -enable-testing -index-store-path /Users/ericwatke/Library/Developer/Xcode/DerivedData/PeerTubeSwift-dpcwhlbrkmudrpgkkujqsfdqnghl/Index.noindex/DataStore -Xcc -D_LIBCPP_HARDENING_MODE\=_LIBCPP_HARDENING_MODE_DEBUG -swift-version 6 -I /Users/ericwatke/Library/Developer/Xcode/DerivedData/PeerTubeSwift-dpcwhlbrkmudrpgkkujqsfdqnghl/Build/Products/Debug-iphonesimulator -F /Users/ericwatke/Library/Developer/Xcode/DerivedData/PeerTubeSwift-dpcwhlbrkmudrpgkkujqsfdqnghl/Build/Products/Debug-iphonesimulator/PackageFrameworks -F /Users/ericwatke/Library/Developer/Xcode/DerivedData/PeerTubeSwift-dpcwhlbrkmudrpgkkujqsfdqnghl/Build/Products/Debug-iphonesimulator/PackageFrameworks -F /Users/ericwatke/Library/Developer/Xcode/DerivedData/PeerTubeSwift-dpcwhlbrkmudrpgkkujqsfdqnghl/Build/Products/Debug-iphonesimulator/PackageFrameworks -F /Users/ericwatke/Library/Developer/Xcode/DerivedData/PeerTubeSwift-dpcwhlbrkmudrpgkkujqsfdqnghl/Build/Products/Debug-iphonesimulator/PackageFrameworks -F /Users/ericwatke/Library/Developer/Xcode/DerivedData/PeerTubeSwift-dpcwhlbrkmudrpgkkujqsfdqnghl/Build/Products/Debug-iphonesimulator/PackageFrameworks -F /Users/ericwatke/Library/Developer/Xcode/DerivedData/PeerTubeSwift-dpcwhlbrkmudrpgkkujqsfdqnghl/Build/Products/Debug-iphonesimulator/PackageFrameworks -F /Users/ericwatke/Library/Developer/Xcode/DerivedData/PeerTubeSwift-dpcwhlbrkmudrpgkkujqsfdqnghl/Build/Products/Debug-iphonesimulator/PackageFrameworks -F /Users/ericwatke/Library/Developer/Xcode/DerivedData/PeerTubeSwift-dpcwhlbrkmudrpgkkujqsfdqnghl/Build/Products/Debug-iphonesimulator/PackageFrameworks -F /Users/ericwatke/Library/Developer/Xcode/DerivedData/PeerTubeSwift-dpcwhlbrkmudrpgkkujqsfdqnghl/Build/Products/Debug-iphonesimulator/PackageFrameworks -F /Users/ericwatke/Library/Developer/Xcode/DerivedData/PeerTubeSwift-dpcwhlbrkmudrpgkkujqsfdqnghl/Build/Products/Debug-iphonesimulator/PackageFrameworks -F /Users/ericwatke/Library/Developer/Xcode/DerivedData/PeerTubeSwift-dpcwhlbrkmudrpgkkujqsfdqnghl/Build/Products/Debug-iphonesimulator/PackageFrameworks -F /Users/ericwatke/Library/Developer/Xcode/DerivedData/PeerTubeSwift-dpcwhlbrkmudrpgkkujqsfdqnghl/Build/Products/Debug-iphonesimulator/PackageFrameworks -F /Users/ericwatke/Library/Developer/Xcode/DerivedData/PeerTubeSwift-dpcwhlbrkmudrpgkkujqsfdqnghl/Build/Products/Debug-iphonesimulator/PackageFrameworks -F /Users/ericwatke/Library/Developer/Xcode/DerivedData/PeerTubeSwift-dpcwhlbrkmudrpgkkujqsfdqnghl/Build/Products/Debug-iphonesimulator/PackageFrameworks -F /Users/ericwatke/Library/Developer/Xcode/DerivedData/PeerTubeSwift-dpcwhlbrkmudrpgkkujqsfdqnghl/Build/Products/Debug-iphonesimulator/PackageFrameworks -F /Users/ericwatke/Library/Developer/Xcode/DerivedData/PeerTubeSwift-dpcwhlbrkmudrpgkkujqsfdqnghl/Build/Products/Debug-iphonesimulator/PackageFrameworks -F /Users/ericwatke/Library/Developer/Xcode/DerivedData/PeerTubeSwift-dpcwhlbrkmudrpgkkujqsfdqnghl/Build/Products/Debug-iphonesimulator/PackageFrameworks -F /Users/ericwatke/Library/Developer/Xcode/DerivedData/PeerTubeSwift-dpcwhlbrkmudrpgkkujqsfdqnghl/Build/Products/Debug-iphonesimulator/PackageFrameworks -F /Users/ericwatke/Library/Developer/Xcode/DerivedData/PeerTubeSwift-dpcwhlbrkmudrpgkkujqsfdqnghl/Build/Products/Debug-iphonesimulator/PackageFrameworks -F /Users/ericwatke/Library/Developer/Xcode/DerivedData/PeerTubeSwift-dpcwhlbrkmudrpgkkujqsfdqnghl/Build/Products/Debug-iphonesimulator/PackageFrameworks -F /Users/ericwatke/Library/Developer/Xcode/DerivedData/PeerTubeSwift-dpcwhlbrkmudrpgkkujqsfdqnghl/Build/Products/Debug-iphonesimulator/PackageFrameworks -F /Users/ericwatke/Library/Developer/Xcode/DerivedData/PeerTubeSwift-dpcwhlbrkmudrpgkkujqsfdqnghl/Build/Products/Debug-iphonesimulator/PackageFrameworks -F /Users/ericwatke/Library/Developer/Xcode/DerivedData/PeerTubeSwift-dpcwhlbrkmudrpgkkujqsfdqnghl/Build/Products/Debug-iphonesimulator/PackageFrameworks -F /Users/ericwatke/Library/Developer/Xcode/DerivedData/PeerTubeSwift-dpcwhlbrkmudrpgkkujqsfdqnghl/Build/Products/Debug-iphonesimulator/PackageFrameworks -F /Users/ericwatke/Library/Developer/Xcode/DerivedData/PeerTubeSwift-dpcwhlbrkmudrpgkkujqsfdqnghl/Build/Products/Debug-iphonesimulator/PackageFrameworks -F /Users/ericwatke/Library/Developer/Xcode/DerivedData/PeerTubeSwift-dpcwhlbrkmudrpgkkujqsfdqnghl/Build/Products/Debug-iphonesimulator/PackageFrameworks -F /Users/ericwatke/Library/Developer/Xcode/DerivedData/PeerTubeSwift-dpcwhlbrkmudrpgkkujqsfdqnghl/Build/Products/Debug-iphonesimulator/PackageFrameworks -F /Users/ericwatke/Library/Developer/Xcode/DerivedData/PeerTubeSwift-dpcwhlbrkmudrpgkkujqsfdqnghl/Build/Products/Debug-iphonesimulator/PackageFrameworks -F /Users/ericwatke/Library/Developer/Xcode/DerivedData/PeerTubeSwift-dpcwhlbrkmudrpgkkujqsfdqnghl/Build/Products/Debug-iphonesimulator/PackageFrameworks -F /Users/ericwatke/Library/Developer/Xcode/DerivedData/PeerTubeSwift-dpcwhlbrkmudrpgkkujqsfdqnghl/Build/Products/Debug-iphonesimulator/PackageFrameworks -F /Users/ericwatke/Library/Developer/Xcode/DerivedData/PeerTubeSwift-dpcwhlbrkmudrpgkkujqsfdqnghl/Build/Products/Debug-iphonesimulator/PackageFrameworks -F /Users/ericwatke/Library/Developer/Xcode/DerivedData/PeerTubeSwift-dpcwhlbrkmudrpgkkujqsfdqnghl/Build/Products/Debug-iphonesimulator/PackageFrameworks -F /Users/ericwatke/Library/Developer/Xcode/DerivedData/PeerTubeSwift-dpcwhlbrkmudrpgkkujqsfdqnghl/Build/Products/Debug-iphonesimulator/PackageFrameworks -F /Users/ericwatke/Library/Developer/Xcode/DerivedData/PeerTubeSwift-dpcwhlbrkmudrpgkkujqsfdqnghl/Build/Products/Debug-iphonesimulator/PackageFrameworks -F /Users/ericwatke/Library/Developer/Xcode/DerivedData/PeerTubeSwift-dpcwhlbrkmudrpgkkujqsfdqnghl/Build/Products/Debug-iphonesimulator/PackageFrameworks -F /Users/ericwatke/Library/Developer/Xcode/DerivedData/PeerTubeSwift-dpcwhlbrkmudrpgkkujqsfdqnghl/Build/Products/Debug-iphonesimulator -Xfrontend -load-plugin-executable -Xfrontend /Users/ericwatke/Library/Developer/Xcode/DerivedData/PeerTubeSwift-dpcwhlbrkmudrpgkkujqsfdqnghl/Build/Products/Debug/CasePathsMacros\#CasePathsMacros -Xfrontend -load-plugin-executable -Xfrontend /Users/ericwatke/Library/Developer/Xcode/DerivedData/PeerTubeSwift-dpcwhlbrkmudrpgkkujqsfdqnghl/Build/Products/Debug/ComposableArchitectureMacros\#ComposableArchitectureMacros -Xfrontend -load-plugin-executable -Xfrontend /Users/ericwatke/Library/Developer/Xcode/DerivedData/PeerTubeSwift-dpcwhlbrkmudrpgkkujqsfdqnghl/Build/Products/Debug/DependenciesMacrosPlugin\#DependenciesMacrosPlugin -Xfrontend -load-plugin-executable -Xfrontend /Users/ericwatke/Library/Developer/Xcode/DerivedData/PeerTubeSwift-dpcwhlbrkmudrpgkkujqsfdqnghl/Build/Products/Debug/PerceptionMacros\#PerceptionMacros -Xfrontend -load-plugin-executable -Xfrontend /Users/ericwatke/Library/Developer/Xcode/DerivedData/PeerTubeSwift-dpcwhlbrkmudrpgkkujqsfdqnghl/Build/Products/Debug/StructuredQueriesMacros\#StructuredQueriesMacros -Xfrontend -load-plugin-executable -Xfrontend /Users/ericwatke/Library/Developer/Xcode/DerivedData/PeerTubeSwift-dpcwhlbrkmudrpgkkujqsfdqnghl/Build/Products/Debug/StructuredQueriesSQLiteMacros\#StructuredQueriesSQLiteMacros -emit-localized-strings -emit-localized-strings-path /Users/ericwatke/Library/Developer/Xcode/DerivedData/PeerTubeSwift-dpcwhlbrkmudrpgkkujqsfdqnghl/Build/Intermediates.noindex/PeerTubeSwift.build/Debug-iphonesimulator/PeerTubeSwift.build/Objects-normal/arm64 -c -j8 -enable-batch-mode -incremental -Xcc -ivfsstatcache -Xcc /Users/ericwatke/Library/Developer/Xcode/DerivedData/SDKStatCaches.noindex/iphonesimulator26.2-23C53-396ea2e52eee30dc3ef691f54c5a881e.sdkstatcache -output-file-map /Users/ericwatke/Library/Developer/Xcode/DerivedData/PeerTubeSwift-dpcwhlbrkmudrpgkkujqsfdqnghl/Build/Intermediates.noindex/PeerTubeSwift.build/Debug-iphonesimulator/PeerTubeSwift.build/Objects-normal/arm64/PeerTubeSwift-OutputFileMap.json -use-frontend-parseable-output -save-temps -no-color-diagnostics -explicit-module-build -module-cache-path /Users/ericwatke/Library/Developer/Xcode/DerivedData/PeerTubeSwift-dpcwhlbrkmudrpgkkujqsfdqnghl/Build/Intermediates.noindex/SwiftExplicitPrecompiledModules -clang-scanner-module-cache-path /Users/ericwatke/Library/Developer/Xcode/DerivedData/ModuleCache.noindex -sdk-module-cache-path /Users/ericwatke/Library/Developer/Xcode/DerivedData/ModuleCache.noindex -serialize-diagnostics -emit-dependencies -emit-module -emit-module-path /Users/ericwatke/Library/Developer/Xcode/DerivedData/PeerTubeSwift-dpcwhlbrkmudrpgkkujqsfdqnghl/Build/Intermediates.noindex/PeerTubeSwift.build/Debug-iphonesimulator/PeerTubeSwift.build/Objects-normal/arm64/PeerTubeSwift.swiftmodule -validate-clang-modules-once -clang-build-session-file /Users/ericwatke/Library/Developer/Xcode/DerivedData/ModuleCache.noindex/Session.modulevalidation -Xcc -I/Users/ericwatke/Library/Developer/Xcode/DerivedData/PeerTubeSwift-dpcwhlbrkmudrpgkkujqsfdqnghl/Build/Intermediates.noindex/PeerTubeSwift.build/Debug-iphonesimulator/PeerTubeSwift.build/swift-overrides.hmap -emit-const-values -Xfrontend -const-gather-protocols-file -Xfrontend /Users/ericwatke/Library/Developer/Xcode/DerivedData/PeerTubeSwift-dpcwhlbrkmudrpgkkujqsfdqnghl/Build/Intermediates.noindex/PeerTubeSwift.build/Debug-iphonesimulator/PeerTubeSwift.build/Objects-normal/arm64/PeerTubeSwift_const_extract_protocols.json -Xcc -iquote -Xcc /Users/ericwatke/Library/Developer/Xcode/DerivedData/PeerTubeSwift-dpcwhlbrkmudrpgkkujqsfdqnghl/Build/Intermediates.noindex/PeerTubeSwift.build/Debug-iphonesimulator/PeerTubeSwift.build/PeerTubeSwift-generated-files.hmap -Xcc -I/Users/ericwatke/Library/Developer/Xcode/DerivedData/PeerTubeSwift-dpcwhlbrkmudrpgkkujqsfdqnghl/Build/Intermediates.noindex/PeerTubeSwift.build/Debug-iphonesimulator/PeerTubeSwift.build/PeerTubeSwift-own-target-headers.hmap -Xcc -I/Users/ericwatke/Library/Developer/Xcode/DerivedData/PeerTubeSwift-dpcwhlbrkmudrpgkkujqsfdqnghl/Build/Intermediates.noindex/PeerTubeSwift.build/Debug-iphonesimulator/PeerTubeSwift.build/PeerTubeSwift-all-non-framework-target-headers.hmap -Xcc -ivfsoverlay -Xcc /Users/ericwatke/Library/Developer/Xcode/DerivedData/PeerTubeSwift-dpcwhlbrkmudrpgkkujqsfdqnghl/Build/Intermediates.noindex/PeerTubeSwift.build/Debug-iphonesimulator/PeerTubeSwift-737a43c5f02e2b54d5d37b163228a2ce-VFS-iphonesimulator/all-product-headers.yaml -Xcc -iquote -Xcc /Users/ericwatke/Library/Developer/Xcode/DerivedData/PeerTubeSwift-dpcwhlbrkmudrpgkkujqsfdqnghl/Build/Intermediates.noindex/PeerTubeSwift.build/Debug-iphonesimulator/PeerTubeSwift.build/PeerTubeSwift-project-headers.hmap -Xcc -I/Users/ericwatke/Library/Developer/Xcode/DerivedData/PeerTubeSwift-dpcwhlbrkmudrpgkkujqsfdqnghl/SourcePackages/checkouts/swift-navigation/Sources/UIKitNavigationShim/include -Xcc -I/Users/ericwatke/Library/Developer/Xcode/DerivedData/PeerTubeSwift-dpcwhlbrkmudrpgkkujqsfdqnghl/Build/Products/Debug-iphonesimulator/include -Xcc -I/Users/ericwatke/Library/Developer/Xcode/DerivedData/PeerTubeSwift-dpcwhlbrkmudrpgkkujqsfdqnghl/Build/Intermediates.noindex/PeerTubeSwift.build/Debug-iphonesimulator/PeerTubeSwift.build/DerivedSources-normal/arm64 -Xcc -I/Users/ericwatke/Library/Developer/Xcode/DerivedData/PeerTubeSwift-dpcwhlbrkmudrpgkkujqsfdqnghl/Build/Intermediates.noindex/PeerTubeSwift.build/Debug-iphonesimulator/PeerTubeSwift.build/DerivedSources/arm64 -Xcc -I/Users/ericwatke/Library/Developer/Xcode/DerivedData/PeerTubeSwift-dpcwhlbrkmudrpgkkujqsfdqnghl/Build/Intermediates.noindex/PeerTubeSwift.build/Debug-iphonesimulator/PeerTubeSwift.build/DerivedSources -Xcc -DDEBUG\=1 -emit-objc-header -emit-objc-header-path /Users/ericwatke/Library/Developer/Xcode/DerivedData/PeerTubeSwift-dpcwhlbrkmudrpgkkujqsfdqnghl/Build/Intermediates.noindex/PeerTubeSwift.build/Debug-iphonesimulator/PeerTubeSwift.build/Objects-normal/arm64/PeerTubeSwift-Swift.h -working-directory /Users/ericwatke/Documents/GitHub/peertube-swift/App/PeerTubeSwift -experimental-emit-module-separately -disable-cmo

WriteAuxiliaryFile /Users/ericwatke/Library/Developer/Xcode/DerivedData/PeerTubeSwift-dpcwhlbrkmudrpgkkujqsfdqnghl/Build/Intermediates.noindex/PeerTubeSwift.build/Debug-iphonesimulator/PeerTubeSwift.build/PeerTubeSwift.DependencyMetadataFileList (in target 'PeerTubeSwift' from project 'PeerTubeSwift')
    cd /Users/ericwatke/Documents/GitHub/peertube-swift/App/PeerTubeSwift
    write-file /Users/ericwatke/Library/Developer/Xcode/DerivedData/PeerTubeSwift-dpcwhlbrkmudrpgkkujqsfdqnghl/Build/Intermediates.noindex/PeerTubeSwift.build/Debug-iphonesimulator/PeerTubeSwift.build/PeerTubeSwift.DependencyMetadataFileList

WriteAuxiliaryFile /Users/ericwatke/Library/Developer/Xcode/DerivedData/PeerTubeSwift-dpcwhlbrkmudrpgkkujqsfdqnghl/Build/Intermediates.noindex/PeerTubeSwift.build/Debug-iphonesimulator/PeerTubeSwift.build/PeerTubeSwift.DependencyStaticMetadataFileList (in target 'PeerTubeSwift' from project 'PeerTubeSwift')
    cd /Users/ericwatke/Documents/GitHub/peertube-swift/App/PeerTubeSwift
    write-file /Users/ericwatke/Library/Developer/Xcode/DerivedData/PeerTubeSwift-dpcwhlbrkmudrpgkkujqsfdqnghl/Build/Intermediates.noindex/PeerTubeSwift.build/Debug-iphonesimulator/PeerTubeSwift.build/PeerTubeSwift.DependencyStaticMetadataFileList

ExtractAppIntentsMetadata (in target 'ComposableArchitecture' from project 'swift-composable-architecture')
    cd /Users/ericwatke/Library/Developer/Xcode/DerivedData/PeerTubeSwift-dpcwhlbrkmudrpgkkujqsfdqnghl/SourcePackages/checkouts/swift-composable-architecture
    /Applications/Xcode-26.2.0.app/Contents/Developer/Toolchains/XcodeDefault.xctoolchain/usr/bin/appintentsmetadataprocessor --toolchain-dir /Applications/Xcode-26.2.0.app/Contents/Developer/Toolchains/XcodeDefault.xctoolchain --module-name ComposableArchitecture --sdk-root /Applications/Xcode-26.2.0.app/Contents/Developer/Platforms/iPhoneSimulator.platform/Developer/SDKs/iPhoneSimulator26.2.sdk --xcode-version 17C52 --platform-family iOS --deployment-target 13.0 --bundle-identifier swift-composable-architecture.ComposableArchitecture --output /Users/ericwatke/Library/Developer/Xcode/DerivedData/PeerTubeSwift-dpcwhlbrkmudrpgkkujqsfdqnghl/Build/Products/Debug-iphonesimulator/ComposableArchitecture.appintents --target-triple arm64-apple-ios13.0-simulator --binary-file /Users/ericwatke/Library/Developer/Xcode/DerivedData/PeerTubeSwift-dpcwhlbrkmudrpgkkujqsfdqnghl/Build/Products/Debug-iphonesimulator/ComposableArchitecture.o --dependency-file /Users/ericwatke/Library/Developer/Xcode/DerivedData/PeerTubeSwift-dpcwhlbrkmudrpgkkujqsfdqnghl/Build/Intermediates.noindex/swift-composable-architecture.build/Debug-iphonesimulator/ComposableArchitecture.build/Objects-normal/arm64/ComposableArchitecture_dependency_info.dat --stringsdata-file /Users/ericwatke/Library/Developer/Xcode/DerivedData/PeerTubeSwift-dpcwhlbrkmudrpgkkujqsfdqnghl/Build/Intermediates.noindex/swift-composable-architecture.build/Debug-iphonesimulator/ComposableArchitecture.build/Objects-normal/arm64/ExtractedAppShortcutsMetadata.stringsdata --source-file-list /Users/ericwatke/Library/Developer/Xcode/DerivedData/PeerTubeSwift-dpcwhlbrkmudrpgkkujqsfdqnghl/Build/Intermediates.noindex/swift-composable-architecture.build/Debug-iphonesimulator/ComposableArchitecture.build/Objects-normal/arm64/ComposableArchitecture.SwiftFileList --metadata-file-list /Users/ericwatke/Library/Developer/Xcode/DerivedData/PeerTubeSwift-dpcwhlbrkmudrpgkkujqsfdqnghl/Build/Intermediates.noindex/swift-composable-architecture.build/Debug-iphonesimulator/ComposableArchitecture.build/ComposableArchitecture.DependencyMetadataFileList --static-metadata-file-list /Users/ericwatke/Library/Developer/Xcode/DerivedData/PeerTubeSwift-dpcwhlbrkmudrpgkkujqsfdqnghl/Build/Intermediates.noindex/swift-composable-architecture.build/Debug-iphonesimulator/ComposableArchitecture.build/ComposableArchitecture.DependencyStaticMetadataFileList --swift-const-vals-list /Users/ericwatke/Library/Developer/Xcode/DerivedData/PeerTubeSwift-dpcwhlbrkmudrpgkkujqsfdqnghl/Build/Intermediates.noindex/swift-composable-architecture.build/Debug-iphonesimulator/ComposableArchitecture.build/Objects-normal/arm64/ComposableArchitecture.SwiftConstValuesFileList --force --compile-time-extraction --deployment-aware-processing --validate-assistant-intents --no-app-shortcuts-localization
2026-03-25 20:09:29.051 appintentsmetadataprocessor[26757:1338338] Starting appintentsmetadataprocessor export
2026-03-25 20:09:29.193 appintentsmetadataprocessor[26757:1338338] Extracted no relevant App Intents symbols, skipping writing output

SwiftDriver\ Compilation SQLiteDataTestSupport normal arm64 com.apple.xcode.tools.swift.compiler (in target 'SQLiteDataTestSupport' from project 'sqlite-data')
    cd /Users/ericwatke/Documents/GitHub/peertube-swift/App/PeerTubeSwift/PeerTubeSwift.xcodeproj
    builtin-Swift-Compilation -- /Applications/Xcode-26.2.0.app/Contents/Developer/Toolchains/XcodeDefault.xctoolchain/usr/bin/swiftc -module-name SQLiteDataTestSupport -Onone -enforce-exclusivity\=checked @/Users/ericwatke/Library/Developer/Xcode/DerivedData/PeerTubeSwift-dpcwhlbrkmudrpgkkujqsfdqnghl/Build/Intermediates.noindex/sqlite-data.build/Debug-iphonesimulator/SQLiteDataTestSupport.build/Objects-normal/arm64/SQLiteDataTestSupport.SwiftFileList -DSWIFT_PACKAGE -DDEBUG -DSWIFT_MODULE_RESOURCE_BUNDLE_UNAVAILABLE -Xcc -fmodule-map-file\=/Users/ericwatke/Library/Developer/Xcode/DerivedData/PeerTubeSwift-dpcwhlbrkmudrpgkkujqsfdqnghl/SourcePackages/checkouts/GRDB.swift/Sources/GRDBSQLite/module.modulemap -DXcode -enable-upcoming-feature MemberImportVisibility -plugin-path /Applications/Xcode-26.2.0.app/Contents/Developer/Toolchains/XcodeDefault.xctoolchain/usr/lib/swift/host/plugins/testing -enable-experimental-feature DebugDescriptionMacro -sdk /Applications/Xcode-26.2.0.app/Contents/Developer/Platforms/iPhoneSimulator.platform/Developer/SDKs/iPhoneSimulator26.2.sdk -target arm64-apple-ios13.0-simulator -g -module-cache-path /Users/ericwatke/Library/Developer/Xcode/DerivedData/ModuleCache.noindex -Xfrontend -serialize-debugging-options -profile-coverage-mapping -profile-generate -enable-testing -suppress-warnings -index-store-path /Users/ericwatke/Library/Developer/Xcode/DerivedData/PeerTubeSwift-dpcwhlbrkmudrpgkkujqsfdqnghl/Index.noindex/DataStore -Xcc -D_LIBCPP_HARDENING_MODE\=_LIBCPP_HARDENING_MODE_DEBUG -swift-version 6 -I /Users/ericwatke/Library/Developer/Xcode/DerivedData/PeerTubeSwift-dpcwhlbrkmudrpgkkujqsfdqnghl/Build/Products/Debug-iphonesimulator -Isystem /Applications/Xcode-26.2.0.app/Contents/Developer/Platforms/iPhoneSimulator.platform/Developer/usr/lib -F /Users/ericwatke/Library/Developer/Xcode/DerivedData/PeerTubeSwift-dpcwhlbrkmudrpgkkujqsfdqnghl/Build/Products/Debug-iphonesimulator/PackageFrameworks -F /Users/ericwatke/Library/Developer/Xcode/DerivedData/PeerTubeSwift-dpcwhlbrkmudrpgkkujqsfdqnghl/Build/Products/Debug-iphonesimulator/PackageFrameworks -F /Users/ericwatke/Library/Developer/Xcode/DerivedData/PeerTubeSwift-dpcwhlbrkmudrpgkkujqsfdqnghl/Build/Products/Debug-iphonesimulator/PackageFrameworks -F /Users/ericwatke/Library/Developer/Xcode/DerivedData/PeerTubeSwift-dpcwhlbrkmudrpgkkujqsfdqnghl/Build/Products/Debug-iphonesimulator/PackageFrameworks -F /Users/ericwatke/Library/Developer/Xcode/DerivedData/PeerTubeSwift-dpcwhlbrkmudrpgkkujqsfdqnghl/Build/Products/Debug-iphonesimulator/PackageFrameworks -F /Users/ericwatke/Library/Developer/Xcode/DerivedData/PeerTubeSwift-dpcwhlbrkmudrpgkkujqsfdqnghl/Build/Products/Debug-iphonesimulator/PackageFrameworks -F /Users/ericwatke/Library/Developer/Xcode/DerivedData/PeerTubeSwift-dpcwhlbrkmudrpgkkujqsfdqnghl/Build/Products/Debug-iphonesimulator/PackageFrameworks -F /Users/ericwatke/Library/Developer/Xcode/DerivedData/PeerTubeSwift-dpcwhlbrkmudrpgkkujqsfdqnghl/Build/Products/Debug-iphonesimulator/PackageFrameworks -F /Users/ericwatke/Library/Developer/Xcode/DerivedData/PeerTubeSwift-dpcwhlbrkmudrpgkkujqsfdqnghl/Build/Products/Debug-iphonesimulator/PackageFrameworks -F /Users/ericwatke/Library/Developer/Xcode/DerivedData/PeerTubeSwift-dpcwhlbrkmudrpgkkujqsfdqnghl/Build/Products/Debug-iphonesimulator/PackageFrameworks -F /Users/ericwatke/Library/Developer/Xcode/DerivedData/PeerTubeSwift-dpcwhlbrkmudrpgkkujqsfdqnghl/Build/Products/Debug-iphonesimulator/PackageFrameworks -F /Users/ericwatke/Library/Developer/Xcode/DerivedData/PeerTubeSwift-dpcwhlbrkmudrpgkkujqsfdqnghl/Build/Products/Debug-iphonesimulator/PackageFrameworks -F /Users/ericwatke/Library/Developer/Xcode/DerivedData/PeerTubeSwift-dpcwhlbrkmudrpgkkujqsfdqnghl/Build/Products/Debug-iphonesimulator/PackageFrameworks -F /Users/ericwatke/Library/Developer/Xcode/DerivedData/PeerTubeSwift-dpcwhlbrkmudrpgkkujqsfdqnghl/Build/Products/Debug-iphonesimulator/PackageFrameworks -F /Users/ericwatke/Library/Developer/Xcode/DerivedData/PeerTubeSwift-dpcwhlbrkmudrpgkkujqsfdqnghl/Build/Products/Debug-iphonesimulator/PackageFrameworks -F /Users/ericwatke/Library/Developer/Xcode/DerivedData/PeerTubeSwift-dpcwhlbrkmudrpgkkujqsfdqnghl/Build/Products/Debug-iphonesimulator/PackageFrameworks -F /Users/ericwatke/Library/Developer/Xcode/DerivedData/PeerTubeSwift-dpcwhlbrkmudrpgkkujqsfdqnghl/Build/Products/Debug-iphonesimulator/PackageFrameworks -F /Users/ericwatke/Library/Developer/Xcode/DerivedData/PeerTubeSwift-dpcwhlbrkmudrpgkkujqsfdqnghl/Build/Products/Debug-iphonesimulator/PackageFrameworks -F /Users/ericwatke/Library/Developer/Xcode/DerivedData/PeerTubeSwift-dpcwhlbrkmudrpgkkujqsfdqnghl/Build/Products/Debug-iphonesimulator/PackageFrameworks -F /Users/ericwatke/Library/Developer/Xcode/DerivedData/PeerTubeSwift-dpcwhlbrkmudrpgkkujqsfdqnghl/Build/Products/Debug-iphonesimulator/PackageFrameworks -F /Users/ericwatke/Library/Developer/Xcode/DerivedData/PeerTubeSwift-dpcwhlbrkmudrpgkkujqsfdqnghl/Build/Products/Debug-iphonesimulator/PackageFrameworks -F /Users/ericwatke/Library/Developer/Xcode/DerivedData/PeerTubeSwift-dpcwhlbrkmudrpgkkujqsfdqnghl/Build/Products/Debug-iphonesimulator/PackageFrameworks -F /Users/ericwatke/Library/Developer/Xcode/DerivedData/PeerTubeSwift-dpcwhlbrkmudrpgkkujqsfdqnghl/Build/Products/Debug-iphonesimulator/PackageFrameworks -F /Users/ericwatke/Library/Developer/Xcode/DerivedData/PeerTubeSwift-dpcwhlbrkmudrpgkkujqsfdqnghl/Build/Products/Debug-iphonesimulator/PackageFrameworks -F /Users/ericwatke/Library/Developer/Xcode/DerivedData/PeerTubeSwift-dpcwhlbrkmudrpgkkujqsfdqnghl/Build/Products/Debug-iphonesimulator/PackageFrameworks -F /Users/ericwatke/Library/Developer/Xcode/DerivedData/PeerTubeSwift-dpcwhlbrkmudrpgkkujqsfdqnghl/Build/Products/Debug-iphonesimulator/PackageFrameworks -F /Users/ericwatke/Library/Developer/Xcode/DerivedData/PeerTubeSwift-dpcwhlbrkmudrpgkkujqsfdqnghl/Build/Products/Debug-iphonesimulator/PackageFrameworks -F /Users/ericwatke/Library/Developer/Xcode/DerivedData/PeerTubeSwift-dpcwhlbrkmudrpgkkujqsfdqnghl/Build/Products/Debug-iphonesimulator/PackageFrameworks -F /Users/ericwatke/Library/Developer/Xcode/DerivedData/PeerTubeSwift-dpcwhlbrkmudrpgkkujqsfdqnghl/Build/Products/Debug-iphonesimulator/PackageFrameworks -F /Users/ericwatke/Library/Developer/Xcode/DerivedData/PeerTubeSwift-dpcwhlbrkmudrpgkkujqsfdqnghl/Build/Products/Debug-iphonesimulator/PackageFrameworks -F /Users/ericwatke/Library/Developer/Xcode/DerivedData/PeerTubeSwift-dpcwhlbrkmudrpgkkujqsfdqnghl/Build/Products/Debug-iphonesimulator/PackageFrameworks -F /Users/ericwatke/Library/Developer/Xcode/DerivedData/PeerTubeSwift-dpcwhlbrkmudrpgkkujqsfdqnghl/Build/Products/Debug-iphonesimulator/PackageFrameworks -F /Users/ericwatke/Library/Developer/Xcode/DerivedData/PeerTubeSwift-dpcwhlbrkmudrpgkkujqsfdqnghl/Build/Products/Debug-iphonesimulator/PackageFrameworks -F /Users/ericwatke/Library/Developer/Xcode/DerivedData/PeerTubeSwift-dpcwhlbrkmudrpgkkujqsfdqnghl/Build/Products/Debug-iphonesimulator/PackageFrameworks -F /Users/ericwatke/Library/Developer/Xcode/DerivedData/PeerTubeSwift-dpcwhlbrkmudrpgkkujqsfdqnghl/Build/Products/Debug-iphonesimulator/PackageFrameworks -F /Users/ericwatke/Library/Developer/Xcode/DerivedData/PeerTubeSwift-dpcwhlbrkmudrpgkkujqsfdqnghl/Build/Products/Debug-iphonesimulator/PackageFrameworks -F /Users/ericwatke/Library/Developer/Xcode/DerivedData/PeerTubeSwift-dpcwhlbrkmudrpgkkujqsfdqnghl/Build/Products/Debug-iphonesimulator/PackageFrameworks -F /Users/ericwatke/Library/Developer/Xcode/DerivedData/PeerTubeSwift-dpcwhlbrkmudrpgkkujqsfdqnghl/Build/Products/Debug-iphonesimulator/PackageFrameworks -F /Users/ericwatke/Library/Developer/Xcode/DerivedData/PeerTubeSwift-dpcwhlbrkmudrpgkkujqsfdqnghl/Build/Products/Debug-iphonesimulator -F /Applications/Xcode-26.2.0.app/Contents/Developer/Platforms/iPhoneSimulator.platform/Developer/Library/Frameworks -F /Applications/Xcode-26.2.0.app/Contents/Developer/Platforms/iPhoneSimulator.platform/Developer/SDKs/iPhoneSimulator26.2.sdk/Developer/Library/Frameworks -Xfrontend -load-plugin-executable -Xfrontend /Users/ericwatke/Library/Developer/Xcode/DerivedData/PeerTubeSwift-dpcwhlbrkmudrpgkkujqsfdqnghl/Build/Products/Debug/PerceptionMacros\#PerceptionMacros -Xfrontend -load-plugin-executable -Xfrontend /Users/ericwatke/Library/Developer/Xcode/DerivedData/PeerTubeSwift-dpcwhlbrkmudrpgkkujqsfdqnghl/Build/Products/Debug/StructuredQueriesMacros\#StructuredQueriesMacros -Xfrontend -load-plugin-executable -Xfrontend /Users/ericwatke/Library/Developer/Xcode/DerivedData/PeerTubeSwift-dpcwhlbrkmudrpgkkujqsfdqnghl/Build/Products/Debug/StructuredQueriesSQLiteMacros\#StructuredQueriesSQLiteMacros -parse-as-library -c -j8 -enable-batch-mode -incremental -Xcc -ivfsstatcache -Xcc /Users/ericwatke/Library/Developer/Xcode/DerivedData/SDKStatCaches.noindex/iphonesimulator26.2-23C53-396ea2e52eee30dc3ef691f54c5a881e.sdkstatcache -output-file-map /Users/ericwatke/Library/Developer/Xcode/DerivedData/PeerTubeSwift-dpcwhlbrkmudrpgkkujqsfdqnghl/Build/Intermediates.noindex/sqlite-data.build/Debug-iphonesimulator/SQLiteDataTestSupport.build/Objects-normal/arm64/SQLiteDataTestSupport-OutputFileMap.json -use-frontend-parseable-output -save-temps -no-color-diagnostics -explicit-module-build -module-cache-path /Users/ericwatke/Library/Developer/Xcode/DerivedData/PeerTubeSwift-dpcwhlbrkmudrpgkkujqsfdqnghl/Build/Intermediates.noindex/SwiftExplicitPrecompiledModules -clang-scanner-module-cache-path /Users/ericwatke/Library/Developer/Xcode/DerivedData/ModuleCache.noindex -sdk-module-cache-path /Users/ericwatke/Library/Developer/Xcode/DerivedData/ModuleCache.noindex -serialize-diagnostics -emit-dependencies -emit-module -emit-module-path /Users/ericwatke/Library/Developer/Xcode/DerivedData/PeerTubeSwift-dpcwhlbrkmudrpgkkujqsfdqnghl/Build/Intermediates.noindex/sqlite-data.build/Debug-iphonesimulator/SQLiteDataTestSupport.build/Objects-normal/arm64/SQLiteDataTestSupport.swiftmodule -user-module-version 1.4.1 -validate-clang-modules-once -clang-build-session-file /Users/ericwatke/Library/Developer/Xcode/DerivedData/ModuleCache.noindex/Session.modulevalidation -package-name sqlite_data -Xcc -I/Users/ericwatke/Library/Developer/Xcode/DerivedData/PeerTubeSwift-dpcwhlbrkmudrpgkkujqsfdqnghl/Build/Intermediates.noindex/sqlite-data.build/Debug-iphonesimulator/SQLiteDataTestSupport.build/swift-overrides.hmap -emit-const-values -Xfrontend -const-gather-protocols-file -Xfrontend /Users/ericwatke/Library/Developer/Xcode/DerivedData/PeerTubeSwift-dpcwhlbrkmudrpgkkujqsfdqnghl/Build/Intermediates.noindex/sqlite-data.build/Debug-iphonesimulator/SQLiteDataTestSupport.build/Objects-normal/arm64/SQLiteDataTestSupport_const_extract_protocols.json -Xcc -I/Users/ericwatke/Library/Developer/Xcode/DerivedData/PeerTubeSwift-dpcwhlbrkmudrpgkkujqsfdqnghl/SourcePackages/checkouts/swift-syntax/Sources/_SwiftSyntaxCShims/include -Xcc -I/Users/ericwatke/Library/Developer/Xcode/DerivedData/PeerTubeSwift-dpcwhlbrkmudrpgkkujqsfdqnghl/Build/Products/Debug-iphonesimulator/include -Xcc -I/Users/ericwatke/Library/Developer/Xcode/DerivedData/PeerTubeSwift-dpcwhlbrkmudrpgkkujqsfdqnghl/Build/Intermediates.noindex/sqlite-data.build/Debug-iphonesimulator/SQLiteDataTestSupport.build/DerivedSources-normal/arm64 -Xcc -I/Users/ericwatke/Library/Developer/Xcode/DerivedData/PeerTubeSwift-dpcwhlbrkmudrpgkkujqsfdqnghl/Build/Intermediates.noindex/sqlite-data.build/Debug-iphonesimulator/SQLiteDataTestSupport.build/DerivedSources/arm64 -Xcc -I/Users/ericwatke/Library/Developer/Xcode/DerivedData/PeerTubeSwift-dpcwhlbrkmudrpgkkujqsfdqnghl/Build/Intermediates.noindex/sqlite-data.build/Debug-iphonesimulator/SQLiteDataTestSupport.build/DerivedSources -Xcc -DSWIFT_PACKAGE -Xcc -DDEBUG\=1 -emit-objc-header -emit-objc-header-path /Users/ericwatke/Library/Developer/Xcode/DerivedData/PeerTubeSwift-dpcwhlbrkmudrpgkkujqsfdqnghl/Build/Intermediates.noindex/sqlite-data.build/Debug-iphonesimulator/SQLiteDataTestSupport.build/Objects-normal/arm64/SQLiteDataTestSupport-Swift.h -working-directory /Users/ericwatke/Documents/GitHub/peertube-swift/App/PeerTubeSwift/PeerTubeSwift.xcodeproj -experimental-emit-module-separately -disable-cmo

SwiftExplicitDependencyCompileModuleFromInterface arm64 /Users/ericwatke/Library/Developer/Xcode/DerivedData/PeerTubeSwift-dpcwhlbrkmudrpgkkujqsfdqnghl/Build/Intermediates.noindex/SwiftExplicitPrecompiledModules/XCUIAutomation-27C9AC7NDYBPN.swiftmodule

SwiftExplicitDependencyCompileModuleFromInterface arm64 /Users/ericwatke/Library/Developer/Xcode/DerivedData/PeerTubeSwift-dpcwhlbrkmudrpgkkujqsfdqnghl/Build/Intermediates.noindex/SwiftExplicitPrecompiledModules/XCTest-3MYFL81ZP4Q6U.swiftmodule

SwiftEmitModule normal arm64 Emitting\ module\ for\ SQLiteDataTestSupport (in target 'SQLiteDataTestSupport' from project 'sqlite-data')
SwiftCompile normal arm64 /Users/ericwatke/Library/Developer/Xcode/DerivedData/PeerTubeSwift-dpcwhlbrkmudrpgkkujqsfdqnghl/SourcePackages/checkouts/sqlite-data/Sources/SQLiteDataTestSupport/AssertQuery.swift (in target 'SQLiteDataTestSupport' from project 'sqlite-data')
    cd /Users/ericwatke/Documents/GitHub/peertube-swift/App/PeerTubeSwift/PeerTubeSwift.xcodeproj
    

ExtractAppIntentsMetadata (in target 'SQLiteData' from project 'sqlite-data')
    cd /Users/ericwatke/Library/Developer/Xcode/DerivedData/PeerTubeSwift-dpcwhlbrkmudrpgkkujqsfdqnghl/SourcePackages/checkouts/sqlite-data
    /Applications/Xcode-26.2.0.app/Contents/Developer/Toolchains/XcodeDefault.xctoolchain/usr/bin/appintentsmetadataprocessor --toolchain-dir /Applications/Xcode-26.2.0.app/Contents/Developer/Toolchains/XcodeDefault.xctoolchain --module-name SQLiteData --sdk-root /Applications/Xcode-26.2.0.app/Contents/Developer/Platforms/iPhoneSimulator.platform/Developer/SDKs/iPhoneSimulator26.2.sdk --xcode-version 17C52 --platform-family iOS --deployment-target 13.0 --bundle-identifier sqlite-data.SQLiteData --output /Users/ericwatke/Library/Developer/Xcode/DerivedData/PeerTubeSwift-dpcwhlbrkmudrpgkkujqsfdqnghl/Build/Products/Debug-iphonesimulator/PackageFrameworks/SQLiteData.framework --target-triple arm64-apple-ios13.0-simulator --binary-file /Users/ericwatke/Library/Developer/Xcode/DerivedData/PeerTubeSwift-dpcwhlbrkmudrpgkkujqsfdqnghl/Build/Products/Debug-iphonesimulator/PackageFrameworks/SQLiteData.framework/SQLiteData --dependency-file /Users/ericwatke/Library/Developer/Xcode/DerivedData/PeerTubeSwift-dpcwhlbrkmudrpgkkujqsfdqnghl/Build/Intermediates.noindex/sqlite-data.build/Debug-iphonesimulator/SQLiteData.build/Objects-normal/arm64/SQLiteData_dependency_info.dat --stringsdata-file /Users/ericwatke/Library/Developer/Xcode/DerivedData/PeerTubeSwift-dpcwhlbrkmudrpgkkujqsfdqnghl/Build/Intermediates.noindex/sqlite-data.build/Debug-iphonesimulator/SQLiteData.build/Objects-normal/arm64/ExtractedAppShortcutsMetadata.stringsdata --source-file-list /Users/ericwatke/Library/Developer/Xcode/DerivedData/PeerTubeSwift-dpcwhlbrkmudrpgkkujqsfdqnghl/Build/Intermediates.noindex/sqlite-data.build/Debug-iphonesimulator/SQLiteData.build/Objects-normal/arm64/SQLiteData.SwiftFileList --metadata-file-list /Users/ericwatke/Library/Developer/Xcode/DerivedData/PeerTubeSwift-dpcwhlbrkmudrpgkkujqsfdqnghl/Build/Intermediates.noindex/sqlite-data.build/Debug-iphonesimulator/SQLiteData.build/SQLiteData.DependencyMetadataFileList --static-metadata-file-list /Users/ericwatke/Library/Developer/Xcode/DerivedData/PeerTubeSwift-dpcwhlbrkmudrpgkkujqsfdqnghl/Build/Intermediates.noindex/sqlite-data.build/Debug-iphonesimulator/SQLiteData.build/SQLiteData.DependencyStaticMetadataFileList --swift-const-vals-list /Users/ericwatke/Library/Developer/Xcode/DerivedData/PeerTubeSwift-dpcwhlbrkmudrpgkkujqsfdqnghl/Build/Intermediates.noindex/sqlite-data.build/Debug-iphonesimulator/SQLiteData.build/Objects-normal/arm64/SQLiteData.SwiftConstValuesFileList --compile-time-extraction --deployment-aware-processing --validate-assistant-intents --no-app-shortcuts-localization
2026-03-25 20:09:29.319 appintentsmetadataprocessor[26764:1338386] Starting appintentsmetadataprocessor export
2026-03-25 20:09:29.322 appintentsmetadataprocessor[26764:1338386] warning: Metadata extraction skipped. No AppIntents.framework dependency found.

AppIntentsSSUTraining (in target 'SQLiteData' from project 'sqlite-data')
    cd /Users/ericwatke/Library/Developer/Xcode/DerivedData/PeerTubeSwift-dpcwhlbrkmudrpgkkujqsfdqnghl/SourcePackages/checkouts/sqlite-data
    /Applications/Xcode-26.2.0.app/Contents/Developer/Toolchains/XcodeDefault.xctoolchain/usr/bin/appintentsnltrainingprocessor --infoplist-path /Users/ericwatke/Library/Developer/Xcode/DerivedData/PeerTubeSwift-dpcwhlbrkmudrpgkkujqsfdqnghl/Build/Products/Debug-iphonesimulator/PackageFrameworks/SQLiteData.framework/Info.plist --temp-dir-path /Users/ericwatke/Library/Developer/Xcode/DerivedData/PeerTubeSwift-dpcwhlbrkmudrpgkkujqsfdqnghl/Build/Intermediates.noindex/sqlite-data.build/Debug-iphonesimulator/SQLiteData.build/ssu --bundle-id sqlite-data.SQLiteData --product-path /Users/ericwatke/Library/Developer/Xcode/DerivedData/PeerTubeSwift-dpcwhlbrkmudrpgkkujqsfdqnghl/Build/Products/Debug-iphonesimulator/PackageFrameworks/SQLiteData.framework --extracted-metadata-path /Users/ericwatke/Library/Developer/Xcode/DerivedData/PeerTubeSwift-dpcwhlbrkmudrpgkkujqsfdqnghl/Build/Products/Debug-iphonesimulator/PackageFrameworks/SQLiteData.framework/Metadata.appintents --metadata-file-list /Users/ericwatke/Library/Developer/Xcode/DerivedData/PeerTubeSwift-dpcwhlbrkmudrpgkkujqsfdqnghl/Build/Intermediates.noindex/sqlite-data.build/Debug-iphonesimulator/SQLiteData.build/SQLiteData.DependencyMetadataFileList --archive-ssu-assets
2026-03-25 20:09:29.340 appintentsnltrainingprocessor[26765:1338393] Parsing options for appintentsnltrainingprocessor
2026-03-25 20:09:29.341 appintentsnltrainingprocessor[26765:1338393] No AppShortcuts found - Skipping.

Copy /Users/ericwatke/Library/Developer/Xcode/DerivedData/PeerTubeSwift-dpcwhlbrkmudrpgkkujqsfdqnghl/Build/Products/Debug-iphonesimulator/PeerTubeSwift.app/Frameworks/libXCTestBundleInject.dylib /Applications/Xcode-26.2.0.app/Contents/Developer/Platforms/iPhoneSimulator.platform/Developer/usr/lib/libXCTestBundleInject.dylib (in target 'PeerTubeSwift' from project 'PeerTubeSwift')
    cd /Users/ericwatke/Documents/GitHub/peertube-swift/App/PeerTubeSwift
    builtin-copy -exclude .DS_Store -exclude CVS -exclude .svn -exclude .git -exclude .hg -exclude Headers -exclude PrivateHeaders -exclude Modules -exclude \*.tbd -resolve-src-symlinks /Applications/Xcode-26.2.0.app/Contents/Developer/Platforms/iPhoneSimulator.platform/Developer/usr/lib/libXCTestBundleInject.dylib /Users/ericwatke/Library/Developer/Xcode/DerivedData/PeerTubeSwift-dpcwhlbrkmudrpgkkujqsfdqnghl/Build/Products/Debug-iphonesimulator/PeerTubeSwift.app/Frameworks

Copy /Users/ericwatke/Library/Developer/Xcode/DerivedData/PeerTubeSwift-dpcwhlbrkmudrpgkkujqsfdqnghl/Build/Products/Debug-iphonesimulator/PeerTubeSwift.app/Frameworks/XCUIAutomation.framework /Applications/Xcode-26.2.0.app/Contents/Developer/Platforms/iPhoneSimulator.platform/Developer/Library/Frameworks/XCUIAutomation.framework (in target 'PeerTubeSwift' from project 'PeerTubeSwift')
    cd /Users/ericwatke/Documents/GitHub/peertube-swift/App/PeerTubeSwift
    builtin-copy -exclude .DS_Store -exclude CVS -exclude .svn -exclude .git -exclude .hg -exclude Headers -exclude PrivateHeaders -exclude Modules -exclude \*.tbd -resolve-src-symlinks /Applications/Xcode-26.2.0.app/Contents/Developer/Platforms/iPhoneSimulator.platform/Developer/Library/Frameworks/XCUIAutomation.framework /Users/ericwatke/Library/Developer/Xcode/DerivedData/PeerTubeSwift-dpcwhlbrkmudrpgkkujqsfdqnghl/Build/Products/Debug-iphonesimulator/PeerTubeSwift.app/Frameworks

Copy /Users/ericwatke/Library/Developer/Xcode/DerivedData/PeerTubeSwift-dpcwhlbrkmudrpgkkujqsfdqnghl/Build/Products/Debug-iphonesimulator/PeerTubeSwift.app/Frameworks/libXCTestSwiftSupport.dylib /Applications/Xcode-26.2.0.app/Contents/Developer/Platforms/iPhoneSimulator.platform/Developer/usr/lib/libXCTestSwiftSupport.dylib (in target 'PeerTubeSwift' from project 'PeerTubeSwift')
    cd /Users/ericwatke/Documents/GitHub/peertube-swift/App/PeerTubeSwift
    builtin-copy -exclude .DS_Store -exclude CVS -exclude .svn -exclude .git -exclude .hg -exclude Headers -exclude PrivateHeaders -exclude Modules -exclude \*.tbd -resolve-src-symlinks /Applications/Xcode-26.2.0.app/Contents/Developer/Platforms/iPhoneSimulator.platform/Developer/usr/lib/libXCTestSwiftSupport.dylib /Users/ericwatke/Library/Developer/Xcode/DerivedData/PeerTubeSwift-dpcwhlbrkmudrpgkkujqsfdqnghl/Build/Products/Debug-iphonesimulator/PeerTubeSwift.app/Frameworks

Copy /Users/ericwatke/Library/Developer/Xcode/DerivedData/PeerTubeSwift-dpcwhlbrkmudrpgkkujqsfdqnghl/Build/Products/Debug-iphonesimulator/PeerTubeSwift.app/Frameworks/XCUnit.framework /Applications/Xcode-26.2.0.app/Contents/Developer/Platforms/iPhoneSimulator.platform/Developer/Library/PrivateFrameworks/XCUnit.framework (in target 'PeerTubeSwift' from project 'PeerTubeSwift')
    cd /Users/ericwatke/Documents/GitHub/peertube-swift/App/PeerTubeSwift
    builtin-copy -exclude .DS_Store -exclude CVS -exclude .svn -exclude .git -exclude .hg -exclude Headers -exclude PrivateHeaders -exclude Modules -exclude \*.tbd -resolve-src-symlinks /Applications/Xcode-26.2.0.app/Contents/Developer/Platforms/iPhoneSimulator.platform/Developer/Library/PrivateFrameworks/XCUnit.framework /Users/ericwatke/Library/Developer/Xcode/DerivedData/PeerTubeSwift-dpcwhlbrkmudrpgkkujqsfdqnghl/Build/Products/Debug-iphonesimulator/PeerTubeSwift.app/Frameworks

Copy /Users/ericwatke/Library/Developer/Xcode/DerivedData/PeerTubeSwift-dpcwhlbrkmudrpgkkujqsfdqnghl/Build/Products/Debug-iphonesimulator/PeerTubeSwift.app/Frameworks/XCTestSupport.framework /Applications/Xcode-26.2.0.app/Contents/Developer/Platforms/iPhoneSimulator.platform/Developer/Library/PrivateFrameworks/XCTestSupport.framework (in target 'PeerTubeSwift' from project 'PeerTubeSwift')
    cd /Users/ericwatke/Documents/GitHub/peertube-swift/App/PeerTubeSwift
    builtin-copy -exclude .DS_Store -exclude CVS -exclude .svn -exclude .git -exclude .hg -exclude Headers -exclude PrivateHeaders -exclude Modules -exclude \*.tbd -resolve-src-symlinks /Applications/Xcode-26.2.0.app/Contents/Developer/Platforms/iPhoneSimulator.platform/Developer/Library/PrivateFrameworks/XCTestSupport.framework /Users/ericwatke/Library/Developer/Xcode/DerivedData/PeerTubeSwift-dpcwhlbrkmudrpgkkujqsfdqnghl/Build/Products/Debug-iphonesimulator/PeerTubeSwift.app/Frameworks

Copy /Users/ericwatke/Library/Developer/Xcode/DerivedData/PeerTubeSwift-dpcwhlbrkmudrpgkkujqsfdqnghl/Build/Products/Debug-iphonesimulator/PeerTubeSwift.app/Frameworks/CustomDump_169F2B173C94B61B_PackageProduct.framework /Users/ericwatke/Library/Developer/Xcode/DerivedData/PeerTubeSwift-dpcwhlbrkmudrpgkkujqsfdqnghl/Build/Products/Debug-iphonesimulator/PackageFrameworks/CustomDump_169F2B173C94B61B_PackageProduct.framework (in target 'PeerTubeSwift' from project 'PeerTubeSwift')
    cd /Users/ericwatke/Documents/GitHub/peertube-swift/App/PeerTubeSwift
    builtin-copy -exclude .DS_Store -exclude CVS -exclude .svn -exclude .git -exclude .hg -resolve-src-symlinks -remove-static-executable /Users/ericwatke/Library/Developer/Xcode/DerivedData/PeerTubeSwift-dpcwhlbrkmudrpgkkujqsfdqnghl/Build/Products/Debug-iphonesimulator/PackageFrameworks/CustomDump_169F2B173C94B61B_PackageProduct.framework /Users/ericwatke/Library/Developer/Xcode/DerivedData/PeerTubeSwift-dpcwhlbrkmudrpgkkujqsfdqnghl/Build/Products/Debug-iphonesimulator/PeerTubeSwift.app/Frameworks

Copy /Users/ericwatke/Library/Developer/Xcode/DerivedData/PeerTubeSwift-dpcwhlbrkmudrpgkkujqsfdqnghl/Build/Products/Debug-iphonesimulator/PeerTubeSwift.app/Frameworks/XCTestDynamicOverlay_6187313334988FF6_PackageProduct.framework /Users/ericwatke/Library/Developer/Xcode/DerivedData/PeerTubeSwift-dpcwhlbrkmudrpgkkujqsfdqnghl/Build/Products/Debug-iphonesimulator/PackageFrameworks/XCTestDynamicOverlay_6187313334988FF6_PackageProduct.framework (in target 'PeerTubeSwift' from project 'PeerTubeSwift')
    cd /Users/ericwatke/Documents/GitHub/peertube-swift/App/PeerTubeSwift
    builtin-copy -exclude .DS_Store -exclude CVS -exclude .svn -exclude .git -exclude .hg -resolve-src-symlinks -remove-static-executable /Users/ericwatke/Library/Developer/Xcode/DerivedData/PeerTubeSwift-dpcwhlbrkmudrpgkkujqsfdqnghl/Build/Products/Debug-iphonesimulator/PackageFrameworks/XCTestDynamicOverlay_6187313334988FF6_PackageProduct.framework /Users/ericwatke/Library/Developer/Xcode/DerivedData/PeerTubeSwift-dpcwhlbrkmudrpgkkujqsfdqnghl/Build/Products/Debug-iphonesimulator/PeerTubeSwift.app/Frameworks

Copy /Users/ericwatke/Library/Developer/Xcode/DerivedData/PeerTubeSwift-dpcwhlbrkmudrpgkkujqsfdqnghl/Build/Products/Debug-iphonesimulator/PeerTubeSwift.app/Frameworks/XCTestCore.framework /Applications/Xcode-26.2.0.app/Contents/Developer/Platforms/iPhoneSimulator.platform/Developer/Library/PrivateFrameworks/XCTestCore.framework (in target 'PeerTubeSwift' from project 'PeerTubeSwift')
    cd /Users/ericwatke/Documents/GitHub/peertube-swift/App/PeerTubeSwift
    builtin-copy -exclude .DS_Store -exclude CVS -exclude .svn -exclude .git -exclude .hg -exclude Headers -exclude PrivateHeaders -exclude Modules -exclude \*.tbd -resolve-src-symlinks /Applications/Xcode-26.2.0.app/Contents/Developer/Platforms/iPhoneSimulator.platform/Developer/Library/PrivateFrameworks/XCTestCore.framework /Users/ericwatke/Library/Developer/Xcode/DerivedData/PeerTubeSwift-dpcwhlbrkmudrpgkkujqsfdqnghl/Build/Products/Debug-iphonesimulator/PeerTubeSwift.app/Frameworks

Copy /Users/ericwatke/Library/Developer/Xcode/DerivedData/PeerTubeSwift-dpcwhlbrkmudrpgkkujqsfdqnghl/Build/Products/Debug-iphonesimulator/PeerTubeSwift.app/Frameworks/XCTest.framework /Applications/Xcode-26.2.0.app/Contents/Developer/Platforms/iPhoneSimulator.platform/Developer/Library/Frameworks/XCTest.framework (in target 'PeerTubeSwift' from project 'PeerTubeSwift')
    cd /Users/ericwatke/Documents/GitHub/peertube-swift/App/PeerTubeSwift
    builtin-copy -exclude .DS_Store -exclude CVS -exclude .svn -exclude .git -exclude .hg -exclude Headers -exclude PrivateHeaders -exclude Modules -exclude \*.tbd -resolve-src-symlinks /Applications/Xcode-26.2.0.app/Contents/Developer/Platforms/iPhoneSimulator.platform/Developer/Library/Frameworks/XCTest.framework /Users/ericwatke/Library/Developer/Xcode/DerivedData/PeerTubeSwift-dpcwhlbrkmudrpgkkujqsfdqnghl/Build/Products/Debug-iphonesimulator/PeerTubeSwift.app/Frameworks

Copy /Users/ericwatke/Library/Developer/Xcode/DerivedData/PeerTubeSwift-dpcwhlbrkmudrpgkkujqsfdqnghl/Build/Products/Debug-iphonesimulator/PeerTubeSwift.app/Frameworks/XCTAutomationSupport.framework /Applications/Xcode-26.2.0.app/Contents/Developer/Platforms/iPhoneSimulator.platform/Developer/Library/PrivateFrameworks/XCTAutomationSupport.framework (in target 'PeerTubeSwift' from project 'PeerTubeSwift')
    cd /Users/ericwatke/Documents/GitHub/peertube-swift/App/PeerTubeSwift
    builtin-copy -exclude .DS_Store -exclude CVS -exclude .svn -exclude .git -exclude .hg -exclude Headers -exclude PrivateHeaders -exclude Modules -exclude \*.tbd -resolve-src-symlinks /Applications/Xcode-26.2.0.app/Contents/Developer/Platforms/iPhoneSimulator.platform/Developer/Library/PrivateFrameworks/XCTAutomationSupport.framework /Users/ericwatke/Library/Developer/Xcode/DerivedData/PeerTubeSwift-dpcwhlbrkmudrpgkkujqsfdqnghl/Build/Products/Debug-iphonesimulator/PeerTubeSwift.app/Frameworks

Copy /Users/ericwatke/Library/Developer/Xcode/DerivedData/PeerTubeSwift-dpcwhlbrkmudrpgkkujqsfdqnghl/Build/Products/Debug-iphonesimulator/PeerTubeSwift.app/Frameworks/Testing.framework /Applications/Xcode-26.2.0.app/Contents/Developer/Platforms/iPhoneSimulator.platform/Developer/Library/Frameworks/Testing.framework (in target 'PeerTubeSwift' from project 'PeerTubeSwift')
    cd /Users/ericwatke/Documents/GitHub/peertube-swift/App/PeerTubeSwift
    builtin-copy -exclude .DS_Store -exclude CVS -exclude .svn -exclude .git -exclude .hg -exclude Headers -exclude PrivateHeaders -exclude Modules -exclude \*.tbd -resolve-src-symlinks /Applications/Xcode-26.2.0.app/Contents/Developer/Platforms/iPhoneSimulator.platform/Developer/Library/Frameworks/Testing.framework /Users/ericwatke/Library/Developer/Xcode/DerivedData/PeerTubeSwift-dpcwhlbrkmudrpgkkujqsfdqnghl/Build/Products/Debug-iphonesimulator/PeerTubeSwift.app/Frameworks

Copy /Users/ericwatke/Library/Developer/Xcode/DerivedData/PeerTubeSwift-dpcwhlbrkmudrpgkkujqsfdqnghl/Build/Products/Debug-iphonesimulator/PeerTubeSwift.app/Frameworks/StructuredQueriesSQLite_-662414AA5E85D5A4_PackageProduct.framework /Users/ericwatke/Library/Developer/Xcode/DerivedData/PeerTubeSwift-dpcwhlbrkmudrpgkkujqsfdqnghl/Build/Products/Debug-iphonesimulator/PackageFrameworks/StructuredQueriesSQLite_-662414AA5E85D5A4_PackageProduct.framework (in target 'PeerTubeSwift' from project 'PeerTubeSwift')
    cd /Users/ericwatke/Documents/GitHub/peertube-swift/App/PeerTubeSwift
    builtin-copy -exclude .DS_Store -exclude CVS -exclude .svn -exclude .git -exclude .hg -resolve-src-symlinks -remove-static-executable /Users/ericwatke/Library/Developer/Xcode/DerivedData/PeerTubeSwift-dpcwhlbrkmudrpgkkujqsfdqnghl/Build/Products/Debug-iphonesimulator/PackageFrameworks/StructuredQueriesSQLite_-662414AA5E85D5A4_PackageProduct.framework /Users/ericwatke/Library/Developer/Xcode/DerivedData/PeerTubeSwift-dpcwhlbrkmudrpgkkujqsfdqnghl/Build/Products/Debug-iphonesimulator/PeerTubeSwift.app/Frameworks

Copy /Users/ericwatke/Library/Developer/Xcode/DerivedData/PeerTubeSwift-dpcwhlbrkmudrpgkkujqsfdqnghl/Build/Products/Debug-iphonesimulator/PeerTubeSwift.app/Frameworks/Sharing_39620103CB313153_PackageProduct.framework /Users/ericwatke/Library/Developer/Xcode/DerivedData/PeerTubeSwift-dpcwhlbrkmudrpgkkujqsfdqnghl/Build/Products/Debug-iphonesimulator/PackageFrameworks/Sharing_39620103CB313153_PackageProduct.framework (in target 'PeerTubeSwift' from project 'PeerTubeSwift')
    cd /Users/ericwatke/Documents/GitHub/peertube-swift/App/PeerTubeSwift
    builtin-copy -exclude .DS_Store -exclude CVS -exclude .svn -exclude .git -exclude .hg -resolve-src-symlinks -remove-static-executable /Users/ericwatke/Library/Developer/Xcode/DerivedData/PeerTubeSwift-dpcwhlbrkmudrpgkkujqsfdqnghl/Build/Products/Debug-iphonesimulator/PackageFrameworks/Sharing_39620103CB313153_PackageProduct.framework /Users/ericwatke/Library/Developer/Xcode/DerivedData/PeerTubeSwift-dpcwhlbrkmudrpgkkujqsfdqnghl/Build/Products/Debug-iphonesimulator/PeerTubeSwift.app/Frameworks

Copy /Users/ericwatke/Library/Developer/Xcode/DerivedData/PeerTubeSwift-dpcwhlbrkmudrpgkkujqsfdqnghl/Build/Products/Debug-iphonesimulator/PeerTubeSwift.app/Frameworks/SQLiteData.framework /Users/ericwatke/Library/Developer/Xcode/DerivedData/PeerTubeSwift-dpcwhlbrkmudrpgkkujqsfdqnghl/Build/Products/Debug-iphonesimulator/PackageFrameworks/SQLiteData.framework (in target 'PeerTubeSwift' from project 'PeerTubeSwift')
    cd /Users/ericwatke/Documents/GitHub/peertube-swift/App/PeerTubeSwift
    builtin-copy -exclude .DS_Store -exclude CVS -exclude .svn -exclude .git -exclude .hg -resolve-src-symlinks -remove-static-executable /Users/ericwatke/Library/Developer/Xcode/DerivedData/PeerTubeSwift-dpcwhlbrkmudrpgkkujqsfdqnghl/Build/Products/Debug-iphonesimulator/PackageFrameworks/SQLiteData.framework /Users/ericwatke/Library/Developer/Xcode/DerivedData/PeerTubeSwift-dpcwhlbrkmudrpgkkujqsfdqnghl/Build/Products/Debug-iphonesimulator/PeerTubeSwift.app/Frameworks

Copy /Users/ericwatke/Library/Developer/Xcode/DerivedData/PeerTubeSwift-dpcwhlbrkmudrpgkkujqsfdqnghl/Build/Products/Debug-iphonesimulator/PeerTubeSwift.app/Frameworks/Perception_-52E92A8ED7C94DDD_PackageProduct.framework /Users/ericwatke/Library/Developer/Xcode/DerivedData/PeerTubeSwift-dpcwhlbrkmudrpgkkujqsfdqnghl/Build/Products/Debug-iphonesimulator/PackageFrameworks/Perception_-52E92A8ED7C94DDD_PackageProduct.framework (in target 'PeerTubeSwift' from project 'PeerTubeSwift')
    cd /Users/ericwatke/Documents/GitHub/peertube-swift/App/PeerTubeSwift
    builtin-copy -exclude .DS_Store -exclude CVS -exclude .svn -exclude .git -exclude .hg -resolve-src-symlinks -remove-static-executable /Users/ericwatke/Library/Developer/Xcode/DerivedData/PeerTubeSwift-dpcwhlbrkmudrpgkkujqsfdqnghl/Build/Products/Debug-iphonesimulator/PackageFrameworks/Perception_-52E92A8ED7C94DDD_PackageProduct.framework /Users/ericwatke/Library/Developer/Xcode/DerivedData/PeerTubeSwift-dpcwhlbrkmudrpgkkujqsfdqnghl/Build/Products/Debug-iphonesimulator/PeerTubeSwift.app/Frameworks

Copy /Users/ericwatke/Library/Developer/Xcode/DerivedData/PeerTubeSwift-dpcwhlbrkmudrpgkkujqsfdqnghl/Build/Products/Debug-iphonesimulator/PeerTubeSwift.app/Frameworks/PerceptionCore.framework /Users/ericwatke/Library/Developer/Xcode/DerivedData/PeerTubeSwift-dpcwhlbrkmudrpgkkujqsfdqnghl/Build/Products/Debug-iphonesimulator/PackageFrameworks/PerceptionCore.framework (in target 'PeerTubeSwift' from project 'PeerTubeSwift')
    cd /Users/ericwatke/Documents/GitHub/peertube-swift/App/PeerTubeSwift
    builtin-copy -exclude .DS_Store -exclude CVS -exclude .svn -exclude .git -exclude .hg -resolve-src-symlinks -remove-static-executable /Users/ericwatke/Library/Developer/Xcode/DerivedData/PeerTubeSwift-dpcwhlbrkmudrpgkkujqsfdqnghl/Build/Products/Debug-iphonesimulator/PackageFrameworks/PerceptionCore.framework /Users/ericwatke/Library/Developer/Xcode/DerivedData/PeerTubeSwift-dpcwhlbrkmudrpgkkujqsfdqnghl/Build/Products/Debug-iphonesimulator/PeerTubeSwift.app/Frameworks

Copy /Users/ericwatke/Library/Developer/Xcode/DerivedData/PeerTubeSwift-dpcwhlbrkmudrpgkkujqsfdqnghl/Build/Products/Debug-iphonesimulator/PeerTubeSwift.app/Frameworks/OrderedCollections_1222128174265B56_PackageProduct.framework /Users/ericwatke/Library/Developer/Xcode/DerivedData/PeerTubeSwift-dpcwhlbrkmudrpgkkujqsfdqnghl/Build/Products/Debug-iphonesimulator/PackageFrameworks/OrderedCollections_1222128174265B56_PackageProduct.framework (in target 'PeerTubeSwift' from project 'PeerTubeSwift')
    cd /Users/ericwatke/Documents/GitHub/peertube-swift/App/PeerTubeSwift
    builtin-copy -exclude .DS_Store -exclude CVS -exclude .svn -exclude .git -exclude .hg -resolve-src-symlinks -remove-static-executable /Users/ericwatke/Library/Developer/Xcode/DerivedData/PeerTubeSwift-dpcwhlbrkmudrpgkkujqsfdqnghl/Build/Products/Debug-iphonesimulator/PackageFrameworks/OrderedCollections_1222128174265B56_PackageProduct.framework /Users/ericwatke/Library/Developer/Xcode/DerivedData/PeerTubeSwift-dpcwhlbrkmudrpgkkujqsfdqnghl/Build/Products/Debug-iphonesimulator/PeerTubeSwift.app/Frameworks

Copy /Users/ericwatke/Library/Developer/Xcode/DerivedData/PeerTubeSwift-dpcwhlbrkmudrpgkkujqsfdqnghl/Build/Products/Debug-iphonesimulator/PeerTubeSwift.app/Frameworks/IssueReportingPackageSupport.framework /Users/ericwatke/Library/Developer/Xcode/DerivedData/PeerTubeSwift-dpcwhlbrkmudrpgkkujqsfdqnghl/Build/Products/Debug-iphonesimulator/PackageFrameworks/IssueReportingPackageSupport.framework (in target 'PeerTubeSwift' from project 'PeerTubeSwift')
    cd /Users/ericwatke/Documents/GitHub/peertube-swift/App/PeerTubeSwift
    builtin-copy -exclude .DS_Store -exclude CVS -exclude .svn -exclude .git -exclude .hg -resolve-src-symlinks -remove-static-executable /Users/ericwatke/Library/Developer/Xcode/DerivedData/PeerTubeSwift-dpcwhlbrkmudrpgkkujqsfdqnghl/Build/Products/Debug-iphonesimulator/PackageFrameworks/IssueReportingPackageSupport.framework /Users/ericwatke/Library/Developer/Xcode/DerivedData/PeerTubeSwift-dpcwhlbrkmudrpgkkujqsfdqnghl/Build/Products/Debug-iphonesimulator/PeerTubeSwift.app/Frameworks

Copy /Users/ericwatke/Library/Developer/Xcode/DerivedData/PeerTubeSwift-dpcwhlbrkmudrpgkkujqsfdqnghl/Build/Products/Debug-iphonesimulator/PeerTubeSwift.app/Frameworks/IssueReporting.framework /Users/ericwatke/Library/Developer/Xcode/DerivedData/PeerTubeSwift-dpcwhlbrkmudrpgkkujqsfdqnghl/Build/Products/Debug-iphonesimulator/PackageFrameworks/IssueReporting.framework (in target 'PeerTubeSwift' from project 'PeerTubeSwift')
    cd /Users/ericwatke/Documents/GitHub/peertube-swift/App/PeerTubeSwift
    builtin-copy -exclude .DS_Store -exclude CVS -exclude .svn -exclude .git -exclude .hg -resolve-src-symlinks -remove-static-executable /Users/ericwatke/Library/Developer/Xcode/DerivedData/PeerTubeSwift-dpcwhlbrkmudrpgkkujqsfdqnghl/Build/Products/Debug-iphonesimulator/PackageFrameworks/IssueReporting.framework /Users/ericwatke/Library/Developer/Xcode/DerivedData/PeerTubeSwift-dpcwhlbrkmudrpgkkujqsfdqnghl/Build/Products/Debug-iphonesimulator/PeerTubeSwift.app/Frameworks

Copy /Users/ericwatke/Library/Developer/Xcode/DerivedData/PeerTubeSwift-dpcwhlbrkmudrpgkkujqsfdqnghl/Build/Products/Debug-iphonesimulator/PeerTubeSwift.app/Frameworks/IdentifiedCollections_-5C6E944B2019E177_PackageProduct.framework /Users/ericwatke/Library/Developer/Xcode/DerivedData/PeerTubeSwift-dpcwhlbrkmudrpgkkujqsfdqnghl/Build/Products/Debug-iphonesimulator/PackageFrameworks/IdentifiedCollections_-5C6E944B2019E177_PackageProduct.framework (in target 'PeerTubeSwift' from project 'PeerTubeSwift')
    cd /Users/ericwatke/Documents/GitHub/peertube-swift/App/PeerTubeSwift
    builtin-copy -exclude .DS_Store -exclude CVS -exclude .svn -exclude .git -exclude .hg -resolve-src-symlinks -remove-static-executable /Users/ericwatke/Library/Developer/Xcode/DerivedData/PeerTubeSwift-dpcwhlbrkmudrpgkkujqsfdqnghl/Build/Products/Debug-iphonesimulator/PackageFrameworks/IdentifiedCollections_-5C6E944B2019E177_PackageProduct.framework /Users/ericwatke/Library/Developer/Xcode/DerivedData/PeerTubeSwift-dpcwhlbrkmudrpgkkujqsfdqnghl/Build/Products/Debug-iphonesimulator/PeerTubeSwift.app/Frameworks

Copy /Users/ericwatke/Library/Developer/Xcode/DerivedData/PeerTubeSwift-dpcwhlbrkmudrpgkkujqsfdqnghl/Build/Products/Debug-iphonesimulator/PeerTubeSwift.app/Frameworks/GRDB_5DC4DB053_PackageProduct.framework /Users/ericwatke/Library/Developer/Xcode/DerivedData/PeerTubeSwift-dpcwhlbrkmudrpgkkujqsfdqnghl/Build/Products/Debug-iphonesimulator/PackageFrameworks/GRDB_5DC4DB053_PackageProduct.framework (in target 'PeerTubeSwift' from project 'PeerTubeSwift')
    cd /Users/ericwatke/Documents/GitHub/peertube-swift/App/PeerTubeSwift
    builtin-copy -exclude .DS_Store -exclude CVS -exclude .svn -exclude .git -exclude .hg -resolve-src-symlinks -remove-static-executable /Users/ericwatke/Library/Developer/Xcode/DerivedData/PeerTubeSwift-dpcwhlbrkmudrpgkkujqsfdqnghl/Build/Products/Debug-iphonesimulator/PackageFrameworks/GRDB_5DC4DB053_PackageProduct.framework /Users/ericwatke/Library/Developer/Xcode/DerivedData/PeerTubeSwift-dpcwhlbrkmudrpgkkujqsfdqnghl/Build/Products/Debug-iphonesimulator/PeerTubeSwift.app/Frameworks

Copy /Users/ericwatke/Library/Developer/Xcode/DerivedData/PeerTubeSwift-dpcwhlbrkmudrpgkkujqsfdqnghl/Build/Products/Debug-iphonesimulator/PeerTubeSwift.app/Frameworks/Dependencies_40816CBEDFB225D3_PackageProduct.framework /Users/ericwatke/Library/Developer/Xcode/DerivedData/PeerTubeSwift-dpcwhlbrkmudrpgkkujqsfdqnghl/Build/Products/Debug-iphonesimulator/PackageFrameworks/Dependencies_40816CBEDFB225D3_PackageProduct.framework (in target 'PeerTubeSwift' from project 'PeerTubeSwift')
    cd /Users/ericwatke/Documents/GitHub/peertube-swift/App/PeerTubeSwift
    builtin-copy -exclude .DS_Store -exclude CVS -exclude .svn -exclude .git -exclude .hg -resolve-src-symlinks -remove-static-executable /Users/ericwatke/Library/Developer/Xcode/DerivedData/PeerTubeSwift-dpcwhlbrkmudrpgkkujqsfdqnghl/Build/Products/Debug-iphonesimulator/PackageFrameworks/Dependencies_40816CBEDFB225D3_PackageProduct.framework /Users/ericwatke/Library/Developer/Xcode/DerivedData/PeerTubeSwift-dpcwhlbrkmudrpgkkujqsfdqnghl/Build/Products/Debug-iphonesimulator/PeerTubeSwift.app/Frameworks

Copy /Users/ericwatke/Library/Developer/Xcode/DerivedData/PeerTubeSwift-dpcwhlbrkmudrpgkkujqsfdqnghl/Build/Products/Debug-iphonesimulator/PeerTubeSwift.app/Frameworks/ConcurrencyExtras_-2B4B167800F2E3ED_PackageProduct.framework /Users/ericwatke/Library/Developer/Xcode/DerivedData/PeerTubeSwift-dpcwhlbrkmudrpgkkujqsfdqnghl/Build/Products/Debug-iphonesimulator/PackageFrameworks/ConcurrencyExtras_-2B4B167800F2E3ED_PackageProduct.framework (in target 'PeerTubeSwift' from project 'PeerTubeSwift')
    cd /Users/ericwatke/Documents/GitHub/peertube-swift/App/PeerTubeSwift
    builtin-copy -exclude .DS_Store -exclude CVS -exclude .svn -exclude .git -exclude .hg -resolve-src-symlinks -remove-static-executable /Users/ericwatke/Library/Developer/Xcode/DerivedData/PeerTubeSwift-dpcwhlbrkmudrpgkkujqsfdqnghl/Build/Products/Debug-iphonesimulator/PackageFrameworks/ConcurrencyExtras_-2B4B167800F2E3ED_PackageProduct.framework /Users/ericwatke/Library/Developer/Xcode/DerivedData/PeerTubeSwift-dpcwhlbrkmudrpgkkujqsfdqnghl/Build/Products/Debug-iphonesimulator/PeerTubeSwift.app/Frameworks

Copy /Users/ericwatke/Library/Developer/Xcode/DerivedData/PeerTubeSwift-dpcwhlbrkmudrpgkkujqsfdqnghl/Build/Products/Debug-iphonesimulator/PeerTubeSwift.app/Frameworks/CombineSchedulers_-54F188414C11E20_PackageProduct.framework /Users/ericwatke/Library/Developer/Xcode/DerivedData/PeerTubeSwift-dpcwhlbrkmudrpgkkujqsfdqnghl/Build/Products/Debug-iphonesimulator/PackageFrameworks/CombineSchedulers_-54F188414C11E20_PackageProduct.framework (in target 'PeerTubeSwift' from project 'PeerTubeSwift')
    cd /Users/ericwatke/Documents/GitHub/peertube-swift/App/PeerTubeSwift
    builtin-copy -exclude .DS_Store -exclude CVS -exclude .svn -exclude .git -exclude .hg -resolve-src-symlinks -remove-static-executable /Users/ericwatke/Library/Developer/Xcode/DerivedData/PeerTubeSwift-dpcwhlbrkmudrpgkkujqsfdqnghl/Build/Products/Debug-iphonesimulator/PackageFrameworks/CombineSchedulers_-54F188414C11E20_PackageProduct.framework /Users/ericwatke/Library/Developer/Xcode/DerivedData/PeerTubeSwift-dpcwhlbrkmudrpgkkujqsfdqnghl/Build/Products/Debug-iphonesimulator/PeerTubeSwift.app/Frameworks

Copy /Users/ericwatke/Library/Developer/Xcode/DerivedData/PeerTubeSwift-dpcwhlbrkmudrpgkkujqsfdqnghl/Build/Products/Debug-iphonesimulator/PeerTubeSwift.app/Frameworks/Clocks_17A223499E7CA5_PackageProduct.framework /Users/ericwatke/Library/Developer/Xcode/DerivedData/PeerTubeSwift-dpcwhlbrkmudrpgkkujqsfdqnghl/Build/Products/Debug-iphonesimulator/PackageFrameworks/Clocks_17A223499E7CA5_PackageProduct.framework (in target 'PeerTubeSwift' from project 'PeerTubeSwift')
    cd /Users/ericwatke/Documents/GitHub/peertube-swift/App/PeerTubeSwift
    builtin-copy -exclude .DS_Store -exclude CVS -exclude .svn -exclude .git -exclude .hg -resolve-src-symlinks -remove-static-executable /Users/ericwatke/Library/Developer/Xcode/DerivedData/PeerTubeSwift-dpcwhlbrkmudrpgkkujqsfdqnghl/Build/Products/Debug-iphonesimulator/PackageFrameworks/Clocks_17A223499E7CA5_PackageProduct.framework /Users/ericwatke/Library/Developer/Xcode/DerivedData/PeerTubeSwift-dpcwhlbrkmudrpgkkujqsfdqnghl/Build/Products/Debug-iphonesimulator/PeerTubeSwift.app/Frameworks

CodeSign /Users/ericwatke/Library/Developer/Xcode/DerivedData/PeerTubeSwift-dpcwhlbrkmudrpgkkujqsfdqnghl/Build/Products/Debug-iphonesimulator/PeerTubeSwift.app/Frameworks/XCTestDynamicOverlay_6187313334988FF6_PackageProduct.framework (in target 'PeerTubeSwift' from project 'PeerTubeSwift')
    cd /Users/ericwatke/Documents/GitHub/peertube-swift/App/PeerTubeSwift
    
    Signing Identity:     "Sign to Run Locally"
    
    /usr/bin/codesign --force --sign - --timestamp\=none --preserve-metadata\=identifier,entitlements,flags --generate-entitlement-der /Users/ericwatke/Library/Developer/Xcode/DerivedData/PeerTubeSwift-dpcwhlbrkmudrpgkkujqsfdqnghl/Build/Products/Debug-iphonesimulator/PeerTubeSwift.app/Frameworks/XCTestDynamicOverlay_6187313334988FF6_PackageProduct.framework
/Users/ericwatke/Library/Developer/Xcode/DerivedData/PeerTubeSwift-dpcwhlbrkmudrpgkkujqsfdqnghl/Build/Products/Debug-iphonesimulator/PeerTubeSwift.app/Frameworks/XCTestDynamicOverlay_6187313334988FF6_PackageProduct.framework: replacing existing signature

CodeSign /Users/ericwatke/Library/Developer/Xcode/DerivedData/PeerTubeSwift-dpcwhlbrkmudrpgkkujqsfdqnghl/Build/Products/Debug-iphonesimulator/PeerTubeSwift.app/Frameworks/StructuredQueriesSQLite_-662414AA5E85D5A4_PackageProduct.framework (in target 'PeerTubeSwift' from project 'PeerTubeSwift')
    cd /Users/ericwatke/Documents/GitHub/peertube-swift/App/PeerTubeSwift
    
    Signing Identity:     "Sign to Run Locally"
    
    /usr/bin/codesign --force --sign - --timestamp\=none --preserve-metadata\=identifier,entitlements,flags --generate-entitlement-der /Users/ericwatke/Library/Developer/Xcode/DerivedData/PeerTubeSwift-dpcwhlbrkmudrpgkkujqsfdqnghl/Build/Products/Debug-iphonesimulator/PeerTubeSwift.app/Frameworks/StructuredQueriesSQLite_-662414AA5E85D5A4_PackageProduct.framework
/Users/ericwatke/Library/Developer/Xcode/DerivedData/PeerTubeSwift-dpcwhlbrkmudrpgkkujqsfdqnghl/Build/Products/Debug-iphonesimulator/PeerTubeSwift.app/Frameworks/StructuredQueriesSQLite_-662414AA5E85D5A4_PackageProduct.framework: replacing existing signature

CodeSign /Users/ericwatke/Library/Developer/Xcode/DerivedData/PeerTubeSwift-dpcwhlbrkmudrpgkkujqsfdqnghl/Build/Products/Debug-iphonesimulator/PeerTubeSwift.app/Frameworks/Sharing_39620103CB313153_PackageProduct.framework (in target 'PeerTubeSwift' from project 'PeerTubeSwift')
    cd /Users/ericwatke/Documents/GitHub/peertube-swift/App/PeerTubeSwift
    
    Signing Identity:     "Sign to Run Locally"
    
    /usr/bin/codesign --force --sign - --timestamp\=none --preserve-metadata\=identifier,entitlements,flags --generate-entitlement-der /Users/ericwatke/Library/Developer/Xcode/DerivedData/PeerTubeSwift-dpcwhlbrkmudrpgkkujqsfdqnghl/Build/Products/Debug-iphonesimulator/PeerTubeSwift.app/Frameworks/Sharing_39620103CB313153_PackageProduct.framework
/Users/ericwatke/Library/Developer/Xcode/DerivedData/PeerTubeSwift-dpcwhlbrkmudrpgkkujqsfdqnghl/Build/Products/Debug-iphonesimulator/PeerTubeSwift.app/Frameworks/Sharing_39620103CB313153_PackageProduct.framework: replacing existing signature

CodeSign /Users/ericwatke/Library/Developer/Xcode/DerivedData/PeerTubeSwift-dpcwhlbrkmudrpgkkujqsfdqnghl/Build/Products/Debug-iphonesimulator/PeerTubeSwift.app/Frameworks/Perception_-52E92A8ED7C94DDD_PackageProduct.framework (in target 'PeerTubeSwift' from project 'PeerTubeSwift')
    cd /Users/ericwatke/Documents/GitHub/peertube-swift/App/PeerTubeSwift
    
    Signing Identity:     "Sign to Run Locally"
    
    /usr/bin/codesign --force --sign - --timestamp\=none --preserve-metadata\=identifier,entitlements,flags --generate-entitlement-der /Users/ericwatke/Library/Developer/Xcode/DerivedData/PeerTubeSwift-dpcwhlbrkmudrpgkkujqsfdqnghl/Build/Products/Debug-iphonesimulator/PeerTubeSwift.app/Frameworks/Perception_-52E92A8ED7C94DDD_PackageProduct.framework
/Users/ericwatke/Library/Developer/Xcode/DerivedData/PeerTubeSwift-dpcwhlbrkmudrpgkkujqsfdqnghl/Build/Products/Debug-iphonesimulator/PeerTubeSwift.app/Frameworks/Perception_-52E92A8ED7C94DDD_PackageProduct.framework: replacing existing signature

CodeSign /Users/ericwatke/Library/Developer/Xcode/DerivedData/PeerTubeSwift-dpcwhlbrkmudrpgkkujqsfdqnghl/Build/Products/Debug-iphonesimulator/PeerTubeSwift.app/Frameworks/PerceptionCore.framework (in target 'PeerTubeSwift' from project 'PeerTubeSwift')
    cd /Users/ericwatke/Documents/GitHub/peertube-swift/App/PeerTubeSwift
    
    Signing Identity:     "Sign to Run Locally"
    
    /usr/bin/codesign --force --sign - --timestamp\=none --preserve-metadata\=identifier,entitlements,flags --generate-entitlement-der /Users/ericwatke/Library/Developer/Xcode/DerivedData/PeerTubeSwift-dpcwhlbrkmudrpgkkujqsfdqnghl/Build/Products/Debug-iphonesimulator/PeerTubeSwift.app/Frameworks/PerceptionCore.framework
/Users/ericwatke/Library/Developer/Xcode/DerivedData/PeerTubeSwift-dpcwhlbrkmudrpgkkujqsfdqnghl/Build/Products/Debug-iphonesimulator/PeerTubeSwift.app/Frameworks/PerceptionCore.framework: replacing existing signature

CodeSign /Users/ericwatke/Library/Developer/Xcode/DerivedData/PeerTubeSwift-dpcwhlbrkmudrpgkkujqsfdqnghl/Build/Products/Debug-iphonesimulator/PeerTubeSwift.app/Frameworks/SQLiteData.framework (in target 'PeerTubeSwift' from project 'PeerTubeSwift')
    cd /Users/ericwatke/Documents/GitHub/peertube-swift/App/PeerTubeSwift
    
    Signing Identity:     "Sign to Run Locally"
    
    /usr/bin/codesign --force --sign - --timestamp\=none --preserve-metadata\=identifier,entitlements,flags --generate-entitlement-der /Users/ericwatke/Library/Developer/Xcode/DerivedData/PeerTubeSwift-dpcwhlbrkmudrpgkkujqsfdqnghl/Build/Products/Debug-iphonesimulator/PeerTubeSwift.app/Frameworks/SQLiteData.framework
/Users/ericwatke/Library/Developer/Xcode/DerivedData/PeerTubeSwift-dpcwhlbrkmudrpgkkujqsfdqnghl/Build/Products/Debug-iphonesimulator/PeerTubeSwift.app/Frameworks/SQLiteData.framework: replacing existing signature

CodeSign /Users/ericwatke/Library/Developer/Xcode/DerivedData/PeerTubeSwift-dpcwhlbrkmudrpgkkujqsfdqnghl/Build/Products/Debug-iphonesimulator/PeerTubeSwift.app/Frameworks/OrderedCollections_1222128174265B56_PackageProduct.framework (in target 'PeerTubeSwift' from project 'PeerTubeSwift')
    cd /Users/ericwatke/Documents/GitHub/peertube-swift/App/PeerTubeSwift
    
    Signing Identity:     "Sign to Run Locally"
    
    /usr/bin/codesign --force --sign - --timestamp\=none --preserve-metadata\=identifier,entitlements,flags --generate-entitlement-der /Users/ericwatke/Library/Developer/Xcode/DerivedData/PeerTubeSwift-dpcwhlbrkmudrpgkkujqsfdqnghl/Build/Products/Debug-iphonesimulator/PeerTubeSwift.app/Frameworks/OrderedCollections_1222128174265B56_PackageProduct.framework
/Users/ericwatke/Library/Developer/Xcode/DerivedData/PeerTubeSwift-dpcwhlbrkmudrpgkkujqsfdqnghl/Build/Products/Debug-iphonesimulator/PeerTubeSwift.app/Frameworks/OrderedCollections_1222128174265B56_PackageProduct.framework: replacing existing signature

CodeSign /Users/ericwatke/Library/Developer/Xcode/DerivedData/PeerTubeSwift-dpcwhlbrkmudrpgkkujqsfdqnghl/Build/Products/Debug-iphonesimulator/PeerTubeSwift.app/Frameworks/IssueReportingPackageSupport.framework (in target 'PeerTubeSwift' from project 'PeerTubeSwift')
    cd /Users/ericwatke/Documents/GitHub/peertube-swift/App/PeerTubeSwift
    
    Signing Identity:     "Sign to Run Locally"
    
    /usr/bin/codesign --force --sign - --timestamp\=none --preserve-metadata\=identifier,entitlements,flags --generate-entitlement-der /Users/ericwatke/Library/Developer/Xcode/DerivedData/PeerTubeSwift-dpcwhlbrkmudrpgkkujqsfdqnghl/Build/Products/Debug-iphonesimulator/PeerTubeSwift.app/Frameworks/IssueReportingPackageSupport.framework
/Users/ericwatke/Library/Developer/Xcode/DerivedData/PeerTubeSwift-dpcwhlbrkmudrpgkkujqsfdqnghl/Build/Products/Debug-iphonesimulator/PeerTubeSwift.app/Frameworks/IssueReportingPackageSupport.framework: replacing existing signature

CodeSign /Users/ericwatke/Library/Developer/Xcode/DerivedData/PeerTubeSwift-dpcwhlbrkmudrpgkkujqsfdqnghl/Build/Products/Debug-iphonesimulator/PeerTubeSwift.app/Frameworks/IssueReporting.framework (in target 'PeerTubeSwift' from project 'PeerTubeSwift')
    cd /Users/ericwatke/Documents/GitHub/peertube-swift/App/PeerTubeSwift
    
    Signing Identity:     "Sign to Run Locally"
    
    /usr/bin/codesign --force --sign - --timestamp\=none --preserve-metadata\=identifier,entitlements,flags --generate-entitlement-der /Users/ericwatke/Library/Developer/Xcode/DerivedData/PeerTubeSwift-dpcwhlbrkmudrpgkkujqsfdqnghl/Build/Products/Debug-iphonesimulator/PeerTubeSwift.app/Frameworks/IssueReporting.framework
/Users/ericwatke/Library/Developer/Xcode/DerivedData/PeerTubeSwift-dpcwhlbrkmudrpgkkujqsfdqnghl/Build/Products/Debug-iphonesimulator/PeerTubeSwift.app/Frameworks/IssueReporting.framework: replacing existing signature

CodeSign /Users/ericwatke/Library/Developer/Xcode/DerivedData/PeerTubeSwift-dpcwhlbrkmudrpgkkujqsfdqnghl/Build/Products/Debug-iphonesimulator/PeerTubeSwift.app/Frameworks/IdentifiedCollections_-5C6E944B2019E177_PackageProduct.framework (in target 'PeerTubeSwift' from project 'PeerTubeSwift')
    cd /Users/ericwatke/Documents/GitHub/peertube-swift/App/PeerTubeSwift
    
    Signing Identity:     "Sign to Run Locally"
    
    /usr/bin/codesign --force --sign - --timestamp\=none --preserve-metadata\=identifier,entitlements,flags --generate-entitlement-der /Users/ericwatke/Library/Developer/Xcode/DerivedData/PeerTubeSwift-dpcwhlbrkmudrpgkkujqsfdqnghl/Build/Products/Debug-iphonesimulator/PeerTubeSwift.app/Frameworks/IdentifiedCollections_-5C6E944B2019E177_PackageProduct.framework
/Users/ericwatke/Library/Developer/Xcode/DerivedData/PeerTubeSwift-dpcwhlbrkmudrpgkkujqsfdqnghl/Build/Products/Debug-iphonesimulator/PeerTubeSwift.app/Frameworks/IdentifiedCollections_-5C6E944B2019E177_PackageProduct.framework: replacing existing signature

CodeSign /Users/ericwatke/Library/Developer/Xcode/DerivedData/PeerTubeSwift-dpcwhlbrkmudrpgkkujqsfdqnghl/Build/Products/Debug-iphonesimulator/PeerTubeSwift.app/Frameworks/Dependencies_40816CBEDFB225D3_PackageProduct.framework (in target 'PeerTubeSwift' from project 'PeerTubeSwift')
    cd /Users/ericwatke/Documents/GitHub/peertube-swift/App/PeerTubeSwift
    
    Signing Identity:     "Sign to Run Locally"
    
    /usr/bin/codesign --force --sign - --timestamp\=none --preserve-metadata\=identifier,entitlements,flags --generate-entitlement-der /Users/ericwatke/Library/Developer/Xcode/DerivedData/PeerTubeSwift-dpcwhlbrkmudrpgkkujqsfdqnghl/Build/Products/Debug-iphonesimulator/PeerTubeSwift.app/Frameworks/Dependencies_40816CBEDFB225D3_PackageProduct.framework
/Users/ericwatke/Library/Developer/Xcode/DerivedData/PeerTubeSwift-dpcwhlbrkmudrpgkkujqsfdqnghl/Build/Products/Debug-iphonesimulator/PeerTubeSwift.app/Frameworks/Dependencies_40816CBEDFB225D3_PackageProduct.framework: replacing existing signature

ProcessInfoPlistFile /Users/ericwatke/Library/Developer/Xcode/DerivedData/PeerTubeSwift-dpcwhlbrkmudrpgkkujqsfdqnghl/Build/Products/Debug-iphonesimulator/PeerTubeSwift.app/Info.plist /Users/ericwatke/Documents/GitHub/peertube-swift/App/PeerTubeSwift/PeerTubeSwift/Info.plist (in target 'PeerTubeSwift' from project 'PeerTubeSwift')
    cd /Users/ericwatke/Documents/GitHub/peertube-swift/App/PeerTubeSwift
    builtin-infoPlistUtility /Users/ericwatke/Documents/GitHub/peertube-swift/App/PeerTubeSwift/PeerTubeSwift/Info.plist -producttype com.apple.product-type.application -genpkginfo /Users/ericwatke/Library/Developer/Xcode/DerivedData/PeerTubeSwift-dpcwhlbrkmudrpgkkujqsfdqnghl/Build/Products/Debug-iphonesimulator/PeerTubeSwift.app/PkgInfo -expandbuildsettings -format binary -platform iphonesimulator -additionalcontentfile /Users/ericwatke/Library/Developer/Xcode/DerivedData/PeerTubeSwift-dpcwhlbrkmudrpgkkujqsfdqnghl/Build/Intermediates.noindex/PeerTubeSwift.build/Debug-iphonesimulator/PeerTubeSwift.build/assetcatalog_generated_info.plist -scanforprivacyfile /Users/ericwatke/Library/Developer/Xcode/DerivedData/PeerTubeSwift-dpcwhlbrkmudrpgkkujqsfdqnghl/Build/Products/Debug-iphonesimulator/PeerTubeSwift.app/Frameworks/Clocks_17A223499E7CA5_PackageProduct.framework -scanforprivacyfile /Users/ericwatke/Library/Developer/Xcode/DerivedData/PeerTubeSwift-dpcwhlbrkmudrpgkkujqsfdqnghl/Build/Products/Debug-iphonesimulator/PeerTubeSwift.app/Frameworks/CombineSchedulers_-54F188414C11E20_PackageProduct.framework -scanforprivacyfile /Users/ericwatke/Library/Developer/Xcode/DerivedData/PeerTubeSwift-dpcwhlbrkmudrpgkkujqsfdqnghl/Build/Products/Debug-iphonesimulator/PeerTubeSwift.app/Frameworks/ConcurrencyExtras_-2B4B167800F2E3ED_PackageProduct.framework -scanforprivacyfile /Users/ericwatke/Library/Developer/Xcode/DerivedData/PeerTubeSwift-dpcwhlbrkmudrpgkkujqsfdqnghl/Build/Products/Debug-iphonesimulator/PeerTubeSwift.app/Frameworks/CustomDump_169F2B173C94B61B_PackageProduct.framework -scanforprivacyfile /Users/ericwatke/Library/Developer/Xcode/DerivedData/PeerTubeSwift-dpcwhlbrkmudrpgkkujqsfdqnghl/Build/Products/Debug-iphonesimulator/PeerTubeSwift.app/Frameworks/Dependencies_40816CBEDFB225D3_PackageProduct.framework -scanforprivacyfile /Users/ericwatke/Library/Developer/Xcode/DerivedData/PeerTubeSwift-dpcwhlbrkmudrpgkkujqsfdqnghl/Build/Products/Debug-iphonesimulator/PeerTubeSwift.app/Frameworks/GRDB_5DC4DB053_PackageProduct.framework -scanforprivacyfile /Users/ericwatke/Library/Developer/Xcode/DerivedData/PeerTubeSwift-dpcwhlbrkmudrpgkkujqsfdqnghl/Build/Products/Debug-iphonesimulator/PeerTubeSwift.app/Frameworks/IdentifiedCollections_-5C6E944B2019E177_PackageProduct.framework -scanforprivacyfile /Users/ericwatke/Library/Developer/Xcode/DerivedData/PeerTubeSwift-dpcwhlbrkmudrpgkkujqsfdqnghl/Build/Products/Debug-iphonesimulator/PeerTubeSwift.app/Frameworks/IssueReporting.framework -scanforprivacyfile /Users/ericwatke/Library/Developer/Xcode/DerivedData/PeerTubeSwift-dpcwhlbrkmudrpgkkujqsfdqnghl/Build/Products/Debug-iphonesimulator/PeerTubeSwift.app/Frameworks/IssueReportingPackageSupport.framework -scanforprivacyfile /Users/ericwatke/Library/Developer/Xcode/DerivedData/PeerTubeSwift-dpcwhlbrkmudrpgkkujqsfdqnghl/Build/Products/Debug-iphonesimulator/PeerTubeSwift.app/Frameworks/OrderedCollections_1222128174265B56_PackageProduct.framework -scanforprivacyfile /Users/ericwatke/Library/Developer/Xcode/DerivedData/PeerTubeSwift-dpcwhlbrkmudrpgkkujqsfdqnghl/Build/Products/Debug-iphonesimulator/PeerTubeSwift.app/Frameworks/PerceptionCore.framework -scanforprivacyfile /Users/ericwatke/Library/Developer/Xcode/DerivedData/PeerTubeSwift-dpcwhlbrkmudrpgkkujqsfdqnghl/Build/Products/Debug-iphonesimulator/PeerTubeSwift.app/Frameworks/Perception_-52E92A8ED7C94DDD_PackageProduct.framework -scanforprivacyfile /Users/ericwatke/Library/Developer/Xcode/DerivedData/PeerTubeSwift-dpcwhlbrkmudrpgkkujqsfdqnghl/Build/Products/Debug-iphonesimulator/PeerTubeSwift.app/Frameworks/SQLiteData.framework -scanforprivacyfile /Users/ericwatke/Library/Developer/Xcode/DerivedData/PeerTubeSwift-dpcwhlbrkmudrpgkkujqsfdqnghl/Build/Products/Debug-iphonesimulator/PeerTubeSwift.app/Frameworks/Sharing_39620103CB313153_PackageProduct.framework -scanforprivacyfile /Users/ericwatke/Library/Developer/Xcode/DerivedData/PeerTubeSwift-dpcwhlbrkmudrpgkkujqsfdqnghl/Build/Products/Debug-iphonesimulator/PeerTubeSwift.app/Frameworks/StructuredQueriesSQLite_-662414AA5E85D5A4_PackageProduct.framework -scanforprivacyfile /Users/ericwatke/Library/Developer/Xcode/DerivedData/PeerTubeSwift-dpcwhlbrkmudrpgkkujqsfdqnghl/Build/Products/Debug-iphonesimulator/PeerTubeSwift.app/Frameworks/XCTestDynamicOverlay_6187313334988FF6_PackageProduct.framework -scanforprivacyfile /Users/ericwatke/Library/Developer/Xcode/DerivedData/PeerTubeSwift-dpcwhlbrkmudrpgkkujqsfdqnghl/Build/Products/Debug-iphonesimulator/PeerTubeSwift.app/GRDB_GRDB.bundle -scanforprivacyfile /Users/ericwatke/Library/Developer/Xcode/DerivedData/PeerTubeSwift-dpcwhlbrkmudrpgkkujqsfdqnghl/Build/Products/Debug-iphonesimulator/PeerTubeSwift.app/swift-composable-architecture_ComposableArchitecture.bundle -scanforprivacyfile /Users/ericwatke/Library/Developer/Xcode/DerivedData/PeerTubeSwift-dpcwhlbrkmudrpgkkujqsfdqnghl/Build/Products/Debug-iphonesimulator/PeerTubeSwift.app/swift-sharing_Sharing.bundle -o /Users/ericwatke/Library/Developer/Xcode/DerivedData/PeerTubeSwift-dpcwhlbrkmudrpgkkujqsfdqnghl/Build/Products/Debug-iphonesimulator/PeerTubeSwift.app/Info.plist

CodeSign /Users/ericwatke/Library/Developer/Xcode/DerivedData/PeerTubeSwift-dpcwhlbrkmudrpgkkujqsfdqnghl/Build/Products/Debug-iphonesimulator/PeerTubeSwift.app/Frameworks/CustomDump_169F2B173C94B61B_PackageProduct.framework (in target 'PeerTubeSwift' from project 'PeerTubeSwift')
    cd /Users/ericwatke/Documents/GitHub/peertube-swift/App/PeerTubeSwift
    
    Signing Identity:     "Sign to Run Locally"
    
    /usr/bin/codesign --force --sign - --timestamp\=none --preserve-metadata\=identifier,entitlements,flags --generate-entitlement-der /Users/ericwatke/Library/Developer/Xcode/DerivedData/PeerTubeSwift-dpcwhlbrkmudrpgkkujqsfdqnghl/Build/Products/Debug-iphonesimulator/PeerTubeSwift.app/Frameworks/CustomDump_169F2B173C94B61B_PackageProduct.framework
/Users/ericwatke/Library/Developer/Xcode/DerivedData/PeerTubeSwift-dpcwhlbrkmudrpgkkujqsfdqnghl/Build/Products/Debug-iphonesimulator/PeerTubeSwift.app/Frameworks/CustomDump_169F2B173C94B61B_PackageProduct.framework: replacing existing signature

CodeSign /Users/ericwatke/Library/Developer/Xcode/DerivedData/PeerTubeSwift-dpcwhlbrkmudrpgkkujqsfdqnghl/Build/Products/Debug-iphonesimulator/PeerTubeSwift.app/Frameworks/GRDB_5DC4DB053_PackageProduct.framework (in target 'PeerTubeSwift' from project 'PeerTubeSwift')
    cd /Users/ericwatke/Documents/GitHub/peertube-swift/App/PeerTubeSwift
    
    Signing Identity:     "Sign to Run Locally"
    
    /usr/bin/codesign --force --sign - --timestamp\=none --preserve-metadata\=identifier,entitlements,flags --generate-entitlement-der /Users/ericwatke/Library/Developer/Xcode/DerivedData/PeerTubeSwift-dpcwhlbrkmudrpgkkujqsfdqnghl/Build/Products/Debug-iphonesimulator/PeerTubeSwift.app/Frameworks/GRDB_5DC4DB053_PackageProduct.framework
/Users/ericwatke/Library/Developer/Xcode/DerivedData/PeerTubeSwift-dpcwhlbrkmudrpgkkujqsfdqnghl/Build/Products/Debug-iphonesimulator/PeerTubeSwift.app/Frameworks/GRDB_5DC4DB053_PackageProduct.framework: replacing existing signature

CodeSign /Users/ericwatke/Library/Developer/Xcode/DerivedData/PeerTubeSwift-dpcwhlbrkmudrpgkkujqsfdqnghl/Build/Products/Debug-iphonesimulator/PeerTubeSwift.app/Frameworks/ConcurrencyExtras_-2B4B167800F2E3ED_PackageProduct.framework (in target 'PeerTubeSwift' from project 'PeerTubeSwift')
    cd /Users/ericwatke/Documents/GitHub/peertube-swift/App/PeerTubeSwift
    
    Signing Identity:     "Sign to Run Locally"
    
    /usr/bin/codesign --force --sign - --timestamp\=none --preserve-metadata\=identifier,entitlements,flags --generate-entitlement-der /Users/ericwatke/Library/Developer/Xcode/DerivedData/PeerTubeSwift-dpcwhlbrkmudrpgkkujqsfdqnghl/Build/Products/Debug-iphonesimulator/PeerTubeSwift.app/Frameworks/ConcurrencyExtras_-2B4B167800F2E3ED_PackageProduct.framework
/Users/ericwatke/Library/Developer/Xcode/DerivedData/PeerTubeSwift-dpcwhlbrkmudrpgkkujqsfdqnghl/Build/Products/Debug-iphonesimulator/PeerTubeSwift.app/Frameworks/ConcurrencyExtras_-2B4B167800F2E3ED_PackageProduct.framework: replacing existing signature

CodeSign /Users/ericwatke/Library/Developer/Xcode/DerivedData/PeerTubeSwift-dpcwhlbrkmudrpgkkujqsfdqnghl/Build/Products/Debug-iphonesimulator/PeerTubeSwift.app/Frameworks/CombineSchedulers_-54F188414C11E20_PackageProduct.framework (in target 'PeerTubeSwift' from project 'PeerTubeSwift')
    cd /Users/ericwatke/Documents/GitHub/peertube-swift/App/PeerTubeSwift
    
    Signing Identity:     "Sign to Run Locally"
    
    /usr/bin/codesign --force --sign - --timestamp\=none --preserve-metadata\=identifier,entitlements,flags --generate-entitlement-der /Users/ericwatke/Library/Developer/Xcode/DerivedData/PeerTubeSwift-dpcwhlbrkmudrpgkkujqsfdqnghl/Build/Products/Debug-iphonesimulator/PeerTubeSwift.app/Frameworks/CombineSchedulers_-54F188414C11E20_PackageProduct.framework
/Users/ericwatke/Library/Developer/Xcode/DerivedData/PeerTubeSwift-dpcwhlbrkmudrpgkkujqsfdqnghl/Build/Products/Debug-iphonesimulator/PeerTubeSwift.app/Frameworks/CombineSchedulers_-54F188414C11E20_PackageProduct.framework: replacing existing signature

CodeSign /Users/ericwatke/Library/Developer/Xcode/DerivedData/PeerTubeSwift-dpcwhlbrkmudrpgkkujqsfdqnghl/Build/Products/Debug-iphonesimulator/PeerTubeSwift.app/Frameworks/Clocks_17A223499E7CA5_PackageProduct.framework (in target 'PeerTubeSwift' from project 'PeerTubeSwift')
    cd /Users/ericwatke/Documents/GitHub/peertube-swift/App/PeerTubeSwift
    
    Signing Identity:     "Sign to Run Locally"
    
    /usr/bin/codesign --force --sign - --timestamp\=none --preserve-metadata\=identifier,entitlements,flags --generate-entitlement-der /Users/ericwatke/Library/Developer/Xcode/DerivedData/PeerTubeSwift-dpcwhlbrkmudrpgkkujqsfdqnghl/Build/Products/Debug-iphonesimulator/PeerTubeSwift.app/Frameworks/Clocks_17A223499E7CA5_PackageProduct.framework
/Users/ericwatke/Library/Developer/Xcode/DerivedData/PeerTubeSwift-dpcwhlbrkmudrpgkkujqsfdqnghl/Build/Products/Debug-iphonesimulator/PeerTubeSwift.app/Frameworks/Clocks_17A223499E7CA5_PackageProduct.framework: replacing existing signature

SwiftEmitModule normal arm64 Emitting\ module\ for\ PeerTubeSwift (in target 'PeerTubeSwift' from project 'PeerTubeSwift')
EmitSwiftModule normal arm64 (in target 'PeerTubeSwift' from project 'PeerTubeSwift')
    cd /Users/ericwatke/Documents/GitHub/peertube-swift/App/PeerTubeSwift
    

SwiftDriver\ Compilation PeerTubeSwift normal arm64 com.apple.xcode.tools.swift.compiler (in target 'PeerTubeSwift' from project 'PeerTubeSwift')
    cd /Users/ericwatke/Documents/GitHub/peertube-swift/App/PeerTubeSwift
    builtin-Swift-Compilation -- /Applications/Xcode-26.2.0.app/Contents/Developer/Toolchains/XcodeDefault.xctoolchain/usr/bin/swiftc -module-name PeerTubeSwift -Onone -enforce-exclusivity\=checked @/Users/ericwatke/Library/Developer/Xcode/DerivedData/PeerTubeSwift-dpcwhlbrkmudrpgkkujqsfdqnghl/Build/Intermediates.noindex/PeerTubeSwift.build/Debug-iphonesimulator/PeerTubeSwift.build/Objects-normal/arm64/PeerTubeSwift.SwiftFileList -DDEBUG -Xcc -fmodule-map-file\=/Users/ericwatke/Library/Developer/Xcode/DerivedData/PeerTubeSwift-dpcwhlbrkmudrpgkkujqsfdqnghl/SourcePackages/checkouts/GRDB.swift/Sources/GRDBSQLite/module.modulemap -Xcc -fmodule-map-file\=/Users/ericwatke/Library/Developer/Xcode/DerivedData/PeerTubeSwift-dpcwhlbrkmudrpgkkujqsfdqnghl/Build/Intermediates.noindex/GeneratedModuleMaps-iphonesimulator/UIKitNavigationShim.modulemap -enable-upcoming-feature MemberImportVisibility -enable-upcoming-feature InferIsolatedConformances -enable-upcoming-feature NonisolatedNonsendingByDefault -enable-experimental-feature DebugDescriptionMacro -sdk /Applications/Xcode-26.2.0.app/Contents/Developer/Platforms/iPhoneSimulator.platform/Developer/SDKs/iPhoneSimulator26.2.sdk -target arm64-apple-ios18.6-simulator -g -module-cache-path /Users/ericwatke/Library/Developer/Xcode/DerivedData/ModuleCache.noindex -Xfrontend -serialize-debugging-options -profile-coverage-mapping -profile-generate -enable-testing -index-store-path /Users/ericwatke/Library/Developer/Xcode/DerivedData/PeerTubeSwift-dpcwhlbrkmudrpgkkujqsfdqnghl/Index.noindex/DataStore -Xcc -D_LIBCPP_HARDENING_MODE\=_LIBCPP_HARDENING_MODE_DEBUG -swift-version 6 -I /Users/ericwatke/Library/Developer/Xcode/DerivedData/PeerTubeSwift-dpcwhlbrkmudrpgkkujqsfdqnghl/Build/Products/Debug-iphonesimulator -F /Users/ericwatke/Library/Developer/Xcode/DerivedData/PeerTubeSwift-dpcwhlbrkmudrpgkkujqsfdqnghl/Build/Products/Debug-iphonesimulator/PackageFrameworks -F /Users/ericwatke/Library/Developer/Xcode/DerivedData/PeerTubeSwift-dpcwhlbrkmudrpgkkujqsfdqnghl/Build/Products/Debug-iphonesimulator/PackageFrameworks -F /Users/ericwatke/Library/Developer/Xcode/DerivedData/PeerTubeSwift-dpcwhlbrkmudrpgkkujqsfdqnghl/Build/Products/Debug-iphonesimulator/PackageFrameworks -F /Users/ericwatke/Library/Developer/Xcode/DerivedData/PeerTubeSwift-dpcwhlbrkmudrpgkkujqsfdqnghl/Build/Products/Debug-iphonesimulator/PackageFrameworks -F /Users/ericwatke/Library/Developer/Xcode/DerivedData/PeerTubeSwift-dpcwhlbrkmudrpgkkujqsfdqnghl/Build/Products/Debug-iphonesimulator/PackageFrameworks -F /Users/ericwatke/Library/Developer/Xcode/DerivedData/PeerTubeSwift-dpcwhlbrkmudrpgkkujqsfdqnghl/Build/Products/Debug-iphonesimulator/PackageFrameworks -F /Users/ericwatke/Library/Developer/Xcode/DerivedData/PeerTubeSwift-dpcwhlbrkmudrpgkkujqsfdqnghl/Build/Products/Debug-iphonesimulator/PackageFrameworks -F /Users/ericwatke/Library/Developer/Xcode/DerivedData/PeerTubeSwift-dpcwhlbrkmudrpgkkujqsfdqnghl/Build/Products/Debug-iphonesimulator/PackageFrameworks -F /Users/ericwatke/Library/Developer/Xcode/DerivedData/PeerTubeSwift-dpcwhlbrkmudrpgkkujqsfdqnghl/Build/Products/Debug-iphonesimulator/PackageFrameworks -F /Users/ericwatke/Library/Developer/Xcode/DerivedData/PeerTubeSwift-dpcwhlbrkmudrpgkkujqsfdqnghl/Build/Products/Debug-iphonesimulator/PackageFrameworks -F /Users/ericwatke/Library/Developer/Xcode/DerivedData/PeerTubeSwift-dpcwhlbrkmudrpgkkujqsfdqnghl/Build/Products/Debug-iphonesimulator/PackageFrameworks -F /Users/ericwatke/Library/Developer/Xcode/DerivedData/PeerTubeSwift-dpcwhlbrkmudrpgkkujqsfdqnghl/Build/Products/Debug-iphonesimulator/PackageFrameworks -F /Users/ericwatke/Library/Developer/Xcode/DerivedData/PeerTubeSwift-dpcwhlbrkmudrpgkkujqsfdqnghl/Build/Products/Debug-iphonesimulator/PackageFrameworks -F /Users/ericwatke/Library/Developer/Xcode/DerivedData/PeerTubeSwift-dpcwhlbrkmudrpgkkujqsfdqnghl/Build/Products/Debug-iphonesimulator/PackageFrameworks -F /Users/ericwatke/Library/Developer/Xcode/DerivedData/PeerTubeSwift-dpcwhlbrkmudrpgkkujqsfdqnghl/Build/Products/Debug-iphonesimulator/PackageFrameworks -F /Users/ericwatke/Library/Developer/Xcode/DerivedData/PeerTubeSwift-dpcwhlbrkmudrpgkkujqsfdqnghl/Build/Products/Debug-iphonesimulator/PackageFrameworks -F /Users/ericwatke/Library/Developer/Xcode/DerivedData/PeerTubeSwift-dpcwhlbrkmudrpgkkujqsfdqnghl/Build/Products/Debug-iphonesimulator/PackageFrameworks -F /Users/ericwatke/Library/Developer/Xcode/DerivedData/PeerTubeSwift-dpcwhlbrkmudrpgkkujqsfdqnghl/Build/Products/Debug-iphonesimulator/PackageFrameworks -F /Users/ericwatke/Library/Developer/Xcode/DerivedData/PeerTubeSwift-dpcwhlbrkmudrpgkkujqsfdqnghl/Build/Products/Debug-iphonesimulator/PackageFrameworks -F /Users/ericwatke/Library/Developer/Xcode/DerivedData/PeerTubeSwift-dpcwhlbrkmudrpgkkujqsfdqnghl/Build/Products/Debug-iphonesimulator/PackageFrameworks -F /Users/ericwatke/Library/Developer/Xcode/DerivedData/PeerTubeSwift-dpcwhlbrkmudrpgkkujqsfdqnghl/Build/Products/Debug-iphonesimulator/PackageFrameworks -F /Users/ericwatke/Library/Developer/Xcode/DerivedData/PeerTubeSwift-dpcwhlbrkmudrpgkkujqsfdqnghl/Build/Products/Debug-iphonesimulator/PackageFrameworks -F /Users/ericwatke/Library/Developer/Xcode/DerivedData/PeerTubeSwift-dpcwhlbrkmudrpgkkujqsfdqnghl/Build/Products/Debug-iphonesimulator/PackageFrameworks -F /Users/ericwatke/Library/Developer/Xcode/DerivedData/PeerTubeSwift-dpcwhlbrkmudrpgkkujqsfdqnghl/Build/Products/Debug-iphonesimulator/PackageFrameworks -F /Users/ericwatke/Library/Developer/Xcode/DerivedData/PeerTubeSwift-dpcwhlbrkmudrpgkkujqsfdqnghl/Build/Products/Debug-iphonesimulator/PackageFrameworks -F /Users/ericwatke/Library/Developer/Xcode/DerivedData/PeerTubeSwift-dpcwhlbrkmudrpgkkujqsfdqnghl/Build/Products/Debug-iphonesimulator/PackageFrameworks -F /Users/ericwatke/Library/Developer/Xcode/DerivedData/PeerTubeSwift-dpcwhlbrkmudrpgkkujqsfdqnghl/Build/Products/Debug-iphonesimulator/PackageFrameworks -F /Users/ericwatke/Library/Developer/Xcode/DerivedData/PeerTubeSwift-dpcwhlbrkmudrpgkkujqsfdqnghl/Build/Products/Debug-iphonesimulator/PackageFrameworks -F /Users/ericwatke/Library/Developer/Xcode/DerivedData/PeerTubeSwift-dpcwhlbrkmudrpgkkujqsfdqnghl/Build/Products/Debug-iphonesimulator/PackageFrameworks -F /Users/ericwatke/Library/Developer/Xcode/DerivedData/PeerTubeSwift-dpcwhlbrkmudrpgkkujqsfdqnghl/Build/Products/Debug-iphonesimulator/PackageFrameworks -F /Users/ericwatke/Library/Developer/Xcode/DerivedData/PeerTubeSwift-dpcwhlbrkmudrpgkkujqsfdqnghl/Build/Products/Debug-iphonesimulator/PackageFrameworks -F /Users/ericwatke/Library/Developer/Xcode/DerivedData/PeerTubeSwift-dpcwhlbrkmudrpgkkujqsfdqnghl/Build/Products/Debug-iphonesimulator/PackageFrameworks -F /Users/ericwatke/Library/Developer/Xcode/DerivedData/PeerTubeSwift-dpcwhlbrkmudrpgkkujqsfdqnghl/Build/Products/Debug-iphonesimulator/PackageFrameworks -F /Users/ericwatke/Library/Developer/Xcode/DerivedData/PeerTubeSwift-dpcwhlbrkmudrpgkkujqsfdqnghl/Build/Products/Debug-iphonesimulator/PackageFrameworks -F /Users/ericwatke/Library/Developer/Xcode/DerivedData/PeerTubeSwift-dpcwhlbrkmudrpgkkujqsfdqnghl/Build/Products/Debug-iphonesimulator/PackageFrameworks -F /Users/ericwatke/Library/Developer/Xcode/DerivedData/PeerTubeSwift-dpcwhlbrkmudrpgkkujqsfdqnghl/Build/Products/Debug-iphonesimulator -Xfrontend -load-plugin-executable -Xfrontend /Users/ericwatke/Library/Developer/Xcode/DerivedData/PeerTubeSwift-dpcwhlbrkmudrpgkkujqsfdqnghl/Build/Products/Debug/CasePathsMacros\#CasePathsMacros -Xfrontend -load-plugin-executable -Xfrontend /Users/ericwatke/Library/Developer/Xcode/DerivedData/PeerTubeSwift-dpcwhlbrkmudrpgkkujqsfdqnghl/Build/Products/Debug/ComposableArchitectureMacros\#ComposableArchitectureMacros -Xfrontend -load-plugin-executable -Xfrontend /Users/ericwatke/Library/Developer/Xcode/DerivedData/PeerTubeSwift-dpcwhlbrkmudrpgkkujqsfdqnghl/Build/Products/Debug/DependenciesMacrosPlugin\#DependenciesMacrosPlugin -Xfrontend -load-plugin-executable -Xfrontend /Users/ericwatke/Library/Developer/Xcode/DerivedData/PeerTubeSwift-dpcwhlbrkmudrpgkkujqsfdqnghl/Build/Products/Debug/PerceptionMacros\#PerceptionMacros -Xfrontend -load-plugin-executable -Xfrontend /Users/ericwatke/Library/Developer/Xcode/DerivedData/PeerTubeSwift-dpcwhlbrkmudrpgkkujqsfdqnghl/Build/Products/Debug/StructuredQueriesMacros\#StructuredQueriesMacros -Xfrontend -load-plugin-executable -Xfrontend /Users/ericwatke/Library/Developer/Xcode/DerivedData/PeerTubeSwift-dpcwhlbrkmudrpgkkujqsfdqnghl/Build/Products/Debug/StructuredQueriesSQLiteMacros\#StructuredQueriesSQLiteMacros -emit-localized-strings -emit-localized-strings-path /Users/ericwatke/Library/Developer/Xcode/DerivedData/PeerTubeSwift-dpcwhlbrkmudrpgkkujqsfdqnghl/Build/Intermediates.noindex/PeerTubeSwift.build/Debug-iphonesimulator/PeerTubeSwift.build/Objects-normal/arm64 -c -j8 -enable-batch-mode -incremental -Xcc -ivfsstatcache -Xcc /Users/ericwatke/Library/Developer/Xcode/DerivedData/SDKStatCaches.noindex/iphonesimulator26.2-23C53-396ea2e52eee30dc3ef691f54c5a881e.sdkstatcache -output-file-map /Users/ericwatke/Library/Developer/Xcode/DerivedData/PeerTubeSwift-dpcwhlbrkmudrpgkkujqsfdqnghl/Build/Intermediates.noindex/PeerTubeSwift.build/Debug-iphonesimulator/PeerTubeSwift.build/Objects-normal/arm64/PeerTubeSwift-OutputFileMap.json -use-frontend-parseable-output -save-temps -no-color-diagnostics -explicit-module-build -module-cache-path /Users/ericwatke/Library/Developer/Xcode/DerivedData/PeerTubeSwift-dpcwhlbrkmudrpgkkujqsfdqnghl/Build/Intermediates.noindex/SwiftExplicitPrecompiledModules -clang-scanner-module-cache-path /Users/ericwatke/Library/Developer/Xcode/DerivedData/ModuleCache.noindex -sdk-module-cache-path /Users/ericwatke/Library/Developer/Xcode/DerivedData/ModuleCache.noindex -serialize-diagnostics -emit-dependencies -emit-module -emit-module-path /Users/ericwatke/Library/Developer/Xcode/DerivedData/PeerTubeSwift-dpcwhlbrkmudrpgkkujqsfdqnghl/Build/Intermediates.noindex/PeerTubeSwift.build/Debug-iphonesimulator/PeerTubeSwift.build/Objects-normal/arm64/PeerTubeSwift.swiftmodule -validate-clang-modules-once -clang-build-session-file /Users/ericwatke/Library/Developer/Xcode/DerivedData/ModuleCache.noindex/Session.modulevalidation -Xcc -I/Users/ericwatke/Library/Developer/Xcode/DerivedData/PeerTubeSwift-dpcwhlbrkmudrpgkkujqsfdqnghl/Build/Intermediates.noindex/PeerTubeSwift.build/Debug-iphonesimulator/PeerTubeSwift.build/swift-overrides.hmap -emit-const-values -Xfrontend -const-gather-protocols-file -Xfrontend /Users/ericwatke/Library/Developer/Xcode/DerivedData/PeerTubeSwift-dpcwhlbrkmudrpgkkujqsfdqnghl/Build/Intermediates.noindex/PeerTubeSwift.build/Debug-iphonesimulator/PeerTubeSwift.build/Objects-normal/arm64/PeerTubeSwift_const_extract_protocols.json -Xcc -iquote -Xcc /Users/ericwatke/Library/Developer/Xcode/DerivedData/PeerTubeSwift-dpcwhlbrkmudrpgkkujqsfdqnghl/Build/Intermediates.noindex/PeerTubeSwift.build/Debug-iphonesimulator/PeerTubeSwift.build/PeerTubeSwift-generated-files.hmap -Xcc -I/Users/ericwatke/Library/Developer/Xcode/DerivedData/PeerTubeSwift-dpcwhlbrkmudrpgkkujqsfdqnghl/Build/Intermediates.noindex/PeerTubeSwift.build/Debug-iphonesimulator/PeerTubeSwift.build/PeerTubeSwift-own-target-headers.hmap -Xcc -I/Users/ericwatke/Library/Developer/Xcode/DerivedData/PeerTubeSwift-dpcwhlbrkmudrpgkkujqsfdqnghl/Build/Intermediates.noindex/PeerTubeSwift.build/Debug-iphonesimulator/PeerTubeSwift.build/PeerTubeSwift-all-non-framework-target-headers.hmap -Xcc -ivfsoverlay -Xcc /Users/ericwatke/Library/Developer/Xcode/DerivedData/PeerTubeSwift-dpcwhlbrkmudrpgkkujqsfdqnghl/Build/Intermediates.noindex/PeerTubeSwift.build/Debug-iphonesimulator/PeerTubeSwift-737a43c5f02e2b54d5d37b163228a2ce-VFS-iphonesimulator/all-product-headers.yaml -Xcc -iquote -Xcc /Users/ericwatke/Library/Developer/Xcode/DerivedData/PeerTubeSwift-dpcwhlbrkmudrpgkkujqsfdqnghl/Build/Intermediates.noindex/PeerTubeSwift.build/Debug-iphonesimulator/PeerTubeSwift.build/PeerTubeSwift-project-headers.hmap -Xcc -I/Users/ericwatke/Library/Developer/Xcode/DerivedData/PeerTubeSwift-dpcwhlbrkmudrpgkkujqsfdqnghl/SourcePackages/checkouts/swift-navigation/Sources/UIKitNavigationShim/include -Xcc -I/Users/ericwatke/Library/Developer/Xcode/DerivedData/PeerTubeSwift-dpcwhlbrkmudrpgkkujqsfdqnghl/Build/Products/Debug-iphonesimulator/include -Xcc -I/Users/ericwatke/Library/Developer/Xcode/DerivedData/PeerTubeSwift-dpcwhlbrkmudrpgkkujqsfdqnghl/Build/Intermediates.noindex/PeerTubeSwift.build/Debug-iphonesimulator/PeerTubeSwift.build/DerivedSources-normal/arm64 -Xcc -I/Users/ericwatke/Library/Developer/Xcode/DerivedData/PeerTubeSwift-dpcwhlbrkmudrpgkkujqsfdqnghl/Build/Intermediates.noindex/PeerTubeSwift.build/Debug-iphonesimulator/PeerTubeSwift.build/DerivedSources/arm64 -Xcc -I/Users/ericwatke/Library/Developer/Xcode/DerivedData/PeerTubeSwift-dpcwhlbrkmudrpgkkujqsfdqnghl/Build/Intermediates.noindex/PeerTubeSwift.build/Debug-iphonesimulator/PeerTubeSwift.build/DerivedSources -Xcc -DDEBUG\=1 -emit-objc-header -emit-objc-header-path /Users/ericwatke/Library/Developer/Xcode/DerivedData/PeerTubeSwift-dpcwhlbrkmudrpgkkujqsfdqnghl/Build/Intermediates.noindex/PeerTubeSwift.build/Debug-iphonesimulator/PeerTubeSwift.build/Objects-normal/arm64/PeerTubeSwift-Swift.h -working-directory /Users/ericwatke/Documents/GitHub/peertube-swift/App/PeerTubeSwift -experimental-emit-module-separately -disable-cmo

SwiftDriverJobDiscovery normal arm64 Emitting module for SQLiteDataTestSupport (in target 'SQLiteDataTestSupport' from project 'sqlite-data')

SwiftDriver\ Compilation\ Requirements SQLiteDataTestSupport normal arm64 com.apple.xcode.tools.swift.compiler (in target 'SQLiteDataTestSupport' from project 'sqlite-data')
    cd /Users/ericwatke/Documents/GitHub/peertube-swift/App/PeerTubeSwift/PeerTubeSwift.xcodeproj
    builtin-Swift-Compilation-Requirements -- /Applications/Xcode-26.2.0.app/Contents/Developer/Toolchains/XcodeDefault.xctoolchain/usr/bin/swiftc -module-name SQLiteDataTestSupport -Onone -enforce-exclusivity\=checked @/Users/ericwatke/Library/Developer/Xcode/DerivedData/PeerTubeSwift-dpcwhlbrkmudrpgkkujqsfdqnghl/Build/Intermediates.noindex/sqlite-data.build/Debug-iphonesimulator/SQLiteDataTestSupport.build/Objects-normal/arm64/SQLiteDataTestSupport.SwiftFileList -DSWIFT_PACKAGE -DDEBUG -DSWIFT_MODULE_RESOURCE_BUNDLE_UNAVAILABLE -Xcc -fmodule-map-file\=/Users/ericwatke/Library/Developer/Xcode/DerivedData/PeerTubeSwift-dpcwhlbrkmudrpgkkujqsfdqnghl/SourcePackages/checkouts/GRDB.swift/Sources/GRDBSQLite/module.modulemap -DXcode -enable-upcoming-feature MemberImportVisibility -plugin-path /Applications/Xcode-26.2.0.app/Contents/Developer/Toolchains/XcodeDefault.xctoolchain/usr/lib/swift/host/plugins/testing -enable-experimental-feature DebugDescriptionMacro -sdk /Applications/Xcode-26.2.0.app/Contents/Developer/Platforms/iPhoneSimulator.platform/Developer/SDKs/iPhoneSimulator26.2.sdk -target arm64-apple-ios13.0-simulator -g -module-cache-path /Users/ericwatke/Library/Developer/Xcode/DerivedData/ModuleCache.noindex -Xfrontend -serialize-debugging-options -profile-coverage-mapping -profile-generate -enable-testing -suppress-warnings -index-store-path /Users/ericwatke/Library/Developer/Xcode/DerivedData/PeerTubeSwift-dpcwhlbrkmudrpgkkujqsfdqnghl/Index.noindex/DataStore -Xcc -D_LIBCPP_HARDENING_MODE\=_LIBCPP_HARDENING_MODE_DEBUG -swift-version 6 -I /Users/ericwatke/Library/Developer/Xcode/DerivedData/PeerTubeSwift-dpcwhlbrkmudrpgkkujqsfdqnghl/Build/Products/Debug-iphonesimulator -Isystem /Applications/Xcode-26.2.0.app/Contents/Developer/Platforms/iPhoneSimulator.platform/Developer/usr/lib -F /Users/ericwatke/Library/Developer/Xcode/DerivedData/PeerTubeSwift-dpcwhlbrkmudrpgkkujqsfdqnghl/Build/Products/Debug-iphonesimulator/PackageFrameworks -F /Users/ericwatke/Library/Developer/Xcode/DerivedData/PeerTubeSwift-dpcwhlbrkmudrpgkkujqsfdqnghl/Build/Products/Debug-iphonesimulator/PackageFrameworks -F /Users/ericwatke/Library/Developer/Xcode/DerivedData/PeerTubeSwift-dpcwhlbrkmudrpgkkujqsfdqnghl/Build/Products/Debug-iphonesimulator/PackageFrameworks -F /Users/ericwatke/Library/Developer/Xcode/DerivedData/PeerTubeSwift-dpcwhlbrkmudrpgkkujqsfdqnghl/Build/Products/Debug-iphonesimulator/PackageFrameworks -F /Users/ericwatke/Library/Developer/Xcode/DerivedData/PeerTubeSwift-dpcwhlbrkmudrpgkkujqsfdqnghl/Build/Products/Debug-iphonesimulator/PackageFrameworks -F /Users/ericwatke/Library/Developer/Xcode/DerivedData/PeerTubeSwift-dpcwhlbrkmudrpgkkujqsfdqnghl/Build/Products/Debug-iphonesimulator/PackageFrameworks -F /Users/ericwatke/Library/Developer/Xcode/DerivedData/PeerTubeSwift-dpcwhlbrkmudrpgkkujqsfdqnghl/Build/Products/Debug-iphonesimulator/PackageFrameworks -F /Users/ericwatke/Library/Developer/Xcode/DerivedData/PeerTubeSwift-dpcwhlbrkmudrpgkkujqsfdqnghl/Build/Products/Debug-iphonesimulator/PackageFrameworks -F /Users/ericwatke/Library/Developer/Xcode/DerivedData/PeerTubeSwift-dpcwhlbrkmudrpgkkujqsfdqnghl/Build/Products/Debug-iphonesimulator/PackageFrameworks -F /Users/ericwatke/Library/Developer/Xcode/DerivedData/PeerTubeSwift-dpcwhlbrkmudrpgkkujqsfdqnghl/Build/Products/Debug-iphonesimulator/PackageFrameworks -F /Users/ericwatke/Library/Developer/Xcode/DerivedData/PeerTubeSwift-dpcwhlbrkmudrpgkkujqsfdqnghl/Build/Products/Debug-iphonesimulator/PackageFrameworks -F /Users/ericwatke/Library/Developer/Xcode/DerivedData/PeerTubeSwift-dpcwhlbrkmudrpgkkujqsfdqnghl/Build/Products/Debug-iphonesimulator/PackageFrameworks -F /Users/ericwatke/Library/Developer/Xcode/DerivedData/PeerTubeSwift-dpcwhlbrkmudrpgkkujqsfdqnghl/Build/Products/Debug-iphonesimulator/PackageFrameworks -F /Users/ericwatke/Library/Developer/Xcode/DerivedData/PeerTubeSwift-dpcwhlbrkmudrpgkkujqsfdqnghl/Build/Products/Debug-iphonesimulator/PackageFrameworks -F /Users/ericwatke/Library/Developer/Xcode/DerivedData/PeerTubeSwift-dpcwhlbrkmudrpgkkujqsfdqnghl/Build/Products/Debug-iphonesimulator/PackageFrameworks -F /Users/ericwatke/Library/Developer/Xcode/DerivedData/PeerTubeSwift-dpcwhlbrkmudrpgkkujqsfdqnghl/Build/Products/Debug-iphonesimulator/PackageFrameworks -F /Users/ericwatke/Library/Developer/Xcode/DerivedData/PeerTubeSwift-dpcwhlbrkmudrpgkkujqsfdqnghl/Build/Products/Debug-iphonesimulator/PackageFrameworks -F /Users/ericwatke/Library/Developer/Xcode/DerivedData/PeerTubeSwift-dpcwhlbrkmudrpgkkujqsfdqnghl/Build/Products/Debug-iphonesimulator/PackageFrameworks -F /Users/ericwatke/Library/Developer/Xcode/DerivedData/PeerTubeSwift-dpcwhlbrkmudrpgkkujqsfdqnghl/Build/Products/Debug-iphonesimulator/PackageFrameworks -F /Users/ericwatke/Library/Developer/Xcode/DerivedData/PeerTubeSwift-dpcwhlbrkmudrpgkkujqsfdqnghl/Build/Products/Debug-iphonesimulator/PackageFrameworks -F /Users/ericwatke/Library/Developer/Xcode/DerivedData/PeerTubeSwift-dpcwhlbrkmudrpgkkujqsfdqnghl/Build/Products/Debug-iphonesimulator/PackageFrameworks -F /Users/ericwatke/Library/Developer/Xcode/DerivedData/PeerTubeSwift-dpcwhlbrkmudrpgkkujqsfdqnghl/Build/Products/Debug-iphonesimulator/PackageFrameworks -F /Users/ericwatke/Library/Developer/Xcode/DerivedData/PeerTubeSwift-dpcwhlbrkmudrpgkkujqsfdqnghl/Build/Products/Debug-iphonesimulator/PackageFrameworks -F /Users/ericwatke/Library/Developer/Xcode/DerivedData/PeerTubeSwift-dpcwhlbrkmudrpgkkujqsfdqnghl/Build/Products/Debug-iphonesimulator/PackageFrameworks -F /Users/ericwatke/Library/Developer/Xcode/DerivedData/PeerTubeSwift-dpcwhlbrkmudrpgkkujqsfdqnghl/Build/Products/Debug-iphonesimulator/PackageFrameworks -F /Users/ericwatke/Library/Developer/Xcode/DerivedData/PeerTubeSwift-dpcwhlbrkmudrpgkkujqsfdqnghl/Build/Products/Debug-iphonesimulator/PackageFrameworks -F /Users/ericwatke/Library/Developer/Xcode/DerivedData/PeerTubeSwift-dpcwhlbrkmudrpgkkujqsfdqnghl/Build/Products/Debug-iphonesimulator/PackageFrameworks -F /Users/ericwatke/Library/Developer/Xcode/DerivedData/PeerTubeSwift-dpcwhlbrkmudrpgkkujqsfdqnghl/Build/Products/Debug-iphonesimulator/PackageFrameworks -F /Users/ericwatke/Library/Developer/Xcode/DerivedData/PeerTubeSwift-dpcwhlbrkmudrpgkkujqsfdqnghl/Build/Products/Debug-iphonesimulator/PackageFrameworks -F /Users/ericwatke/Library/Developer/Xcode/DerivedData/PeerTubeSwift-dpcwhlbrkmudrpgkkujqsfdqnghl/Build/Products/Debug-iphonesimulator/PackageFrameworks -F /Users/ericwatke/Library/Developer/Xcode/DerivedData/PeerTubeSwift-dpcwhlbrkmudrpgkkujqsfdqnghl/Build/Products/Debug-iphonesimulator/PackageFrameworks -F /Users/ericwatke/Library/Developer/Xcode/DerivedData/PeerTubeSwift-dpcwhlbrkmudrpgkkujqsfdqnghl/Build/Products/Debug-iphonesimulator/PackageFrameworks -F /Users/ericwatke/Library/Developer/Xcode/DerivedData/PeerTubeSwift-dpcwhlbrkmudrpgkkujqsfdqnghl/Build/Products/Debug-iphonesimulator/PackageFrameworks -F /Users/ericwatke/Library/Developer/Xcode/DerivedData/PeerTubeSwift-dpcwhlbrkmudrpgkkujqsfdqnghl/Build/Products/Debug-iphonesimulator/PackageFrameworks -F /Users/ericwatke/Library/Developer/Xcode/DerivedData/PeerTubeSwift-dpcwhlbrkmudrpgkkujqsfdqnghl/Build/Products/Debug-iphonesimulator/PackageFrameworks -F /Users/ericwatke/Library/Developer/Xcode/DerivedData/PeerTubeSwift-dpcwhlbrkmudrpgkkujqsfdqnghl/Build/Products/Debug-iphonesimulator/PackageFrameworks -F /Users/ericwatke/Library/Developer/Xcode/DerivedData/PeerTubeSwift-dpcwhlbrkmudrpgkkujqsfdqnghl/Build/Products/Debug-iphonesimulator/PackageFrameworks -F /Users/ericwatke/Library/Developer/Xcode/DerivedData/PeerTubeSwift-dpcwhlbrkmudrpgkkujqsfdqnghl/Build/Products/Debug-iphonesimulator/PackageFrameworks -F /Users/ericwatke/Library/Developer/Xcode/DerivedData/PeerTubeSwift-dpcwhlbrkmudrpgkkujqsfdqnghl/Build/Products/Debug-iphonesimulator -F /Applications/Xcode-26.2.0.app/Contents/Developer/Platforms/iPhoneSimulator.platform/Developer/Library/Frameworks -F /Applications/Xcode-26.2.0.app/Contents/Developer/Platforms/iPhoneSimulator.platform/Developer/SDKs/iPhoneSimulator26.2.sdk/Developer/Library/Frameworks -Xfrontend -load-plugin-executable -Xfrontend /Users/ericwatke/Library/Developer/Xcode/DerivedData/PeerTubeSwift-dpcwhlbrkmudrpgkkujqsfdqnghl/Build/Products/Debug/PerceptionMacros\#PerceptionMacros -Xfrontend -load-plugin-executable -Xfrontend /Users/ericwatke/Library/Developer/Xcode/DerivedData/PeerTubeSwift-dpcwhlbrkmudrpgkkujqsfdqnghl/Build/Products/Debug/StructuredQueriesMacros\#StructuredQueriesMacros -Xfrontend -load-plugin-executable -Xfrontend /Users/ericwatke/Library/Developer/Xcode/DerivedData/PeerTubeSwift-dpcwhlbrkmudrpgkkujqsfdqnghl/Build/Products/Debug/StructuredQueriesSQLiteMacros\#StructuredQueriesSQLiteMacros -parse-as-library -c -j8 -enable-batch-mode -incremental -Xcc -ivfsstatcache -Xcc /Users/ericwatke/Library/Developer/Xcode/DerivedData/SDKStatCaches.noindex/iphonesimulator26.2-23C53-396ea2e52eee30dc3ef691f54c5a881e.sdkstatcache -output-file-map /Users/ericwatke/Library/Developer/Xcode/DerivedData/PeerTubeSwift-dpcwhlbrkmudrpgkkujqsfdqnghl/Build/Intermediates.noindex/sqlite-data.build/Debug-iphonesimulator/SQLiteDataTestSupport.build/Objects-normal/arm64/SQLiteDataTestSupport-OutputFileMap.json -use-frontend-parseable-output -save-temps -no-color-diagnostics -explicit-module-build -module-cache-path /Users/ericwatke/Library/Developer/Xcode/DerivedData/PeerTubeSwift-dpcwhlbrkmudrpgkkujqsfdqnghl/Build/Intermediates.noindex/SwiftExplicitPrecompiledModules -clang-scanner-module-cache-path /Users/ericwatke/Library/Developer/Xcode/DerivedData/ModuleCache.noindex -sdk-module-cache-path /Users/ericwatke/Library/Developer/Xcode/DerivedData/ModuleCache.noindex -serialize-diagnostics -emit-dependencies -emit-module -emit-module-path /Users/ericwatke/Library/Developer/Xcode/DerivedData/PeerTubeSwift-dpcwhlbrkmudrpgkkujqsfdqnghl/Build/Intermediates.noindex/sqlite-data.build/Debug-iphonesimulator/SQLiteDataTestSupport.build/Objects-normal/arm64/SQLiteDataTestSupport.swiftmodule -user-module-version 1.4.1 -validate-clang-modules-once -clang-build-session-file /Users/ericwatke/Library/Developer/Xcode/DerivedData/ModuleCache.noindex/Session.modulevalidation -package-name sqlite_data -Xcc -I/Users/ericwatke/Library/Developer/Xcode/DerivedData/PeerTubeSwift-dpcwhlbrkmudrpgkkujqsfdqnghl/Build/Intermediates.noindex/sqlite-data.build/Debug-iphonesimulator/SQLiteDataTestSupport.build/swift-overrides.hmap -emit-const-values -Xfrontend -const-gather-protocols-file -Xfrontend /Users/ericwatke/Library/Developer/Xcode/DerivedData/PeerTubeSwift-dpcwhlbrkmudrpgkkujqsfdqnghl/Build/Intermediates.noindex/sqlite-data.build/Debug-iphonesimulator/SQLiteDataTestSupport.build/Objects-normal/arm64/SQLiteDataTestSupport_const_extract_protocols.json -Xcc -I/Users/ericwatke/Library/Developer/Xcode/DerivedData/PeerTubeSwift-dpcwhlbrkmudrpgkkujqsfdqnghl/SourcePackages/checkouts/swift-syntax/Sources/_SwiftSyntaxCShims/include -Xcc -I/Users/ericwatke/Library/Developer/Xcode/DerivedData/PeerTubeSwift-dpcwhlbrkmudrpgkkujqsfdqnghl/Build/Products/Debug-iphonesimulator/include -Xcc -I/Users/ericwatke/Library/Developer/Xcode/DerivedData/PeerTubeSwift-dpcwhlbrkmudrpgkkujqsfdqnghl/Build/Intermediates.noindex/sqlite-data.build/Debug-iphonesimulator/SQLiteDataTestSupport.build/DerivedSources-normal/arm64 -Xcc -I/Users/ericwatke/Library/Developer/Xcode/DerivedData/PeerTubeSwift-dpcwhlbrkmudrpgkkujqsfdqnghl/Build/Intermediates.noindex/sqlite-data.build/Debug-iphonesimulator/SQLiteDataTestSupport.build/DerivedSources/arm64 -Xcc -I/Users/ericwatke/Library/Developer/Xcode/DerivedData/PeerTubeSwift-dpcwhlbrkmudrpgkkujqsfdqnghl/Build/Intermediates.noindex/sqlite-data.build/Debug-iphonesimulator/SQLiteDataTestSupport.build/DerivedSources -Xcc -DSWIFT_PACKAGE -Xcc -DDEBUG\=1 -emit-objc-header -emit-objc-header-path /Users/ericwatke/Library/Developer/Xcode/DerivedData/PeerTubeSwift-dpcwhlbrkmudrpgkkujqsfdqnghl/Build/Intermediates.noindex/sqlite-data.build/Debug-iphonesimulator/SQLiteDataTestSupport.build/Objects-normal/arm64/SQLiteDataTestSupport-Swift.h -working-directory /Users/ericwatke/Documents/GitHub/peertube-swift/App/PeerTubeSwift/PeerTubeSwift.xcodeproj -experimental-emit-module-separately -disable-cmo

Copy /Users/ericwatke/Library/Developer/Xcode/DerivedData/PeerTubeSwift-dpcwhlbrkmudrpgkkujqsfdqnghl/Build/Products/Debug-iphonesimulator/SQLiteDataTestSupport.swiftmodule/arm64-apple-ios-simulator.abi.json /Users/ericwatke/Library/Developer/Xcode/DerivedData/PeerTubeSwift-dpcwhlbrkmudrpgkkujqsfdqnghl/Build/Intermediates.noindex/sqlite-data.build/Debug-iphonesimulator/SQLiteDataTestSupport.build/Objects-normal/arm64/SQLiteDataTestSupport.abi.json (in target 'SQLiteDataTestSupport' from project 'sqlite-data')
    cd /Users/ericwatke/Library/Developer/Xcode/DerivedData/PeerTubeSwift-dpcwhlbrkmudrpgkkujqsfdqnghl/SourcePackages/checkouts/sqlite-data
    builtin-copy -exclude .DS_Store -exclude CVS -exclude .svn -exclude .git -exclude .hg -resolve-src-symlinks -rename /Users/ericwatke/Library/Developer/Xcode/DerivedData/PeerTubeSwift-dpcwhlbrkmudrpgkkujqsfdqnghl/Build/Intermediates.noindex/sqlite-data.build/Debug-iphonesimulator/SQLiteDataTestSupport.build/Objects-normal/arm64/SQLiteDataTestSupport.abi.json /Users/ericwatke/Library/Developer/Xcode/DerivedData/PeerTubeSwift-dpcwhlbrkmudrpgkkujqsfdqnghl/Build/Products/Debug-iphonesimulator/SQLiteDataTestSupport.swiftmodule/arm64-apple-ios-simulator.abi.json

SwiftDriverJobDiscovery normal arm64 Emitting module for PeerTubeSwift (in target 'PeerTubeSwift' from project 'PeerTubeSwift')

SwiftDriver\ Compilation\ Requirements PeerTubeSwift normal arm64 com.apple.xcode.tools.swift.compiler (in target 'PeerTubeSwift' from project 'PeerTubeSwift')
    cd /Users/ericwatke/Documents/GitHub/peertube-swift/App/PeerTubeSwift
    builtin-Swift-Compilation-Requirements -- /Applications/Xcode-26.2.0.app/Contents/Developer/Toolchains/XcodeDefault.xctoolchain/usr/bin/swiftc -module-name PeerTubeSwift -Onone -enforce-exclusivity\=checked @/Users/ericwatke/Library/Developer/Xcode/DerivedData/PeerTubeSwift-dpcwhlbrkmudrpgkkujqsfdqnghl/Build/Intermediates.noindex/PeerTubeSwift.build/Debug-iphonesimulator/PeerTubeSwift.build/Objects-normal/arm64/PeerTubeSwift.SwiftFileList -DDEBUG -Xcc -fmodule-map-file\=/Users/ericwatke/Library/Developer/Xcode/DerivedData/PeerTubeSwift-dpcwhlbrkmudrpgkkujqsfdqnghl/SourcePackages/checkouts/GRDB.swift/Sources/GRDBSQLite/module.modulemap -Xcc -fmodule-map-file\=/Users/ericwatke/Library/Developer/Xcode/DerivedData/PeerTubeSwift-dpcwhlbrkmudrpgkkujqsfdqnghl/Build/Intermediates.noindex/GeneratedModuleMaps-iphonesimulator/UIKitNavigationShim.modulemap -enable-upcoming-feature MemberImportVisibility -enable-upcoming-feature InferIsolatedConformances -enable-upcoming-feature NonisolatedNonsendingByDefault -enable-experimental-feature DebugDescriptionMacro -sdk /Applications/Xcode-26.2.0.app/Contents/Developer/Platforms/iPhoneSimulator.platform/Developer/SDKs/iPhoneSimulator26.2.sdk -target arm64-apple-ios18.6-simulator -g -module-cache-path /Users/ericwatke/Library/Developer/Xcode/DerivedData/ModuleCache.noindex -Xfrontend -serialize-debugging-options -profile-coverage-mapping -profile-generate -enable-testing -index-store-path /Users/ericwatke/Library/Developer/Xcode/DerivedData/PeerTubeSwift-dpcwhlbrkmudrpgkkujqsfdqnghl/Index.noindex/DataStore -Xcc -D_LIBCPP_HARDENING_MODE\=_LIBCPP_HARDENING_MODE_DEBUG -swift-version 6 -I /Users/ericwatke/Library/Developer/Xcode/DerivedData/PeerTubeSwift-dpcwhlbrkmudrpgkkujqsfdqnghl/Build/Products/Debug-iphonesimulator -F /Users/ericwatke/Library/Developer/Xcode/DerivedData/PeerTubeSwift-dpcwhlbrkmudrpgkkujqsfdqnghl/Build/Products/Debug-iphonesimulator/PackageFrameworks -F /Users/ericwatke/Library/Developer/Xcode/DerivedData/PeerTubeSwift-dpcwhlbrkmudrpgkkujqsfdqnghl/Build/Products/Debug-iphonesimulator/PackageFrameworks -F /Users/ericwatke/Library/Developer/Xcode/DerivedData/PeerTubeSwift-dpcwhlbrkmudrpgkkujqsfdqnghl/Build/Products/Debug-iphonesimulator/PackageFrameworks -F /Users/ericwatke/Library/Developer/Xcode/DerivedData/PeerTubeSwift-dpcwhlbrkmudrpgkkujqsfdqnghl/Build/Products/Debug-iphonesimulator/PackageFrameworks -F /Users/ericwatke/Library/Developer/Xcode/DerivedData/PeerTubeSwift-dpcwhlbrkmudrpgkkujqsfdqnghl/Build/Products/Debug-iphonesimulator/PackageFrameworks -F /Users/ericwatke/Library/Developer/Xcode/DerivedData/PeerTubeSwift-dpcwhlbrkmudrpgkkujqsfdqnghl/Build/Products/Debug-iphonesimulator/PackageFrameworks -F /Users/ericwatke/Library/Developer/Xcode/DerivedData/PeerTubeSwift-dpcwhlbrkmudrpgkkujqsfdqnghl/Build/Products/Debug-iphonesimulator/PackageFrameworks -F /Users/ericwatke/Library/Developer/Xcode/DerivedData/PeerTubeSwift-dpcwhlbrkmudrpgkkujqsfdqnghl/Build/Products/Debug-iphonesimulator/PackageFrameworks -F /Users/ericwatke/Library/Developer/Xcode/DerivedData/PeerTubeSwift-dpcwhlbrkmudrpgkkujqsfdqnghl/Build/Products/Debug-iphonesimulator/PackageFrameworks -F /Users/ericwatke/Library/Developer/Xcode/DerivedData/PeerTubeSwift-dpcwhlbrkmudrpgkkujqsfdqnghl/Build/Products/Debug-iphonesimulator/PackageFrameworks -F /Users/ericwatke/Library/Developer/Xcode/DerivedData/PeerTubeSwift-dpcwhlbrkmudrpgkkujqsfdqnghl/Build/Products/Debug-iphonesimulator/PackageFrameworks -F /Users/ericwatke/Library/Developer/Xcode/DerivedData/PeerTubeSwift-dpcwhlbrkmudrpgkkujqsfdqnghl/Build/Products/Debug-iphonesimulator/PackageFrameworks -F /Users/ericwatke/Library/Developer/Xcode/DerivedData/PeerTubeSwift-dpcwhlbrkmudrpgkkujqsfdqnghl/Build/Products/Debug-iphonesimulator/PackageFrameworks -F /Users/ericwatke/Library/Developer/Xcode/DerivedData/PeerTubeSwift-dpcwhlbrkmudrpgkkujqsfdqnghl/Build/Products/Debug-iphonesimulator/PackageFrameworks -F /Users/ericwatke/Library/Developer/Xcode/DerivedData/PeerTubeSwift-dpcwhlbrkmudrpgkkujqsfdqnghl/Build/Products/Debug-iphonesimulator/PackageFrameworks -F /Users/ericwatke/Library/Developer/Xcode/DerivedData/PeerTubeSwift-dpcwhlbrkmudrpgkkujqsfdqnghl/Build/Products/Debug-iphonesimulator/PackageFrameworks -F /Users/ericwatke/Library/Developer/Xcode/DerivedData/PeerTubeSwift-dpcwhlbrkmudrpgkkujqsfdqnghl/Build/Products/Debug-iphonesimulator/PackageFrameworks -F /Users/ericwatke/Library/Developer/Xcode/DerivedData/PeerTubeSwift-dpcwhlbrkmudrpgkkujqsfdqnghl/Build/Products/Debug-iphonesimulator/PackageFrameworks -F /Users/ericwatke/Library/Developer/Xcode/DerivedData/PeerTubeSwift-dpcwhlbrkmudrpgkkujqsfdqnghl/Build/Products/Debug-iphonesimulator/PackageFrameworks -F /Users/ericwatke/Library/Developer/Xcode/DerivedData/PeerTubeSwift-dpcwhlbrkmudrpgkkujqsfdqnghl/Build/Products/Debug-iphonesimulator/PackageFrameworks -F /Users/ericwatke/Library/Developer/Xcode/DerivedData/PeerTubeSwift-dpcwhlbrkmudrpgkkujqsfdqnghl/Build/Products/Debug-iphonesimulator/PackageFrameworks -F /Users/ericwatke/Library/Developer/Xcode/DerivedData/PeerTubeSwift-dpcwhlbrkmudrpgkkujqsfdqnghl/Build/Products/Debug-iphonesimulator/PackageFrameworks -F /Users/ericwatke/Library/Developer/Xcode/DerivedData/PeerTubeSwift-dpcwhlbrkmudrpgkkujqsfdqnghl/Build/Products/Debug-iphonesimulator/PackageFrameworks -F /Users/ericwatke/Library/Developer/Xcode/DerivedData/PeerTubeSwift-dpcwhlbrkmudrpgkkujqsfdqnghl/Build/Products/Debug-iphonesimulator/PackageFrameworks -F /Users/ericwatke/Library/Developer/Xcode/DerivedData/PeerTubeSwift-dpcwhlbrkmudrpgkkujqsfdqnghl/Build/Products/Debug-iphonesimulator/PackageFrameworks -F /Users/ericwatke/Library/Developer/Xcode/DerivedData/PeerTubeSwift-dpcwhlbrkmudrpgkkujqsfdqnghl/Build/Products/Debug-iphonesimulator/PackageFrameworks -F /Users/ericwatke/Library/Developer/Xcode/DerivedData/PeerTubeSwift-dpcwhlbrkmudrpgkkujqsfdqnghl/Build/Products/Debug-iphonesimulator/PackageFrameworks -F /Users/ericwatke/Library/Developer/Xcode/DerivedData/PeerTubeSwift-dpcwhlbrkmudrpgkkujqsfdqnghl/Build/Products/Debug-iphonesimulator/PackageFrameworks -F /Users/ericwatke/Library/Developer/Xcode/DerivedData/PeerTubeSwift-dpcwhlbrkmudrpgkkujqsfdqnghl/Build/Products/Debug-iphonesimulator/PackageFrameworks -F /Users/ericwatke/Library/Developer/Xcode/DerivedData/PeerTubeSwift-dpcwhlbrkmudrpgkkujqsfdqnghl/Build/Products/Debug-iphonesimulator/PackageFrameworks -F /Users/ericwatke/Library/Developer/Xcode/DerivedData/PeerTubeSwift-dpcwhlbrkmudrpgkkujqsfdqnghl/Build/Products/Debug-iphonesimulator/PackageFrameworks -F /Users/ericwatke/Library/Developer/Xcode/DerivedData/PeerTubeSwift-dpcwhlbrkmudrpgkkujqsfdqnghl/Build/Products/Debug-iphonesimulator/PackageFrameworks -F /Users/ericwatke/Library/Developer/Xcode/DerivedData/PeerTubeSwift-dpcwhlbrkmudrpgkkujqsfdqnghl/Build/Products/Debug-iphonesimulator/PackageFrameworks -F /Users/ericwatke/Library/Developer/Xcode/DerivedData/PeerTubeSwift-dpcwhlbrkmudrpgkkujqsfdqnghl/Build/Products/Debug-iphonesimulator/PackageFrameworks -F /Users/ericwatke/Library/Developer/Xcode/DerivedData/PeerTubeSwift-dpcwhlbrkmudrpgkkujqsfdqnghl/Build/Products/Debug-iphonesimulator/PackageFrameworks -F /Users/ericwatke/Library/Developer/Xcode/DerivedData/PeerTubeSwift-dpcwhlbrkmudrpgkkujqsfdqnghl/Build/Products/Debug-iphonesimulator -Xfrontend -load-plugin-executable -Xfrontend /Users/ericwatke/Library/Developer/Xcode/DerivedData/PeerTubeSwift-dpcwhlbrkmudrpgkkujqsfdqnghl/Build/Products/Debug/CasePathsMacros\#CasePathsMacros -Xfrontend -load-plugin-executable -Xfrontend /Users/ericwatke/Library/Developer/Xcode/DerivedData/PeerTubeSwift-dpcwhlbrkmudrpgkkujqsfdqnghl/Build/Products/Debug/ComposableArchitectureMacros\#ComposableArchitectureMacros -Xfrontend -load-plugin-executable -Xfrontend /Users/ericwatke/Library/Developer/Xcode/DerivedData/PeerTubeSwift-dpcwhlbrkmudrpgkkujqsfdqnghl/Build/Products/Debug/DependenciesMacrosPlugin\#DependenciesMacrosPlugin -Xfrontend -load-plugin-executable -Xfrontend /Users/ericwatke/Library/Developer/Xcode/DerivedData/PeerTubeSwift-dpcwhlbrkmudrpgkkujqsfdqnghl/Build/Products/Debug/PerceptionMacros\#PerceptionMacros -Xfrontend -load-plugin-executable -Xfrontend /Users/ericwatke/Library/Developer/Xcode/DerivedData/PeerTubeSwift-dpcwhlbrkmudrpgkkujqsfdqnghl/Build/Products/Debug/StructuredQueriesMacros\#StructuredQueriesMacros -Xfrontend -load-plugin-executable -Xfrontend /Users/ericwatke/Library/Developer/Xcode/DerivedData/PeerTubeSwift-dpcwhlbrkmudrpgkkujqsfdqnghl/Build/Products/Debug/StructuredQueriesSQLiteMacros\#StructuredQueriesSQLiteMacros -emit-localized-strings -emit-localized-strings-path /Users/ericwatke/Library/Developer/Xcode/DerivedData/PeerTubeSwift-dpcwhlbrkmudrpgkkujqsfdqnghl/Build/Intermediates.noindex/PeerTubeSwift.build/Debug-iphonesimulator/PeerTubeSwift.build/Objects-normal/arm64 -c -j8 -enable-batch-mode -incremental -Xcc -ivfsstatcache -Xcc /Users/ericwatke/Library/Developer/Xcode/DerivedData/SDKStatCaches.noindex/iphonesimulator26.2-23C53-396ea2e52eee30dc3ef691f54c5a881e.sdkstatcache -output-file-map /Users/ericwatke/Library/Developer/Xcode/DerivedData/PeerTubeSwift-dpcwhlbrkmudrpgkkujqsfdqnghl/Build/Intermediates.noindex/PeerTubeSwift.build/Debug-iphonesimulator/PeerTubeSwift.build/Objects-normal/arm64/PeerTubeSwift-OutputFileMap.json -use-frontend-parseable-output -save-temps -no-color-diagnostics -explicit-module-build -module-cache-path /Users/ericwatke/Library/Developer/Xcode/DerivedData/PeerTubeSwift-dpcwhlbrkmudrpgkkujqsfdqnghl/Build/Intermediates.noindex/SwiftExplicitPrecompiledModules -clang-scanner-module-cache-path /Users/ericwatke/Library/Developer/Xcode/DerivedData/ModuleCache.noindex -sdk-module-cache-path /Users/ericwatke/Library/Developer/Xcode/DerivedData/ModuleCache.noindex -serialize-diagnostics -emit-dependencies -emit-module -emit-module-path /Users/ericwatke/Library/Developer/Xcode/DerivedData/PeerTubeSwift-dpcwhlbrkmudrpgkkujqsfdqnghl/Build/Intermediates.noindex/PeerTubeSwift.build/Debug-iphonesimulator/PeerTubeSwift.build/Objects-normal/arm64/PeerTubeSwift.swiftmodule -validate-clang-modules-once -clang-build-session-file /Users/ericwatke/Library/Developer/Xcode/DerivedData/ModuleCache.noindex/Session.modulevalidation -Xcc -I/Users/ericwatke/Library/Developer/Xcode/DerivedData/PeerTubeSwift-dpcwhlbrkmudrpgkkujqsfdqnghl/Build/Intermediates.noindex/PeerTubeSwift.build/Debug-iphonesimulator/PeerTubeSwift.build/swift-overrides.hmap -emit-const-values -Xfrontend -const-gather-protocols-file -Xfrontend /Users/ericwatke/Library/Developer/Xcode/DerivedData/PeerTubeSwift-dpcwhlbrkmudrpgkkujqsfdqnghl/Build/Intermediates.noindex/PeerTubeSwift.build/Debug-iphonesimulator/PeerTubeSwift.build/Objects-normal/arm64/PeerTubeSwift_const_extract_protocols.json -Xcc -iquote -Xcc /Users/ericwatke/Library/Developer/Xcode/DerivedData/PeerTubeSwift-dpcwhlbrkmudrpgkkujqsfdqnghl/Build/Intermediates.noindex/PeerTubeSwift.build/Debug-iphonesimulator/PeerTubeSwift.build/PeerTubeSwift-generated-files.hmap -Xcc -I/Users/ericwatke/Library/Developer/Xcode/DerivedData/PeerTubeSwift-dpcwhlbrkmudrpgkkujqsfdqnghl/Build/Intermediates.noindex/PeerTubeSwift.build/Debug-iphonesimulator/PeerTubeSwift.build/PeerTubeSwift-own-target-headers.hmap -Xcc -I/Users/ericwatke/Library/Developer/Xcode/DerivedData/PeerTubeSwift-dpcwhlbrkmudrpgkkujqsfdqnghl/Build/Intermediates.noindex/PeerTubeSwift.build/Debug-iphonesimulator/PeerTubeSwift.build/PeerTubeSwift-all-non-framework-target-headers.hmap -Xcc -ivfsoverlay -Xcc /Users/ericwatke/Library/Developer/Xcode/DerivedData/PeerTubeSwift-dpcwhlbrkmudrpgkkujqsfdqnghl/Build/Intermediates.noindex/PeerTubeSwift.build/Debug-iphonesimulator/PeerTubeSwift-737a43c5f02e2b54d5d37b163228a2ce-VFS-iphonesimulator/all-product-headers.yaml -Xcc -iquote -Xcc /Users/ericwatke/Library/Developer/Xcode/DerivedData/PeerTubeSwift-dpcwhlbrkmudrpgkkujqsfdqnghl/Build/Intermediates.noindex/PeerTubeSwift.build/Debug-iphonesimulator/PeerTubeSwift.build/PeerTubeSwift-project-headers.hmap -Xcc -I/Users/ericwatke/Library/Developer/Xcode/DerivedData/PeerTubeSwift-dpcwhlbrkmudrpgkkujqsfdqnghl/SourcePackages/checkouts/swift-navigation/Sources/UIKitNavigationShim/include -Xcc -I/Users/ericwatke/Library/Developer/Xcode/DerivedData/PeerTubeSwift-dpcwhlbrkmudrpgkkujqsfdqnghl/Build/Products/Debug-iphonesimulator/include -Xcc -I/Users/ericwatke/Library/Developer/Xcode/DerivedData/PeerTubeSwift-dpcwhlbrkmudrpgkkujqsfdqnghl/Build/Intermediates.noindex/PeerTubeSwift.build/Debug-iphonesimulator/PeerTubeSwift.build/DerivedSources-normal/arm64 -Xcc -I/Users/ericwatke/Library/Developer/Xcode/DerivedData/PeerTubeSwift-dpcwhlbrkmudrpgkkujqsfdqnghl/Build/Intermediates.noindex/PeerTubeSwift.build/Debug-iphonesimulator/PeerTubeSwift.build/DerivedSources/arm64 -Xcc -I/Users/ericwatke/Library/Developer/Xcode/DerivedData/PeerTubeSwift-dpcwhlbrkmudrpgkkujqsfdqnghl/Build/Intermediates.noindex/PeerTubeSwift.build/Debug-iphonesimulator/PeerTubeSwift.build/DerivedSources -Xcc -DDEBUG\=1 -emit-objc-header -emit-objc-header-path /Users/ericwatke/Library/Developer/Xcode/DerivedData/PeerTubeSwift-dpcwhlbrkmudrpgkkujqsfdqnghl/Build/Intermediates.noindex/PeerTubeSwift.build/Debug-iphonesimulator/PeerTubeSwift.build/Objects-normal/arm64/PeerTubeSwift-Swift.h -working-directory /Users/ericwatke/Documents/GitHub/peertube-swift/App/PeerTubeSwift -experimental-emit-module-separately -disable-cmo

Copy /Users/ericwatke/Library/Developer/Xcode/DerivedData/PeerTubeSwift-dpcwhlbrkmudrpgkkujqsfdqnghl/Build/Products/Debug-iphonesimulator/PeerTubeSwift.swiftmodule/arm64-apple-ios-simulator.abi.json /Users/ericwatke/Library/Developer/Xcode/DerivedData/PeerTubeSwift-dpcwhlbrkmudrpgkkujqsfdqnghl/Build/Intermediates.noindex/PeerTubeSwift.build/Debug-iphonesimulator/PeerTubeSwift.build/Objects-normal/arm64/PeerTubeSwift.abi.json (in target 'PeerTubeSwift' from project 'PeerTubeSwift')
    cd /Users/ericwatke/Documents/GitHub/peertube-swift/App/PeerTubeSwift
    builtin-copy -exclude .DS_Store -exclude CVS -exclude .svn -exclude .git -exclude .hg -resolve-src-symlinks -rename /Users/ericwatke/Library/Developer/Xcode/DerivedData/PeerTubeSwift-dpcwhlbrkmudrpgkkujqsfdqnghl/Build/Intermediates.noindex/PeerTubeSwift.build/Debug-iphonesimulator/PeerTubeSwift.build/Objects-normal/arm64/PeerTubeSwift.abi.json /Users/ericwatke/Library/Developer/Xcode/DerivedData/PeerTubeSwift-dpcwhlbrkmudrpgkkujqsfdqnghl/Build/Products/Debug-iphonesimulator/PeerTubeSwift.swiftmodule/arm64-apple-ios-simulator.abi.json

Ld /Users/ericwatke/Library/Developer/Xcode/DerivedData/PeerTubeSwift-dpcwhlbrkmudrpgkkujqsfdqnghl/Build/Products/Debug-iphonesimulator/PeerTubeSwift.app/PeerTubeSwift.debug.dylib normal (in target 'PeerTubeSwift' from project 'PeerTubeSwift')
    cd /Users/ericwatke/Documents/GitHub/peertube-swift/App/PeerTubeSwift
    /Applications/Xcode-26.2.0.app/Contents/Developer/Toolchains/XcodeDefault.xctoolchain/usr/bin/clang -Xlinker -reproducible -target arm64-apple-ios18.6-simulator -dynamiclib -isysroot /Applications/Xcode-26.2.0.app/Contents/Developer/Platforms/iPhoneSimulator.platform/Developer/SDKs/iPhoneSimulator26.2.sdk -O0 -L/Users/ericwatke/Library/Developer/Xcode/DerivedData/PeerTubeSwift-dpcwhlbrkmudrpgkkujqsfdqnghl/Build/Intermediates.noindex/EagerLinkingTBDs/Debug-iphonesimulator -L/Users/ericwatke/Library/Developer/Xcode/DerivedData/PeerTubeSwift-dpcwhlbrkmudrpgkkujqsfdqnghl/Build/Products/Debug-iphonesimulator -F/Users/ericwatke/Library/Developer/Xcode/DerivedData/PeerTubeSwift-dpcwhlbrkmudrpgkkujqsfdqnghl/Build/Intermediates.noindex/EagerLinkingTBDs/Debug-iphonesimulator -F/Users/ericwatke/Library/Developer/Xcode/DerivedData/PeerTubeSwift-dpcwhlbrkmudrpgkkujqsfdqnghl/Build/Products/Debug-iphonesimulator/PackageFrameworks -F/Users/ericwatke/Library/Developer/Xcode/DerivedData/PeerTubeSwift-dpcwhlbrkmudrpgkkujqsfdqnghl/Build/Products/Debug-iphonesimulator/PackageFrameworks -F/Users/ericwatke/Library/Developer/Xcode/DerivedData/PeerTubeSwift-dpcwhlbrkmudrpgkkujqsfdqnghl/Build/Products/Debug-iphonesimulator/PackageFrameworks -F/Users/ericwatke/Library/Developer/Xcode/DerivedData/PeerTubeSwift-dpcwhlbrkmudrpgkkujqsfdqnghl/Build/Products/Debug-iphonesimulator/PackageFrameworks -F/Users/ericwatke/Library/Developer/Xcode/DerivedData/PeerTubeSwift-dpcwhlbrkmudrpgkkujqsfdqnghl/Build/Products/Debug-iphonesimulator/PackageFrameworks -F/Users/ericwatke/Library/Developer/Xcode/DerivedData/PeerTubeSwift-dpcwhlbrkmudrpgkkujqsfdqnghl/Build/Products/Debug-iphonesimulator/PackageFrameworks -F/Users/ericwatke/Library/Developer/Xcode/DerivedData/PeerTubeSwift-dpcwhlbrkmudrpgkkujqsfdqnghl/Build/Products/Debug-iphonesimulator/PackageFrameworks -F/Users/ericwatke/Library/Developer/Xcode/DerivedData/PeerTubeSwift-dpcwhlbrkmudrpgkkujqsfdqnghl/Build/Products/Debug-iphonesimulator/PackageFrameworks -F/Users/ericwatke/Library/Developer/Xcode/DerivedData/PeerTubeSwift-dpcwhlbrkmudrpgkkujqsfdqnghl/Build/Products/Debug-iphonesimulator/PackageFrameworks -F/Users/ericwatke/Library/Developer/Xcode/DerivedData/PeerTubeSwift-dpcwhlbrkmudrpgkkujqsfdqnghl/Build/Products/Debug-iphonesimulator/PackageFrameworks -F/Users/ericwatke/Library/Developer/Xcode/DerivedData/PeerTubeSwift-dpcwhlbrkmudrpgkkujqsfdqnghl/Build/Products/Debug-iphonesimulator/PackageFrameworks -F/Users/ericwatke/Library/Developer/Xcode/DerivedData/PeerTubeSwift-dpcwhlbrkmudrpgkkujqsfdqnghl/Build/Products/Debug-iphonesimulator/PackageFrameworks -F/Users/ericwatke/Library/Developer/Xcode/DerivedData/PeerTubeSwift-dpcwhlbrkmudrpgkkujqsfdqnghl/Build/Products/Debug-iphonesimulator/PackageFrameworks -F/Users/ericwatke/Library/Developer/Xcode/DerivedData/PeerTubeSwift-dpcwhlbrkmudrpgkkujqsfdqnghl/Build/Products/Debug-iphonesimulator/PackageFrameworks -F/Users/ericwatke/Library/Developer/Xcode/DerivedData/PeerTubeSwift-dpcwhlbrkmudrpgkkujqsfdqnghl/Build/Products/Debug-iphonesimulator/PackageFrameworks -F/Users/ericwatke/Library/Developer/Xcode/DerivedData/PeerTubeSwift-dpcwhlbrkmudrpgkkujqsfdqnghl/Build/Products/Debug-iphonesimulator/PackageFrameworks -F/Users/ericwatke/Library/Developer/Xcode/DerivedData/PeerTubeSwift-dpcwhlbrkmudrpgkkujqsfdqnghl/Build/Products/Debug-iphonesimulator/PackageFrameworks -F/Users/ericwatke/Library/Developer/Xcode/DerivedData/PeerTubeSwift-dpcwhlbrkmudrpgkkujqsfdqnghl/Build/Products/Debug-iphonesimulator/PackageFrameworks -F/Users/ericwatke/Library/Developer/Xcode/DerivedData/PeerTubeSwift-dpcwhlbrkmudrpgkkujqsfdqnghl/Build/Products/Debug-iphonesimulator/PackageFrameworks -F/Users/ericwatke/Library/Developer/Xcode/DerivedData/PeerTubeSwift-dpcwhlbrkmudrpgkkujqsfdqnghl/Build/Products/Debug-iphonesimulator/PackageFrameworks -F/Users/ericwatke/Library/Developer/Xcode/DerivedData/PeerTubeSwift-dpcwhlbrkmudrpgkkujqsfdqnghl/Build/Products/Debug-iphonesimulator/PackageFrameworks -F/Users/ericwatke/Library/Developer/Xcode/DerivedData/PeerTubeSwift-dpcwhlbrkmudrpgkkujqsfdqnghl/Build/Products/Debug-iphonesimulator/PackageFrameworks -F/Users/ericwatke/Library/Developer/Xcode/DerivedData/PeerTubeSwift-dpcwhlbrkmudrpgkkujqsfdqnghl/Build/Products/Debug-iphonesimulator/PackageFrameworks -F/Users/ericwatke/Library/Developer/Xcode/DerivedData/PeerTubeSwift-dpcwhlbrkmudrpgkkujqsfdqnghl/Build/Products/Debug-iphonesimulator/PackageFrameworks -F/Users/ericwatke/Library/Developer/Xcode/DerivedData/PeerTubeSwift-dpcwhlbrkmudrpgkkujqsfdqnghl/Build/Products/Debug-iphonesimulator/PackageFrameworks -F/Users/ericwatke/Library/Developer/Xcode/DerivedData/PeerTubeSwift-dpcwhlbrkmudrpgkkujqsfdqnghl/Build/Products/Debug-iphonesimulator/PackageFrameworks -F/Users/ericwatke/Library/Developer/Xcode/DerivedData/PeerTubeSwift-dpcwhlbrkmudrpgkkujqsfdqnghl/Build/Products/Debug-iphonesimulator/PackageFrameworks -F/Users/ericwatke/Library/Developer/Xcode/DerivedData/PeerTubeSwift-dpcwhlbrkmudrpgkkujqsfdqnghl/Build/Products/Debug-iphonesimulator/PackageFrameworks -F/Users/ericwatke/Library/Developer/Xcode/DerivedData/PeerTubeSwift-dpcwhlbrkmudrpgkkujqsfdqnghl/Build/Products/Debug-iphonesimulator/PackageFrameworks -F/Users/ericwatke/Library/Developer/Xcode/DerivedData/PeerTubeSwift-dpcwhlbrkmudrpgkkujqsfdqnghl/Build/Products/Debug-iphonesimulator/PackageFrameworks -F/Users/ericwatke/Library/Developer/Xcode/DerivedData/PeerTubeSwift-dpcwhlbrkmudrpgkkujqsfdqnghl/Build/Products/Debug-iphonesimulator/PackageFrameworks -F/Users/ericwatke/Library/Developer/Xcode/DerivedData/PeerTubeSwift-dpcwhlbrkmudrpgkkujqsfdqnghl/Build/Products/Debug-iphonesimulator/PackageFrameworks -F/Users/ericwatke/Library/Developer/Xcode/DerivedData/PeerTubeSwift-dpcwhlbrkmudrpgkkujqsfdqnghl/Build/Products/Debug-iphonesimulator/PackageFrameworks -F/Users/ericwatke/Library/Developer/Xcode/DerivedData/PeerTubeSwift-dpcwhlbrkmudrpgkkujqsfdqnghl/Build/Products/Debug-iphonesimulator/PackageFrameworks -F/Users/ericwatke/Library/Developer/Xcode/DerivedData/PeerTubeSwift-dpcwhlbrkmudrpgkkujqsfdqnghl/Build/Products/Debug-iphonesimulator/PackageFrameworks -F/Users/ericwatke/Library/Developer/Xcode/DerivedData/PeerTubeSwift-dpcwhlbrkmudrpgkkujqsfdqnghl/Build/Products/Debug-iphonesimulator -filelist /Users/ericwatke/Library/Developer/Xcode/DerivedData/PeerTubeSwift-dpcwhlbrkmudrpgkkujqsfdqnghl/Build/Intermediates.noindex/PeerTubeSwift.build/Debug-iphonesimulator/PeerTubeSwift.build/Objects-normal/arm64/PeerTubeSwift.LinkFileList -install_name @rpath/PeerTubeSwift.debug.dylib -Xlinker -rpath -Xlinker /usr/lib/swift -Xlinker -rpath -Xlinker /Users/ericwatke/Library/Developer/Xcode/DerivedData/PeerTubeSwift-dpcwhlbrkmudrpgkkujqsfdqnghl/Build/Products/Debug-iphonesimulator/PackageFrameworks -Xlinker -rpath -Xlinker @executable_path/Frameworks -dead_strip -Xlinker -object_path_lto -Xlinker /Users/ericwatke/Library/Developer/Xcode/DerivedData/PeerTubeSwift-dpcwhlbrkmudrpgkkujqsfdqnghl/Build/Intermediates.noindex/PeerTubeSwift.build/Debug-iphonesimulator/PeerTubeSwift.build/Objects-normal/arm64/PeerTubeSwift_lto.o -rdynamic -Xlinker -no_deduplicate -Xlinker -objc_abi_version -Xlinker 2 -Xlinker -debug_variant -Xlinker -dependency_info -Xlinker /Users/ericwatke/Library/Developer/Xcode/DerivedData/PeerTubeSwift-dpcwhlbrkmudrpgkkujqsfdqnghl/Build/Intermediates.noindex/PeerTubeSwift.build/Debug-iphonesimulator/PeerTubeSwift.build/Objects-normal/arm64/PeerTubeSwift_dependency_info.dat -fobjc-link-runtime -fprofile-instr-generate -L/Applications/Xcode-26.2.0.app/Contents/Developer/Toolchains/XcodeDefault.xctoolchain/usr/lib/swift/iphonesimulator -L/usr/lib/swift -Xlinker -add_ast_path -Xlinker /Users/ericwatke/Library/Developer/Xcode/DerivedData/PeerTubeSwift-dpcwhlbrkmudrpgkkujqsfdqnghl/Build/Intermediates.noindex/PeerTubeSwift.build/Debug-iphonesimulator/PeerTubeSwift.build/Objects-normal/arm64/PeerTubeSwift.swiftmodule @/Users/ericwatke/Library/Developer/Xcode/DerivedData/PeerTubeSwift-dpcwhlbrkmudrpgkkujqsfdqnghl/Build/Intermediates.noindex/PeerTubeSwift.build/Debug-iphonesimulator/PeerTubeSwift.build/Objects-normal/arm64/PeerTubeSwift-linker-args.resp -Wl,-no_warn_duplicate_libraries -Wl,-no_warn_duplicate_libraries -Wl,-no_warn_duplicate_libraries -Wl,-no_warn_duplicate_libraries -Wl,-no_warn_duplicate_libraries -Wl,-no_warn_duplicate_libraries -Wl,-no_warn_duplicate_libraries -Wl,-no_warn_duplicate_libraries -Wl,-no_warn_duplicate_libraries -Wl,-no_warn_duplicate_libraries -Wl,-no_warn_duplicate_libraries -Wl,-no_warn_duplicate_libraries -Wl,-no_warn_duplicate_libraries -Wl,-no_warn_duplicate_libraries -Wl,-no_warn_duplicate_libraries -Wl,-no_warn_duplicate_libraries -Wl,-no_warn_duplicate_libraries -Wl,-no_warn_duplicate_libraries -Wl,-no_warn_duplicate_libraries -Wl,-no_warn_duplicate_libraries -Wl,-no_warn_duplicate_libraries -Wl,-no_warn_duplicate_libraries -Wl,-no_warn_duplicate_libraries -Wl,-no_warn_duplicate_libraries -Wl,-no_warn_duplicate_libraries -Wl,-no_warn_duplicate_libraries -Wl,-no_warn_duplicate_libraries -Wl,-no_warn_duplicate_libraries -Wl,-no_warn_duplicate_libraries -Wl,-no_warn_duplicate_libraries -Wl,-no_warn_duplicate_libraries -Wl,-no_warn_duplicate_libraries -Wl,-no_warn_duplicate_libraries -Wl,-no_warn_duplicate_libraries -Wl,-no_warn_duplicate_libraries -Xlinker -alias -Xlinker _main -Xlinker ___debug_main_executable_dylib_entry_point /Users/ericwatke/Library/Developer/Xcode/DerivedData/PeerTubeSwift-dpcwhlbrkmudrpgkkujqsfdqnghl/Build/Products/Debug-iphonesimulator/PackageFrameworks/SQLiteData.framework/SQLiteData /Users/ericwatke/Library/Developer/Xcode/DerivedData/PeerTubeSwift-dpcwhlbrkmudrpgkkujqsfdqnghl/Build/Products/Debug-iphonesimulator/PackageFrameworks/ConcurrencyExtras_-2B4B167800F2E3ED_PackageProduct.framework/ConcurrencyExtras_-2B4B167800F2E3ED_PackageProduct /Users/ericwatke/Library/Developer/Xcode/DerivedData/PeerTubeSwift-dpcwhlbrkmudrpgkkujqsfdqnghl/Build/Products/Debug-iphonesimulator/PackageFrameworks/Dependencies_40816CBEDFB225D3_PackageProduct.framework/Dependencies_40816CBEDFB225D3_PackageProduct /Users/ericwatke/Library/Developer/Xcode/DerivedData/PeerTubeSwift-dpcwhlbrkmudrpgkkujqsfdqnghl/Build/Products/Debug-iphonesimulator/PackageFrameworks/GRDB_5DC4DB053_PackageProduct.framework/GRDB_5DC4DB053_PackageProduct /Users/ericwatke/Library/Developer/Xcode/DerivedData/PeerTubeSwift-dpcwhlbrkmudrpgkkujqsfdqnghl/Build/Products/Debug-iphonesimulator/PackageFrameworks/IssueReporting.framework/IssueReporting /Users/ericwatke/Library/Developer/Xcode/DerivedData/PeerTubeSwift-dpcwhlbrkmudrpgkkujqsfdqnghl/Build/Products/Debug-iphonesimulator/PackageFrameworks/IssueReportingPackageSupport.framework/IssueReportingPackageSupport /Users/ericwatke/Library/Developer/Xcode/DerivedData/PeerTubeSwift-dpcwhlbrkmudrpgkkujqsfdqnghl/Build/Products/Debug-iphonesimulator/PackageFrameworks/OrderedCollections_1222128174265B56_PackageProduct.framework/OrderedCollections_1222128174265B56_PackageProduct /Users/ericwatke/Library/Developer/Xcode/DerivedData/PeerTubeSwift-dpcwhlbrkmudrpgkkujqsfdqnghl/Build/Products/Debug-iphonesimulator/PackageFrameworks/Perception_-52E92A8ED7C94DDD_PackageProduct.framework/Perception_-52E92A8ED7C94DDD_PackageProduct /Users/ericwatke/Library/Developer/Xcode/DerivedData/PeerTubeSwift-dpcwhlbrkmudrpgkkujqsfdqnghl/Build/Products/Debug-iphonesimulator/PackageFrameworks/Sharing_39620103CB313153_PackageProduct.framework/Sharing_39620103CB313153_PackageProduct /Users/ericwatke/Library/Developer/Xcode/DerivedData/PeerTubeSwift-dpcwhlbrkmudrpgkkujqsfdqnghl/Build/Products/Debug-iphonesimulator/PackageFrameworks/StructuredQueriesSQLite_-662414AA5E85D5A4_PackageProduct.framework/StructuredQueriesSQLite_-662414AA5E85D5A4_PackageProduct /Users/ericwatke/Library/Developer/Xcode/DerivedData/PeerTubeSwift-dpcwhlbrkmudrpgkkujqsfdqnghl/Build/Products/Debug-iphonesimulator/PackageFrameworks/XCTestDynamicOverlay_6187313334988FF6_PackageProduct.framework/XCTestDynamicOverlay_6187313334988FF6_PackageProduct /Users/ericwatke/Library/Developer/Xcode/DerivedData/PeerTubeSwift-dpcwhlbrkmudrpgkkujqsfdqnghl/Build/Products/Debug-iphonesimulator/PackageFrameworks/CombineSchedulers_-54F188414C11E20_PackageProduct.framework/CombineSchedulers_-54F188414C11E20_PackageProduct /Users/ericwatke/Library/Developer/Xcode/DerivedData/PeerTubeSwift-dpcwhlbrkmudrpgkkujqsfdqnghl/Build/Products/Debug-iphonesimulator/PackageFrameworks/ConcurrencyExtras_-2B4B167800F2E3ED_PackageProduct.framework/ConcurrencyExtras_-2B4B167800F2E3ED_PackageProduct /Users/ericwatke/Library/Developer/Xcode/DerivedData/PeerTubeSwift-dpcwhlbrkmudrpgkkujqsfdqnghl/Build/Products/Debug-iphonesimulator/PackageFrameworks/CustomDump_169F2B173C94B61B_PackageProduct.framework/CustomDump_169F2B173C94B61B_PackageProduct /Users/ericwatke/Library/Developer/Xcode/DerivedData/PeerTubeSwift-dpcwhlbrkmudrpgkkujqsfdqnghl/Build/Products/Debug-iphonesimulator/PackageFrameworks/Dependencies_40816CBEDFB225D3_PackageProduct.framework/Dependencies_40816CBEDFB225D3_PackageProduct /Users/ericwatke/Library/Developer/Xcode/DerivedData/PeerTubeSwift-dpcwhlbrkmudrpgkkujqsfdqnghl/Build/Products/Debug-iphonesimulator/PackageFrameworks/XCTestDynamicOverlay_6187313334988FF6_PackageProduct.framework/XCTestDynamicOverlay_6187313334988FF6_PackageProduct /Users/ericwatke/Library/Developer/Xcode/DerivedData/PeerTubeSwift-dpcwhlbrkmudrpgkkujqsfdqnghl/Build/Products/Debug-iphonesimulator/PackageFrameworks/IdentifiedCollections_-5C6E944B2019E177_PackageProduct.framework/IdentifiedCollections_-5C6E944B2019E177_PackageProduct /Users/ericwatke/Library/Developer/Xcode/DerivedData/PeerTubeSwift-dpcwhlbrkmudrpgkkujqsfdqnghl/Build/Products/Debug-iphonesimulator/PackageFrameworks/OrderedCollections_1222128174265B56_PackageProduct.framework/OrderedCollections_1222128174265B56_PackageProduct /Users/ericwatke/Library/Developer/Xcode/DerivedData/PeerTubeSwift-dpcwhlbrkmudrpgkkujqsfdqnghl/Build/Products/Debug-iphonesimulator/PackageFrameworks/Perception_-52E92A8ED7C94DDD_PackageProduct.framework/Perception_-52E92A8ED7C94DDD_PackageProduct /Users/ericwatke/Library/Developer/Xcode/DerivedData/PeerTubeSwift-dpcwhlbrkmudrpgkkujqsfdqnghl/Build/Products/Debug-iphonesimulator/PackageFrameworks/Sharing_39620103CB313153_PackageProduct.framework/Sharing_39620103CB313153_PackageProduct /Users/ericwatke/Library/Developer/Xcode/DerivedData/PeerTubeSwift-dpcwhlbrkmudrpgkkujqsfdqnghl/Build/Products/Debug-iphonesimulator/PackageFrameworks/CustomDump_169F2B173C94B61B_PackageProduct.framework/CustomDump_169F2B173C94B61B_PackageProduct /Users/ericwatke/Library/Developer/Xcode/DerivedData/PeerTubeSwift-dpcwhlbrkmudrpgkkujqsfdqnghl/Build/Products/Debug-iphonesimulator/PackageFrameworks/ConcurrencyExtras_-2B4B167800F2E3ED_PackageProduct.framework/ConcurrencyExtras_-2B4B167800F2E3ED_PackageProduct /Users/ericwatke/Library/Developer/Xcode/DerivedData/PeerTubeSwift-dpcwhlbrkmudrpgkkujqsfdqnghl/Build/Products/Debug-iphonesimulator/PackageFrameworks/OrderedCollections_1222128174265B56_PackageProduct.framework/OrderedCollections_1222128174265B56_PackageProduct /Users/ericwatke/Library/Developer/Xcode/DerivedData/PeerTubeSwift-dpcwhlbrkmudrpgkkujqsfdqnghl/Build/Products/Debug-iphonesimulator/PackageFrameworks/Perception_-52E92A8ED7C94DDD_PackageProduct.framework/Perception_-52E92A8ED7C94DDD_PackageProduct /Users/ericwatke/Library/Developer/Xcode/DerivedData/PeerTubeSwift-dpcwhlbrkmudrpgkkujqsfdqnghl/Build/Products/Debug-iphonesimulator/PackageFrameworks/PerceptionCore.framework/PerceptionCore /Users/ericwatke/Library/Developer/Xcode/DerivedData/PeerTubeSwift-dpcwhlbrkmudrpgkkujqsfdqnghl/Build/Products/Debug-iphonesimulator/PackageFrameworks/CustomDump_169F2B173C94B61B_PackageProduct.framework/CustomDump_169F2B173C94B61B_PackageProduct /Users/ericwatke/Library/Developer/Xcode/DerivedData/PeerTubeSwift-dpcwhlbrkmudrpgkkujqsfdqnghl/Build/Products/Debug-iphonesimulator/PackageFrameworks/ConcurrencyExtras_-2B4B167800F2E3ED_PackageProduct.framework/ConcurrencyExtras_-2B4B167800F2E3ED_PackageProduct /Users/ericwatke/Library/Developer/Xcode/DerivedData/PeerTubeSwift-dpcwhlbrkmudrpgkkujqsfdqnghl/Build/Products/Debug-iphonesimulator/PackageFrameworks/OrderedCollections_1222128174265B56_PackageProduct.framework/OrderedCollections_1222128174265B56_PackageProduct /Users/ericwatke/Library/Developer/Xcode/DerivedData/PeerTubeSwift-dpcwhlbrkmudrpgkkujqsfdqnghl/Build/Products/Debug-iphonesimulator/PackageFrameworks/Perception_-52E92A8ED7C94DDD_PackageProduct.framework/Perception_-52E92A8ED7C94DDD_PackageProduct -Xlinker -no_adhoc_codesign -o /Users/ericwatke/Library/Developer/Xcode/DerivedData/PeerTubeSwift-dpcwhlbrkmudrpgkkujqsfdqnghl/Build/Products/Debug-iphonesimulator/PeerTubeSwift.app/PeerTubeSwift.debug.dylib -Xlinker -add_ast_path -Xlinker /Users/ericwatke/Library/Developer/Xcode/DerivedData/PeerTubeSwift-dpcwhlbrkmudrpgkkujqsfdqnghl/Build/Intermediates.noindex/TubeSDK.build/Debug-iphonesimulator/TubeSDK.build/Objects-normal/arm64/TubeSDK.swiftmodule @/Users/ericwatke/Library/Developer/Xcode/DerivedData/PeerTubeSwift-dpcwhlbrkmudrpgkkujqsfdqnghl/Build/Intermediates.noindex/TubeSDK.build/Debug-iphonesimulator/TubeSDK.build/Objects-normal/arm64/TubeSDK-linker-args.resp -Xlinker -add_ast_path -Xlinker /Users/ericwatke/Library/Developer/Xcode/DerivedData/PeerTubeSwift-dpcwhlbrkmudrpgkkujqsfdqnghl/Build/Intermediates.noindex/swift-composable-architecture.build/Debug-iphonesimulator/ComposableArchitecture.build/Objects-normal/arm64/ComposableArchitecture.swiftmodule @/Users/ericwatke/Library/Developer/Xcode/DerivedData/PeerTubeSwift-dpcwhlbrkmudrpgkkujqsfdqnghl/Build/Intermediates.noindex/swift-composable-architecture.build/Debug-iphonesimulator/ComposableArchitecture.build/Objects-normal/arm64/ComposableArchitecture-linker-args.resp -Xlinker -add_ast_path -Xlinker /Users/ericwatke/Library/Developer/Xcode/DerivedData/PeerTubeSwift-dpcwhlbrkmudrpgkkujqsfdqnghl/Build/Intermediates.noindex/swift-case-paths.build/Debug-iphonesimulator/CasePaths.build/Objects-normal/arm64/CasePaths.swiftmodule @/Users/ericwatke/Library/Developer/Xcode/DerivedData/PeerTubeSwift-dpcwhlbrkmudrpgkkujqsfdqnghl/Build/Intermediates.noindex/swift-case-paths.build/Debug-iphonesimulator/CasePaths.build/Objects-normal/arm64/CasePaths-linker-args.resp -Xlinker -add_ast_path -Xlinker /Users/ericwatke/Library/Developer/Xcode/DerivedData/PeerTubeSwift-dpcwhlbrkmudrpgkkujqsfdqnghl/Build/Intermediates.noindex/swift-case-paths.build/Debug-iphonesimulator/CasePathsCore.build/Objects-normal/arm64/CasePathsCore.swiftmodule @/Users/ericwatke/Library/Developer/Xcode/DerivedData/PeerTubeSwift-dpcwhlbrkmudrpgkkujqsfdqnghl/Build/Intermediates.noindex/swift-case-paths.build/Debug-iphonesimulator/CasePathsCore.build/Objects-normal/arm64/CasePathsCore-linker-args.resp -Xlinker -add_ast_path -Xlinker /Users/ericwatke/Library/Developer/Xcode/DerivedData/PeerTubeSwift-dpcwhlbrkmudrpgkkujqsfdqnghl/Build/Intermediates.noindex/swift-dependencies.build/Debug-iphonesimulator/DependenciesMacros.build/Objects-normal/arm64/DependenciesMacros.swiftmodule @/Users/ericwatke/Library/Developer/Xcode/DerivedData/PeerTubeSwift-dpcwhlbrkmudrpgkkujqsfdqnghl/Build/Intermediates.noindex/swift-dependencies.build/Debug-iphonesimulator/DependenciesMacros.build/Objects-normal/arm64/DependenciesMacros-linker-args.resp -Xlinker -add_ast_path -Xlinker /Users/ericwatke/Library/Developer/Xcode/DerivedData/PeerTubeSwift-dpcwhlbrkmudrpgkkujqsfdqnghl/Build/Intermediates.noindex/swift-navigation.build/Debug-iphonesimulator/SwiftUINavigation.build/Objects-normal/arm64/SwiftUINavigation.swiftmodule @/Users/ericwatke/Library/Developer/Xcode/DerivedData/PeerTubeSwift-dpcwhlbrkmudrpgkkujqsfdqnghl/Build/Intermediates.noindex/swift-navigation.build/Debug-iphonesimulator/SwiftUINavigation.build/Objects-normal/arm64/SwiftUINavigation-linker-args.resp -Xlinker -add_ast_path -Xlinker /Users/ericwatke/Library/Developer/Xcode/DerivedData/PeerTubeSwift-dpcwhlbrkmudrpgkkujqsfdqnghl/Build/Intermediates.noindex/swift-navigation.build/Debug-iphonesimulator/SwiftNavigation.build/Objects-normal/arm64/SwiftNavigation.swiftmodule @/Users/ericwatke/Library/Developer/Xcode/DerivedData/PeerTubeSwift-dpcwhlbrkmudrpgkkujqsfdqnghl/Build/Intermediates.noindex/swift-navigation.build/Debug-iphonesimulator/SwiftNavigation.build/Objects-normal/arm64/SwiftNavigation-linker-args.resp -Xlinker -add_ast_path -Xlinker /Users/ericwatke/Library/Developer/Xcode/DerivedData/PeerTubeSwift-dpcwhlbrkmudrpgkkujqsfdqnghl/Build/Intermediates.noindex/swift-navigation.build/Debug-iphonesimulator/UIKitNavigation.build/Objects-normal/arm64/UIKitNavigation.swiftmodule @/Users/ericwatke/Library/Developer/Xcode/DerivedData/PeerTubeSwift-dpcwhlbrkmudrpgkkujqsfdqnghl/Build/Intermediates.noindex/swift-navigation.build/Debug-iphonesimulator/UIKitNavigation.build/Objects-normal/arm64/UIKitNavigation-linker-args.resp -Xlinker -add_ast_path -Xlinker /Users/ericwatke/Library/Developer/Xcode/DerivedData/PeerTubeSwift-dpcwhlbrkmudrpgkkujqsfdqnghl/Build/Intermediates.noindex/swift-url.build/Debug-iphonesimulator/WebURL.build/Objects-normal/arm64/WebURL.swiftmodule @/Users/ericwatke/Library/Developer/Xcode/DerivedData/PeerTubeSwift-dpcwhlbrkmudrpgkkujqsfdqnghl/Build/Intermediates.noindex/swift-url.build/Debug-iphonesimulator/WebURL.build/Objects-normal/arm64/WebURL-linker-args.resp -Xlinker -add_ast_path -Xlinker /Users/ericwatke/Library/Developer/Xcode/DerivedData/PeerTubeSwift-dpcwhlbrkmudrpgkkujqsfdqnghl/Build/Intermediates.noindex/swift-url.build/Debug-iphonesimulator/UnicodeDataStructures.build/Objects-normal/arm64/UnicodeDataStructures.swiftmodule @/Users/ericwatke/Library/Developer/Xcode/DerivedData/PeerTubeSwift-dpcwhlbrkmudrpgkkujqsfdqnghl/Build/Intermediates.noindex/swift-url.build/Debug-iphonesimulator/UnicodeDataStructures.build/Objects-normal/arm64/UnicodeDataStructures-linker-args.resp -Xlinker -add_ast_path -Xlinker /Users/ericwatke/Library/Developer/Xcode/DerivedData/PeerTubeSwift-dpcwhlbrkmudrpgkkujqsfdqnghl/Build/Intermediates.noindex/swift-url.build/Debug-iphonesimulator/IDNA.build/Objects-normal/arm64/IDNA.swiftmodule @/Users/ericwatke/Library/Developer/Xcode/DerivedData/PeerTubeSwift-dpcwhlbrkmudrpgkkujqsfdqnghl/Build/Intermediates.noindex/swift-url.build/Debug-iphonesimulator/IDNA.build/Objects-normal/arm64/IDNA-linker-args.resp -Xlinker -add_ast_path -Xlinker /Users/ericwatke/Library/Developer/Xcode/DerivedData/PeerTubeSwift-dpcwhlbrkmudrpgkkujqsfdqnghl/Build/Intermediates.noindex/swift-url.build/Debug-iphonesimulator/WebURLFoundationExtras.build/Objects-normal/arm64/WebURLFoundationExtras.swiftmodule @/Users/ericwatke/Library/Developer/Xcode/DerivedData/PeerTubeSwift-dpcwhlbrkmudrpgkkujqsfdqnghl/Build/Intermediates.noindex/swift-url.build/Debug-iphonesimulator/WebURLFoundationExtras.build/Objects-normal/arm64/WebURLFoundationExtras-linker-args.resp

ProcessProductPackaging "" /Users/ericwatke/Library/Developer/Xcode/DerivedData/PeerTubeSwift-dpcwhlbrkmudrpgkkujqsfdqnghl/Build/Intermediates.noindex/PeerTubeSwift.build/Debug-iphonesimulator/PeerTubeSwiftUITests.build/PeerTubeSwiftUITests.xctest-Simulated.xcent (in target 'PeerTubeSwiftUITests' from project 'PeerTubeSwift')
    cd /Users/ericwatke/Documents/GitHub/peertube-swift/App/PeerTubeSwift
    
    Entitlements:
    
    {
    "application-identifier" = "855632PAQ8.design.woven.PeerTubeSwiftUITests.xctrunner";
    "keychain-access-groups" =     (
        "855632PAQ8.design.woven.PeerTubeSwiftUITests.xctrunner"
    );
}
    
    builtin-productPackagingUtility -entitlements -format xml -o /Users/ericwatke/Library/Developer/Xcode/DerivedData/PeerTubeSwift-dpcwhlbrkmudrpgkkujqsfdqnghl/Build/Intermediates.noindex/PeerTubeSwift.build/Debug-iphonesimulator/PeerTubeSwiftUITests.build/PeerTubeSwiftUITests.xctest-Simulated.xcent

SwiftDriver PeerTubeSwiftTests normal arm64 com.apple.xcode.tools.swift.compiler (in target 'PeerTubeSwiftTests' from project 'PeerTubeSwift')
    cd /Users/ericwatke/Documents/GitHub/peertube-swift/App/PeerTubeSwift
    builtin-SwiftDriver -- /Applications/Xcode-26.2.0.app/Contents/Developer/Toolchains/XcodeDefault.xctoolchain/usr/bin/swiftc -module-name PeerTubeSwiftTests -Onone -enforce-exclusivity\=checked @/Users/ericwatke/Library/Developer/Xcode/DerivedData/PeerTubeSwift-dpcwhlbrkmudrpgkkujqsfdqnghl/Build/Intermediates.noindex/PeerTubeSwift.build/Debug-iphonesimulator/PeerTubeSwiftTests.build/Objects-normal/arm64/PeerTubeSwiftTests.SwiftFileList -DDEBUG -Xcc -fmodule-map-file\=/Users/ericwatke/Library/Developer/Xcode/DerivedData/PeerTubeSwift-dpcwhlbrkmudrpgkkujqsfdqnghl/SourcePackages/checkouts/GRDB.swift/Sources/GRDBSQLite/module.modulemap -Xcc -fmodule-map-file\=/Users/ericwatke/Library/Developer/Xcode/DerivedData/PeerTubeSwift-dpcwhlbrkmudrpgkkujqsfdqnghl/Build/Intermediates.noindex/GeneratedModuleMaps-iphonesimulator/UIKitNavigationShim.modulemap -Xcc -fmodule-map-file\=/Users/ericwatke/Library/Developer/Xcode/DerivedData/PeerTubeSwift-dpcwhlbrkmudrpgkkujqsfdqnghl/SourcePackages/checkouts/GRDB.swift/Sources/GRDBSQLite/module.modulemap -plugin-path /Applications/Xcode-26.2.0.app/Contents/Developer/Toolchains/XcodeDefault.xctoolchain/usr/lib/swift/host/plugins/testing -enable-bare-slash-regex -enable-upcoming-feature DisableOutwardActorInference -enable-upcoming-feature InferSendableFromCaptures -enable-upcoming-feature GlobalActorIsolatedTypesUsability -enable-upcoming-feature MemberImportVisibility -enable-upcoming-feature InferIsolatedConformances -enable-upcoming-feature NonisolatedNonsendingByDefault -enable-experimental-feature DebugDescriptionMacro -sdk /Applications/Xcode-26.2.0.app/Contents/Developer/Platforms/iPhoneSimulator.platform/Developer/SDKs/iPhoneSimulator26.2.sdk -target arm64-apple-ios26.2-simulator -g -module-cache-path /Users/ericwatke/Library/Developer/Xcode/DerivedData/ModuleCache.noindex -Xfrontend -serialize-debugging-options -profile-coverage-mapping -profile-generate -enable-testing -index-store-path /Users/ericwatke/Library/Developer/Xcode/DerivedData/PeerTubeSwift-dpcwhlbrkmudrpgkkujqsfdqnghl/Index.noindex/DataStore -Xcc -D_LIBCPP_HARDENING_MODE\=_LIBCPP_HARDENING_MODE_DEBUG -swift-version 5 -I /Users/ericwatke/Library/Developer/Xcode/DerivedData/PeerTubeSwift-dpcwhlbrkmudrpgkkujqsfdqnghl/Build/Products/Debug-iphonesimulator -Isystem /Applications/Xcode-26.2.0.app/Contents/Developer/Platforms/iPhoneSimulator.platform/Developer/usr/lib -F /Users/ericwatke/Library/Developer/Xcode/DerivedData/PeerTubeSwift-dpcwhlbrkmudrpgkkujqsfdqnghl/Build/Products/Debug-iphonesimulator/PackageFrameworks -F /Users/ericwatke/Library/Developer/Xcode/DerivedData/PeerTubeSwift-dpcwhlbrkmudrpgkkujqsfdqnghl/Build/Products/Debug-iphonesimulator/PackageFrameworks -F /Users/ericwatke/Library/Developer/Xcode/DerivedData/PeerTubeSwift-dpcwhlbrkmudrpgkkujqsfdqnghl/Build/Products/Debug-iphonesimulator/PackageFrameworks -F /Users/ericwatke/Library/Developer/Xcode/DerivedData/PeerTubeSwift-dpcwhlbrkmudrpgkkujqsfdqnghl/Build/Products/Debug-iphonesimulator/PackageFrameworks -F /Users/ericwatke/Library/Developer/Xcode/DerivedData/PeerTubeSwift-dpcwhlbrkmudrpgkkujqsfdqnghl/Build/Products/Debug-iphonesimulator/PackageFrameworks -F /Users/ericwatke/Library/Developer/Xcode/DerivedData/PeerTubeSwift-dpcwhlbrkmudrpgkkujqsfdqnghl/Build/Products/Debug-iphonesimulator/PackageFrameworks -F /Users/ericwatke/Library/Developer/Xcode/DerivedData/PeerTubeSwift-dpcwhlbrkmudrpgkkujqsfdqnghl/Build/Products/Debug-iphonesimulator/PackageFrameworks -F /Users/ericwatke/Library/Developer/Xcode/DerivedData/PeerTubeSwift-dpcwhlbrkmudrpgkkujqsfdqnghl/Build/Products/Debug-iphonesimulator/PackageFrameworks -F /Users/ericwatke/Library/Developer/Xcode/DerivedData/PeerTubeSwift-dpcwhlbrkmudrpgkkujqsfdqnghl/Build/Products/Debug-iphonesimulator/PackageFrameworks -F /Users/ericwatke/Library/Developer/Xcode/DerivedData/PeerTubeSwift-dpcwhlbrkmudrpgkkujqsfdqnghl/Build/Products/Debug-iphonesimulator/PackageFrameworks -F /Users/ericwatke/Library/Developer/Xcode/DerivedData/PeerTubeSwift-dpcwhlbrkmudrpgkkujqsfdqnghl/Build/Products/Debug-iphonesimulator/PackageFrameworks -F /Users/ericwatke/Library/Developer/Xcode/DerivedData/PeerTubeSwift-dpcwhlbrkmudrpgkkujqsfdqnghl/Build/Products/Debug-iphonesimulator/PackageFrameworks -F /Users/ericwatke/Library/Developer/Xcode/DerivedData/PeerTubeSwift-dpcwhlbrkmudrpgkkujqsfdqnghl/Build/Products/Debug-iphonesimulator/PackageFrameworks -F /Users/ericwatke/Library/Developer/Xcode/DerivedData/PeerTubeSwift-dpcwhlbrkmudrpgkkujqsfdqnghl/Build/Products/Debug-iphonesimulator/PackageFrameworks -F /Users/ericwatke/Library/Developer/Xcode/DerivedData/PeerTubeSwift-dpcwhlbrkmudrpgkkujqsfdqnghl/Build/Products/Debug-iphonesimulator/PackageFrameworks -F /Users/ericwatke/Library/Developer/Xcode/DerivedData/PeerTubeSwift-dpcwhlbrkmudrpgkkujqsfdqnghl/Build/Products/Debug-iphonesimulator/PackageFrameworks -F /Users/ericwatke/Library/Developer/Xcode/DerivedData/PeerTubeSwift-dpcwhlbrkmudrpgkkujqsfdqnghl/Build/Products/Debug-iphonesimulator/PackageFrameworks -F /Users/ericwatke/Library/Developer/Xcode/DerivedData/PeerTubeSwift-dpcwhlbrkmudrpgkkujqsfdqnghl/Build/Products/Debug-iphonesimulator/PackageFrameworks -F /Users/ericwatke/Library/Developer/Xcode/DerivedData/PeerTubeSwift-dpcwhlbrkmudrpgkkujqsfdqnghl/Build/Products/Debug-iphonesimulator/PackageFrameworks -F /Users/ericwatke/Library/Developer/Xcode/DerivedData/PeerTubeSwift-dpcwhlbrkmudrpgkkujqsfdqnghl/Build/Products/Debug-iphonesimulator/PackageFrameworks -F /Users/ericwatke/Library/Developer/Xcode/DerivedData/PeerTubeSwift-dpcwhlbrkmudrpgkkujqsfdqnghl/Build/Products/Debug-iphonesimulator/PackageFrameworks -F /Users/ericwatke/Library/Developer/Xcode/DerivedData/PeerTubeSwift-dpcwhlbrkmudrpgkkujqsfdqnghl/Build/Products/Debug-iphonesimulator/PackageFrameworks -F /Users/ericwatke/Library/Developer/Xcode/DerivedData/PeerTubeSwift-dpcwhlbrkmudrpgkkujqsfdqnghl/Build/Products/Debug-iphonesimulator/PackageFrameworks -F /Users/ericwatke/Library/Developer/Xcode/DerivedData/PeerTubeSwift-dpcwhlbrkmudrpgkkujqsfdqnghl/Build/Products/Debug-iphonesimulator/PackageFrameworks -F /Users/ericwatke/Library/Developer/Xcode/DerivedData/PeerTubeSwift-dpcwhlbrkmudrpgkkujqsfdqnghl/Build/Products/Debug-iphonesimulator/PackageFrameworks -F /Users/ericwatke/Library/Developer/Xcode/DerivedData/PeerTubeSwift-dpcwhlbrkmudrpgkkujqsfdqnghl/Build/Products/Debug-iphonesimulator/PackageFrameworks -F /Users/ericwatke/Library/Developer/Xcode/DerivedData/PeerTubeSwift-dpcwhlbrkmudrpgkkujqsfdqnghl/Build/Products/Debug-iphonesimulator/PackageFrameworks -F /Users/ericwatke/Library/Developer/Xcode/DerivedData/PeerTubeSwift-dpcwhlbrkmudrpgkkujqsfdqnghl/Build/Products/Debug-iphonesimulator/PackageFrameworks -F /Users/ericwatke/Library/Developer/Xcode/DerivedData/PeerTubeSwift-dpcwhlbrkmudrpgkkujqsfdqnghl/Build/Products/Debug-iphonesimulator/PackageFrameworks -F /Users/ericwatke/Library/Developer/Xcode/DerivedData/PeerTubeSwift-dpcwhlbrkmudrpgkkujqsfdqnghl/Build/Products/Debug-iphonesimulator/PackageFrameworks -F /Users/ericwatke/Library/Developer/Xcode/DerivedData/PeerTubeSwift-dpcwhlbrkmudrpgkkujqsfdqnghl/Build/Products/Debug-iphonesimulator/PackageFrameworks -F /Users/ericwatke/Library/Developer/Xcode/DerivedData/PeerTubeSwift-dpcwhlbrkmudrpgkkujqsfdqnghl/Build/Products/Debug-iphonesimulator/PackageFrameworks -F /Users/ericwatke/Library/Developer/Xcode/DerivedData/PeerTubeSwift-dpcwhlbrkmudrpgkkujqsfdqnghl/Build/Products/Debug-iphonesimulator/PackageFrameworks -F /Users/ericwatke/Library/Developer/Xcode/DerivedData/PeerTubeSwift-dpcwhlbrkmudrpgkkujqsfdqnghl/Build/Products/Debug-iphonesimulator/PackageFrameworks -F /Users/ericwatke/Library/Developer/Xcode/DerivedData/PeerTubeSwift-dpcwhlbrkmudrpgkkujqsfdqnghl/Build/Products/Debug-iphonesimulator/PackageFrameworks -F /Users/ericwatke/Library/Developer/Xcode/DerivedData/PeerTubeSwift-dpcwhlbrkmudrpgkkujqsfdqnghl/Build/Products/Debug-iphonesimulator/PackageFrameworks -F /Users/ericwatke/Library/Developer/Xcode/DerivedData/PeerTubeSwift-dpcwhlbrkmudrpgkkujqsfdqnghl/Build/Products/Debug-iphonesimulator/PackageFrameworks -F /Users/ericwatke/Library/Developer/Xcode/DerivedData/PeerTubeSwift-dpcwhlbrkmudrpgkkujqsfdqnghl/Build/Products/Debug-iphonesimulator/PackageFrameworks -F /Users/ericwatke/Library/Developer/Xcode/DerivedData/PeerTubeSwift-dpcwhlbrkmudrpgkkujqsfdqnghl/Build/Products/Debug-iphonesimulator/PackageFrameworks -F /Users/ericwatke/Library/Developer/Xcode/DerivedData/PeerTubeSwift-dpcwhlbrkmudrpgkkujqsfdqnghl/Build/Products/Debug-iphonesimulator/PackageFrameworks -F /Users/ericwatke/Library/Developer/Xcode/DerivedData/PeerTubeSwift-dpcwhlbrkmudrpgkkujqsfdqnghl/Build/Products/Debug-iphonesimulator/PackageFrameworks -F /Users/ericwatke/Library/Developer/Xcode/DerivedData/PeerTubeSwift-dpcwhlbrkmudrpgkkujqsfdqnghl/Build/Products/Debug-iphonesimulator/PackageFrameworks -F /Users/ericwatke/Library/Developer/Xcode/DerivedData/PeerTubeSwift-dpcwhlbrkmudrpgkkujqsfdqnghl/Build/Products/Debug-iphonesimulator/PackageFrameworks -F /Users/ericwatke/Library/Developer/Xcode/DerivedData/PeerTubeSwift-dpcwhlbrkmudrpgkkujqsfdqnghl/Build/Products/Debug-iphonesimulator/PackageFrameworks -F /Users/ericwatke/Library/Developer/Xcode/DerivedData/PeerTubeSwift-dpcwhlbrkmudrpgkkujqsfdqnghl/Build/Products/Debug-iphonesimulator/PackageFrameworks -F /Users/ericwatke/Library/Developer/Xcode/DerivedData/PeerTubeSwift-dpcwhlbrkmudrpgkkujqsfdqnghl/Build/Products/Debug-iphonesimulator/PackageFrameworks -F /Users/ericwatke/Library/Developer/Xcode/DerivedData/PeerTubeSwift-dpcwhlbrkmudrpgkkujqsfdqnghl/Build/Products/Debug-iphonesimulator/PackageFrameworks -F /Users/ericwatke/Library/Developer/Xcode/DerivedData/PeerTubeSwift-dpcwhlbrkmudrpgkkujqsfdqnghl/Build/Products/Debug-iphonesimulator/PackageFrameworks -F /Users/ericwatke/Library/Developer/Xcode/DerivedData/PeerTubeSwift-dpcwhlbrkmudrpgkkujqsfdqnghl/Build/Products/Debug-iphonesimulator/PackageFrameworks -F /Users/ericwatke/Library/Developer/Xcode/DerivedData/PeerTubeSwift-dpcwhlbrkmudrpgkkujqsfdqnghl/Build/Products/Debug-iphonesimulator/PackageFrameworks -F /Users/ericwatke/Library/Developer/Xcode/DerivedData/PeerTubeSwift-dpcwhlbrkmudrpgkkujqsfdqnghl/Build/Products/Debug-iphonesimulator/PackageFrameworks -F /Users/ericwatke/Library/Developer/Xcode/DerivedData/PeerTubeSwift-dpcwhlbrkmudrpgkkujqsfdqnghl/Build/Products/Debug-iphonesimulator/PackageFrameworks -F /Users/ericwatke/Library/Developer/Xcode/DerivedData/PeerTubeSwift-dpcwhlbrkmudrpgkkujqsfdqnghl/Build/Products/Debug-iphonesimulator/PackageFrameworks -F /Users/ericwatke/Library/Developer/Xcode/DerivedData/PeerTubeSwift-dpcwhlbrkmudrpgkkujqsfdqnghl/Build/Products/Debug-iphonesimulator/PackageFrameworks -F /Users/ericwatke/Library/Developer/Xcode/DerivedData/PeerTubeSwift-dpcwhlbrkmudrpgkkujqsfdqnghl/Build/Products/Debug-iphonesimulator/PackageFrameworks -F /Users/ericwatke/Library/Developer/Xcode/DerivedData/PeerTubeSwift-dpcwhlbrkmudrpgkkujqsfdqnghl/Build/Products/Debug-iphonesimulator/PackageFrameworks -F /Users/ericwatke/Library/Developer/Xcode/DerivedData/PeerTubeSwift-dpcwhlbrkmudrpgkkujqsfdqnghl/Build/Products/Debug-iphonesimulator/PackageFrameworks -F /Users/ericwatke/Library/Developer/Xcode/DerivedData/PeerTubeSwift-dpcwhlbrkmudrpgkkujqsfdqnghl/Build/Products/Debug-iphonesimulator/PackageFrameworks -F /Users/ericwatke/Library/Developer/Xcode/DerivedData/PeerTubeSwift-dpcwhlbrkmudrpgkkujqsfdqnghl/Build/Products/Debug-iphonesimulator/PackageFrameworks -F /Users/ericwatke/Library/Developer/Xcode/DerivedData/PeerTubeSwift-dpcwhlbrkmudrpgkkujqsfdqnghl/Build/Products/Debug-iphonesimulator/PackageFrameworks -F /Users/ericwatke/Library/Developer/Xcode/DerivedData/PeerTubeSwift-dpcwhlbrkmudrpgkkujqsfdqnghl/Build/Products/Debug-iphonesimulator/PackageFrameworks -F /Users/ericwatke/Library/Developer/Xcode/DerivedData/PeerTubeSwift-dpcwhlbrkmudrpgkkujqsfdqnghl/Build/Products/Debug-iphonesimulator/PackageFrameworks -F /Users/ericwatke/Library/Developer/Xcode/DerivedData/PeerTubeSwift-dpcwhlbrkmudrpgkkujqsfdqnghl/Build/Products/Debug-iphonesimulator/PackageFrameworks -F /Users/ericwatke/Library/Developer/Xcode/DerivedData/PeerTubeSwift-dpcwhlbrkmudrpgkkujqsfdqnghl/Build/Products/Debug-iphonesimulator/PackageFrameworks -F /Users/ericwatke/Library/Developer/Xcode/DerivedData/PeerTubeSwift-dpcwhlbrkmudrpgkkujqsfdqnghl/Build/Products/Debug-iphonesimulator/PackageFrameworks -F /Users/ericwatke/Library/Developer/Xcode/DerivedData/PeerTubeSwift-dpcwhlbrkmudrpgkkujqsfdqnghl/Build/Products/Debug-iphonesimulator/PackageFrameworks -F /Users/ericwatke/Library/Developer/Xcode/DerivedData/PeerTubeSwift-dpcwhlbrkmudrpgkkujqsfdqnghl/Build/Products/Debug-iphonesimulator/PackageFrameworks -F /Users/ericwatke/Library/Developer/Xcode/DerivedData/PeerTubeSwift-dpcwhlbrkmudrpgkkujqsfdqnghl/Build/Products/Debug-iphonesimulator/PackageFrameworks -F /Users/ericwatke/Library/Developer/Xcode/DerivedData/PeerTubeSwift-dpcwhlbrkmudrpgkkujqsfdqnghl/Build/Products/Debug-iphonesimulator/PackageFrameworks -F /Users/ericwatke/Library/Developer/Xcode/DerivedData/PeerTubeSwift-dpcwhlbrkmudrpgkkujqsfdqnghl/Build/Products/Debug-iphonesimulator/PackageFrameworks -F /Users/ericwatke/Library/Developer/Xcode/DerivedData/PeerTubeSwift-dpcwhlbrkmudrpgkkujqsfdqnghl/Build/Products/Debug-iphonesimulator/PackageFrameworks -F /Users/ericwatke/Library/Developer/Xcode/DerivedData/PeerTubeSwift-dpcwhlbrkmudrpgkkujqsfdqnghl/Build/Products/Debug-iphonesimulator/PackageFrameworks -F /Users/ericwatke/Library/Developer/Xcode/DerivedData/PeerTubeSwift-dpcwhlbrkmudrpgkkujqsfdqnghl/Build/Products/Debug-iphonesimulator/PackageFrameworks -F /Users/ericwatke/Library/Developer/Xcode/DerivedData/PeerTubeSwift-dpcwhlbrkmudrpgkkujqsfdqnghl/Build/Products/Debug-iphonesimulator/PackageFrameworks -F /Users/ericwatke/Library/Developer/Xcode/DerivedData/PeerTubeSwift-dpcwhlbrkmudrpgkkujqsfdqnghl/Build/Products/Debug-iphonesimulator -F /Applications/Xcode-26.2.0.app/Contents/Developer/Platforms/iPhoneSimulator.platform/Developer/Library/Frameworks -F /Applications/Xcode-26.2.0.app/Contents/Developer/Platforms/iPhoneSimulator.platform/Developer/SDKs/iPhoneSimulator26.2.sdk/Developer/Library/Frameworks -Xfrontend -load-plugin-executable -Xfrontend /Users/ericwatke/Library/Developer/Xcode/DerivedData/PeerTubeSwift-dpcwhlbrkmudrpgkkujqsfdqnghl/Build/Products/Debug/CasePathsMacros\#CasePathsMacros -Xfrontend -load-plugin-executable -Xfrontend /Users/ericwatke/Library/Developer/Xcode/DerivedData/PeerTubeSwift-dpcwhlbrkmudrpgkkujqsfdqnghl/Build/Products/Debug/ComposableArchitectureMacros\#ComposableArchitectureMacros -Xfrontend -load-plugin-executable -Xfrontend /Users/ericwatke/Library/Developer/Xcode/DerivedData/PeerTubeSwift-dpcwhlbrkmudrpgkkujqsfdqnghl/Build/Products/Debug/DependenciesMacrosPlugin\#DependenciesMacrosPlugin -Xfrontend -load-plugin-executable -Xfrontend /Users/ericwatke/Library/Developer/Xcode/DerivedData/PeerTubeSwift-dpcwhlbrkmudrpgkkujqsfdqnghl/Build/Products/Debug/PerceptionMacros\#PerceptionMacros -Xfrontend -load-plugin-executable -Xfrontend /Users/ericwatke/Library/Developer/Xcode/DerivedData/PeerTubeSwift-dpcwhlbrkmudrpgkkujqsfdqnghl/Build/Products/Debug/StructuredQueriesMacros\#StructuredQueriesMacros -Xfrontend -load-plugin-executable -Xfrontend /Users/ericwatke/Library/Developer/Xcode/DerivedData/PeerTubeSwift-dpcwhlbrkmudrpgkkujqsfdqnghl/Build/Products/Debug/StructuredQueriesSQLiteMacros\#StructuredQueriesSQLiteMacros -parse-as-library -c -j8 -enable-batch-mode -incremental -Xcc -ivfsstatcache -Xcc /Users/ericwatke/Library/Developer/Xcode/DerivedData/SDKStatCaches.noindex/iphonesimulator26.2-23C53-396ea2e52eee30dc3ef691f54c5a881e.sdkstatcache -output-file-map /Users/ericwatke/Library/Developer/Xcode/DerivedData/PeerTubeSwift-dpcwhlbrkmudrpgkkujqsfdqnghl/Build/Intermediates.noindex/PeerTubeSwift.build/Debug-iphonesimulator/PeerTubeSwiftTests.build/Objects-normal/arm64/PeerTubeSwiftTests-OutputFileMap.json -use-frontend-parseable-output -save-temps -no-color-diagnostics -explicit-module-build -module-cache-path /Users/ericwatke/Library/Developer/Xcode/DerivedData/PeerTubeSwift-dpcwhlbrkmudrpgkkujqsfdqnghl/Build/Intermediates.noindex/SwiftExplicitPrecompiledModules -clang-scanner-module-cache-path /Users/ericwatke/Library/Developer/Xcode/DerivedData/ModuleCache.noindex -sdk-module-cache-path /Users/ericwatke/Library/Developer/Xcode/DerivedData/ModuleCache.noindex -serialize-diagnostics -emit-dependencies -emit-module -emit-module-path /Users/ericwatke/Library/Developer/Xcode/DerivedData/PeerTubeSwift-dpcwhlbrkmudrpgkkujqsfdqnghl/Build/Intermediates.noindex/PeerTubeSwift.build/Debug-iphonesimulator/PeerTubeSwiftTests.build/Objects-normal/arm64/PeerTubeSwiftTests.swiftmodule -validate-clang-modules-once -clang-build-session-file /Users/ericwatke/Library/Developer/Xcode/DerivedData/ModuleCache.noindex/Session.modulevalidation -Xcc -I/Users/ericwatke/Library/Developer/Xcode/DerivedData/PeerTubeSwift-dpcwhlbrkmudrpgkkujqsfdqnghl/Build/Intermediates.noindex/PeerTubeSwift.build/Debug-iphonesimulator/PeerTubeSwiftTests.build/swift-overrides.hmap -emit-const-values -Xfrontend -const-gather-protocols-file -Xfrontend /Users/ericwatke/Library/Developer/Xcode/DerivedData/PeerTubeSwift-dpcwhlbrkmudrpgkkujqsfdqnghl/Build/Intermediates.noindex/PeerTubeSwift.build/Debug-iphonesimulator/PeerTubeSwiftTests.build/Objects-normal/arm64/PeerTubeSwiftTests_const_extract_protocols.json -Xcc -iquote -Xcc /Users/ericwatke/Library/Developer/Xcode/DerivedData/PeerTubeSwift-dpcwhlbrkmudrpgkkujqsfdqnghl/Build/Intermediates.noindex/PeerTubeSwift.build/Debug-iphonesimulator/PeerTubeSwiftTests.build/PeerTubeSwiftTests-generated-files.hmap -Xcc -I/Users/ericwatke/Library/Developer/Xcode/DerivedData/PeerTubeSwift-dpcwhlbrkmudrpgkkujqsfdqnghl/Build/Intermediates.noindex/PeerTubeSwift.build/Debug-iphonesimulator/PeerTubeSwiftTests.build/PeerTubeSwiftTests-own-target-headers.hmap -Xcc -I/Users/ericwatke/Library/Developer/Xcode/DerivedData/PeerTubeSwift-dpcwhlbrkmudrpgkkujqsfdqnghl/Build/Intermediates.noindex/PeerTubeSwift.build/Debug-iphonesimulator/PeerTubeSwiftTests.build/PeerTubeSwiftTests-all-non-framework-target-headers.hmap -Xcc -ivfsoverlay -Xcc /Users/ericwatke/Library/Developer/Xcode/DerivedData/PeerTubeSwift-dpcwhlbrkmudrpgkkujqsfdqnghl/Build/Intermediates.noindex/PeerTubeSwift.build/Debug-iphonesimulator/PeerTubeSwift-737a43c5f02e2b54d5d37b163228a2ce-VFS-iphonesimulator/all-product-headers.yaml -Xcc -iquote -Xcc /Users/ericwatke/Library/Developer/Xcode/DerivedData/PeerTubeSwift-dpcwhlbrkmudrpgkkujqsfdqnghl/Build/Intermediates.noindex/PeerTubeSwift.build/Debug-iphonesimulator/PeerTubeSwiftTests.build/PeerTubeSwiftTests-project-headers.hmap -Xcc -I/Users/ericwatke/Library/Developer/Xcode/DerivedData/PeerTubeSwift-dpcwhlbrkmudrpgkkujqsfdqnghl/SourcePackages/checkouts/swift-navigation/Sources/UIKitNavigationShim/include -Xcc -I/Users/ericwatke/Library/Developer/Xcode/DerivedData/PeerTubeSwift-dpcwhlbrkmudrpgkkujqsfdqnghl/SourcePackages/checkouts/swift-syntax/Sources/_SwiftSyntaxCShims/include -Xcc -I/Users/ericwatke/Library/Developer/Xcode/DerivedData/PeerTubeSwift-dpcwhlbrkmudrpgkkujqsfdqnghl/Build/Products/Debug-iphonesimulator/include -Xcc -I/Users/ericwatke/Library/Developer/Xcode/DerivedData/PeerTubeSwift-dpcwhlbrkmudrpgkkujqsfdqnghl/Build/Intermediates.noindex/PeerTubeSwift.build/Debug-iphonesimulator/PeerTubeSwiftTests.build/DerivedSources-normal/arm64 -Xcc -I/Users/ericwatke/Library/Developer/Xcode/DerivedData/PeerTubeSwift-dpcwhlbrkmudrpgkkujqsfdqnghl/Build/Intermediates.noindex/PeerTubeSwift.build/Debug-iphonesimulator/PeerTubeSwiftTests.build/DerivedSources/arm64 -Xcc -I/Users/ericwatke/Library/Developer/Xcode/DerivedData/PeerTubeSwift-dpcwhlbrkmudrpgkkujqsfdqnghl/Build/Intermediates.noindex/PeerTubeSwift.build/Debug-iphonesimulator/PeerTubeSwiftTests.build/DerivedSources -Xcc -DDEBUG\=1 -emit-objc-header -emit-objc-header-path /Users/ericwatke/Library/Developer/Xcode/DerivedData/PeerTubeSwift-dpcwhlbrkmudrpgkkujqsfdqnghl/Build/Intermediates.noindex/PeerTubeSwift.build/Debug-iphonesimulator/PeerTubeSwiftTests.build/Objects-normal/arm64/PeerTubeSwiftTests-Swift.h -working-directory /Users/ericwatke/Documents/GitHub/peertube-swift/App/PeerTubeSwift -experimental-emit-module-separately -disable-cmo

ProcessProductPackagingDER /Users/ericwatke/Library/Developer/Xcode/DerivedData/PeerTubeSwift-dpcwhlbrkmudrpgkkujqsfdqnghl/Build/Intermediates.noindex/PeerTubeSwift.build/Debug-iphonesimulator/PeerTubeSwiftUITests.build/PeerTubeSwiftUITests.xctest-Simulated.xcent /Users/ericwatke/Library/Developer/Xcode/DerivedData/PeerTubeSwift-dpcwhlbrkmudrpgkkujqsfdqnghl/Build/Intermediates.noindex/PeerTubeSwift.build/Debug-iphonesimulator/PeerTubeSwiftUITests.build/PeerTubeSwiftUITests.xctest-Simulated.xcent.der (in target 'PeerTubeSwiftUITests' from project 'PeerTubeSwift')
    cd /Users/ericwatke/Documents/GitHub/peertube-swift/App/PeerTubeSwift
    /usr/bin/derq query -f xml -i /Users/ericwatke/Library/Developer/Xcode/DerivedData/PeerTubeSwift-dpcwhlbrkmudrpgkkujqsfdqnghl/Build/Intermediates.noindex/PeerTubeSwift.build/Debug-iphonesimulator/PeerTubeSwiftUITests.build/PeerTubeSwiftUITests.xctest-Simulated.xcent -o /Users/ericwatke/Library/Developer/Xcode/DerivedData/PeerTubeSwift-dpcwhlbrkmudrpgkkujqsfdqnghl/Build/Intermediates.noindex/PeerTubeSwift.build/Debug-iphonesimulator/PeerTubeSwiftUITests.build/PeerTubeSwiftUITests.xctest-Simulated.xcent.der --raw

SwiftDriver PeerTubeSwiftUITests normal arm64 com.apple.xcode.tools.swift.compiler (in target 'PeerTubeSwiftUITests' from project 'PeerTubeSwift')
    cd /Users/ericwatke/Documents/GitHub/peertube-swift/App/PeerTubeSwift
    builtin-SwiftDriver -- /Applications/Xcode-26.2.0.app/Contents/Developer/Toolchains/XcodeDefault.xctoolchain/usr/bin/swiftc -module-name PeerTubeSwiftUITests -Onone -enforce-exclusivity\=checked @/Users/ericwatke/Library/Developer/Xcode/DerivedData/PeerTubeSwift-dpcwhlbrkmudrpgkkujqsfdqnghl/Build/Intermediates.noindex/PeerTubeSwift.build/Debug-iphonesimulator/PeerTubeSwiftUITests.build/Objects-normal/arm64/PeerTubeSwiftUITests.SwiftFileList -DDEBUG -module-alias Testing\=_Testing_Unavailable -plugin-path /Applications/Xcode-26.2.0.app/Contents/Developer/Toolchains/XcodeDefault.xctoolchain/usr/lib/swift/host/plugins/testing -enable-bare-slash-regex -enable-upcoming-feature DisableOutwardActorInference -enable-upcoming-feature InferSendableFromCaptures -enable-upcoming-feature GlobalActorIsolatedTypesUsability -enable-upcoming-feature MemberImportVisibility -enable-upcoming-feature InferIsolatedConformances -enable-upcoming-feature NonisolatedNonsendingByDefault -enable-experimental-feature DebugDescriptionMacro -sdk /Applications/Xcode-26.2.0.app/Contents/Developer/Platforms/iPhoneSimulator.platform/Developer/SDKs/iPhoneSimulator26.2.sdk -target arm64-apple-ios26.2-simulator -g -module-cache-path /Users/ericwatke/Library/Developer/Xcode/DerivedData/ModuleCache.noindex -Xfrontend -serialize-debugging-options -profile-coverage-mapping -profile-generate -enable-testing -index-store-path /Users/ericwatke/Library/Developer/Xcode/DerivedData/PeerTubeSwift-dpcwhlbrkmudrpgkkujqsfdqnghl/Index.noindex/DataStore -Xcc -D_LIBCPP_HARDENING_MODE\=_LIBCPP_HARDENING_MODE_DEBUG -swift-version 5 -I /Users/ericwatke/Library/Developer/Xcode/DerivedData/PeerTubeSwift-dpcwhlbrkmudrpgkkujqsfdqnghl/Build/Products/Debug-iphonesimulator -Isystem /Applications/Xcode-26.2.0.app/Contents/Developer/Platforms/iPhoneSimulator.platform/Developer/usr/lib -F /Users/ericwatke/Library/Developer/Xcode/DerivedData/PeerTubeSwift-dpcwhlbrkmudrpgkkujqsfdqnghl/Build/Products/Debug-iphonesimulator -F /Applications/Xcode-26.2.0.app/Contents/Developer/Platforms/iPhoneSimulator.platform/Developer/Library/Frameworks -F /Applications/Xcode-26.2.0.app/Contents/Developer/Platforms/iPhoneSimulator.platform/Developer/SDKs/iPhoneSimulator26.2.sdk/Developer/Library/Frameworks -Xfrontend -load-plugin-executable -Xfrontend /Users/ericwatke/Library/Developer/Xcode/DerivedData/PeerTubeSwift-dpcwhlbrkmudrpgkkujqsfdqnghl/Build/Products/Debug/CasePathsMacros\#CasePathsMacros -Xfrontend -load-plugin-executable -Xfrontend /Users/ericwatke/Library/Developer/Xcode/DerivedData/PeerTubeSwift-dpcwhlbrkmudrpgkkujqsfdqnghl/Build/Products/Debug/ComposableArchitectureMacros\#ComposableArchitectureMacros -Xfrontend -load-plugin-executable -Xfrontend /Users/ericwatke/Library/Developer/Xcode/DerivedData/PeerTubeSwift-dpcwhlbrkmudrpgkkujqsfdqnghl/Build/Products/Debug/DependenciesMacrosPlugin\#DependenciesMacrosPlugin -Xfrontend -load-plugin-executable -Xfrontend /Users/ericwatke/Library/Developer/Xcode/DerivedData/PeerTubeSwift-dpcwhlbrkmudrpgkkujqsfdqnghl/Build/Products/Debug/PerceptionMacros\#PerceptionMacros -Xfrontend -load-plugin-executable -Xfrontend /Users/ericwatke/Library/Developer/Xcode/DerivedData/PeerTubeSwift-dpcwhlbrkmudrpgkkujqsfdqnghl/Build/Products/Debug/StructuredQueriesMacros\#StructuredQueriesMacros -Xfrontend -load-plugin-executable -Xfrontend /Users/ericwatke/Library/Developer/Xcode/DerivedData/PeerTubeSwift-dpcwhlbrkmudrpgkkujqsfdqnghl/Build/Products/Debug/StructuredQueriesSQLiteMacros\#StructuredQueriesSQLiteMacros -c -j8 -enable-batch-mode -incremental -Xcc -ivfsstatcache -Xcc /Users/ericwatke/Library/Developer/Xcode/DerivedData/SDKStatCaches.noindex/iphonesimulator26.2-23C53-396ea2e52eee30dc3ef691f54c5a881e.sdkstatcache -output-file-map /Users/ericwatke/Library/Developer/Xcode/DerivedData/PeerTubeSwift-dpcwhlbrkmudrpgkkujqsfdqnghl/Build/Intermediates.noindex/PeerTubeSwift.build/Debug-iphonesimulator/PeerTubeSwiftUITests.build/Objects-normal/arm64/PeerTubeSwiftUITests-OutputFileMap.json -use-frontend-parseable-output -save-temps -no-color-diagnostics -explicit-module-build -module-cache-path /Users/ericwatke/Library/Developer/Xcode/DerivedData/PeerTubeSwift-dpcwhlbrkmudrpgkkujqsfdqnghl/Build/Intermediates.noindex/SwiftExplicitPrecompiledModules -clang-scanner-module-cache-path /Users/ericwatke/Library/Developer/Xcode/DerivedData/ModuleCache.noindex -sdk-module-cache-path /Users/ericwatke/Library/Developer/Xcode/DerivedData/ModuleCache.noindex -serialize-diagnostics -emit-dependencies -emit-module -emit-module-path /Users/ericwatke/Library/Developer/Xcode/DerivedData/PeerTubeSwift-dpcwhlbrkmudrpgkkujqsfdqnghl/Build/Intermediates.noindex/PeerTubeSwift.build/Debug-iphonesimulator/PeerTubeSwiftUITests.build/Objects-normal/arm64/PeerTubeSwiftUITests.swiftmodule -validate-clang-modules-once -clang-build-session-file /Users/ericwatke/Library/Developer/Xcode/DerivedData/ModuleCache.noindex/Session.modulevalidation -Xcc -I/Users/ericwatke/Library/Developer/Xcode/DerivedData/PeerTubeSwift-dpcwhlbrkmudrpgkkujqsfdqnghl/Build/Intermediates.noindex/PeerTubeSwift.build/Debug-iphonesimulator/PeerTubeSwiftUITests.build/swift-overrides.hmap -emit-const-values -Xfrontend -const-gather-protocols-file -Xfrontend /Users/ericwatke/Library/Developer/Xcode/DerivedData/PeerTubeSwift-dpcwhlbrkmudrpgkkujqsfdqnghl/Build/Intermediates.noindex/PeerTubeSwift.build/Debug-iphonesimulator/PeerTubeSwiftUITests.build/Objects-normal/arm64/PeerTubeSwiftUITests_const_extract_protocols.json -Xcc -iquote -Xcc /Users/ericwatke/Library/Developer/Xcode/DerivedData/PeerTubeSwift-dpcwhlbrkmudrpgkkujqsfdqnghl/Build/Intermediates.noindex/PeerTubeSwift.build/Debug-iphonesimulator/PeerTubeSwiftUITests.build/PeerTubeSwiftUITests-generated-files.hmap -Xcc -I/Users/ericwatke/Library/Developer/Xcode/DerivedData/PeerTubeSwift-dpcwhlbrkmudrpgkkujqsfdqnghl/Build/Intermediates.noindex/PeerTubeSwift.build/Debug-iphonesimulator/PeerTubeSwiftUITests.build/PeerTubeSwiftUITests-own-target-headers.hmap -Xcc -I/Users/ericwatke/Library/Developer/Xcode/DerivedData/PeerTubeSwift-dpcwhlbrkmudrpgkkujqsfdqnghl/Build/Intermediates.noindex/PeerTubeSwift.build/Debug-iphonesimulator/PeerTubeSwiftUITests.build/PeerTubeSwiftUITests-all-non-framework-target-headers.hmap -Xcc -ivfsoverlay -Xcc /Users/ericwatke/Library/Developer/Xcode/DerivedData/PeerTubeSwift-dpcwhlbrkmudrpgkkujqsfdqnghl/Build/Intermediates.noindex/PeerTubeSwift.build/Debug-iphonesimulator/PeerTubeSwift-737a43c5f02e2b54d5d37b163228a2ce-VFS-iphonesimulator/all-product-headers.yaml -Xcc -iquote -Xcc /Users/ericwatke/Library/Developer/Xcode/DerivedData/PeerTubeSwift-dpcwhlbrkmudrpgkkujqsfdqnghl/Build/Intermediates.noindex/PeerTubeSwift.build/Debug-iphonesimulator/PeerTubeSwiftUITests.build/PeerTubeSwiftUITests-project-headers.hmap -Xcc -I/Users/ericwatke/Library/Developer/Xcode/DerivedData/PeerTubeSwift-dpcwhlbrkmudrpgkkujqsfdqnghl/Build/Products/Debug-iphonesimulator/include -Xcc -I/Users/ericwatke/Library/Developer/Xcode/DerivedData/PeerTubeSwift-dpcwhlbrkmudrpgkkujqsfdqnghl/Build/Intermediates.noindex/PeerTubeSwift.build/Debug-iphonesimulator/PeerTubeSwiftUITests.build/DerivedSources-normal/arm64 -Xcc -I/Users/ericwatke/Library/Developer/Xcode/DerivedData/PeerTubeSwift-dpcwhlbrkmudrpgkkujqsfdqnghl/Build/Intermediates.noindex/PeerTubeSwift.build/Debug-iphonesimulator/PeerTubeSwiftUITests.build/DerivedSources/arm64 -Xcc -I/Users/ericwatke/Library/Developer/Xcode/DerivedData/PeerTubeSwift-dpcwhlbrkmudrpgkkujqsfdqnghl/Build/Intermediates.noindex/PeerTubeSwift.build/Debug-iphonesimulator/PeerTubeSwiftUITests.build/DerivedSources -Xcc -DDEBUG\=1 -emit-objc-header -emit-objc-header-path /Users/ericwatke/Library/Developer/Xcode/DerivedData/PeerTubeSwift-dpcwhlbrkmudrpgkkujqsfdqnghl/Build/Intermediates.noindex/PeerTubeSwift.build/Debug-iphonesimulator/PeerTubeSwiftUITests.build/Objects-normal/arm64/PeerTubeSwiftUITests-Swift.h -working-directory /Users/ericwatke/Documents/GitHub/peertube-swift/App/PeerTubeSwift -experimental-emit-module-separately -disable-cmo

SwiftDriver\ Compilation\ Requirements PeerTubeSwiftUITests normal arm64 com.apple.xcode.tools.swift.compiler (in target 'PeerTubeSwiftUITests' from project 'PeerTubeSwift')
    cd /Users/ericwatke/Documents/GitHub/peertube-swift/App/PeerTubeSwift
    builtin-Swift-Compilation-Requirements -- /Applications/Xcode-26.2.0.app/Contents/Developer/Toolchains/XcodeDefault.xctoolchain/usr/bin/swiftc -module-name PeerTubeSwiftUITests -Onone -enforce-exclusivity\=checked @/Users/ericwatke/Library/Developer/Xcode/DerivedData/PeerTubeSwift-dpcwhlbrkmudrpgkkujqsfdqnghl/Build/Intermediates.noindex/PeerTubeSwift.build/Debug-iphonesimulator/PeerTubeSwiftUITests.build/Objects-normal/arm64/PeerTubeSwiftUITests.SwiftFileList -DDEBUG -module-alias Testing\=_Testing_Unavailable -plugin-path /Applications/Xcode-26.2.0.app/Contents/Developer/Toolchains/XcodeDefault.xctoolchain/usr/lib/swift/host/plugins/testing -enable-bare-slash-regex -enable-upcoming-feature DisableOutwardActorInference -enable-upcoming-feature InferSendableFromCaptures -enable-upcoming-feature GlobalActorIsolatedTypesUsability -enable-upcoming-feature MemberImportVisibility -enable-upcoming-feature InferIsolatedConformances -enable-upcoming-feature NonisolatedNonsendingByDefault -enable-experimental-feature DebugDescriptionMacro -sdk /Applications/Xcode-26.2.0.app/Contents/Developer/Platforms/iPhoneSimulator.platform/Developer/SDKs/iPhoneSimulator26.2.sdk -target arm64-apple-ios26.2-simulator -g -module-cache-path /Users/ericwatke/Library/Developer/Xcode/DerivedData/ModuleCache.noindex -Xfrontend -serialize-debugging-options -profile-coverage-mapping -profile-generate -enable-testing -index-store-path /Users/ericwatke/Library/Developer/Xcode/DerivedData/PeerTubeSwift-dpcwhlbrkmudrpgkkujqsfdqnghl/Index.noindex/DataStore -Xcc -D_LIBCPP_HARDENING_MODE\=_LIBCPP_HARDENING_MODE_DEBUG -swift-version 5 -I /Users/ericwatke/Library/Developer/Xcode/DerivedData/PeerTubeSwift-dpcwhlbrkmudrpgkkujqsfdqnghl/Build/Products/Debug-iphonesimulator -Isystem /Applications/Xcode-26.2.0.app/Contents/Developer/Platforms/iPhoneSimulator.platform/Developer/usr/lib -F /Users/ericwatke/Library/Developer/Xcode/DerivedData/PeerTubeSwift-dpcwhlbrkmudrpgkkujqsfdqnghl/Build/Products/Debug-iphonesimulator -F /Applications/Xcode-26.2.0.app/Contents/Developer/Platforms/iPhoneSimulator.platform/Developer/Library/Frameworks -F /Applications/Xcode-26.2.0.app/Contents/Developer/Platforms/iPhoneSimulator.platform/Developer/SDKs/iPhoneSimulator26.2.sdk/Developer/Library/Frameworks -Xfrontend -load-plugin-executable -Xfrontend /Users/ericwatke/Library/Developer/Xcode/DerivedData/PeerTubeSwift-dpcwhlbrkmudrpgkkujqsfdqnghl/Build/Products/Debug/CasePathsMacros\#CasePathsMacros -Xfrontend -load-plugin-executable -Xfrontend /Users/ericwatke/Library/Developer/Xcode/DerivedData/PeerTubeSwift-dpcwhlbrkmudrpgkkujqsfdqnghl/Build/Products/Debug/ComposableArchitectureMacros\#ComposableArchitectureMacros -Xfrontend -load-plugin-executable -Xfrontend /Users/ericwatke/Library/Developer/Xcode/DerivedData/PeerTubeSwift-dpcwhlbrkmudrpgkkujqsfdqnghl/Build/Products/Debug/DependenciesMacrosPlugin\#DependenciesMacrosPlugin -Xfrontend -load-plugin-executable -Xfrontend /Users/ericwatke/Library/Developer/Xcode/DerivedData/PeerTubeSwift-dpcwhlbrkmudrpgkkujqsfdqnghl/Build/Products/Debug/PerceptionMacros\#PerceptionMacros -Xfrontend -load-plugin-executable -Xfrontend /Users/ericwatke/Library/Developer/Xcode/DerivedData/PeerTubeSwift-dpcwhlbrkmudrpgkkujqsfdqnghl/Build/Products/Debug/StructuredQueriesMacros\#StructuredQueriesMacros -Xfrontend -load-plugin-executable -Xfrontend /Users/ericwatke/Library/Developer/Xcode/DerivedData/PeerTubeSwift-dpcwhlbrkmudrpgkkujqsfdqnghl/Build/Products/Debug/StructuredQueriesSQLiteMacros\#StructuredQueriesSQLiteMacros -c -j8 -enable-batch-mode -incremental -Xcc -ivfsstatcache -Xcc /Users/ericwatke/Library/Developer/Xcode/DerivedData/SDKStatCaches.noindex/iphonesimulator26.2-23C53-396ea2e52eee30dc3ef691f54c5a881e.sdkstatcache -output-file-map /Users/ericwatke/Library/Developer/Xcode/DerivedData/PeerTubeSwift-dpcwhlbrkmudrpgkkujqsfdqnghl/Build/Intermediates.noindex/PeerTubeSwift.build/Debug-iphonesimulator/PeerTubeSwiftUITests.build/Objects-normal/arm64/PeerTubeSwiftUITests-OutputFileMap.json -use-frontend-parseable-output -save-temps -no-color-diagnostics -explicit-module-build -module-cache-path /Users/ericwatke/Library/Developer/Xcode/DerivedData/PeerTubeSwift-dpcwhlbrkmudrpgkkujqsfdqnghl/Build/Intermediates.noindex/SwiftExplicitPrecompiledModules -clang-scanner-module-cache-path /Users/ericwatke/Library/Developer/Xcode/DerivedData/ModuleCache.noindex -sdk-module-cache-path /Users/ericwatke/Library/Developer/Xcode/DerivedData/ModuleCache.noindex -serialize-diagnostics -emit-dependencies -emit-module -emit-module-path /Users/ericwatke/Library/Developer/Xcode/DerivedData/PeerTubeSwift-dpcwhlbrkmudrpgkkujqsfdqnghl/Build/Intermediates.noindex/PeerTubeSwift.build/Debug-iphonesimulator/PeerTubeSwiftUITests.build/Objects-normal/arm64/PeerTubeSwiftUITests.swiftmodule -validate-clang-modules-once -clang-build-session-file /Users/ericwatke/Library/Developer/Xcode/DerivedData/ModuleCache.noindex/Session.modulevalidation -Xcc -I/Users/ericwatke/Library/Developer/Xcode/DerivedData/PeerTubeSwift-dpcwhlbrkmudrpgkkujqsfdqnghl/Build/Intermediates.noindex/PeerTubeSwift.build/Debug-iphonesimulator/PeerTubeSwiftUITests.build/swift-overrides.hmap -emit-const-values -Xfrontend -const-gather-protocols-file -Xfrontend /Users/ericwatke/Library/Developer/Xcode/DerivedData/PeerTubeSwift-dpcwhlbrkmudrpgkkujqsfdqnghl/Build/Intermediates.noindex/PeerTubeSwift.build/Debug-iphonesimulator/PeerTubeSwiftUITests.build/Objects-normal/arm64/PeerTubeSwiftUITests_const_extract_protocols.json -Xcc -iquote -Xcc /Users/ericwatke/Library/Developer/Xcode/DerivedData/PeerTubeSwift-dpcwhlbrkmudrpgkkujqsfdqnghl/Build/Intermediates.noindex/PeerTubeSwift.build/Debug-iphonesimulator/PeerTubeSwiftUITests.build/PeerTubeSwiftUITests-generated-files.hmap -Xcc -I/Users/ericwatke/Library/Developer/Xcode/DerivedData/PeerTubeSwift-dpcwhlbrkmudrpgkkujqsfdqnghl/Build/Intermediates.noindex/PeerTubeSwift.build/Debug-iphonesimulator/PeerTubeSwiftUITests.build/PeerTubeSwiftUITests-own-target-headers.hmap -Xcc -I/Users/ericwatke/Library/Developer/Xcode/DerivedData/PeerTubeSwift-dpcwhlbrkmudrpgkkujqsfdqnghl/Build/Intermediates.noindex/PeerTubeSwift.build/Debug-iphonesimulator/PeerTubeSwiftUITests.build/PeerTubeSwiftUITests-all-non-framework-target-headers.hmap -Xcc -ivfsoverlay -Xcc /Users/ericwatke/Library/Developer/Xcode/DerivedData/PeerTubeSwift-dpcwhlbrkmudrpgkkujqsfdqnghl/Build/Intermediates.noindex/PeerTubeSwift.build/Debug-iphonesimulator/PeerTubeSwift-737a43c5f02e2b54d5d37b163228a2ce-VFS-iphonesimulator/all-product-headers.yaml -Xcc -iquote -Xcc /Users/ericwatke/Library/Developer/Xcode/DerivedData/PeerTubeSwift-dpcwhlbrkmudrpgkkujqsfdqnghl/Build/Intermediates.noindex/PeerTubeSwift.build/Debug-iphonesimulator/PeerTubeSwiftUITests.build/PeerTubeSwiftUITests-project-headers.hmap -Xcc -I/Users/ericwatke/Library/Developer/Xcode/DerivedData/PeerTubeSwift-dpcwhlbrkmudrpgkkujqsfdqnghl/Build/Products/Debug-iphonesimulator/include -Xcc -I/Users/ericwatke/Library/Developer/Xcode/DerivedData/PeerTubeSwift-dpcwhlbrkmudrpgkkujqsfdqnghl/Build/Intermediates.noindex/PeerTubeSwift.build/Debug-iphonesimulator/PeerTubeSwiftUITests.build/DerivedSources-normal/arm64 -Xcc -I/Users/ericwatke/Library/Developer/Xcode/DerivedData/PeerTubeSwift-dpcwhlbrkmudrpgkkujqsfdqnghl/Build/Intermediates.noindex/PeerTubeSwift.build/Debug-iphonesimulator/PeerTubeSwiftUITests.build/DerivedSources/arm64 -Xcc -I/Users/ericwatke/Library/Developer/Xcode/DerivedData/PeerTubeSwift-dpcwhlbrkmudrpgkkujqsfdqnghl/Build/Intermediates.noindex/PeerTubeSwift.build/Debug-iphonesimulator/PeerTubeSwiftUITests.build/DerivedSources -Xcc -DDEBUG\=1 -emit-objc-header -emit-objc-header-path /Users/ericwatke/Library/Developer/Xcode/DerivedData/PeerTubeSwift-dpcwhlbrkmudrpgkkujqsfdqnghl/Build/Intermediates.noindex/PeerTubeSwift.build/Debug-iphonesimulator/PeerTubeSwiftUITests.build/Objects-normal/arm64/PeerTubeSwiftUITests-Swift.h -working-directory /Users/ericwatke/Documents/GitHub/peertube-swift/App/PeerTubeSwift -experimental-emit-module-separately -disable-cmo

SwiftDriver\ Compilation PeerTubeSwiftUITests normal arm64 com.apple.xcode.tools.swift.compiler (in target 'PeerTubeSwiftUITests' from project 'PeerTubeSwift')
    cd /Users/ericwatke/Documents/GitHub/peertube-swift/App/PeerTubeSwift
    builtin-Swift-Compilation -- /Applications/Xcode-26.2.0.app/Contents/Developer/Toolchains/XcodeDefault.xctoolchain/usr/bin/swiftc -module-name PeerTubeSwiftUITests -Onone -enforce-exclusivity\=checked @/Users/ericwatke/Library/Developer/Xcode/DerivedData/PeerTubeSwift-dpcwhlbrkmudrpgkkujqsfdqnghl/Build/Intermediates.noindex/PeerTubeSwift.build/Debug-iphonesimulator/PeerTubeSwiftUITests.build/Objects-normal/arm64/PeerTubeSwiftUITests.SwiftFileList -DDEBUG -module-alias Testing\=_Testing_Unavailable -plugin-path /Applications/Xcode-26.2.0.app/Contents/Developer/Toolchains/XcodeDefault.xctoolchain/usr/lib/swift/host/plugins/testing -enable-bare-slash-regex -enable-upcoming-feature DisableOutwardActorInference -enable-upcoming-feature InferSendableFromCaptures -enable-upcoming-feature GlobalActorIsolatedTypesUsability -enable-upcoming-feature MemberImportVisibility -enable-upcoming-feature InferIsolatedConformances -enable-upcoming-feature NonisolatedNonsendingByDefault -enable-experimental-feature DebugDescriptionMacro -sdk /Applications/Xcode-26.2.0.app/Contents/Developer/Platforms/iPhoneSimulator.platform/Developer/SDKs/iPhoneSimulator26.2.sdk -target arm64-apple-ios26.2-simulator -g -module-cache-path /Users/ericwatke/Library/Developer/Xcode/DerivedData/ModuleCache.noindex -Xfrontend -serialize-debugging-options -profile-coverage-mapping -profile-generate -enable-testing -index-store-path /Users/ericwatke/Library/Developer/Xcode/DerivedData/PeerTubeSwift-dpcwhlbrkmudrpgkkujqsfdqnghl/Index.noindex/DataStore -Xcc -D_LIBCPP_HARDENING_MODE\=_LIBCPP_HARDENING_MODE_DEBUG -swift-version 5 -I /Users/ericwatke/Library/Developer/Xcode/DerivedData/PeerTubeSwift-dpcwhlbrkmudrpgkkujqsfdqnghl/Build/Products/Debug-iphonesimulator -Isystem /Applications/Xcode-26.2.0.app/Contents/Developer/Platforms/iPhoneSimulator.platform/Developer/usr/lib -F /Users/ericwatke/Library/Developer/Xcode/DerivedData/PeerTubeSwift-dpcwhlbrkmudrpgkkujqsfdqnghl/Build/Products/Debug-iphonesimulator -F /Applications/Xcode-26.2.0.app/Contents/Developer/Platforms/iPhoneSimulator.platform/Developer/Library/Frameworks -F /Applications/Xcode-26.2.0.app/Contents/Developer/Platforms/iPhoneSimulator.platform/Developer/SDKs/iPhoneSimulator26.2.sdk/Developer/Library/Frameworks -Xfrontend -load-plugin-executable -Xfrontend /Users/ericwatke/Library/Developer/Xcode/DerivedData/PeerTubeSwift-dpcwhlbrkmudrpgkkujqsfdqnghl/Build/Products/Debug/CasePathsMacros\#CasePathsMacros -Xfrontend -load-plugin-executable -Xfrontend /Users/ericwatke/Library/Developer/Xcode/DerivedData/PeerTubeSwift-dpcwhlbrkmudrpgkkujqsfdqnghl/Build/Products/Debug/ComposableArchitectureMacros\#ComposableArchitectureMacros -Xfrontend -load-plugin-executable -Xfrontend /Users/ericwatke/Library/Developer/Xcode/DerivedData/PeerTubeSwift-dpcwhlbrkmudrpgkkujqsfdqnghl/Build/Products/Debug/DependenciesMacrosPlugin\#DependenciesMacrosPlugin -Xfrontend -load-plugin-executable -Xfrontend /Users/ericwatke/Library/Developer/Xcode/DerivedData/PeerTubeSwift-dpcwhlbrkmudrpgkkujqsfdqnghl/Build/Products/Debug/PerceptionMacros\#PerceptionMacros -Xfrontend -load-plugin-executable -Xfrontend /Users/ericwatke/Library/Developer/Xcode/DerivedData/PeerTubeSwift-dpcwhlbrkmudrpgkkujqsfdqnghl/Build/Products/Debug/StructuredQueriesMacros\#StructuredQueriesMacros -Xfrontend -load-plugin-executable -Xfrontend /Users/ericwatke/Library/Developer/Xcode/DerivedData/PeerTubeSwift-dpcwhlbrkmudrpgkkujqsfdqnghl/Build/Products/Debug/StructuredQueriesSQLiteMacros\#StructuredQueriesSQLiteMacros -c -j8 -enable-batch-mode -incremental -Xcc -ivfsstatcache -Xcc /Users/ericwatke/Library/Developer/Xcode/DerivedData/SDKStatCaches.noindex/iphonesimulator26.2-23C53-396ea2e52eee30dc3ef691f54c5a881e.sdkstatcache -output-file-map /Users/ericwatke/Library/Developer/Xcode/DerivedData/PeerTubeSwift-dpcwhlbrkmudrpgkkujqsfdqnghl/Build/Intermediates.noindex/PeerTubeSwift.build/Debug-iphonesimulator/PeerTubeSwiftUITests.build/Objects-normal/arm64/PeerTubeSwiftUITests-OutputFileMap.json -use-frontend-parseable-output -save-temps -no-color-diagnostics -explicit-module-build -module-cache-path /Users/ericwatke/Library/Developer/Xcode/DerivedData/PeerTubeSwift-dpcwhlbrkmudrpgkkujqsfdqnghl/Build/Intermediates.noindex/SwiftExplicitPrecompiledModules -clang-scanner-module-cache-path /Users/ericwatke/Library/Developer/Xcode/DerivedData/ModuleCache.noindex -sdk-module-cache-path /Users/ericwatke/Library/Developer/Xcode/DerivedData/ModuleCache.noindex -serialize-diagnostics -emit-dependencies -emit-module -emit-module-path /Users/ericwatke/Library/Developer/Xcode/DerivedData/PeerTubeSwift-dpcwhlbrkmudrpgkkujqsfdqnghl/Build/Intermediates.noindex/PeerTubeSwift.build/Debug-iphonesimulator/PeerTubeSwiftUITests.build/Objects-normal/arm64/PeerTubeSwiftUITests.swiftmodule -validate-clang-modules-once -clang-build-session-file /Users/ericwatke/Library/Developer/Xcode/DerivedData/ModuleCache.noindex/Session.modulevalidation -Xcc -I/Users/ericwatke/Library/Developer/Xcode/DerivedData/PeerTubeSwift-dpcwhlbrkmudrpgkkujqsfdqnghl/Build/Intermediates.noindex/PeerTubeSwift.build/Debug-iphonesimulator/PeerTubeSwiftUITests.build/swift-overrides.hmap -emit-const-values -Xfrontend -const-gather-protocols-file -Xfrontend /Users/ericwatke/Library/Developer/Xcode/DerivedData/PeerTubeSwift-dpcwhlbrkmudrpgkkujqsfdqnghl/Build/Intermediates.noindex/PeerTubeSwift.build/Debug-iphonesimulator/PeerTubeSwiftUITests.build/Objects-normal/arm64/PeerTubeSwiftUITests_const_extract_protocols.json -Xcc -iquote -Xcc /Users/ericwatke/Library/Developer/Xcode/DerivedData/PeerTubeSwift-dpcwhlbrkmudrpgkkujqsfdqnghl/Build/Intermediates.noindex/PeerTubeSwift.build/Debug-iphonesimulator/PeerTubeSwiftUITests.build/PeerTubeSwiftUITests-generated-files.hmap -Xcc -I/Users/ericwatke/Library/Developer/Xcode/DerivedData/PeerTubeSwift-dpcwhlbrkmudrpgkkujqsfdqnghl/Build/Intermediates.noindex/PeerTubeSwift.build/Debug-iphonesimulator/PeerTubeSwiftUITests.build/PeerTubeSwiftUITests-own-target-headers.hmap -Xcc -I/Users/ericwatke/Library/Developer/Xcode/DerivedData/PeerTubeSwift-dpcwhlbrkmudrpgkkujqsfdqnghl/Build/Intermediates.noindex/PeerTubeSwift.build/Debug-iphonesimulator/PeerTubeSwiftUITests.build/PeerTubeSwiftUITests-all-non-framework-target-headers.hmap -Xcc -ivfsoverlay -Xcc /Users/ericwatke/Library/Developer/Xcode/DerivedData/PeerTubeSwift-dpcwhlbrkmudrpgkkujqsfdqnghl/Build/Intermediates.noindex/PeerTubeSwift.build/Debug-iphonesimulator/PeerTubeSwift-737a43c5f02e2b54d5d37b163228a2ce-VFS-iphonesimulator/all-product-headers.yaml -Xcc -iquote -Xcc /Users/ericwatke/Library/Developer/Xcode/DerivedData/PeerTubeSwift-dpcwhlbrkmudrpgkkujqsfdqnghl/Build/Intermediates.noindex/PeerTubeSwift.build/Debug-iphonesimulator/PeerTubeSwiftUITests.build/PeerTubeSwiftUITests-project-headers.hmap -Xcc -I/Users/ericwatke/Library/Developer/Xcode/DerivedData/PeerTubeSwift-dpcwhlbrkmudrpgkkujqsfdqnghl/Build/Products/Debug-iphonesimulator/include -Xcc -I/Users/ericwatke/Library/Developer/Xcode/DerivedData/PeerTubeSwift-dpcwhlbrkmudrpgkkujqsfdqnghl/Build/Intermediates.noindex/PeerTubeSwift.build/Debug-iphonesimulator/PeerTubeSwiftUITests.build/DerivedSources-normal/arm64 -Xcc -I/Users/ericwatke/Library/Developer/Xcode/DerivedData/PeerTubeSwift-dpcwhlbrkmudrpgkkujqsfdqnghl/Build/Intermediates.noindex/PeerTubeSwift.build/Debug-iphonesimulator/PeerTubeSwiftUITests.build/DerivedSources/arm64 -Xcc -I/Users/ericwatke/Library/Developer/Xcode/DerivedData/PeerTubeSwift-dpcwhlbrkmudrpgkkujqsfdqnghl/Build/Intermediates.noindex/PeerTubeSwift.build/Debug-iphonesimulator/PeerTubeSwiftUITests.build/DerivedSources -Xcc -DDEBUG\=1 -emit-objc-header -emit-objc-header-path /Users/ericwatke/Library/Developer/Xcode/DerivedData/PeerTubeSwift-dpcwhlbrkmudrpgkkujqsfdqnghl/Build/Intermediates.noindex/PeerTubeSwift.build/Debug-iphonesimulator/PeerTubeSwiftUITests.build/Objects-normal/arm64/PeerTubeSwiftUITests-Swift.h -working-directory /Users/ericwatke/Documents/GitHub/peertube-swift/App/PeerTubeSwift -experimental-emit-module-separately -disable-cmo

ConstructStubExecutorLinkFileList /Users/ericwatke/Library/Developer/Xcode/DerivedData/PeerTubeSwift-dpcwhlbrkmudrpgkkujqsfdqnghl/Build/Intermediates.noindex/PeerTubeSwift.build/Debug-iphonesimulator/PeerTubeSwift.build/PeerTubeSwift-ExecutorLinkFileList-normal-arm64.txt (in target 'PeerTubeSwift' from project 'PeerTubeSwift')
    cd /Users/ericwatke/Documents/GitHub/peertube-swift/App/PeerTubeSwift
    construct-stub-executor-link-file-list /Users/ericwatke/Library/Developer/Xcode/DerivedData/PeerTubeSwift-dpcwhlbrkmudrpgkkujqsfdqnghl/Build/Products/Debug-iphonesimulator/PeerTubeSwift.app/PeerTubeSwift.debug.dylib /Applications/Xcode-26.2.0.app/Contents/Developer/Platforms/iPhoneSimulator.platform/Developer/usr/lib/libPreviewsJITStubExecutor_no_swift_entry_point.a /Applications/Xcode-26.2.0.app/Contents/Developer/Platforms/iPhoneSimulator.platform/Developer/usr/lib/libPreviewsJITStubExecutor.a --output /Users/ericwatke/Library/Developer/Xcode/DerivedData/PeerTubeSwift-dpcwhlbrkmudrpgkkujqsfdqnghl/Build/Intermediates.noindex/PeerTubeSwift.build/Debug-iphonesimulator/PeerTubeSwift.build/PeerTubeSwift-ExecutorLinkFileList-normal-arm64.txt
note: Using stub executor library with Swift entry point. (in target 'PeerTubeSwift' from project 'PeerTubeSwift')

Ld /Users/ericwatke/Library/Developer/Xcode/DerivedData/PeerTubeSwift-dpcwhlbrkmudrpgkkujqsfdqnghl/Build/Products/Debug-iphonesimulator/PeerTubeSwift.app/PeerTubeSwift normal (in target 'PeerTubeSwift' from project 'PeerTubeSwift')
    cd /Users/ericwatke/Documents/GitHub/peertube-swift/App/PeerTubeSwift
    /Applications/Xcode-26.2.0.app/Contents/Developer/Toolchains/XcodeDefault.xctoolchain/usr/bin/clang -Xlinker -reproducible -target arm64-apple-ios18.6-simulator -isysroot /Applications/Xcode-26.2.0.app/Contents/Developer/Platforms/iPhoneSimulator.platform/Developer/SDKs/iPhoneSimulator26.2.sdk -O0 -L/Users/ericwatke/Library/Developer/Xcode/DerivedData/PeerTubeSwift-dpcwhlbrkmudrpgkkujqsfdqnghl/Build/Products/Debug-iphonesimulator -F/Users/ericwatke/Library/Developer/Xcode/DerivedData/PeerTubeSwift-dpcwhlbrkmudrpgkkujqsfdqnghl/Build/Products/Debug-iphonesimulator/PackageFrameworks -F/Users/ericwatke/Library/Developer/Xcode/DerivedData/PeerTubeSwift-dpcwhlbrkmudrpgkkujqsfdqnghl/Build/Products/Debug-iphonesimulator/PackageFrameworks -F/Users/ericwatke/Library/Developer/Xcode/DerivedData/PeerTubeSwift-dpcwhlbrkmudrpgkkujqsfdqnghl/Build/Products/Debug-iphonesimulator/PackageFrameworks -F/Users/ericwatke/Library/Developer/Xcode/DerivedData/PeerTubeSwift-dpcwhlbrkmudrpgkkujqsfdqnghl/Build/Products/Debug-iphonesimulator/PackageFrameworks -F/Users/ericwatke/Library/Developer/Xcode/DerivedData/PeerTubeSwift-dpcwhlbrkmudrpgkkujqsfdqnghl/Build/Products/Debug-iphonesimulator/PackageFrameworks -F/Users/ericwatke/Library/Developer/Xcode/DerivedData/PeerTubeSwift-dpcwhlbrkmudrpgkkujqsfdqnghl/Build/Products/Debug-iphonesimulator/PackageFrameworks -F/Users/ericwatke/Library/Developer/Xcode/DerivedData/PeerTubeSwift-dpcwhlbrkmudrpgkkujqsfdqnghl/Build/Products/Debug-iphonesimulator/PackageFrameworks -F/Users/ericwatke/Library/Developer/Xcode/DerivedData/PeerTubeSwift-dpcwhlbrkmudrpgkkujqsfdqnghl/Build/Products/Debug-iphonesimulator/PackageFrameworks -F/Users/ericwatke/Library/Developer/Xcode/DerivedData/PeerTubeSwift-dpcwhlbrkmudrpgkkujqsfdqnghl/Build/Products/Debug-iphonesimulator/PackageFrameworks -F/Users/ericwatke/Library/Developer/Xcode/DerivedData/PeerTubeSwift-dpcwhlbrkmudrpgkkujqsfdqnghl/Build/Products/Debug-iphonesimulator/PackageFrameworks -F/Users/ericwatke/Library/Developer/Xcode/DerivedData/PeerTubeSwift-dpcwhlbrkmudrpgkkujqsfdqnghl/Build/Products/Debug-iphonesimulator/PackageFrameworks -F/Users/ericwatke/Library/Developer/Xcode/DerivedData/PeerTubeSwift-dpcwhlbrkmudrpgkkujqsfdqnghl/Build/Products/Debug-iphonesimulator/PackageFrameworks -F/Users/ericwatke/Library/Developer/Xcode/DerivedData/PeerTubeSwift-dpcwhlbrkmudrpgkkujqsfdqnghl/Build/Products/Debug-iphonesimulator/PackageFrameworks -F/Users/ericwatke/Library/Developer/Xcode/DerivedData/PeerTubeSwift-dpcwhlbrkmudrpgkkujqsfdqnghl/Build/Products/Debug-iphonesimulator/PackageFrameworks -F/Users/ericwatke/Library/Developer/Xcode/DerivedData/PeerTubeSwift-dpcwhlbrkmudrpgkkujqsfdqnghl/Build/Products/Debug-iphonesimulator/PackageFrameworks -F/Users/ericwatke/Library/Developer/Xcode/DerivedData/PeerTubeSwift-dpcwhlbrkmudrpgkkujqsfdqnghl/Build/Products/Debug-iphonesimulator/PackageFrameworks -F/Users/ericwatke/Library/Developer/Xcode/DerivedData/PeerTubeSwift-dpcwhlbrkmudrpgkkujqsfdqnghl/Build/Products/Debug-iphonesimulator/PackageFrameworks -F/Users/ericwatke/Library/Developer/Xcode/DerivedData/PeerTubeSwift-dpcwhlbrkmudrpgkkujqsfdqnghl/Build/Products/Debug-iphonesimulator/PackageFrameworks -F/Users/ericwatke/Library/Developer/Xcode/DerivedData/PeerTubeSwift-dpcwhlbrkmudrpgkkujqsfdqnghl/Build/Products/Debug-iphonesimulator/PackageFrameworks -F/Users/ericwatke/Library/Developer/Xcode/DerivedData/PeerTubeSwift-dpcwhlbrkmudrpgkkujqsfdqnghl/Build/Products/Debug-iphonesimulator/PackageFrameworks -F/Users/ericwatke/Library/Developer/Xcode/DerivedData/PeerTubeSwift-dpcwhlbrkmudrpgkkujqsfdqnghl/Build/Products/Debug-iphonesimulator/PackageFrameworks -F/Users/ericwatke/Library/Developer/Xcode/DerivedData/PeerTubeSwift-dpcwhlbrkmudrpgkkujqsfdqnghl/Build/Products/Debug-iphonesimulator/PackageFrameworks -F/Users/ericwatke/Library/Developer/Xcode/DerivedData/PeerTubeSwift-dpcwhlbrkmudrpgkkujqsfdqnghl/Build/Products/Debug-iphonesimulator/PackageFrameworks -F/Users/ericwatke/Library/Developer/Xcode/DerivedData/PeerTubeSwift-dpcwhlbrkmudrpgkkujqsfdqnghl/Build/Products/Debug-iphonesimulator/PackageFrameworks -F/Users/ericwatke/Library/Developer/Xcode/DerivedData/PeerTubeSwift-dpcwhlbrkmudrpgkkujqsfdqnghl/Build/Products/Debug-iphonesimulator/PackageFrameworks -F/Users/ericwatke/Library/Developer/Xcode/DerivedData/PeerTubeSwift-dpcwhlbrkmudrpgkkujqsfdqnghl/Build/Products/Debug-iphonesimulator/PackageFrameworks -F/Users/ericwatke/Library/Developer/Xcode/DerivedData/PeerTubeSwift-dpcwhlbrkmudrpgkkujqsfdqnghl/Build/Products/Debug-iphonesimulator/PackageFrameworks -F/Users/ericwatke/Library/Developer/Xcode/DerivedData/PeerTubeSwift-dpcwhlbrkmudrpgkkujqsfdqnghl/Build/Products/Debug-iphonesimulator/PackageFrameworks -F/Users/ericwatke/Library/Developer/Xcode/DerivedData/PeerTubeSwift-dpcwhlbrkmudrpgkkujqsfdqnghl/Build/Products/Debug-iphonesimulator/PackageFrameworks -F/Users/ericwatke/Library/Developer/Xcode/DerivedData/PeerTubeSwift-dpcwhlbrkmudrpgkkujqsfdqnghl/Build/Products/Debug-iphonesimulator/PackageFrameworks -F/Users/ericwatke/Library/Developer/Xcode/DerivedData/PeerTubeSwift-dpcwhlbrkmudrpgkkujqsfdqnghl/Build/Products/Debug-iphonesimulator/PackageFrameworks -F/Users/ericwatke/Library/Developer/Xcode/DerivedData/PeerTubeSwift-dpcwhlbrkmudrpgkkujqsfdqnghl/Build/Products/Debug-iphonesimulator/PackageFrameworks -F/Users/ericwatke/Library/Developer/Xcode/DerivedData/PeerTubeSwift-dpcwhlbrkmudrpgkkujqsfdqnghl/Build/Products/Debug-iphonesimulator/PackageFrameworks -F/Users/ericwatke/Library/Developer/Xcode/DerivedData/PeerTubeSwift-dpcwhlbrkmudrpgkkujqsfdqnghl/Build/Products/Debug-iphonesimulator/PackageFrameworks -F/Users/ericwatke/Library/Developer/Xcode/DerivedData/PeerTubeSwift-dpcwhlbrkmudrpgkkujqsfdqnghl/Build/Products/Debug-iphonesimulator/PackageFrameworks -F/Users/ericwatke/Library/Developer/Xcode/DerivedData/PeerTubeSwift-dpcwhlbrkmudrpgkkujqsfdqnghl/Build/Products/Debug-iphonesimulator -Xlinker -rpath -Xlinker @executable_path -Xlinker -rpath -Xlinker /Users/ericwatke/Library/Developer/Xcode/DerivedData/PeerTubeSwift-dpcwhlbrkmudrpgkkujqsfdqnghl/Build/Products/Debug-iphonesimulator/PackageFrameworks -Xlinker -rpath -Xlinker @executable_path/Frameworks -rdynamic -Xlinker -no_deduplicate -Xlinker -objc_abi_version -Xlinker 2 -Xlinker -debug_variant -e ___debug_blank_executor_main -Xlinker -sectcreate -Xlinker __TEXT -Xlinker __debug_dylib -Xlinker /Users/ericwatke/Library/Developer/Xcode/DerivedData/PeerTubeSwift-dpcwhlbrkmudrpgkkujqsfdqnghl/Build/Intermediates.noindex/PeerTubeSwift.build/Debug-iphonesimulator/PeerTubeSwift.build/PeerTubeSwift-DebugDylibPath-normal-arm64.txt -Xlinker -sectcreate -Xlinker __TEXT -Xlinker __debug_instlnm -Xlinker /Users/ericwatke/Library/Developer/Xcode/DerivedData/PeerTubeSwift-dpcwhlbrkmudrpgkkujqsfdqnghl/Build/Intermediates.noindex/PeerTubeSwift.build/Debug-iphonesimulator/PeerTubeSwift.build/PeerTubeSwift-DebugDylibInstallName-normal-arm64.txt -Xlinker -filelist -Xlinker /Users/ericwatke/Library/Developer/Xcode/DerivedData/PeerTubeSwift-dpcwhlbrkmudrpgkkujqsfdqnghl/Build/Intermediates.noindex/PeerTubeSwift.build/Debug-iphonesimulator/PeerTubeSwift.build/PeerTubeSwift-ExecutorLinkFileList-normal-arm64.txt -Xlinker -sectcreate -Xlinker __TEXT -Xlinker __entitlements -Xlinker /Users/ericwatke/Library/Developer/Xcode/DerivedData/PeerTubeSwift-dpcwhlbrkmudrpgkkujqsfdqnghl/Build/Intermediates.noindex/PeerTubeSwift.build/Debug-iphonesimulator/PeerTubeSwift.build/PeerTubeSwift.app-Simulated.xcent -Xlinker -sectcreate -Xlinker __TEXT -Xlinker __ents_der -Xlinker /Users/ericwatke/Library/Developer/Xcode/DerivedData/PeerTubeSwift-dpcwhlbrkmudrpgkkujqsfdqnghl/Build/Intermediates.noindex/PeerTubeSwift.build/Debug-iphonesimulator/PeerTubeSwift.build/PeerTubeSwift.app-Simulated.xcent.der /Users/ericwatke/Library/Developer/Xcode/DerivedData/PeerTubeSwift-dpcwhlbrkmudrpgkkujqsfdqnghl/Build/Products/Debug-iphonesimulator/PeerTubeSwift.app/PeerTubeSwift.debug.dylib -Xlinker -no_adhoc_codesign -o /Users/ericwatke/Library/Developer/Xcode/DerivedData/PeerTubeSwift-dpcwhlbrkmudrpgkkujqsfdqnghl/Build/Products/Debug-iphonesimulator/PeerTubeSwift.app/PeerTubeSwift

CopySwiftLibs /Users/ericwatke/Library/Developer/Xcode/DerivedData/PeerTubeSwift-dpcwhlbrkmudrpgkkujqsfdqnghl/Build/Products/Debug-iphonesimulator/PeerTubeSwift.app (in target 'PeerTubeSwift' from project 'PeerTubeSwift')
    cd /Users/ericwatke/Documents/GitHub/peertube-swift/App/PeerTubeSwift
    builtin-swiftStdLibTool --copy --verbose --sign - --scan-executable /Users/ericwatke/Library/Developer/Xcode/DerivedData/PeerTubeSwift-dpcwhlbrkmudrpgkkujqsfdqnghl/Build/Products/Debug-iphonesimulator/PeerTubeSwift.app/PeerTubeSwift.debug.dylib --scan-folder /Users/ericwatke/Library/Developer/Xcode/DerivedData/PeerTubeSwift-dpcwhlbrkmudrpgkkujqsfdqnghl/Build/Products/Debug-iphonesimulator/PeerTubeSwift.app/Frameworks --scan-folder /Users/ericwatke/Library/Developer/Xcode/DerivedData/PeerTubeSwift-dpcwhlbrkmudrpgkkujqsfdqnghl/Build/Products/Debug-iphonesimulator/PeerTubeSwift.app/PlugIns --scan-folder /Users/ericwatke/Library/Developer/Xcode/DerivedData/PeerTubeSwift-dpcwhlbrkmudrpgkkujqsfdqnghl/Build/Products/Debug-iphonesimulator/PeerTubeSwift.app/SystemExtensions --scan-folder /Users/ericwatke/Library/Developer/Xcode/DerivedData/PeerTubeSwift-dpcwhlbrkmudrpgkkujqsfdqnghl/Build/Products/Debug-iphonesimulator/PeerTubeSwift.app/Extensions --platform iphonesimulator --toolchain /Applications/Xcode-26.2.0.app/Contents/Developer/Toolchains/XcodeDefault.xctoolchain --destination /Users/ericwatke/Library/Developer/Xcode/DerivedData/PeerTubeSwift-dpcwhlbrkmudrpgkkujqsfdqnghl/Build/Products/Debug-iphonesimulator/PeerTubeSwift.app/Frameworks --strip-bitcode --strip-bitcode-tool /Applications/Xcode-26.2.0.app/Contents/Developer/Toolchains/XcodeDefault.xctoolchain/usr/bin/bitcode_strip --emit-dependency-info /Users/ericwatke/Library/Developer/Xcode/DerivedData/PeerTubeSwift-dpcwhlbrkmudrpgkkujqsfdqnghl/Build/Intermediates.noindex/PeerTubeSwift.build/Debug-iphonesimulator/PeerTubeSwift.build/SwiftStdLibToolInputDependencies.dep --filter-for-swift-os

ExtractAppIntentsMetadata (in target 'PeerTubeSwift' from project 'PeerTubeSwift')
    cd /Users/ericwatke/Documents/GitHub/peertube-swift/App/PeerTubeSwift
    /Applications/Xcode-26.2.0.app/Contents/Developer/Toolchains/XcodeDefault.xctoolchain/usr/bin/appintentsmetadataprocessor --toolchain-dir /Applications/Xcode-26.2.0.app/Contents/Developer/Toolchains/XcodeDefault.xctoolchain --module-name PeerTubeSwift --sdk-root /Applications/Xcode-26.2.0.app/Contents/Developer/Platforms/iPhoneSimulator.platform/Developer/SDKs/iPhoneSimulator26.2.sdk --xcode-version 17C52 --platform-family iOS --deployment-target 18.6 --bundle-identifier design.woven.PeerTubeSwift --output /Users/ericwatke/Library/Developer/Xcode/DerivedData/PeerTubeSwift-dpcwhlbrkmudrpgkkujqsfdqnghl/Build/Products/Debug-iphonesimulator/PeerTubeSwift.app --target-triple arm64-apple-ios18.6-simulator --binary-file /Users/ericwatke/Library/Developer/Xcode/DerivedData/PeerTubeSwift-dpcwhlbrkmudrpgkkujqsfdqnghl/Build/Products/Debug-iphonesimulator/PeerTubeSwift.app/PeerTubeSwift --dependency-file /Users/ericwatke/Library/Developer/Xcode/DerivedData/PeerTubeSwift-dpcwhlbrkmudrpgkkujqsfdqnghl/Build/Intermediates.noindex/PeerTubeSwift.build/Debug-iphonesimulator/PeerTubeSwift.build/Objects-normal/arm64/PeerTubeSwift_dependency_info.dat --stringsdata-file /Users/ericwatke/Library/Developer/Xcode/DerivedData/PeerTubeSwift-dpcwhlbrkmudrpgkkujqsfdqnghl/Build/Intermediates.noindex/PeerTubeSwift.build/Debug-iphonesimulator/PeerTubeSwift.build/Objects-normal/arm64/ExtractedAppShortcutsMetadata.stringsdata --source-file-list /Users/ericwatke/Library/Developer/Xcode/DerivedData/PeerTubeSwift-dpcwhlbrkmudrpgkkujqsfdqnghl/Build/Intermediates.noindex/PeerTubeSwift.build/Debug-iphonesimulator/PeerTubeSwift.build/Objects-normal/arm64/PeerTubeSwift.SwiftFileList --metadata-file-list /Users/ericwatke/Library/Developer/Xcode/DerivedData/PeerTubeSwift-dpcwhlbrkmudrpgkkujqsfdqnghl/Build/Intermediates.noindex/PeerTubeSwift.build/Debug-iphonesimulator/PeerTubeSwift.build/PeerTubeSwift.DependencyMetadataFileList --static-metadata-file-list /Users/ericwatke/Library/Developer/Xcode/DerivedData/PeerTubeSwift-dpcwhlbrkmudrpgkkujqsfdqnghl/Build/Intermediates.noindex/PeerTubeSwift.build/Debug-iphonesimulator/PeerTubeSwift.build/PeerTubeSwift.DependencyStaticMetadataFileList --swift-const-vals-list /Users/ericwatke/Library/Developer/Xcode/DerivedData/PeerTubeSwift-dpcwhlbrkmudrpgkkujqsfdqnghl/Build/Intermediates.noindex/PeerTubeSwift.build/Debug-iphonesimulator/PeerTubeSwift.build/Objects-normal/arm64/PeerTubeSwift.SwiftConstValuesFileList --compile-time-extraction --deployment-aware-processing --validate-assistant-intents --no-app-shortcuts-localization
2026-03-25 20:09:32.079 appintentsmetadataprocessor[26801:1338683] Starting appintentsmetadataprocessor export
2026-03-25 20:09:32.080 appintentsmetadataprocessor[26801:1338683] warning: Metadata extraction skipped. No AppIntents.framework dependency found.

AppIntentsSSUTraining (in target 'PeerTubeSwift' from project 'PeerTubeSwift')
    cd /Users/ericwatke/Documents/GitHub/peertube-swift/App/PeerTubeSwift
    /Applications/Xcode-26.2.0.app/Contents/Developer/Toolchains/XcodeDefault.xctoolchain/usr/bin/appintentsnltrainingprocessor --infoplist-path /Users/ericwatke/Library/Developer/Xcode/DerivedData/PeerTubeSwift-dpcwhlbrkmudrpgkkujqsfdqnghl/Build/Products/Debug-iphonesimulator/PeerTubeSwift.app/Info.plist --temp-dir-path /Users/ericwatke/Library/Developer/Xcode/DerivedData/PeerTubeSwift-dpcwhlbrkmudrpgkkujqsfdqnghl/Build/Intermediates.noindex/PeerTubeSwift.build/Debug-iphonesimulator/PeerTubeSwift.build/ssu --bundle-id design.woven.PeerTubeSwift --product-path /Users/ericwatke/Library/Developer/Xcode/DerivedData/PeerTubeSwift-dpcwhlbrkmudrpgkkujqsfdqnghl/Build/Products/Debug-iphonesimulator/PeerTubeSwift.app --extracted-metadata-path /Users/ericwatke/Library/Developer/Xcode/DerivedData/PeerTubeSwift-dpcwhlbrkmudrpgkkujqsfdqnghl/Build/Products/Debug-iphonesimulator/PeerTubeSwift.app/Metadata.appintents --metadata-file-list /Users/ericwatke/Library/Developer/Xcode/DerivedData/PeerTubeSwift-dpcwhlbrkmudrpgkkujqsfdqnghl/Build/Intermediates.noindex/PeerTubeSwift.build/Debug-iphonesimulator/PeerTubeSwift.build/PeerTubeSwift.DependencyMetadataFileList --archive-ssu-assets
2026-03-25 20:09:32.098 appintentsnltrainingprocessor[26802:1338685] Parsing options for appintentsnltrainingprocessor
2026-03-25 20:09:32.099 appintentsnltrainingprocessor[26802:1338685] No AppShortcuts found - Skipping.

SwiftDriver\ Compilation PeerTubeSwiftTests normal arm64 com.apple.xcode.tools.swift.compiler (in target 'PeerTubeSwiftTests' from project 'PeerTubeSwift')
    cd /Users/ericwatke/Documents/GitHub/peertube-swift/App/PeerTubeSwift
    builtin-Swift-Compilation -- /Applications/Xcode-26.2.0.app/Contents/Developer/Toolchains/XcodeDefault.xctoolchain/usr/bin/swiftc -module-name PeerTubeSwiftTests -Onone -enforce-exclusivity\=checked @/Users/ericwatke/Library/Developer/Xcode/DerivedData/PeerTubeSwift-dpcwhlbrkmudrpgkkujqsfdqnghl/Build/Intermediates.noindex/PeerTubeSwift.build/Debug-iphonesimulator/PeerTubeSwiftTests.build/Objects-normal/arm64/PeerTubeSwiftTests.SwiftFileList -DDEBUG -Xcc -fmodule-map-file\=/Users/ericwatke/Library/Developer/Xcode/DerivedData/PeerTubeSwift-dpcwhlbrkmudrpgkkujqsfdqnghl/SourcePackages/checkouts/GRDB.swift/Sources/GRDBSQLite/module.modulemap -Xcc -fmodule-map-file\=/Users/ericwatke/Library/Developer/Xcode/DerivedData/PeerTubeSwift-dpcwhlbrkmudrpgkkujqsfdqnghl/Build/Intermediates.noindex/GeneratedModuleMaps-iphonesimulator/UIKitNavigationShim.modulemap -Xcc -fmodule-map-file\=/Users/ericwatke/Library/Developer/Xcode/DerivedData/PeerTubeSwift-dpcwhlbrkmudrpgkkujqsfdqnghl/SourcePackages/checkouts/GRDB.swift/Sources/GRDBSQLite/module.modulemap -plugin-path /Applications/Xcode-26.2.0.app/Contents/Developer/Toolchains/XcodeDefault.xctoolchain/usr/lib/swift/host/plugins/testing -enable-bare-slash-regex -enable-upcoming-feature DisableOutwardActorInference -enable-upcoming-feature InferSendableFromCaptures -enable-upcoming-feature GlobalActorIsolatedTypesUsability -enable-upcoming-feature MemberImportVisibility -enable-upcoming-feature InferIsolatedConformances -enable-upcoming-feature NonisolatedNonsendingByDefault -enable-experimental-feature DebugDescriptionMacro -sdk /Applications/Xcode-26.2.0.app/Contents/Developer/Platforms/iPhoneSimulator.platform/Developer/SDKs/iPhoneSimulator26.2.sdk -target arm64-apple-ios26.2-simulator -g -module-cache-path /Users/ericwatke/Library/Developer/Xcode/DerivedData/ModuleCache.noindex -Xfrontend -serialize-debugging-options -profile-coverage-mapping -profile-generate -enable-testing -index-store-path /Users/ericwatke/Library/Developer/Xcode/DerivedData/PeerTubeSwift-dpcwhlbrkmudrpgkkujqsfdqnghl/Index.noindex/DataStore -Xcc -D_LIBCPP_HARDENING_MODE\=_LIBCPP_HARDENING_MODE_DEBUG -swift-version 5 -I /Users/ericwatke/Library/Developer/Xcode/DerivedData/PeerTubeSwift-dpcwhlbrkmudrpgkkujqsfdqnghl/Build/Products/Debug-iphonesimulator -Isystem /Applications/Xcode-26.2.0.app/Contents/Developer/Platforms/iPhoneSimulator.platform/Developer/usr/lib -F /Users/ericwatke/Library/Developer/Xcode/DerivedData/PeerTubeSwift-dpcwhlbrkmudrpgkkujqsfdqnghl/Build/Products/Debug-iphonesimulator/PackageFrameworks -F /Users/ericwatke/Library/Developer/Xcode/DerivedData/PeerTubeSwift-dpcwhlbrkmudrpgkkujqsfdqnghl/Build/Products/Debug-iphonesimulator/PackageFrameworks -F /Users/ericwatke/Library/Developer/Xcode/DerivedData/PeerTubeSwift-dpcwhlbrkmudrpgkkujqsfdqnghl/Build/Products/Debug-iphonesimulator/PackageFrameworks -F /Users/ericwatke/Library/Developer/Xcode/DerivedData/PeerTubeSwift-dpcwhlbrkmudrpgkkujqsfdqnghl/Build/Products/Debug-iphonesimulator/PackageFrameworks -F /Users/ericwatke/Library/Developer/Xcode/DerivedData/PeerTubeSwift-dpcwhlbrkmudrpgkkujqsfdqnghl/Build/Products/Debug-iphonesimulator/PackageFrameworks -F /Users/ericwatke/Library/Developer/Xcode/DerivedData/PeerTubeSwift-dpcwhlbrkmudrpgkkujqsfdqnghl/Build/Products/Debug-iphonesimulator/PackageFrameworks -F /Users/ericwatke/Library/Developer/Xcode/DerivedData/PeerTubeSwift-dpcwhlbrkmudrpgkkujqsfdqnghl/Build/Products/Debug-iphonesimulator/PackageFrameworks -F /Users/ericwatke/Library/Developer/Xcode/DerivedData/PeerTubeSwift-dpcwhlbrkmudrpgkkujqsfdqnghl/Build/Products/Debug-iphonesimulator/PackageFrameworks -F /Users/ericwatke/Library/Developer/Xcode/DerivedData/PeerTubeSwift-dpcwhlbrkmudrpgkkujqsfdqnghl/Build/Products/Debug-iphonesimulator/PackageFrameworks -F /Users/ericwatke/Library/Developer/Xcode/DerivedData/PeerTubeSwift-dpcwhlbrkmudrpgkkujqsfdqnghl/Build/Products/Debug-iphonesimulator/PackageFrameworks -F /Users/ericwatke/Library/Developer/Xcode/DerivedData/PeerTubeSwift-dpcwhlbrkmudrpgkkujqsfdqnghl/Build/Products/Debug-iphonesimulator/PackageFrameworks -F /Users/ericwatke/Library/Developer/Xcode/DerivedData/PeerTubeSwift-dpcwhlbrkmudrpgkkujqsfdqnghl/Build/Products/Debug-iphonesimulator/PackageFrameworks -F /Users/ericwatke/Library/Developer/Xcode/DerivedData/PeerTubeSwift-dpcwhlbrkmudrpgkkujqsfdqnghl/Build/Products/Debug-iphonesimulator/PackageFrameworks -F /Users/ericwatke/Library/Developer/Xcode/DerivedData/PeerTubeSwift-dpcwhlbrkmudrpgkkujqsfdqnghl/Build/Products/Debug-iphonesimulator/PackageFrameworks -F /Users/ericwatke/Library/Developer/Xcode/DerivedData/PeerTubeSwift-dpcwhlbrkmudrpgkkujqsfdqnghl/Build/Products/Debug-iphonesimulator/PackageFrameworks -F /Users/ericwatke/Library/Developer/Xcode/DerivedData/PeerTubeSwift-dpcwhlbrkmudrpgkkujqsfdqnghl/Build/Products/Debug-iphonesimulator/PackageFrameworks -F /Users/ericwatke/Library/Developer/Xcode/DerivedData/PeerTubeSwift-dpcwhlbrkmudrpgkkujqsfdqnghl/Build/Products/Debug-iphonesimulator/PackageFrameworks -F /Users/ericwatke/Library/Developer/Xcode/DerivedData/PeerTubeSwift-dpcwhlbrkmudrpgkkujqsfdqnghl/Build/Products/Debug-iphonesimulator/PackageFrameworks -F /Users/ericwatke/Library/Developer/Xcode/DerivedData/PeerTubeSwift-dpcwhlbrkmudrpgkkujqsfdqnghl/Build/Products/Debug-iphonesimulator/PackageFrameworks -F /Users/ericwatke/Library/Developer/Xcode/DerivedData/PeerTubeSwift-dpcwhlbrkmudrpgkkujqsfdqnghl/Build/Products/Debug-iphonesimulator/PackageFrameworks -F /Users/ericwatke/Library/Developer/Xcode/DerivedData/PeerTubeSwift-dpcwhlbrkmudrpgkkujqsfdqnghl/Build/Products/Debug-iphonesimulator/PackageFrameworks -F /Users/ericwatke/Library/Developer/Xcode/DerivedData/PeerTubeSwift-dpcwhlbrkmudrpgkkujqsfdqnghl/Build/Products/Debug-iphonesimulator/PackageFrameworks -F /Users/ericwatke/Library/Developer/Xcode/DerivedData/PeerTubeSwift-dpcwhlbrkmudrpgkkujqsfdqnghl/Build/Products/Debug-iphonesimulator/PackageFrameworks -F /Users/ericwatke/Library/Developer/Xcode/DerivedData/PeerTubeSwift-dpcwhlbrkmudrpgkkujqsfdqnghl/Build/Products/Debug-iphonesimulator/PackageFrameworks -F /Users/ericwatke/Library/Developer/Xcode/DerivedData/PeerTubeSwift-dpcwhlbrkmudrpgkkujqsfdqnghl/Build/Products/Debug-iphonesimulator/PackageFrameworks -F /Users/ericwatke/Library/Developer/Xcode/DerivedData/PeerTubeSwift-dpcwhlbrkmudrpgkkujqsfdqnghl/Build/Products/Debug-iphonesimulator/PackageFrameworks -F /Users/ericwatke/Library/Developer/Xcode/DerivedData/PeerTubeSwift-dpcwhlbrkmudrpgkkujqsfdqnghl/Build/Products/Debug-iphonesimulator/PackageFrameworks -F /Users/ericwatke/Library/Developer/Xcode/DerivedData/PeerTubeSwift-dpcwhlbrkmudrpgkkujqsfdqnghl/Build/Products/Debug-iphonesimulator/PackageFrameworks -F /Users/ericwatke/Library/Developer/Xcode/DerivedData/PeerTubeSwift-dpcwhlbrkmudrpgkkujqsfdqnghl/Build/Products/Debug-iphonesimulator/PackageFrameworks -F /Users/ericwatke/Library/Developer/Xcode/DerivedData/PeerTubeSwift-dpcwhlbrkmudrpgkkujqsfdqnghl/Build/Products/Debug-iphonesimulator/PackageFrameworks -F /Users/ericwatke/Library/Developer/Xcode/DerivedData/PeerTubeSwift-dpcwhlbrkmudrpgkkujqsfdqnghl/Build/Products/Debug-iphonesimulator/PackageFrameworks -F /Users/ericwatke/Library/Developer/Xcode/DerivedData/PeerTubeSwift-dpcwhlbrkmudrpgkkujqsfdqnghl/Build/Products/Debug-iphonesimulator/PackageFrameworks -F /Users/ericwatke/Library/Developer/Xcode/DerivedData/PeerTubeSwift-dpcwhlbrkmudrpgkkujqsfdqnghl/Build/Products/Debug-iphonesimulator/PackageFrameworks -F /Users/ericwatke/Library/Developer/Xcode/DerivedData/PeerTubeSwift-dpcwhlbrkmudrpgkkujqsfdqnghl/Build/Products/Debug-iphonesimulator/PackageFrameworks -F /Users/ericwatke/Library/Developer/Xcode/DerivedData/PeerTubeSwift-dpcwhlbrkmudrpgkkujqsfdqnghl/Build/Products/Debug-iphonesimulator/PackageFrameworks -F /Users/ericwatke/Library/Developer/Xcode/DerivedData/PeerTubeSwift-dpcwhlbrkmudrpgkkujqsfdqnghl/Build/Products/Debug-iphonesimulator/PackageFrameworks -F /Users/ericwatke/Library/Developer/Xcode/DerivedData/PeerTubeSwift-dpcwhlbrkmudrpgkkujqsfdqnghl/Build/Products/Debug-iphonesimulator/PackageFrameworks -F /Users/ericwatke/Library/Developer/Xcode/DerivedData/PeerTubeSwift-dpcwhlbrkmudrpgkkujqsfdqnghl/Build/Products/Debug-iphonesimulator/PackageFrameworks -F /Users/ericwatke/Library/Developer/Xcode/DerivedData/PeerTubeSwift-dpcwhlbrkmudrpgkkujqsfdqnghl/Build/Products/Debug-iphonesimulator/PackageFrameworks -F /Users/ericwatke/Library/Developer/Xcode/DerivedData/PeerTubeSwift-dpcwhlbrkmudrpgkkujqsfdqnghl/Build/Products/Debug-iphonesimulator/PackageFrameworks -F /Users/ericwatke/Library/Developer/Xcode/DerivedData/PeerTubeSwift-dpcwhlbrkmudrpgkkujqsfdqnghl/Build/Products/Debug-iphonesimulator/PackageFrameworks -F /Users/ericwatke/Library/Developer/Xcode/DerivedData/PeerTubeSwift-dpcwhlbrkmudrpgkkujqsfdqnghl/Build/Products/Debug-iphonesimulator/PackageFrameworks -F /Users/ericwatke/Library/Developer/Xcode/DerivedData/PeerTubeSwift-dpcwhlbrkmudrpgkkujqsfdqnghl/Build/Products/Debug-iphonesimulator/PackageFrameworks -F /Users/ericwatke/Library/Developer/Xcode/DerivedData/PeerTubeSwift-dpcwhlbrkmudrpgkkujqsfdqnghl/Build/Products/Debug-iphonesimulator/PackageFrameworks -F /Users/ericwatke/Library/Developer/Xcode/DerivedData/PeerTubeSwift-dpcwhlbrkmudrpgkkujqsfdqnghl/Build/Products/Debug-iphonesimulator/PackageFrameworks -F /Users/ericwatke/Library/Developer/Xcode/DerivedData/PeerTubeSwift-dpcwhlbrkmudrpgkkujqsfdqnghl/Build/Products/Debug-iphonesimulator/PackageFrameworks -F /Users/ericwatke/Library/Developer/Xcode/DerivedData/PeerTubeSwift-dpcwhlbrkmudrpgkkujqsfdqnghl/Build/Products/Debug-iphonesimulator/PackageFrameworks -F /Users/ericwatke/Library/Developer/Xcode/DerivedData/PeerTubeSwift-dpcwhlbrkmudrpgkkujqsfdqnghl/Build/Products/Debug-iphonesimulator/PackageFrameworks -F /Users/ericwatke/Library/Developer/Xcode/DerivedData/PeerTubeSwift-dpcwhlbrkmudrpgkkujqsfdqnghl/Build/Products/Debug-iphonesimulator/PackageFrameworks -F /Users/ericwatke/Library/Developer/Xcode/DerivedData/PeerTubeSwift-dpcwhlbrkmudrpgkkujqsfdqnghl/Build/Products/Debug-iphonesimulator/PackageFrameworks -F /Users/ericwatke/Library/Developer/Xcode/DerivedData/PeerTubeSwift-dpcwhlbrkmudrpgkkujqsfdqnghl/Build/Products/Debug-iphonesimulator/PackageFrameworks -F /Users/ericwatke/Library/Developer/Xcode/DerivedData/PeerTubeSwift-dpcwhlbrkmudrpgkkujqsfdqnghl/Build/Products/Debug-iphonesimulator/PackageFrameworks -F /Users/ericwatke/Library/Developer/Xcode/DerivedData/PeerTubeSwift-dpcwhlbrkmudrpgkkujqsfdqnghl/Build/Products/Debug-iphonesimulator/PackageFrameworks -F /Users/ericwatke/Library/Developer/Xcode/DerivedData/PeerTubeSwift-dpcwhlbrkmudrpgkkujqsfdqnghl/Build/Products/Debug-iphonesimulator/PackageFrameworks -F /Users/ericwatke/Library/Developer/Xcode/DerivedData/PeerTubeSwift-dpcwhlbrkmudrpgkkujqsfdqnghl/Build/Products/Debug-iphonesimulator/PackageFrameworks -F /Users/ericwatke/Library/Developer/Xcode/DerivedData/PeerTubeSwift-dpcwhlbrkmudrpgkkujqsfdqnghl/Build/Products/Debug-iphonesimulator/PackageFrameworks -F /Users/ericwatke/Library/Developer/Xcode/DerivedData/PeerTubeSwift-dpcwhlbrkmudrpgkkujqsfdqnghl/Build/Products/Debug-iphonesimulator/PackageFrameworks -F /Users/ericwatke/Library/Developer/Xcode/DerivedData/PeerTubeSwift-dpcwhlbrkmudrpgkkujqsfdqnghl/Build/Products/Debug-iphonesimulator/PackageFrameworks -F /Users/ericwatke/Library/Developer/Xcode/DerivedData/PeerTubeSwift-dpcwhlbrkmudrpgkkujqsfdqnghl/Build/Products/Debug-iphonesimulator/PackageFrameworks -F /Users/ericwatke/Library/Developer/Xcode/DerivedData/PeerTubeSwift-dpcwhlbrkmudrpgkkujqsfdqnghl/Build/Products/Debug-iphonesimulator/PackageFrameworks -F /Users/ericwatke/Library/Developer/Xcode/DerivedData/PeerTubeSwift-dpcwhlbrkmudrpgkkujqsfdqnghl/Build/Products/Debug-iphonesimulator/PackageFrameworks -F /Users/ericwatke/Library/Developer/Xcode/DerivedData/PeerTubeSwift-dpcwhlbrkmudrpgkkujqsfdqnghl/Build/Products/Debug-iphonesimulator/PackageFrameworks -F /Users/ericwatke/Library/Developer/Xcode/DerivedData/PeerTubeSwift-dpcwhlbrkmudrpgkkujqsfdqnghl/Build/Products/Debug-iphonesimulator/PackageFrameworks -F /Users/ericwatke/Library/Developer/Xcode/DerivedData/PeerTubeSwift-dpcwhlbrkmudrpgkkujqsfdqnghl/Build/Products/Debug-iphonesimulator/PackageFrameworks -F /Users/ericwatke/Library/Developer/Xcode/DerivedData/PeerTubeSwift-dpcwhlbrkmudrpgkkujqsfdqnghl/Build/Products/Debug-iphonesimulator/PackageFrameworks -F /Users/ericwatke/Library/Developer/Xcode/DerivedData/PeerTubeSwift-dpcwhlbrkmudrpgkkujqsfdqnghl/Build/Products/Debug-iphonesimulator/PackageFrameworks -F /Users/ericwatke/Library/Developer/Xcode/DerivedData/PeerTubeSwift-dpcwhlbrkmudrpgkkujqsfdqnghl/Build/Products/Debug-iphonesimulator/PackageFrameworks -F /Users/ericwatke/Library/Developer/Xcode/DerivedData/PeerTubeSwift-dpcwhlbrkmudrpgkkujqsfdqnghl/Build/Products/Debug-iphonesimulator/PackageFrameworks -F /Users/ericwatke/Library/Developer/Xcode/DerivedData/PeerTubeSwift-dpcwhlbrkmudrpgkkujqsfdqnghl/Build/Products/Debug-iphonesimulator/PackageFrameworks -F /Users/ericwatke/Library/Developer/Xcode/DerivedData/PeerTubeSwift-dpcwhlbrkmudrpgkkujqsfdqnghl/Build/Products/Debug-iphonesimulator/PackageFrameworks -F /Users/ericwatke/Library/Developer/Xcode/DerivedData/PeerTubeSwift-dpcwhlbrkmudrpgkkujqsfdqnghl/Build/Products/Debug-iphonesimulator/PackageFrameworks -F /Users/ericwatke/Library/Developer/Xcode/DerivedData/PeerTubeSwift-dpcwhlbrkmudrpgkkujqsfdqnghl/Build/Products/Debug-iphonesimulator/PackageFrameworks -F /Users/ericwatke/Library/Developer/Xcode/DerivedData/PeerTubeSwift-dpcwhlbrkmudrpgkkujqsfdqnghl/Build/Products/Debug-iphonesimulator/PackageFrameworks -F /Users/ericwatke/Library/Developer/Xcode/DerivedData/PeerTubeSwift-dpcwhlbrkmudrpgkkujqsfdqnghl/Build/Products/Debug-iphonesimulator/PackageFrameworks -F /Users/ericwatke/Library/Developer/Xcode/DerivedData/PeerTubeSwift-dpcwhlbrkmudrpgkkujqsfdqnghl/Build/Products/Debug-iphonesimulator -F /Applications/Xcode-26.2.0.app/Contents/Developer/Platforms/iPhoneSimulator.platform/Developer/Library/Frameworks -F /Applications/Xcode-26.2.0.app/Contents/Developer/Platforms/iPhoneSimulator.platform/Developer/SDKs/iPhoneSimulator26.2.sdk/Developer/Library/Frameworks -Xfrontend -load-plugin-executable -Xfrontend /Users/ericwatke/Library/Developer/Xcode/DerivedData/PeerTubeSwift-dpcwhlbrkmudrpgkkujqsfdqnghl/Build/Products/Debug/CasePathsMacros\#CasePathsMacros -Xfrontend -load-plugin-executable -Xfrontend /Users/ericwatke/Library/Developer/Xcode/DerivedData/PeerTubeSwift-dpcwhlbrkmudrpgkkujqsfdqnghl/Build/Products/Debug/ComposableArchitectureMacros\#ComposableArchitectureMacros -Xfrontend -load-plugin-executable -Xfrontend /Users/ericwatke/Library/Developer/Xcode/DerivedData/PeerTubeSwift-dpcwhlbrkmudrpgkkujqsfdqnghl/Build/Products/Debug/DependenciesMacrosPlugin\#DependenciesMacrosPlugin -Xfrontend -load-plugin-executable -Xfrontend /Users/ericwatke/Library/Developer/Xcode/DerivedData/PeerTubeSwift-dpcwhlbrkmudrpgkkujqsfdqnghl/Build/Products/Debug/PerceptionMacros\#PerceptionMacros -Xfrontend -load-plugin-executable -Xfrontend /Users/ericwatke/Library/Developer/Xcode/DerivedData/PeerTubeSwift-dpcwhlbrkmudrpgkkujqsfdqnghl/Build/Products/Debug/StructuredQueriesMacros\#StructuredQueriesMacros -Xfrontend -load-plugin-executable -Xfrontend /Users/ericwatke/Library/Developer/Xcode/DerivedData/PeerTubeSwift-dpcwhlbrkmudrpgkkujqsfdqnghl/Build/Products/Debug/StructuredQueriesSQLiteMacros\#StructuredQueriesSQLiteMacros -parse-as-library -c -j8 -enable-batch-mode -incremental -Xcc -ivfsstatcache -Xcc /Users/ericwatke/Library/Developer/Xcode/DerivedData/SDKStatCaches.noindex/iphonesimulator26.2-23C53-396ea2e52eee30dc3ef691f54c5a881e.sdkstatcache -output-file-map /Users/ericwatke/Library/Developer/Xcode/DerivedData/PeerTubeSwift-dpcwhlbrkmudrpgkkujqsfdqnghl/Build/Intermediates.noindex/PeerTubeSwift.build/Debug-iphonesimulator/PeerTubeSwiftTests.build/Objects-normal/arm64/PeerTubeSwiftTests-OutputFileMap.json -use-frontend-parseable-output -save-temps -no-color-diagnostics -explicit-module-build -module-cache-path /Users/ericwatke/Library/Developer/Xcode/DerivedData/PeerTubeSwift-dpcwhlbrkmudrpgkkujqsfdqnghl/Build/Intermediates.noindex/SwiftExplicitPrecompiledModules -clang-scanner-module-cache-path /Users/ericwatke/Library/Developer/Xcode/DerivedData/ModuleCache.noindex -sdk-module-cache-path /Users/ericwatke/Library/Developer/Xcode/DerivedData/ModuleCache.noindex -serialize-diagnostics -emit-dependencies -emit-module -emit-module-path /Users/ericwatke/Library/Developer/Xcode/DerivedData/PeerTubeSwift-dpcwhlbrkmudrpgkkujqsfdqnghl/Build/Intermediates.noindex/PeerTubeSwift.build/Debug-iphonesimulator/PeerTubeSwiftTests.build/Objects-normal/arm64/PeerTubeSwiftTests.swiftmodule -validate-clang-modules-once -clang-build-session-file /Users/ericwatke/Library/Developer/Xcode/DerivedData/ModuleCache.noindex/Session.modulevalidation -Xcc -I/Users/ericwatke/Library/Developer/Xcode/DerivedData/PeerTubeSwift-dpcwhlbrkmudrpgkkujqsfdqnghl/Build/Intermediates.noindex/PeerTubeSwift.build/Debug-iphonesimulator/PeerTubeSwiftTests.build/swift-overrides.hmap -emit-const-values -Xfrontend -const-gather-protocols-file -Xfrontend /Users/ericwatke/Library/Developer/Xcode/DerivedData/PeerTubeSwift-dpcwhlbrkmudrpgkkujqsfdqnghl/Build/Intermediates.noindex/PeerTubeSwift.build/Debug-iphonesimulator/PeerTubeSwiftTests.build/Objects-normal/arm64/PeerTubeSwiftTests_const_extract_protocols.json -Xcc -iquote -Xcc /Users/ericwatke/Library/Developer/Xcode/DerivedData/PeerTubeSwift-dpcwhlbrkmudrpgkkujqsfdqnghl/Build/Intermediates.noindex/PeerTubeSwift.build/Debug-iphonesimulator/PeerTubeSwiftTests.build/PeerTubeSwiftTests-generated-files.hmap -Xcc -I/Users/ericwatke/Library/Developer/Xcode/DerivedData/PeerTubeSwift-dpcwhlbrkmudrpgkkujqsfdqnghl/Build/Intermediates.noindex/PeerTubeSwift.build/Debug-iphonesimulator/PeerTubeSwiftTests.build/PeerTubeSwiftTests-own-target-headers.hmap -Xcc -I/Users/ericwatke/Library/Developer/Xcode/DerivedData/PeerTubeSwift-dpcwhlbrkmudrpgkkujqsfdqnghl/Build/Intermediates.noindex/PeerTubeSwift.build/Debug-iphonesimulator/PeerTubeSwiftTests.build/PeerTubeSwiftTests-all-non-framework-target-headers.hmap -Xcc -ivfsoverlay -Xcc /Users/ericwatke/Library/Developer/Xcode/DerivedData/PeerTubeSwift-dpcwhlbrkmudrpgkkujqsfdqnghl/Build/Intermediates.noindex/PeerTubeSwift.build/Debug-iphonesimulator/PeerTubeSwift-737a43c5f02e2b54d5d37b163228a2ce-VFS-iphonesimulator/all-product-headers.yaml -Xcc -iquote -Xcc /Users/ericwatke/Library/Developer/Xcode/DerivedData/PeerTubeSwift-dpcwhlbrkmudrpgkkujqsfdqnghl/Build/Intermediates.noindex/PeerTubeSwift.build/Debug-iphonesimulator/PeerTubeSwiftTests.build/PeerTubeSwiftTests-project-headers.hmap -Xcc -I/Users/ericwatke/Library/Developer/Xcode/DerivedData/PeerTubeSwift-dpcwhlbrkmudrpgkkujqsfdqnghl/SourcePackages/checkouts/swift-navigation/Sources/UIKitNavigationShim/include -Xcc -I/Users/ericwatke/Library/Developer/Xcode/DerivedData/PeerTubeSwift-dpcwhlbrkmudrpgkkujqsfdqnghl/SourcePackages/checkouts/swift-syntax/Sources/_SwiftSyntaxCShims/include -Xcc -I/Users/ericwatke/Library/Developer/Xcode/DerivedData/PeerTubeSwift-dpcwhlbrkmudrpgkkujqsfdqnghl/Build/Products/Debug-iphonesimulator/include -Xcc -I/Users/ericwatke/Library/Developer/Xcode/DerivedData/PeerTubeSwift-dpcwhlbrkmudrpgkkujqsfdqnghl/Build/Intermediates.noindex/PeerTubeSwift.build/Debug-iphonesimulator/PeerTubeSwiftTests.build/DerivedSources-normal/arm64 -Xcc -I/Users/ericwatke/Library/Developer/Xcode/DerivedData/PeerTubeSwift-dpcwhlbrkmudrpgkkujqsfdqnghl/Build/Intermediates.noindex/PeerTubeSwift.build/Debug-iphonesimulator/PeerTubeSwiftTests.build/DerivedSources/arm64 -Xcc -I/Users/ericwatke/Library/Developer/Xcode/DerivedData/PeerTubeSwift-dpcwhlbrkmudrpgkkujqsfdqnghl/Build/Intermediates.noindex/PeerTubeSwift.build/Debug-iphonesimulator/PeerTubeSwiftTests.build/DerivedSources -Xcc -DDEBUG\=1 -emit-objc-header -emit-objc-header-path /Users/ericwatke/Library/Developer/Xcode/DerivedData/PeerTubeSwift-dpcwhlbrkmudrpgkkujqsfdqnghl/Build/Intermediates.noindex/PeerTubeSwift.build/Debug-iphonesimulator/PeerTubeSwiftTests.build/Objects-normal/arm64/PeerTubeSwiftTests-Swift.h -working-directory /Users/ericwatke/Documents/GitHub/peertube-swift/App/PeerTubeSwift -experimental-emit-module-separately -disable-cmo

SwiftEmitModule normal arm64 Emitting\ module\ for\ PeerTubeSwiftTests (in target 'PeerTubeSwiftTests' from project 'PeerTubeSwift')

SwiftCompile normal arm64 /Users/ericwatke/Documents/GitHub/peertube-swift/App/PeerTubeSwift/PeerTubeSwiftTests/PeerTubeSwiftTests.swift (in target 'PeerTubeSwiftTests' from project 'PeerTubeSwift')
    cd /Users/ericwatke/Documents/GitHub/peertube-swift/App/PeerTubeSwift
    

Copy /Users/ericwatke/Library/Developer/Xcode/DerivedData/PeerTubeSwift-dpcwhlbrkmudrpgkkujqsfdqnghl/Build/Products/Debug-iphonesimulator/PeerTubeSwift.app/PlugIns/PeerTubeSwiftTests.xctest/swift-sharing_Sharing.bundle /Users/ericwatke/Library/Developer/Xcode/DerivedData/PeerTubeSwift-dpcwhlbrkmudrpgkkujqsfdqnghl/Build/Products/Debug-iphonesimulator/swift-sharing_Sharing.bundle (in target 'PeerTubeSwiftTests' from project 'PeerTubeSwift')
    cd /Users/ericwatke/Documents/GitHub/peertube-swift/App/PeerTubeSwift
    builtin-copy -exclude .DS_Store -exclude CVS -exclude .svn -exclude .git -exclude .hg -resolve-src-symlinks /Users/ericwatke/Library/Developer/Xcode/DerivedData/PeerTubeSwift-dpcwhlbrkmudrpgkkujqsfdqnghl/Build/Products/Debug-iphonesimulator/swift-sharing_Sharing.bundle /Users/ericwatke/Library/Developer/Xcode/DerivedData/PeerTubeSwift-dpcwhlbrkmudrpgkkujqsfdqnghl/Build/Products/Debug-iphonesimulator/PeerTubeSwift.app/PlugIns/PeerTubeSwiftTests.xctest

Copy /Users/ericwatke/Library/Developer/Xcode/DerivedData/PeerTubeSwift-dpcwhlbrkmudrpgkkujqsfdqnghl/Build/Products/Debug-iphonesimulator/PeerTubeSwift.app/PlugIns/PeerTubeSwiftTests.xctest/swift-composable-architecture_ComposableArchitecture.bundle /Users/ericwatke/Library/Developer/Xcode/DerivedData/PeerTubeSwift-dpcwhlbrkmudrpgkkujqsfdqnghl/Build/Products/Debug-iphonesimulator/swift-composable-architecture_ComposableArchitecture.bundle (in target 'PeerTubeSwiftTests' from project 'PeerTubeSwift')
    cd /Users/ericwatke/Documents/GitHub/peertube-swift/App/PeerTubeSwift
    builtin-copy -exclude .DS_Store -exclude CVS -exclude .svn -exclude .git -exclude .hg -resolve-src-symlinks /Users/ericwatke/Library/Developer/Xcode/DerivedData/PeerTubeSwift-dpcwhlbrkmudrpgkkujqsfdqnghl/Build/Products/Debug-iphonesimulator/swift-composable-architecture_ComposableArchitecture.bundle /Users/ericwatke/Library/Developer/Xcode/DerivedData/PeerTubeSwift-dpcwhlbrkmudrpgkkujqsfdqnghl/Build/Products/Debug-iphonesimulator/PeerTubeSwift.app/PlugIns/PeerTubeSwiftTests.xctest

Copy /Users/ericwatke/Library/Developer/Xcode/DerivedData/PeerTubeSwift-dpcwhlbrkmudrpgkkujqsfdqnghl/Build/Products/Debug-iphonesimulator/PeerTubeSwift.app/PlugIns/PeerTubeSwiftTests.xctest/GRDB_GRDB.bundle /Users/ericwatke/Library/Developer/Xcode/DerivedData/PeerTubeSwift-dpcwhlbrkmudrpgkkujqsfdqnghl/Build/Products/Debug-iphonesimulator/GRDB_GRDB.bundle (in target 'PeerTubeSwiftTests' from project 'PeerTubeSwift')
    cd /Users/ericwatke/Documents/GitHub/peertube-swift/App/PeerTubeSwift
    builtin-copy -exclude .DS_Store -exclude CVS -exclude .svn -exclude .git -exclude .hg -resolve-src-symlinks /Users/ericwatke/Library/Developer/Xcode/DerivedData/PeerTubeSwift-dpcwhlbrkmudrpgkkujqsfdqnghl/Build/Products/Debug-iphonesimulator/GRDB_GRDB.bundle /Users/ericwatke/Library/Developer/Xcode/DerivedData/PeerTubeSwift-dpcwhlbrkmudrpgkkujqsfdqnghl/Build/Products/Debug-iphonesimulator/PeerTubeSwift.app/PlugIns/PeerTubeSwiftTests.xctest

Copy /Users/ericwatke/Library/Developer/Xcode/DerivedData/PeerTubeSwift-dpcwhlbrkmudrpgkkujqsfdqnghl/Build/Products/Debug-iphonesimulator/PeerTubeSwift.app/PlugIns/PeerTubeSwiftTests.xctest/Frameworks/StructuredQueriesSQLite_-662414AA5E85D5A4_PackageProduct.framework /Users/ericwatke/Library/Developer/Xcode/DerivedData/PeerTubeSwift-dpcwhlbrkmudrpgkkujqsfdqnghl/Build/Products/Debug-iphonesimulator/PackageFrameworks/StructuredQueriesSQLite_-662414AA5E85D5A4_PackageProduct.framework (in target 'PeerTubeSwiftTests' from project 'PeerTubeSwift')
    cd /Users/ericwatke/Documents/GitHub/peertube-swift/App/PeerTubeSwift
    builtin-copy -exclude .DS_Store -exclude CVS -exclude .svn -exclude .git -exclude .hg -resolve-src-symlinks -remove-static-executable /Users/ericwatke/Library/Developer/Xcode/DerivedData/PeerTubeSwift-dpcwhlbrkmudrpgkkujqsfdqnghl/Build/Products/Debug-iphonesimulator/PackageFrameworks/StructuredQueriesSQLite_-662414AA5E85D5A4_PackageProduct.framework /Users/ericwatke/Library/Developer/Xcode/DerivedData/PeerTubeSwift-dpcwhlbrkmudrpgkkujqsfdqnghl/Build/Products/Debug-iphonesimulator/PeerTubeSwift.app/PlugIns/PeerTubeSwiftTests.xctest/Frameworks

Copy /Users/ericwatke/Library/Developer/Xcode/DerivedData/PeerTubeSwift-dpcwhlbrkmudrpgkkujqsfdqnghl/Build/Products/Debug-iphonesimulator/PeerTubeSwift.app/PlugIns/PeerTubeSwiftTests.xctest/Frameworks/XCTestDynamicOverlay_6187313334988FF6_PackageProduct.framework /Users/ericwatke/Library/Developer/Xcode/DerivedData/PeerTubeSwift-dpcwhlbrkmudrpgkkujqsfdqnghl/Build/Products/Debug-iphonesimulator/PackageFrameworks/XCTestDynamicOverlay_6187313334988FF6_PackageProduct.framework (in target 'PeerTubeSwiftTests' from project 'PeerTubeSwift')
    cd /Users/ericwatke/Documents/GitHub/peertube-swift/App/PeerTubeSwift
    builtin-copy -exclude .DS_Store -exclude CVS -exclude .svn -exclude .git -exclude .hg -resolve-src-symlinks -remove-static-executable /Users/ericwatke/Library/Developer/Xcode/DerivedData/PeerTubeSwift-dpcwhlbrkmudrpgkkujqsfdqnghl/Build/Products/Debug-iphonesimulator/PackageFrameworks/XCTestDynamicOverlay_6187313334988FF6_PackageProduct.framework /Users/ericwatke/Library/Developer/Xcode/DerivedData/PeerTubeSwift-dpcwhlbrkmudrpgkkujqsfdqnghl/Build/Products/Debug-iphonesimulator/PeerTubeSwift.app/PlugIns/PeerTubeSwiftTests.xctest/Frameworks

Copy /Users/ericwatke/Library/Developer/Xcode/DerivedData/PeerTubeSwift-dpcwhlbrkmudrpgkkujqsfdqnghl/Build/Products/Debug-iphonesimulator/PeerTubeSwift.app/PlugIns/PeerTubeSwiftTests.xctest/Frameworks/SQLiteData.framework /Users/ericwatke/Library/Developer/Xcode/DerivedData/PeerTubeSwift-dpcwhlbrkmudrpgkkujqsfdqnghl/Build/Products/Debug-iphonesimulator/PackageFrameworks/SQLiteData.framework (in target 'PeerTubeSwiftTests' from project 'PeerTubeSwift')
    cd /Users/ericwatke/Documents/GitHub/peertube-swift/App/PeerTubeSwift
    builtin-copy -exclude .DS_Store -exclude CVS -exclude .svn -exclude .git -exclude .hg -resolve-src-symlinks -remove-static-executable /Users/ericwatke/Library/Developer/Xcode/DerivedData/PeerTubeSwift-dpcwhlbrkmudrpgkkujqsfdqnghl/Build/Products/Debug-iphonesimulator/PackageFrameworks/SQLiteData.framework /Users/ericwatke/Library/Developer/Xcode/DerivedData/PeerTubeSwift-dpcwhlbrkmudrpgkkujqsfdqnghl/Build/Products/Debug-iphonesimulator/PeerTubeSwift.app/PlugIns/PeerTubeSwiftTests.xctest/Frameworks

Copy /Users/ericwatke/Library/Developer/Xcode/DerivedData/PeerTubeSwift-dpcwhlbrkmudrpgkkujqsfdqnghl/Build/Products/Debug-iphonesimulator/PeerTubeSwift.app/PlugIns/PeerTubeSwiftTests.xctest/Frameworks/Sharing_39620103CB313153_PackageProduct.framework /Users/ericwatke/Library/Developer/Xcode/DerivedData/PeerTubeSwift-dpcwhlbrkmudrpgkkujqsfdqnghl/Build/Products/Debug-iphonesimulator/PackageFrameworks/Sharing_39620103CB313153_PackageProduct.framework (in target 'PeerTubeSwiftTests' from project 'PeerTubeSwift')
    cd /Users/ericwatke/Documents/GitHub/peertube-swift/App/PeerTubeSwift
    builtin-copy -exclude .DS_Store -exclude CVS -exclude .svn -exclude .git -exclude .hg -resolve-src-symlinks -remove-static-executable /Users/ericwatke/Library/Developer/Xcode/DerivedData/PeerTubeSwift-dpcwhlbrkmudrpgkkujqsfdqnghl/Build/Products/Debug-iphonesimulator/PackageFrameworks/Sharing_39620103CB313153_PackageProduct.framework /Users/ericwatke/Library/Developer/Xcode/DerivedData/PeerTubeSwift-dpcwhlbrkmudrpgkkujqsfdqnghl/Build/Products/Debug-iphonesimulator/PeerTubeSwift.app/PlugIns/PeerTubeSwiftTests.xctest/Frameworks

Copy /Users/ericwatke/Library/Developer/Xcode/DerivedData/PeerTubeSwift-dpcwhlbrkmudrpgkkujqsfdqnghl/Build/Products/Debug-iphonesimulator/PeerTubeSwift.app/PlugIns/PeerTubeSwiftTests.xctest/Frameworks/Perception_-52E92A8ED7C94DDD_PackageProduct.framework /Users/ericwatke/Library/Developer/Xcode/DerivedData/PeerTubeSwift-dpcwhlbrkmudrpgkkujqsfdqnghl/Build/Products/Debug-iphonesimulator/PackageFrameworks/Perception_-52E92A8ED7C94DDD_PackageProduct.framework (in target 'PeerTubeSwiftTests' from project 'PeerTubeSwift')
    cd /Users/ericwatke/Documents/GitHub/peertube-swift/App/PeerTubeSwift
    builtin-copy -exclude .DS_Store -exclude CVS -exclude .svn -exclude .git -exclude .hg -resolve-src-symlinks -remove-static-executable /Users/ericwatke/Library/Developer/Xcode/DerivedData/PeerTubeSwift-dpcwhlbrkmudrpgkkujqsfdqnghl/Build/Products/Debug-iphonesimulator/PackageFrameworks/Perception_-52E92A8ED7C94DDD_PackageProduct.framework /Users/ericwatke/Library/Developer/Xcode/DerivedData/PeerTubeSwift-dpcwhlbrkmudrpgkkujqsfdqnghl/Build/Products/Debug-iphonesimulator/PeerTubeSwift.app/PlugIns/PeerTubeSwiftTests.xctest/Frameworks

Copy /Users/ericwatke/Library/Developer/Xcode/DerivedData/PeerTubeSwift-dpcwhlbrkmudrpgkkujqsfdqnghl/Build/Products/Debug-iphonesimulator/PeerTubeSwift.app/PlugIns/PeerTubeSwiftTests.xctest/Frameworks/PerceptionCore.framework /Users/ericwatke/Library/Developer/Xcode/DerivedData/PeerTubeSwift-dpcwhlbrkmudrpgkkujqsfdqnghl/Build/Products/Debug-iphonesimulator/PackageFrameworks/PerceptionCore.framework (in target 'PeerTubeSwiftTests' from project 'PeerTubeSwift')
    cd /Users/ericwatke/Documents/GitHub/peertube-swift/App/PeerTubeSwift
    builtin-copy -exclude .DS_Store -exclude CVS -exclude .svn -exclude .git -exclude .hg -resolve-src-symlinks -remove-static-executable /Users/ericwatke/Library/Developer/Xcode/DerivedData/PeerTubeSwift-dpcwhlbrkmudrpgkkujqsfdqnghl/Build/Products/Debug-iphonesimulator/PackageFrameworks/PerceptionCore.framework /Users/ericwatke/Library/Developer/Xcode/DerivedData/PeerTubeSwift-dpcwhlbrkmudrpgkkujqsfdqnghl/Build/Products/Debug-iphonesimulator/PeerTubeSwift.app/PlugIns/PeerTubeSwiftTests.xctest/Frameworks

Copy /Users/ericwatke/Library/Developer/Xcode/DerivedData/PeerTubeSwift-dpcwhlbrkmudrpgkkujqsfdqnghl/Build/Products/Debug-iphonesimulator/PeerTubeSwift.app/PlugIns/PeerTubeSwiftTests.xctest/Frameworks/OrderedCollections_1222128174265B56_PackageProduct.framework /Users/ericwatke/Library/Developer/Xcode/DerivedData/PeerTubeSwift-dpcwhlbrkmudrpgkkujqsfdqnghl/Build/Products/Debug-iphonesimulator/PackageFrameworks/OrderedCollections_1222128174265B56_PackageProduct.framework (in target 'PeerTubeSwiftTests' from project 'PeerTubeSwift')
    cd /Users/ericwatke/Documents/GitHub/peertube-swift/App/PeerTubeSwift
    builtin-copy -exclude .DS_Store -exclude CVS -exclude .svn -exclude .git -exclude .hg -resolve-src-symlinks -remove-static-executable /Users/ericwatke/Library/Developer/Xcode/DerivedData/PeerTubeSwift-dpcwhlbrkmudrpgkkujqsfdqnghl/Build/Products/Debug-iphonesimulator/PackageFrameworks/OrderedCollections_1222128174265B56_PackageProduct.framework /Users/ericwatke/Library/Developer/Xcode/DerivedData/PeerTubeSwift-dpcwhlbrkmudrpgkkujqsfdqnghl/Build/Products/Debug-iphonesimulator/PeerTubeSwift.app/PlugIns/PeerTubeSwiftTests.xctest/Frameworks

Copy /Users/ericwatke/Library/Developer/Xcode/DerivedData/PeerTubeSwift-dpcwhlbrkmudrpgkkujqsfdqnghl/Build/Products/Debug-iphonesimulator/PeerTubeSwift.app/PlugIns/PeerTubeSwiftTests.xctest/Frameworks/IssueReportingPackageSupport.framework /Users/ericwatke/Library/Developer/Xcode/DerivedData/PeerTubeSwift-dpcwhlbrkmudrpgkkujqsfdqnghl/Build/Products/Debug-iphonesimulator/PackageFrameworks/IssueReportingPackageSupport.framework (in target 'PeerTubeSwiftTests' from project 'PeerTubeSwift')
    cd /Users/ericwatke/Documents/GitHub/peertube-swift/App/PeerTubeSwift
    builtin-copy -exclude .DS_Store -exclude CVS -exclude .svn -exclude .git -exclude .hg -resolve-src-symlinks -remove-static-executable /Users/ericwatke/Library/Developer/Xcode/DerivedData/PeerTubeSwift-dpcwhlbrkmudrpgkkujqsfdqnghl/Build/Products/Debug-iphonesimulator/PackageFrameworks/IssueReportingPackageSupport.framework /Users/ericwatke/Library/Developer/Xcode/DerivedData/PeerTubeSwift-dpcwhlbrkmudrpgkkujqsfdqnghl/Build/Products/Debug-iphonesimulator/PeerTubeSwift.app/PlugIns/PeerTubeSwiftTests.xctest/Frameworks

ProcessInfoPlistFile /Users/ericwatke/Library/Developer/Xcode/DerivedData/PeerTubeSwift-dpcwhlbrkmudrpgkkujqsfdqnghl/Build/Products/Debug-iphonesimulator/PeerTubeSwift.app/PlugIns/PeerTubeSwiftTests.xctest/Info.plist /Users/ericwatke/Library/Developer/Xcode/DerivedData/PeerTubeSwift-dpcwhlbrkmudrpgkkujqsfdqnghl/Build/Intermediates.noindex/PeerTubeSwift.build/Debug-iphonesimulator/PeerTubeSwiftTests.build/empty-PeerTubeSwiftTests.plist (in target 'PeerTubeSwiftTests' from project 'PeerTubeSwift')
    cd /Users/ericwatke/Documents/GitHub/peertube-swift/App/PeerTubeSwift
    builtin-infoPlistUtility /Users/ericwatke/Library/Developer/Xcode/DerivedData/PeerTubeSwift-dpcwhlbrkmudrpgkkujqsfdqnghl/Build/Intermediates.noindex/PeerTubeSwift.build/Debug-iphonesimulator/PeerTubeSwiftTests.build/empty-PeerTubeSwiftTests.plist -producttype com.apple.product-type.bundle.unit-test -expandbuildsettings -format binary -platform iphonesimulator -scanforprivacyfile /Users/ericwatke/Library/Developer/Xcode/DerivedData/PeerTubeSwift-dpcwhlbrkmudrpgkkujqsfdqnghl/Build/Products/Debug-iphonesimulator/PeerTubeSwift.app/PlugIns/PeerTubeSwiftTests.xctest/GRDB_GRDB.bundle -scanforprivacyfile /Users/ericwatke/Library/Developer/Xcode/DerivedData/PeerTubeSwift-dpcwhlbrkmudrpgkkujqsfdqnghl/Build/Products/Debug-iphonesimulator/PeerTubeSwift.app/PlugIns/PeerTubeSwiftTests.xctest/swift-composable-architecture_ComposableArchitecture.bundle -scanforprivacyfile /Users/ericwatke/Library/Developer/Xcode/DerivedData/PeerTubeSwift-dpcwhlbrkmudrpgkkujqsfdqnghl/Build/Products/Debug-iphonesimulator/PeerTubeSwift.app/PlugIns/PeerTubeSwiftTests.xctest/swift-sharing_Sharing.bundle -o /Users/ericwatke/Library/Developer/Xcode/DerivedData/PeerTubeSwift-dpcwhlbrkmudrpgkkujqsfdqnghl/Build/Products/Debug-iphonesimulator/PeerTubeSwift.app/PlugIns/PeerTubeSwiftTests.xctest/Info.plist

Copy /Users/ericwatke/Library/Developer/Xcode/DerivedData/PeerTubeSwift-dpcwhlbrkmudrpgkkujqsfdqnghl/Build/Products/Debug-iphonesimulator/PeerTubeSwift.app/PlugIns/PeerTubeSwiftTests.xctest/Frameworks/IssueReporting.framework /Users/ericwatke/Library/Developer/Xcode/DerivedData/PeerTubeSwift-dpcwhlbrkmudrpgkkujqsfdqnghl/Build/Products/Debug-iphonesimulator/PackageFrameworks/IssueReporting.framework (in target 'PeerTubeSwiftTests' from project 'PeerTubeSwift')
    cd /Users/ericwatke/Documents/GitHub/peertube-swift/App/PeerTubeSwift
    builtin-copy -exclude .DS_Store -exclude CVS -exclude .svn -exclude .git -exclude .hg -resolve-src-symlinks -remove-static-executable /Users/ericwatke/Library/Developer/Xcode/DerivedData/PeerTubeSwift-dpcwhlbrkmudrpgkkujqsfdqnghl/Build/Products/Debug-iphonesimulator/PackageFrameworks/IssueReporting.framework /Users/ericwatke/Library/Developer/Xcode/DerivedData/PeerTubeSwift-dpcwhlbrkmudrpgkkujqsfdqnghl/Build/Products/Debug-iphonesimulator/PeerTubeSwift.app/PlugIns/PeerTubeSwiftTests.xctest/Frameworks

Copy /Users/ericwatke/Library/Developer/Xcode/DerivedData/PeerTubeSwift-dpcwhlbrkmudrpgkkujqsfdqnghl/Build/Products/Debug-iphonesimulator/PeerTubeSwift.app/PlugIns/PeerTubeSwiftTests.xctest/Frameworks/IdentifiedCollections_-5C6E944B2019E177_PackageProduct.framework /Users/ericwatke/Library/Developer/Xcode/DerivedData/PeerTubeSwift-dpcwhlbrkmudrpgkkujqsfdqnghl/Build/Products/Debug-iphonesimulator/PackageFrameworks/IdentifiedCollections_-5C6E944B2019E177_PackageProduct.framework (in target 'PeerTubeSwiftTests' from project 'PeerTubeSwift')
    cd /Users/ericwatke/Documents/GitHub/peertube-swift/App/PeerTubeSwift
    builtin-copy -exclude .DS_Store -exclude CVS -exclude .svn -exclude .git -exclude .hg -resolve-src-symlinks -remove-static-executable /Users/ericwatke/Library/Developer/Xcode/DerivedData/PeerTubeSwift-dpcwhlbrkmudrpgkkujqsfdqnghl/Build/Products/Debug-iphonesimulator/PackageFrameworks/IdentifiedCollections_-5C6E944B2019E177_PackageProduct.framework /Users/ericwatke/Library/Developer/Xcode/DerivedData/PeerTubeSwift-dpcwhlbrkmudrpgkkujqsfdqnghl/Build/Products/Debug-iphonesimulator/PeerTubeSwift.app/PlugIns/PeerTubeSwiftTests.xctest/Frameworks

Copy /Users/ericwatke/Library/Developer/Xcode/DerivedData/PeerTubeSwift-dpcwhlbrkmudrpgkkujqsfdqnghl/Build/Products/Debug-iphonesimulator/PeerTubeSwift.app/PlugIns/PeerTubeSwiftTests.xctest/Frameworks/GRDB_5DC4DB053_PackageProduct.framework /Users/ericwatke/Library/Developer/Xcode/DerivedData/PeerTubeSwift-dpcwhlbrkmudrpgkkujqsfdqnghl/Build/Products/Debug-iphonesimulator/PackageFrameworks/GRDB_5DC4DB053_PackageProduct.framework (in target 'PeerTubeSwiftTests' from project 'PeerTubeSwift')
    cd /Users/ericwatke/Documents/GitHub/peertube-swift/App/PeerTubeSwift
    builtin-copy -exclude .DS_Store -exclude CVS -exclude .svn -exclude .git -exclude .hg -resolve-src-symlinks -remove-static-executable /Users/ericwatke/Library/Developer/Xcode/DerivedData/PeerTubeSwift-dpcwhlbrkmudrpgkkujqsfdqnghl/Build/Products/Debug-iphonesimulator/PackageFrameworks/GRDB_5DC4DB053_PackageProduct.framework /Users/ericwatke/Library/Developer/Xcode/DerivedData/PeerTubeSwift-dpcwhlbrkmudrpgkkujqsfdqnghl/Build/Products/Debug-iphonesimulator/PeerTubeSwift.app/PlugIns/PeerTubeSwiftTests.xctest/Frameworks

Copy /Users/ericwatke/Library/Developer/Xcode/DerivedData/PeerTubeSwift-dpcwhlbrkmudrpgkkujqsfdqnghl/Build/Products/Debug-iphonesimulator/PeerTubeSwift.app/PlugIns/PeerTubeSwiftTests.xctest/Frameworks/Dependencies_40816CBEDFB225D3_PackageProduct.framework /Users/ericwatke/Library/Developer/Xcode/DerivedData/PeerTubeSwift-dpcwhlbrkmudrpgkkujqsfdqnghl/Build/Products/Debug-iphonesimulator/PackageFrameworks/Dependencies_40816CBEDFB225D3_PackageProduct.framework (in target 'PeerTubeSwiftTests' from project 'PeerTubeSwift')
    cd /Users/ericwatke/Documents/GitHub/peertube-swift/App/PeerTubeSwift
    builtin-copy -exclude .DS_Store -exclude CVS -exclude .svn -exclude .git -exclude .hg -resolve-src-symlinks -remove-static-executable /Users/ericwatke/Library/Developer/Xcode/DerivedData/PeerTubeSwift-dpcwhlbrkmudrpgkkujqsfdqnghl/Build/Products/Debug-iphonesimulator/PackageFrameworks/Dependencies_40816CBEDFB225D3_PackageProduct.framework /Users/ericwatke/Library/Developer/Xcode/DerivedData/PeerTubeSwift-dpcwhlbrkmudrpgkkujqsfdqnghl/Build/Products/Debug-iphonesimulator/PeerTubeSwift.app/PlugIns/PeerTubeSwiftTests.xctest/Frameworks

Copy /Users/ericwatke/Library/Developer/Xcode/DerivedData/PeerTubeSwift-dpcwhlbrkmudrpgkkujqsfdqnghl/Build/Products/Debug-iphonesimulator/PeerTubeSwift.app/PlugIns/PeerTubeSwiftTests.xctest/Frameworks/ConcurrencyExtras_-2B4B167800F2E3ED_PackageProduct.framework /Users/ericwatke/Library/Developer/Xcode/DerivedData/PeerTubeSwift-dpcwhlbrkmudrpgkkujqsfdqnghl/Build/Products/Debug-iphonesimulator/PackageFrameworks/ConcurrencyExtras_-2B4B167800F2E3ED_PackageProduct.framework (in target 'PeerTubeSwiftTests' from project 'PeerTubeSwift')
    cd /Users/ericwatke/Documents/GitHub/peertube-swift/App/PeerTubeSwift
    builtin-copy -exclude .DS_Store -exclude CVS -exclude .svn -exclude .git -exclude .hg -resolve-src-symlinks -remove-static-executable /Users/ericwatke/Library/Developer/Xcode/DerivedData/PeerTubeSwift-dpcwhlbrkmudrpgkkujqsfdqnghl/Build/Products/Debug-iphonesimulator/PackageFrameworks/ConcurrencyExtras_-2B4B167800F2E3ED_PackageProduct.framework /Users/ericwatke/Library/Developer/Xcode/DerivedData/PeerTubeSwift-dpcwhlbrkmudrpgkkujqsfdqnghl/Build/Products/Debug-iphonesimulator/PeerTubeSwift.app/PlugIns/PeerTubeSwiftTests.xctest/Frameworks

Copy /Users/ericwatke/Library/Developer/Xcode/DerivedData/PeerTubeSwift-dpcwhlbrkmudrpgkkujqsfdqnghl/Build/Products/Debug-iphonesimulator/PeerTubeSwift.app/PlugIns/PeerTubeSwiftTests.xctest/Frameworks/CustomDump_169F2B173C94B61B_PackageProduct.framework /Users/ericwatke/Library/Developer/Xcode/DerivedData/PeerTubeSwift-dpcwhlbrkmudrpgkkujqsfdqnghl/Build/Products/Debug-iphonesimulator/PackageFrameworks/CustomDump_169F2B173C94B61B_PackageProduct.framework (in target 'PeerTubeSwiftTests' from project 'PeerTubeSwift')
    cd /Users/ericwatke/Documents/GitHub/peertube-swift/App/PeerTubeSwift
    builtin-copy -exclude .DS_Store -exclude CVS -exclude .svn -exclude .git -exclude .hg -resolve-src-symlinks -remove-static-executable /Users/ericwatke/Library/Developer/Xcode/DerivedData/PeerTubeSwift-dpcwhlbrkmudrpgkkujqsfdqnghl/Build/Products/Debug-iphonesimulator/PackageFrameworks/CustomDump_169F2B173C94B61B_PackageProduct.framework /Users/ericwatke/Library/Developer/Xcode/DerivedData/PeerTubeSwift-dpcwhlbrkmudrpgkkujqsfdqnghl/Build/Products/Debug-iphonesimulator/PeerTubeSwift.app/PlugIns/PeerTubeSwiftTests.xctest/Frameworks

Copy /Users/ericwatke/Library/Developer/Xcode/DerivedData/PeerTubeSwift-dpcwhlbrkmudrpgkkujqsfdqnghl/Build/Products/Debug-iphonesimulator/PeerTubeSwift.app/PlugIns/PeerTubeSwiftTests.xctest/Frameworks/CombineSchedulers_-54F188414C11E20_PackageProduct.framework /Users/ericwatke/Library/Developer/Xcode/DerivedData/PeerTubeSwift-dpcwhlbrkmudrpgkkujqsfdqnghl/Build/Products/Debug-iphonesimulator/PackageFrameworks/CombineSchedulers_-54F188414C11E20_PackageProduct.framework (in target 'PeerTubeSwiftTests' from project 'PeerTubeSwift')
    cd /Users/ericwatke/Documents/GitHub/peertube-swift/App/PeerTubeSwift
    builtin-copy -exclude .DS_Store -exclude CVS -exclude .svn -exclude .git -exclude .hg -resolve-src-symlinks -remove-static-executable /Users/ericwatke/Library/Developer/Xcode/DerivedData/PeerTubeSwift-dpcwhlbrkmudrpgkkujqsfdqnghl/Build/Products/Debug-iphonesimulator/PackageFrameworks/CombineSchedulers_-54F188414C11E20_PackageProduct.framework /Users/ericwatke/Library/Developer/Xcode/DerivedData/PeerTubeSwift-dpcwhlbrkmudrpgkkujqsfdqnghl/Build/Products/Debug-iphonesimulator/PeerTubeSwift.app/PlugIns/PeerTubeSwiftTests.xctest/Frameworks

CodeSign /Users/ericwatke/Library/Developer/Xcode/DerivedData/PeerTubeSwift-dpcwhlbrkmudrpgkkujqsfdqnghl/Build/Products/Debug-iphonesimulator/PeerTubeSwift.app/PlugIns/PeerTubeSwiftTests.xctest/Frameworks/XCTestDynamicOverlay_6187313334988FF6_PackageProduct.framework (in target 'PeerTubeSwiftTests' from project 'PeerTubeSwift')
    cd /Users/ericwatke/Documents/GitHub/peertube-swift/App/PeerTubeSwift
    
    Signing Identity:     "Sign to Run Locally"
    
    /usr/bin/codesign --force --sign - --timestamp\=none --preserve-metadata\=identifier,entitlements,flags --generate-entitlement-der /Users/ericwatke/Library/Developer/Xcode/DerivedData/PeerTubeSwift-dpcwhlbrkmudrpgkkujqsfdqnghl/Build/Products/Debug-iphonesimulator/PeerTubeSwift.app/PlugIns/PeerTubeSwiftTests.xctest/Frameworks/XCTestDynamicOverlay_6187313334988FF6_PackageProduct.framework
/Users/ericwatke/Library/Developer/Xcode/DerivedData/PeerTubeSwift-dpcwhlbrkmudrpgkkujqsfdqnghl/Build/Products/Debug-iphonesimulator/PeerTubeSwift.app/PlugIns/PeerTubeSwiftTests.xctest/Frameworks/XCTestDynamicOverlay_6187313334988FF6_PackageProduct.framework: replacing existing signature

Copy /Users/ericwatke/Library/Developer/Xcode/DerivedData/PeerTubeSwift-dpcwhlbrkmudrpgkkujqsfdqnghl/Build/Products/Debug-iphonesimulator/PeerTubeSwift.app/PlugIns/PeerTubeSwiftTests.xctest/Frameworks/Clocks_17A223499E7CA5_PackageProduct.framework /Users/ericwatke/Library/Developer/Xcode/DerivedData/PeerTubeSwift-dpcwhlbrkmudrpgkkujqsfdqnghl/Build/Products/Debug-iphonesimulator/PackageFrameworks/Clocks_17A223499E7CA5_PackageProduct.framework (in target 'PeerTubeSwiftTests' from project 'PeerTubeSwift')
    cd /Users/ericwatke/Documents/GitHub/peertube-swift/App/PeerTubeSwift
    builtin-copy -exclude .DS_Store -exclude CVS -exclude .svn -exclude .git -exclude .hg -resolve-src-symlinks -remove-static-executable /Users/ericwatke/Library/Developer/Xcode/DerivedData/PeerTubeSwift-dpcwhlbrkmudrpgkkujqsfdqnghl/Build/Products/Debug-iphonesimulator/PackageFrameworks/Clocks_17A223499E7CA5_PackageProduct.framework /Users/ericwatke/Library/Developer/Xcode/DerivedData/PeerTubeSwift-dpcwhlbrkmudrpgkkujqsfdqnghl/Build/Products/Debug-iphonesimulator/PeerTubeSwift.app/PlugIns/PeerTubeSwiftTests.xctest/Frameworks

CodeSign /Users/ericwatke/Library/Developer/Xcode/DerivedData/PeerTubeSwift-dpcwhlbrkmudrpgkkujqsfdqnghl/Build/Products/Debug-iphonesimulator/PeerTubeSwift.app/PlugIns/PeerTubeSwiftTests.xctest/Frameworks/StructuredQueriesSQLite_-662414AA5E85D5A4_PackageProduct.framework (in target 'PeerTubeSwiftTests' from project 'PeerTubeSwift')
    cd /Users/ericwatke/Documents/GitHub/peertube-swift/App/PeerTubeSwift
    
    Signing Identity:     "Sign to Run Locally"
    
    /usr/bin/codesign --force --sign - --timestamp\=none --preserve-metadata\=identifier,entitlements,flags --generate-entitlement-der /Users/ericwatke/Library/Developer/Xcode/DerivedData/PeerTubeSwift-dpcwhlbrkmudrpgkkujqsfdqnghl/Build/Products/Debug-iphonesimulator/PeerTubeSwift.app/PlugIns/PeerTubeSwiftTests.xctest/Frameworks/StructuredQueriesSQLite_-662414AA5E85D5A4_PackageProduct.framework
/Users/ericwatke/Library/Developer/Xcode/DerivedData/PeerTubeSwift-dpcwhlbrkmudrpgkkujqsfdqnghl/Build/Products/Debug-iphonesimulator/PeerTubeSwift.app/PlugIns/PeerTubeSwiftTests.xctest/Frameworks/StructuredQueriesSQLite_-662414AA5E85D5A4_PackageProduct.framework: replacing existing signature

CodeSign /Users/ericwatke/Library/Developer/Xcode/DerivedData/PeerTubeSwift-dpcwhlbrkmudrpgkkujqsfdqnghl/Build/Products/Debug-iphonesimulator/PeerTubeSwift.app/PlugIns/PeerTubeSwiftTests.xctest/Frameworks/Sharing_39620103CB313153_PackageProduct.framework (in target 'PeerTubeSwiftTests' from project 'PeerTubeSwift')
    cd /Users/ericwatke/Documents/GitHub/peertube-swift/App/PeerTubeSwift
    
    Signing Identity:     "Sign to Run Locally"
    
    /usr/bin/codesign --force --sign - --timestamp\=none --preserve-metadata\=identifier,entitlements,flags --generate-entitlement-der /Users/ericwatke/Library/Developer/Xcode/DerivedData/PeerTubeSwift-dpcwhlbrkmudrpgkkujqsfdqnghl/Build/Products/Debug-iphonesimulator/PeerTubeSwift.app/PlugIns/PeerTubeSwiftTests.xctest/Frameworks/Sharing_39620103CB313153_PackageProduct.framework
/Users/ericwatke/Library/Developer/Xcode/DerivedData/PeerTubeSwift-dpcwhlbrkmudrpgkkujqsfdqnghl/Build/Products/Debug-iphonesimulator/PeerTubeSwift.app/PlugIns/PeerTubeSwiftTests.xctest/Frameworks/Sharing_39620103CB313153_PackageProduct.framework: replacing existing signature

CodeSign /Users/ericwatke/Library/Developer/Xcode/DerivedData/PeerTubeSwift-dpcwhlbrkmudrpgkkujqsfdqnghl/Build/Products/Debug-iphonesimulator/PeerTubeSwift.app/PlugIns/PeerTubeSwiftTests.xctest/Frameworks/Perception_-52E92A8ED7C94DDD_PackageProduct.framework (in target 'PeerTubeSwiftTests' from project 'PeerTubeSwift')
    cd /Users/ericwatke/Documents/GitHub/peertube-swift/App/PeerTubeSwift
    
    Signing Identity:     "Sign to Run Locally"
    
    /usr/bin/codesign --force --sign - --timestamp\=none --preserve-metadata\=identifier,entitlements,flags --generate-entitlement-der /Users/ericwatke/Library/Developer/Xcode/DerivedData/PeerTubeSwift-dpcwhlbrkmudrpgkkujqsfdqnghl/Build/Products/Debug-iphonesimulator/PeerTubeSwift.app/PlugIns/PeerTubeSwiftTests.xctest/Frameworks/Perception_-52E92A8ED7C94DDD_PackageProduct.framework
/Users/ericwatke/Library/Developer/Xcode/DerivedData/PeerTubeSwift-dpcwhlbrkmudrpgkkujqsfdqnghl/Build/Products/Debug-iphonesimulator/PeerTubeSwift.app/PlugIns/PeerTubeSwiftTests.xctest/Frameworks/Perception_-52E92A8ED7C94DDD_PackageProduct.framework: replacing existing signature

CodeSign /Users/ericwatke/Library/Developer/Xcode/DerivedData/PeerTubeSwift-dpcwhlbrkmudrpgkkujqsfdqnghl/Build/Products/Debug-iphonesimulator/PeerTubeSwift.app/PlugIns/PeerTubeSwiftTests.xctest/Frameworks/PerceptionCore.framework (in target 'PeerTubeSwiftTests' from project 'PeerTubeSwift')
    cd /Users/ericwatke/Documents/GitHub/peertube-swift/App/PeerTubeSwift
    
    Signing Identity:     "Sign to Run Locally"
    
    /usr/bin/codesign --force --sign - --timestamp\=none --preserve-metadata\=identifier,entitlements,flags --generate-entitlement-der /Users/ericwatke/Library/Developer/Xcode/DerivedData/PeerTubeSwift-dpcwhlbrkmudrpgkkujqsfdqnghl/Build/Products/Debug-iphonesimulator/PeerTubeSwift.app/PlugIns/PeerTubeSwiftTests.xctest/Frameworks/PerceptionCore.framework
/Users/ericwatke/Library/Developer/Xcode/DerivedData/PeerTubeSwift-dpcwhlbrkmudrpgkkujqsfdqnghl/Build/Products/Debug-iphonesimulator/PeerTubeSwift.app/PlugIns/PeerTubeSwiftTests.xctest/Frameworks/PerceptionCore.framework: replacing existing signature

CodeSign /Users/ericwatke/Library/Developer/Xcode/DerivedData/PeerTubeSwift-dpcwhlbrkmudrpgkkujqsfdqnghl/Build/Products/Debug-iphonesimulator/PeerTubeSwift.app/PlugIns/PeerTubeSwiftTests.xctest/Frameworks/OrderedCollections_1222128174265B56_PackageProduct.framework (in target 'PeerTubeSwiftTests' from project 'PeerTubeSwift')
    cd /Users/ericwatke/Documents/GitHub/peertube-swift/App/PeerTubeSwift
    
    Signing Identity:     "Sign to Run Locally"
    
    /usr/bin/codesign --force --sign - --timestamp\=none --preserve-metadata\=identifier,entitlements,flags --generate-entitlement-der /Users/ericwatke/Library/Developer/Xcode/DerivedData/PeerTubeSwift-dpcwhlbrkmudrpgkkujqsfdqnghl/Build/Products/Debug-iphonesimulator/PeerTubeSwift.app/PlugIns/PeerTubeSwiftTests.xctest/Frameworks/OrderedCollections_1222128174265B56_PackageProduct.framework
/Users/ericwatke/Library/Developer/Xcode/DerivedData/PeerTubeSwift-dpcwhlbrkmudrpgkkujqsfdqnghl/Build/Products/Debug-iphonesimulator/PeerTubeSwift.app/PlugIns/PeerTubeSwiftTests.xctest/Frameworks/OrderedCollections_1222128174265B56_PackageProduct.framework: replacing existing signature

CodeSign /Users/ericwatke/Library/Developer/Xcode/DerivedData/PeerTubeSwift-dpcwhlbrkmudrpgkkujqsfdqnghl/Build/Products/Debug-iphonesimulator/PeerTubeSwift.app/PlugIns/PeerTubeSwiftTests.xctest/Frameworks/SQLiteData.framework (in target 'PeerTubeSwiftTests' from project 'PeerTubeSwift')
    cd /Users/ericwatke/Documents/GitHub/peertube-swift/App/PeerTubeSwift
    
    Signing Identity:     "Sign to Run Locally"
    
    /usr/bin/codesign --force --sign - --timestamp\=none --preserve-metadata\=identifier,entitlements,flags --generate-entitlement-der /Users/ericwatke/Library/Developer/Xcode/DerivedData/PeerTubeSwift-dpcwhlbrkmudrpgkkujqsfdqnghl/Build/Products/Debug-iphonesimulator/PeerTubeSwift.app/PlugIns/PeerTubeSwiftTests.xctest/Frameworks/SQLiteData.framework
/Users/ericwatke/Library/Developer/Xcode/DerivedData/PeerTubeSwift-dpcwhlbrkmudrpgkkujqsfdqnghl/Build/Products/Debug-iphonesimulator/PeerTubeSwift.app/PlugIns/PeerTubeSwiftTests.xctest/Frameworks/SQLiteData.framework: replacing existing signature

CodeSign /Users/ericwatke/Library/Developer/Xcode/DerivedData/PeerTubeSwift-dpcwhlbrkmudrpgkkujqsfdqnghl/Build/Products/Debug-iphonesimulator/PeerTubeSwift.app/PlugIns/PeerTubeSwiftTests.xctest/Frameworks/IssueReportingPackageSupport.framework (in target 'PeerTubeSwiftTests' from project 'PeerTubeSwift')
    cd /Users/ericwatke/Documents/GitHub/peertube-swift/App/PeerTubeSwift
    
    Signing Identity:     "Sign to Run Locally"
    
    /usr/bin/codesign --force --sign - --timestamp\=none --preserve-metadata\=identifier,entitlements,flags --generate-entitlement-der /Users/ericwatke/Library/Developer/Xcode/DerivedData/PeerTubeSwift-dpcwhlbrkmudrpgkkujqsfdqnghl/Build/Products/Debug-iphonesimulator/PeerTubeSwift.app/PlugIns/PeerTubeSwiftTests.xctest/Frameworks/IssueReportingPackageSupport.framework
/Users/ericwatke/Library/Developer/Xcode/DerivedData/PeerTubeSwift-dpcwhlbrkmudrpgkkujqsfdqnghl/Build/Products/Debug-iphonesimulator/PeerTubeSwift.app/PlugIns/PeerTubeSwiftTests.xctest/Frameworks/IssueReportingPackageSupport.framework: replacing existing signature

CodeSign /Users/ericwatke/Library/Developer/Xcode/DerivedData/PeerTubeSwift-dpcwhlbrkmudrpgkkujqsfdqnghl/Build/Products/Debug-iphonesimulator/PeerTubeSwift.app/PlugIns/PeerTubeSwiftTests.xctest/Frameworks/IssueReporting.framework (in target 'PeerTubeSwiftTests' from project 'PeerTubeSwift')
    cd /Users/ericwatke/Documents/GitHub/peertube-swift/App/PeerTubeSwift
    
    Signing Identity:     "Sign to Run Locally"
    
    /usr/bin/codesign --force --sign - --timestamp\=none --preserve-metadata\=identifier,entitlements,flags --generate-entitlement-der /Users/ericwatke/Library/Developer/Xcode/DerivedData/PeerTubeSwift-dpcwhlbrkmudrpgkkujqsfdqnghl/Build/Products/Debug-iphonesimulator/PeerTubeSwift.app/PlugIns/PeerTubeSwiftTests.xctest/Frameworks/IssueReporting.framework
/Users/ericwatke/Library/Developer/Xcode/DerivedData/PeerTubeSwift-dpcwhlbrkmudrpgkkujqsfdqnghl/Build/Products/Debug-iphonesimulator/PeerTubeSwift.app/PlugIns/PeerTubeSwiftTests.xctest/Frameworks/IssueReporting.framework: replacing existing signature

CodeSign /Users/ericwatke/Library/Developer/Xcode/DerivedData/PeerTubeSwift-dpcwhlbrkmudrpgkkujqsfdqnghl/Build/Products/Debug-iphonesimulator/PeerTubeSwift.app/PlugIns/PeerTubeSwiftTests.xctest/Frameworks/CustomDump_169F2B173C94B61B_PackageProduct.framework (in target 'PeerTubeSwiftTests' from project 'PeerTubeSwift')
    cd /Users/ericwatke/Documents/GitHub/peertube-swift/App/PeerTubeSwift
    
    Signing Identity:     "Sign to Run Locally"
    
    /usr/bin/codesign --force --sign - --timestamp\=none --preserve-metadata\=identifier,entitlements,flags --generate-entitlement-der /Users/ericwatke/Library/Developer/Xcode/DerivedData/PeerTubeSwift-dpcwhlbrkmudrpgkkujqsfdqnghl/Build/Products/Debug-iphonesimulator/PeerTubeSwift.app/PlugIns/PeerTubeSwiftTests.xctest/Frameworks/CustomDump_169F2B173C94B61B_PackageProduct.framework
/Users/ericwatke/Library/Developer/Xcode/DerivedData/PeerTubeSwift-dpcwhlbrkmudrpgkkujqsfdqnghl/Build/Products/Debug-iphonesimulator/PeerTubeSwift.app/PlugIns/PeerTubeSwiftTests.xctest/Frameworks/CustomDump_169F2B173C94B61B_PackageProduct.framework: replacing existing signature

CodeSign /Users/ericwatke/Library/Developer/Xcode/DerivedData/PeerTubeSwift-dpcwhlbrkmudrpgkkujqsfdqnghl/Build/Products/Debug-iphonesimulator/PeerTubeSwift.app/PlugIns/PeerTubeSwiftTests.xctest/Frameworks/IdentifiedCollections_-5C6E944B2019E177_PackageProduct.framework (in target 'PeerTubeSwiftTests' from project 'PeerTubeSwift')
    cd /Users/ericwatke/Documents/GitHub/peertube-swift/App/PeerTubeSwift
    
    Signing Identity:     "Sign to Run Locally"
    
    /usr/bin/codesign --force --sign - --timestamp\=none --preserve-metadata\=identifier,entitlements,flags --generate-entitlement-der /Users/ericwatke/Library/Developer/Xcode/DerivedData/PeerTubeSwift-dpcwhlbrkmudrpgkkujqsfdqnghl/Build/Products/Debug-iphonesimulator/PeerTubeSwift.app/PlugIns/PeerTubeSwiftTests.xctest/Frameworks/IdentifiedCollections_-5C6E944B2019E177_PackageProduct.framework
/Users/ericwatke/Library/Developer/Xcode/DerivedData/PeerTubeSwift-dpcwhlbrkmudrpgkkujqsfdqnghl/Build/Products/Debug-iphonesimulator/PeerTubeSwift.app/PlugIns/PeerTubeSwiftTests.xctest/Frameworks/IdentifiedCollections_-5C6E944B2019E177_PackageProduct.framework: replacing existing signature

CodeSign /Users/ericwatke/Library/Developer/Xcode/DerivedData/PeerTubeSwift-dpcwhlbrkmudrpgkkujqsfdqnghl/Build/Products/Debug-iphonesimulator/PeerTubeSwift.app/PlugIns/PeerTubeSwiftTests.xctest/Frameworks/Dependencies_40816CBEDFB225D3_PackageProduct.framework (in target 'PeerTubeSwiftTests' from project 'PeerTubeSwift')
    cd /Users/ericwatke/Documents/GitHub/peertube-swift/App/PeerTubeSwift
    
    Signing Identity:     "Sign to Run Locally"
    
    /usr/bin/codesign --force --sign - --timestamp\=none --preserve-metadata\=identifier,entitlements,flags --generate-entitlement-der /Users/ericwatke/Library/Developer/Xcode/DerivedData/PeerTubeSwift-dpcwhlbrkmudrpgkkujqsfdqnghl/Build/Products/Debug-iphonesimulator/PeerTubeSwift.app/PlugIns/PeerTubeSwiftTests.xctest/Frameworks/Dependencies_40816CBEDFB225D3_PackageProduct.framework
/Users/ericwatke/Library/Developer/Xcode/DerivedData/PeerTubeSwift-dpcwhlbrkmudrpgkkujqsfdqnghl/Build/Products/Debug-iphonesimulator/PeerTubeSwift.app/PlugIns/PeerTubeSwiftTests.xctest/Frameworks/Dependencies_40816CBEDFB225D3_PackageProduct.framework: replacing existing signature

CodeSign /Users/ericwatke/Library/Developer/Xcode/DerivedData/PeerTubeSwift-dpcwhlbrkmudrpgkkujqsfdqnghl/Build/Products/Debug-iphonesimulator/PeerTubeSwift.app/PlugIns/PeerTubeSwiftTests.xctest/Frameworks/ConcurrencyExtras_-2B4B167800F2E3ED_PackageProduct.framework (in target 'PeerTubeSwiftTests' from project 'PeerTubeSwift')
    cd /Users/ericwatke/Documents/GitHub/peertube-swift/App/PeerTubeSwift
    
    Signing Identity:     "Sign to Run Locally"
    
    /usr/bin/codesign --force --sign - --timestamp\=none --preserve-metadata\=identifier,entitlements,flags --generate-entitlement-der /Users/ericwatke/Library/Developer/Xcode/DerivedData/PeerTubeSwift-dpcwhlbrkmudrpgkkujqsfdqnghl/Build/Products/Debug-iphonesimulator/PeerTubeSwift.app/PlugIns/PeerTubeSwiftTests.xctest/Frameworks/ConcurrencyExtras_-2B4B167800F2E3ED_PackageProduct.framework
/Users/ericwatke/Library/Developer/Xcode/DerivedData/PeerTubeSwift-dpcwhlbrkmudrpgkkujqsfdqnghl/Build/Products/Debug-iphonesimulator/PeerTubeSwift.app/PlugIns/PeerTubeSwiftTests.xctest/Frameworks/ConcurrencyExtras_-2B4B167800F2E3ED_PackageProduct.framework: replacing existing signature

CodeSign /Users/ericwatke/Library/Developer/Xcode/DerivedData/PeerTubeSwift-dpcwhlbrkmudrpgkkujqsfdqnghl/Build/Products/Debug-iphonesimulator/PeerTubeSwift.app/PlugIns/PeerTubeSwiftTests.xctest/Frameworks/GRDB_5DC4DB053_PackageProduct.framework (in target 'PeerTubeSwiftTests' from project 'PeerTubeSwift')
    cd /Users/ericwatke/Documents/GitHub/peertube-swift/App/PeerTubeSwift
    
    Signing Identity:     "Sign to Run Locally"
    
    /usr/bin/codesign --force --sign - --timestamp\=none --preserve-metadata\=identifier,entitlements,flags --generate-entitlement-der /Users/ericwatke/Library/Developer/Xcode/DerivedData/PeerTubeSwift-dpcwhlbrkmudrpgkkujqsfdqnghl/Build/Products/Debug-iphonesimulator/PeerTubeSwift.app/PlugIns/PeerTubeSwiftTests.xctest/Frameworks/GRDB_5DC4DB053_PackageProduct.framework
/Users/ericwatke/Library/Developer/Xcode/DerivedData/PeerTubeSwift-dpcwhlbrkmudrpgkkujqsfdqnghl/Build/Products/Debug-iphonesimulator/PeerTubeSwift.app/PlugIns/PeerTubeSwiftTests.xctest/Frameworks/GRDB_5DC4DB053_PackageProduct.framework: replacing existing signature

CodeSign /Users/ericwatke/Library/Developer/Xcode/DerivedData/PeerTubeSwift-dpcwhlbrkmudrpgkkujqsfdqnghl/Build/Products/Debug-iphonesimulator/PeerTubeSwift.app/PlugIns/PeerTubeSwiftTests.xctest/Frameworks/CombineSchedulers_-54F188414C11E20_PackageProduct.framework (in target 'PeerTubeSwiftTests' from project 'PeerTubeSwift')
    cd /Users/ericwatke/Documents/GitHub/peertube-swift/App/PeerTubeSwift
    
    Signing Identity:     "Sign to Run Locally"
    
    /usr/bin/codesign --force --sign - --timestamp\=none --preserve-metadata\=identifier,entitlements,flags --generate-entitlement-der /Users/ericwatke/Library/Developer/Xcode/DerivedData/PeerTubeSwift-dpcwhlbrkmudrpgkkujqsfdqnghl/Build/Products/Debug-iphonesimulator/PeerTubeSwift.app/PlugIns/PeerTubeSwiftTests.xctest/Frameworks/CombineSchedulers_-54F188414C11E20_PackageProduct.framework
/Users/ericwatke/Library/Developer/Xcode/DerivedData/PeerTubeSwift-dpcwhlbrkmudrpgkkujqsfdqnghl/Build/Products/Debug-iphonesimulator/PeerTubeSwift.app/PlugIns/PeerTubeSwiftTests.xctest/Frameworks/CombineSchedulers_-54F188414C11E20_PackageProduct.framework: replacing existing signature

CodeSign /Users/ericwatke/Library/Developer/Xcode/DerivedData/PeerTubeSwift-dpcwhlbrkmudrpgkkujqsfdqnghl/Build/Products/Debug-iphonesimulator/PeerTubeSwift.app/PlugIns/PeerTubeSwiftTests.xctest/Frameworks/Clocks_17A223499E7CA5_PackageProduct.framework (in target 'PeerTubeSwiftTests' from project 'PeerTubeSwift')
    cd /Users/ericwatke/Documents/GitHub/peertube-swift/App/PeerTubeSwift
    
    Signing Identity:     "Sign to Run Locally"
    
    /usr/bin/codesign --force --sign - --timestamp\=none --preserve-metadata\=identifier,entitlements,flags --generate-entitlement-der /Users/ericwatke/Library/Developer/Xcode/DerivedData/PeerTubeSwift-dpcwhlbrkmudrpgkkujqsfdqnghl/Build/Products/Debug-iphonesimulator/PeerTubeSwift.app/PlugIns/PeerTubeSwiftTests.xctest/Frameworks/Clocks_17A223499E7CA5_PackageProduct.framework
/Users/ericwatke/Library/Developer/Xcode/DerivedData/PeerTubeSwift-dpcwhlbrkmudrpgkkujqsfdqnghl/Build/Products/Debug-iphonesimulator/PeerTubeSwift.app/PlugIns/PeerTubeSwiftTests.xctest/Frameworks/Clocks_17A223499E7CA5_PackageProduct.framework: replacing existing signature

SwiftDriverJobDiscovery normal arm64 Emitting module for PeerTubeSwiftTests (in target 'PeerTubeSwiftTests' from project 'PeerTubeSwift')

SwiftDriver\ Compilation\ Requirements PeerTubeSwiftTests normal arm64 com.apple.xcode.tools.swift.compiler (in target 'PeerTubeSwiftTests' from project 'PeerTubeSwift')
    cd /Users/ericwatke/Documents/GitHub/peertube-swift/App/PeerTubeSwift
    builtin-Swift-Compilation-Requirements -- /Applications/Xcode-26.2.0.app/Contents/Developer/Toolchains/XcodeDefault.xctoolchain/usr/bin/swiftc -module-name PeerTubeSwiftTests -Onone -enforce-exclusivity\=checked @/Users/ericwatke/Library/Developer/Xcode/DerivedData/PeerTubeSwift-dpcwhlbrkmudrpgkkujqsfdqnghl/Build/Intermediates.noindex/PeerTubeSwift.build/Debug-iphonesimulator/PeerTubeSwiftTests.build/Objects-normal/arm64/PeerTubeSwiftTests.SwiftFileList -DDEBUG -Xcc -fmodule-map-file\=/Users/ericwatke/Library/Developer/Xcode/DerivedData/PeerTubeSwift-dpcwhlbrkmudrpgkkujqsfdqnghl/SourcePackages/checkouts/GRDB.swift/Sources/GRDBSQLite/module.modulemap -Xcc -fmodule-map-file\=/Users/ericwatke/Library/Developer/Xcode/DerivedData/PeerTubeSwift-dpcwhlbrkmudrpgkkujqsfdqnghl/Build/Intermediates.noindex/GeneratedModuleMaps-iphonesimulator/UIKitNavigationShim.modulemap -Xcc -fmodule-map-file\=/Users/ericwatke/Library/Developer/Xcode/DerivedData/PeerTubeSwift-dpcwhlbrkmudrpgkkujqsfdqnghl/SourcePackages/checkouts/GRDB.swift/Sources/GRDBSQLite/module.modulemap -plugin-path /Applications/Xcode-26.2.0.app/Contents/Developer/Toolchains/XcodeDefault.xctoolchain/usr/lib/swift/host/plugins/testing -enable-bare-slash-regex -enable-upcoming-feature DisableOutwardActorInference -enable-upcoming-feature InferSendableFromCaptures -enable-upcoming-feature GlobalActorIsolatedTypesUsability -enable-upcoming-feature MemberImportVisibility -enable-upcoming-feature InferIsolatedConformances -enable-upcoming-feature NonisolatedNonsendingByDefault -enable-experimental-feature DebugDescriptionMacro -sdk /Applications/Xcode-26.2.0.app/Contents/Developer/Platforms/iPhoneSimulator.platform/Developer/SDKs/iPhoneSimulator26.2.sdk -target arm64-apple-ios26.2-simulator -g -module-cache-path /Users/ericwatke/Library/Developer/Xcode/DerivedData/ModuleCache.noindex -Xfrontend -serialize-debugging-options -profile-coverage-mapping -profile-generate -enable-testing -index-store-path /Users/ericwatke/Library/Developer/Xcode/DerivedData/PeerTubeSwift-dpcwhlbrkmudrpgkkujqsfdqnghl/Index.noindex/DataStore -Xcc -D_LIBCPP_HARDENING_MODE\=_LIBCPP_HARDENING_MODE_DEBUG -swift-version 5 -I /Users/ericwatke/Library/Developer/Xcode/DerivedData/PeerTubeSwift-dpcwhlbrkmudrpgkkujqsfdqnghl/Build/Products/Debug-iphonesimulator -Isystem /Applications/Xcode-26.2.0.app/Contents/Developer/Platforms/iPhoneSimulator.platform/Developer/usr/lib -F /Users/ericwatke/Library/Developer/Xcode/DerivedData/PeerTubeSwift-dpcwhlbrkmudrpgkkujqsfdqnghl/Build/Products/Debug-iphonesimulator/PackageFrameworks -F /Users/ericwatke/Library/Developer/Xcode/DerivedData/PeerTubeSwift-dpcwhlbrkmudrpgkkujqsfdqnghl/Build/Products/Debug-iphonesimulator/PackageFrameworks -F /Users/ericwatke/Library/Developer/Xcode/DerivedData/PeerTubeSwift-dpcwhlbrkmudrpgkkujqsfdqnghl/Build/Products/Debug-iphonesimulator/PackageFrameworks -F /Users/ericwatke/Library/Developer/Xcode/DerivedData/PeerTubeSwift-dpcwhlbrkmudrpgkkujqsfdqnghl/Build/Products/Debug-iphonesimulator/PackageFrameworks -F /Users/ericwatke/Library/Developer/Xcode/DerivedData/PeerTubeSwift-dpcwhlbrkmudrpgkkujqsfdqnghl/Build/Products/Debug-iphonesimulator/PackageFrameworks -F /Users/ericwatke/Library/Developer/Xcode/DerivedData/PeerTubeSwift-dpcwhlbrkmudrpgkkujqsfdqnghl/Build/Products/Debug-iphonesimulator/PackageFrameworks -F /Users/ericwatke/Library/Developer/Xcode/DerivedData/PeerTubeSwift-dpcwhlbrkmudrpgkkujqsfdqnghl/Build/Products/Debug-iphonesimulator/PackageFrameworks -F /Users/ericwatke/Library/Developer/Xcode/DerivedData/PeerTubeSwift-dpcwhlbrkmudrpgkkujqsfdqnghl/Build/Products/Debug-iphonesimulator/PackageFrameworks -F /Users/ericwatke/Library/Developer/Xcode/DerivedData/PeerTubeSwift-dpcwhlbrkmudrpgkkujqsfdqnghl/Build/Products/Debug-iphonesimulator/PackageFrameworks -F /Users/ericwatke/Library/Developer/Xcode/DerivedData/PeerTubeSwift-dpcwhlbrkmudrpgkkujqsfdqnghl/Build/Products/Debug-iphonesimulator/PackageFrameworks -F /Users/ericwatke/Library/Developer/Xcode/DerivedData/PeerTubeSwift-dpcwhlbrkmudrpgkkujqsfdqnghl/Build/Products/Debug-iphonesimulator/PackageFrameworks -F /Users/ericwatke/Library/Developer/Xcode/DerivedData/PeerTubeSwift-dpcwhlbrkmudrpgkkujqsfdqnghl/Build/Products/Debug-iphonesimulator/PackageFrameworks -F /Users/ericwatke/Library/Developer/Xcode/DerivedData/PeerTubeSwift-dpcwhlbrkmudrpgkkujqsfdqnghl/Build/Products/Debug-iphonesimulator/PackageFrameworks -F /Users/ericwatke/Library/Developer/Xcode/DerivedData/PeerTubeSwift-dpcwhlbrkmudrpgkkujqsfdqnghl/Build/Products/Debug-iphonesimulator/PackageFrameworks -F /Users/ericwatke/Library/Developer/Xcode/DerivedData/PeerTubeSwift-dpcwhlbrkmudrpgkkujqsfdqnghl/Build/Products/Debug-iphonesimulator/PackageFrameworks -F /Users/ericwatke/Library/Developer/Xcode/DerivedData/PeerTubeSwift-dpcwhlbrkmudrpgkkujqsfdqnghl/Build/Products/Debug-iphonesimulator/PackageFrameworks -F /Users/ericwatke/Library/Developer/Xcode/DerivedData/PeerTubeSwift-dpcwhlbrkmudrpgkkujqsfdqnghl/Build/Products/Debug-iphonesimulator/PackageFrameworks -F /Users/ericwatke/Library/Developer/Xcode/DerivedData/PeerTubeSwift-dpcwhlbrkmudrpgkkujqsfdqnghl/Build/Products/Debug-iphonesimulator/PackageFrameworks -F /Users/ericwatke/Library/Developer/Xcode/DerivedData/PeerTubeSwift-dpcwhlbrkmudrpgkkujqsfdqnghl/Build/Products/Debug-iphonesimulator/PackageFrameworks -F /Users/ericwatke/Library/Developer/Xcode/DerivedData/PeerTubeSwift-dpcwhlbrkmudrpgkkujqsfdqnghl/Build/Products/Debug-iphonesimulator/PackageFrameworks -F /Users/ericwatke/Library/Developer/Xcode/DerivedData/PeerTubeSwift-dpcwhlbrkmudrpgkkujqsfdqnghl/Build/Products/Debug-iphonesimulator/PackageFrameworks -F /Users/ericwatke/Library/Developer/Xcode/DerivedData/PeerTubeSwift-dpcwhlbrkmudrpgkkujqsfdqnghl/Build/Products/Debug-iphonesimulator/PackageFrameworks -F /Users/ericwatke/Library/Developer/Xcode/DerivedData/PeerTubeSwift-dpcwhlbrkmudrpgkkujqsfdqnghl/Build/Products/Debug-iphonesimulator/PackageFrameworks -F /Users/ericwatke/Library/Developer/Xcode/DerivedData/PeerTubeSwift-dpcwhlbrkmudrpgkkujqsfdqnghl/Build/Products/Debug-iphonesimulator/PackageFrameworks -F /Users/ericwatke/Library/Developer/Xcode/DerivedData/PeerTubeSwift-dpcwhlbrkmudrpgkkujqsfdqnghl/Build/Products/Debug-iphonesimulator/PackageFrameworks -F /Users/ericwatke/Library/Developer/Xcode/DerivedData/PeerTubeSwift-dpcwhlbrkmudrpgkkujqsfdqnghl/Build/Products/Debug-iphonesimulator/PackageFrameworks -F /Users/ericwatke/Library/Developer/Xcode/DerivedData/PeerTubeSwift-dpcwhlbrkmudrpgkkujqsfdqnghl/Build/Products/Debug-iphonesimulator/PackageFrameworks -F /Users/ericwatke/Library/Developer/Xcode/DerivedData/PeerTubeSwift-dpcwhlbrkmudrpgkkujqsfdqnghl/Build/Products/Debug-iphonesimulator/PackageFrameworks -F /Users/ericwatke/Library/Developer/Xcode/DerivedData/PeerTubeSwift-dpcwhlbrkmudrpgkkujqsfdqnghl/Build/Products/Debug-iphonesimulator/PackageFrameworks -F /Users/ericwatke/Library/Developer/Xcode/DerivedData/PeerTubeSwift-dpcwhlbrkmudrpgkkujqsfdqnghl/Build/Products/Debug-iphonesimulator/PackageFrameworks -F /Users/ericwatke/Library/Developer/Xcode/DerivedData/PeerTubeSwift-dpcwhlbrkmudrpgkkujqsfdqnghl/Build/Products/Debug-iphonesimulator/PackageFrameworks -F /Users/ericwatke/Library/Developer/Xcode/DerivedData/PeerTubeSwift-dpcwhlbrkmudrpgkkujqsfdqnghl/Build/Products/Debug-iphonesimulator/PackageFrameworks -F /Users/ericwatke/Library/Developer/Xcode/DerivedData/PeerTubeSwift-dpcwhlbrkmudrpgkkujqsfdqnghl/Build/Products/Debug-iphonesimulator/PackageFrameworks -F /Users/ericwatke/Library/Developer/Xcode/DerivedData/PeerTubeSwift-dpcwhlbrkmudrpgkkujqsfdqnghl/Build/Products/Debug-iphonesimulator/PackageFrameworks -F /Users/ericwatke/Library/Developer/Xcode/DerivedData/PeerTubeSwift-dpcwhlbrkmudrpgkkujqsfdqnghl/Build/Products/Debug-iphonesimulator/PackageFrameworks -F /Users/ericwatke/Library/Developer/Xcode/DerivedData/PeerTubeSwift-dpcwhlbrkmudrpgkkujqsfdqnghl/Build/Products/Debug-iphonesimulator/PackageFrameworks -F /Users/ericwatke/Library/Developer/Xcode/DerivedData/PeerTubeSwift-dpcwhlbrkmudrpgkkujqsfdqnghl/Build/Products/Debug-iphonesimulator/PackageFrameworks -F /Users/ericwatke/Library/Developer/Xcode/DerivedData/PeerTubeSwift-dpcwhlbrkmudrpgkkujqsfdqnghl/Build/Products/Debug-iphonesimulator/PackageFrameworks -F /Users/ericwatke/Library/Developer/Xcode/DerivedData/PeerTubeSwift-dpcwhlbrkmudrpgkkujqsfdqnghl/Build/Products/Debug-iphonesimulator/PackageFrameworks -F /Users/ericwatke/Library/Developer/Xcode/DerivedData/PeerTubeSwift-dpcwhlbrkmudrpgkkujqsfdqnghl/Build/Products/Debug-iphonesimulator/PackageFrameworks -F /Users/ericwatke/Library/Developer/Xcode/DerivedData/PeerTubeSwift-dpcwhlbrkmudrpgkkujqsfdqnghl/Build/Products/Debug-iphonesimulator/PackageFrameworks -F /Users/ericwatke/Library/Developer/Xcode/DerivedData/PeerTubeSwift-dpcwhlbrkmudrpgkkujqsfdqnghl/Build/Products/Debug-iphonesimulator/PackageFrameworks -F /Users/ericwatke/Library/Developer/Xcode/DerivedData/PeerTubeSwift-dpcwhlbrkmudrpgkkujqsfdqnghl/Build/Products/Debug-iphonesimulator/PackageFrameworks -F /Users/ericwatke/Library/Developer/Xcode/DerivedData/PeerTubeSwift-dpcwhlbrkmudrpgkkujqsfdqnghl/Build/Products/Debug-iphonesimulator/PackageFrameworks -F /Users/ericwatke/Library/Developer/Xcode/DerivedData/PeerTubeSwift-dpcwhlbrkmudrpgkkujqsfdqnghl/Build/Products/Debug-iphonesimulator/PackageFrameworks -F /Users/ericwatke/Library/Developer/Xcode/DerivedData/PeerTubeSwift-dpcwhlbrkmudrpgkkujqsfdqnghl/Build/Products/Debug-iphonesimulator/PackageFrameworks -F /Users/ericwatke/Library/Developer/Xcode/DerivedData/PeerTubeSwift-dpcwhlbrkmudrpgkkujqsfdqnghl/Build/Products/Debug-iphonesimulator/PackageFrameworks -F /Users/ericwatke/Library/Developer/Xcode/DerivedData/PeerTubeSwift-dpcwhlbrkmudrpgkkujqsfdqnghl/Build/Products/Debug-iphonesimulator/PackageFrameworks -F /Users/ericwatke/Library/Developer/Xcode/DerivedData/PeerTubeSwift-dpcwhlbrkmudrpgkkujqsfdqnghl/Build/Products/Debug-iphonesimulator/PackageFrameworks -F /Users/ericwatke/Library/Developer/Xcode/DerivedData/PeerTubeSwift-dpcwhlbrkmudrpgkkujqsfdqnghl/Build/Products/Debug-iphonesimulator/PackageFrameworks -F /Users/ericwatke/Library/Developer/Xcode/DerivedData/PeerTubeSwift-dpcwhlbrkmudrpgkkujqsfdqnghl/Build/Products/Debug-iphonesimulator/PackageFrameworks -F /Users/ericwatke/Library/Developer/Xcode/DerivedData/PeerTubeSwift-dpcwhlbrkmudrpgkkujqsfdqnghl/Build/Products/Debug-iphonesimulator/PackageFrameworks -F /Users/ericwatke/Library/Developer/Xcode/DerivedData/PeerTubeSwift-dpcwhlbrkmudrpgkkujqsfdqnghl/Build/Products/Debug-iphonesimulator/PackageFrameworks -F /Users/ericwatke/Library/Developer/Xcode/DerivedData/PeerTubeSwift-dpcwhlbrkmudrpgkkujqsfdqnghl/Build/Products/Debug-iphonesimulator/PackageFrameworks -F /Users/ericwatke/Library/Developer/Xcode/DerivedData/PeerTubeSwift-dpcwhlbrkmudrpgkkujqsfdqnghl/Build/Products/Debug-iphonesimulator/PackageFrameworks -F /Users/ericwatke/Library/Developer/Xcode/DerivedData/PeerTubeSwift-dpcwhlbrkmudrpgkkujqsfdqnghl/Build/Products/Debug-iphonesimulator/PackageFrameworks -F /Users/ericwatke/Library/Developer/Xcode/DerivedData/PeerTubeSwift-dpcwhlbrkmudrpgkkujqsfdqnghl/Build/Products/Debug-iphonesimulator/PackageFrameworks -F /Users/ericwatke/Library/Developer/Xcode/DerivedData/PeerTubeSwift-dpcwhlbrkmudrpgkkujqsfdqnghl/Build/Products/Debug-iphonesimulator/PackageFrameworks -F /Users/ericwatke/Library/Developer/Xcode/DerivedData/PeerTubeSwift-dpcwhlbrkmudrpgkkujqsfdqnghl/Build/Products/Debug-iphonesimulator/PackageFrameworks -F /Users/ericwatke/Library/Developer/Xcode/DerivedData/PeerTubeSwift-dpcwhlbrkmudrpgkkujqsfdqnghl/Build/Products/Debug-iphonesimulator/PackageFrameworks -F /Users/ericwatke/Library/Developer/Xcode/DerivedData/PeerTubeSwift-dpcwhlbrkmudrpgkkujqsfdqnghl/Build/Products/Debug-iphonesimulator/PackageFrameworks -F /Users/ericwatke/Library/Developer/Xcode/DerivedData/PeerTubeSwift-dpcwhlbrkmudrpgkkujqsfdqnghl/Build/Products/Debug-iphonesimulator/PackageFrameworks -F /Users/ericwatke/Library/Developer/Xcode/DerivedData/PeerTubeSwift-dpcwhlbrkmudrpgkkujqsfdqnghl/Build/Products/Debug-iphonesimulator/PackageFrameworks -F /Users/ericwatke/Library/Developer/Xcode/DerivedData/PeerTubeSwift-dpcwhlbrkmudrpgkkujqsfdqnghl/Build/Products/Debug-iphonesimulator/PackageFrameworks -F /Users/ericwatke/Library/Developer/Xcode/DerivedData/PeerTubeSwift-dpcwhlbrkmudrpgkkujqsfdqnghl/Build/Products/Debug-iphonesimulator/PackageFrameworks -F /Users/ericwatke/Library/Developer/Xcode/DerivedData/PeerTubeSwift-dpcwhlbrkmudrpgkkujqsfdqnghl/Build/Products/Debug-iphonesimulator/PackageFrameworks -F /Users/ericwatke/Library/Developer/Xcode/DerivedData/PeerTubeSwift-dpcwhlbrkmudrpgkkujqsfdqnghl/Build/Products/Debug-iphonesimulator/PackageFrameworks -F /Users/ericwatke/Library/Developer/Xcode/DerivedData/PeerTubeSwift-dpcwhlbrkmudrpgkkujqsfdqnghl/Build/Products/Debug-iphonesimulator/PackageFrameworks -F /Users/ericwatke/Library/Developer/Xcode/DerivedData/PeerTubeSwift-dpcwhlbrkmudrpgkkujqsfdqnghl/Build/Products/Debug-iphonesimulator/PackageFrameworks -F /Users/ericwatke/Library/Developer/Xcode/DerivedData/PeerTubeSwift-dpcwhlbrkmudrpgkkujqsfdqnghl/Build/Products/Debug-iphonesimulator/PackageFrameworks -F /Users/ericwatke/Library/Developer/Xcode/DerivedData/PeerTubeSwift-dpcwhlbrkmudrpgkkujqsfdqnghl/Build/Products/Debug-iphonesimulator/PackageFrameworks -F /Users/ericwatke/Library/Developer/Xcode/DerivedData/PeerTubeSwift-dpcwhlbrkmudrpgkkujqsfdqnghl/Build/Products/Debug-iphonesimulator/PackageFrameworks -F /Users/ericwatke/Library/Developer/Xcode/DerivedData/PeerTubeSwift-dpcwhlbrkmudrpgkkujqsfdqnghl/Build/Products/Debug-iphonesimulator/PackageFrameworks -F /Users/ericwatke/Library/Developer/Xcode/DerivedData/PeerTubeSwift-dpcwhlbrkmudrpgkkujqsfdqnghl/Build/Products/Debug-iphonesimulator/PackageFrameworks -F /Users/ericwatke/Library/Developer/Xcode/DerivedData/PeerTubeSwift-dpcwhlbrkmudrpgkkujqsfdqnghl/Build/Products/Debug-iphonesimulator -F /Applications/Xcode-26.2.0.app/Contents/Developer/Platforms/iPhoneSimulator.platform/Developer/Library/Frameworks -F /Applications/Xcode-26.2.0.app/Contents/Developer/Platforms/iPhoneSimulator.platform/Developer/SDKs/iPhoneSimulator26.2.sdk/Developer/Library/Frameworks -Xfrontend -load-plugin-executable -Xfrontend /Users/ericwatke/Library/Developer/Xcode/DerivedData/PeerTubeSwift-dpcwhlbrkmudrpgkkujqsfdqnghl/Build/Products/Debug/CasePathsMacros\#CasePathsMacros -Xfrontend -load-plugin-executable -Xfrontend /Users/ericwatke/Library/Developer/Xcode/DerivedData/PeerTubeSwift-dpcwhlbrkmudrpgkkujqsfdqnghl/Build/Products/Debug/ComposableArchitectureMacros\#ComposableArchitectureMacros -Xfrontend -load-plugin-executable -Xfrontend /Users/ericwatke/Library/Developer/Xcode/DerivedData/PeerTubeSwift-dpcwhlbrkmudrpgkkujqsfdqnghl/Build/Products/Debug/DependenciesMacrosPlugin\#DependenciesMacrosPlugin -Xfrontend -load-plugin-executable -Xfrontend /Users/ericwatke/Library/Developer/Xcode/DerivedData/PeerTubeSwift-dpcwhlbrkmudrpgkkujqsfdqnghl/Build/Products/Debug/PerceptionMacros\#PerceptionMacros -Xfrontend -load-plugin-executable -Xfrontend /Users/ericwatke/Library/Developer/Xcode/DerivedData/PeerTubeSwift-dpcwhlbrkmudrpgkkujqsfdqnghl/Build/Products/Debug/StructuredQueriesMacros\#StructuredQueriesMacros -Xfrontend -load-plugin-executable -Xfrontend /Users/ericwatke/Library/Developer/Xcode/DerivedData/PeerTubeSwift-dpcwhlbrkmudrpgkkujqsfdqnghl/Build/Products/Debug/StructuredQueriesSQLiteMacros\#StructuredQueriesSQLiteMacros -parse-as-library -c -j8 -enable-batch-mode -incremental -Xcc -ivfsstatcache -Xcc /Users/ericwatke/Library/Developer/Xcode/DerivedData/SDKStatCaches.noindex/iphonesimulator26.2-23C53-396ea2e52eee30dc3ef691f54c5a881e.sdkstatcache -output-file-map /Users/ericwatke/Library/Developer/Xcode/DerivedData/PeerTubeSwift-dpcwhlbrkmudrpgkkujqsfdqnghl/Build/Intermediates.noindex/PeerTubeSwift.build/Debug-iphonesimulator/PeerTubeSwiftTests.build/Objects-normal/arm64/PeerTubeSwiftTests-OutputFileMap.json -use-frontend-parseable-output -save-temps -no-color-diagnostics -explicit-module-build -module-cache-path /Users/ericwatke/Library/Developer/Xcode/DerivedData/PeerTubeSwift-dpcwhlbrkmudrpgkkujqsfdqnghl/Build/Intermediates.noindex/SwiftExplicitPrecompiledModules -clang-scanner-module-cache-path /Users/ericwatke/Library/Developer/Xcode/DerivedData/ModuleCache.noindex -sdk-module-cache-path /Users/ericwatke/Library/Developer/Xcode/DerivedData/ModuleCache.noindex -serialize-diagnostics -emit-dependencies -emit-module -emit-module-path /Users/ericwatke/Library/Developer/Xcode/DerivedData/PeerTubeSwift-dpcwhlbrkmudrpgkkujqsfdqnghl/Build/Intermediates.noindex/PeerTubeSwift.build/Debug-iphonesimulator/PeerTubeSwiftTests.build/Objects-normal/arm64/PeerTubeSwiftTests.swiftmodule -validate-clang-modules-once -clang-build-session-file /Users/ericwatke/Library/Developer/Xcode/DerivedData/ModuleCache.noindex/Session.modulevalidation -Xcc -I/Users/ericwatke/Library/Developer/Xcode/DerivedData/PeerTubeSwift-dpcwhlbrkmudrpgkkujqsfdqnghl/Build/Intermediates.noindex/PeerTubeSwift.build/Debug-iphonesimulator/PeerTubeSwiftTests.build/swift-overrides.hmap -emit-const-values -Xfrontend -const-gather-protocols-file -Xfrontend /Users/ericwatke/Library/Developer/Xcode/DerivedData/PeerTubeSwift-dpcwhlbrkmudrpgkkujqsfdqnghl/Build/Intermediates.noindex/PeerTubeSwift.build/Debug-iphonesimulator/PeerTubeSwiftTests.build/Objects-normal/arm64/PeerTubeSwiftTests_const_extract_protocols.json -Xcc -iquote -Xcc /Users/ericwatke/Library/Developer/Xcode/DerivedData/PeerTubeSwift-dpcwhlbrkmudrpgkkujqsfdqnghl/Build/Intermediates.noindex/PeerTubeSwift.build/Debug-iphonesimulator/PeerTubeSwiftTests.build/PeerTubeSwiftTests-generated-files.hmap -Xcc -I/Users/ericwatke/Library/Developer/Xcode/DerivedData/PeerTubeSwift-dpcwhlbrkmudrpgkkujqsfdqnghl/Build/Intermediates.noindex/PeerTubeSwift.build/Debug-iphonesimulator/PeerTubeSwiftTests.build/PeerTubeSwiftTests-own-target-headers.hmap -Xcc -I/Users/ericwatke/Library/Developer/Xcode/DerivedData/PeerTubeSwift-dpcwhlbrkmudrpgkkujqsfdqnghl/Build/Intermediates.noindex/PeerTubeSwift.build/Debug-iphonesimulator/PeerTubeSwiftTests.build/PeerTubeSwiftTests-all-non-framework-target-headers.hmap -Xcc -ivfsoverlay -Xcc /Users/ericwatke/Library/Developer/Xcode/DerivedData/PeerTubeSwift-dpcwhlbrkmudrpgkkujqsfdqnghl/Build/Intermediates.noindex/PeerTubeSwift.build/Debug-iphonesimulator/PeerTubeSwift-737a43c5f02e2b54d5d37b163228a2ce-VFS-iphonesimulator/all-product-headers.yaml -Xcc -iquote -Xcc /Users/ericwatke/Library/Developer/Xcode/DerivedData/PeerTubeSwift-dpcwhlbrkmudrpgkkujqsfdqnghl/Build/Intermediates.noindex/PeerTubeSwift.build/Debug-iphonesimulator/PeerTubeSwiftTests.build/PeerTubeSwiftTests-project-headers.hmap -Xcc -I/Users/ericwatke/Library/Developer/Xcode/DerivedData/PeerTubeSwift-dpcwhlbrkmudrpgkkujqsfdqnghl/SourcePackages/checkouts/swift-navigation/Sources/UIKitNavigationShim/include -Xcc -I/Users/ericwatke/Library/Developer/Xcode/DerivedData/PeerTubeSwift-dpcwhlbrkmudrpgkkujqsfdqnghl/SourcePackages/checkouts/swift-syntax/Sources/_SwiftSyntaxCShims/include -Xcc -I/Users/ericwatke/Library/Developer/Xcode/DerivedData/PeerTubeSwift-dpcwhlbrkmudrpgkkujqsfdqnghl/Build/Products/Debug-iphonesimulator/include -Xcc -I/Users/ericwatke/Library/Developer/Xcode/DerivedData/PeerTubeSwift-dpcwhlbrkmudrpgkkujqsfdqnghl/Build/Intermediates.noindex/PeerTubeSwift.build/Debug-iphonesimulator/PeerTubeSwiftTests.build/DerivedSources-normal/arm64 -Xcc -I/Users/ericwatke/Library/Developer/Xcode/DerivedData/PeerTubeSwift-dpcwhlbrkmudrpgkkujqsfdqnghl/Build/Intermediates.noindex/PeerTubeSwift.build/Debug-iphonesimulator/PeerTubeSwiftTests.build/DerivedSources/arm64 -Xcc -I/Users/ericwatke/Library/Developer/Xcode/DerivedData/PeerTubeSwift-dpcwhlbrkmudrpgkkujqsfdqnghl/Build/Intermediates.noindex/PeerTubeSwift.build/Debug-iphonesimulator/PeerTubeSwiftTests.build/DerivedSources -Xcc -DDEBUG\=1 -emit-objc-header -emit-objc-header-path /Users/ericwatke/Library/Developer/Xcode/DerivedData/PeerTubeSwift-dpcwhlbrkmudrpgkkujqsfdqnghl/Build/Intermediates.noindex/PeerTubeSwift.build/Debug-iphonesimulator/PeerTubeSwiftTests.build/Objects-normal/arm64/PeerTubeSwiftTests-Swift.h -working-directory /Users/ericwatke/Documents/GitHub/peertube-swift/App/PeerTubeSwift -experimental-emit-module-separately -disable-cmo

Copy /Users/ericwatke/Library/Developer/Xcode/DerivedData/PeerTubeSwift-dpcwhlbrkmudrpgkkujqsfdqnghl/Build/Products/Debug-iphonesimulator/PeerTubeSwiftTests.swiftmodule/arm64-apple-ios-simulator.abi.json /Users/ericwatke/Library/Developer/Xcode/DerivedData/PeerTubeSwift-dpcwhlbrkmudrpgkkujqsfdqnghl/Build/Intermediates.noindex/PeerTubeSwift.build/Debug-iphonesimulator/PeerTubeSwiftTests.build/Objects-normal/arm64/PeerTubeSwiftTests.abi.json (in target 'PeerTubeSwiftTests' from project 'PeerTubeSwift')
    cd /Users/ericwatke/Documents/GitHub/peertube-swift/App/PeerTubeSwift
    builtin-copy -exclude .DS_Store -exclude CVS -exclude .svn -exclude .git -exclude .hg -resolve-src-symlinks -rename /Users/ericwatke/Library/Developer/Xcode/DerivedData/PeerTubeSwift-dpcwhlbrkmudrpgkkujqsfdqnghl/Build/Intermediates.noindex/PeerTubeSwift.build/Debug-iphonesimulator/PeerTubeSwiftTests.build/Objects-normal/arm64/PeerTubeSwiftTests.abi.json /Users/ericwatke/Library/Developer/Xcode/DerivedData/PeerTubeSwift-dpcwhlbrkmudrpgkkujqsfdqnghl/Build/Products/Debug-iphonesimulator/PeerTubeSwiftTests.swiftmodule/arm64-apple-ios-simulator.abi.json

Ld /Users/ericwatke/Library/Developer/Xcode/DerivedData/PeerTubeSwift-dpcwhlbrkmudrpgkkujqsfdqnghl/Build/Products/Debug-iphonesimulator/PeerTubeSwift.app/PlugIns/PeerTubeSwiftTests.xctest/PeerTubeSwiftTests normal (in target 'PeerTubeSwiftTests' from project 'PeerTubeSwift')
    cd /Users/ericwatke/Documents/GitHub/peertube-swift/App/PeerTubeSwift
    /Applications/Xcode-26.2.0.app/Contents/Developer/Toolchains/XcodeDefault.xctoolchain/usr/bin/clang -Xlinker -reproducible -target arm64-apple-ios26.2-simulator -bundle -isysroot /Applications/Xcode-26.2.0.app/Contents/Developer/Platforms/iPhoneSimulator.platform/Developer/SDKs/iPhoneSimulator26.2.sdk -O0 -L/Users/ericwatke/Library/Developer/Xcode/DerivedData/PeerTubeSwift-dpcwhlbrkmudrpgkkujqsfdqnghl/Build/Intermediates.noindex/EagerLinkingTBDs/Debug-iphonesimulator -L/Users/ericwatke/Library/Developer/Xcode/DerivedData/PeerTubeSwift-dpcwhlbrkmudrpgkkujqsfdqnghl/Build/Products/Debug-iphonesimulator -L/Applications/Xcode-26.2.0.app/Contents/Developer/Platforms/iPhoneSimulator.platform/Developer/usr/lib -F/Users/ericwatke/Library/Developer/Xcode/DerivedData/PeerTubeSwift-dpcwhlbrkmudrpgkkujqsfdqnghl/Build/Intermediates.noindex/EagerLinkingTBDs/Debug-iphonesimulator -F/Users/ericwatke/Library/Developer/Xcode/DerivedData/PeerTubeSwift-dpcwhlbrkmudrpgkkujqsfdqnghl/Build/Products/Debug-iphonesimulator/PackageFrameworks -F/Users/ericwatke/Library/Developer/Xcode/DerivedData/PeerTubeSwift-dpcwhlbrkmudrpgkkujqsfdqnghl/Build/Products/Debug-iphonesimulator/PackageFrameworks -F/Users/ericwatke/Library/Developer/Xcode/DerivedData/PeerTubeSwift-dpcwhlbrkmudrpgkkujqsfdqnghl/Build/Products/Debug-iphonesimulator/PackageFrameworks -F/Users/ericwatke/Library/Developer/Xcode/DerivedData/PeerTubeSwift-dpcwhlbrkmudrpgkkujqsfdqnghl/Build/Products/Debug-iphonesimulator/PackageFrameworks -F/Users/ericwatke/Library/Developer/Xcode/DerivedData/PeerTubeSwift-dpcwhlbrkmudrpgkkujqsfdqnghl/Build/Products/Debug-iphonesimulator/PackageFrameworks -F/Users/ericwatke/Library/Developer/Xcode/DerivedData/PeerTubeSwift-dpcwhlbrkmudrpgkkujqsfdqnghl/Build/Products/Debug-iphonesimulator/PackageFrameworks -F/Users/ericwatke/Library/Developer/Xcode/DerivedData/PeerTubeSwift-dpcwhlbrkmudrpgkkujqsfdqnghl/Build/Products/Debug-iphonesimulator/PackageFrameworks -F/Users/ericwatke/Library/Developer/Xcode/DerivedData/PeerTubeSwift-dpcwhlbrkmudrpgkkujqsfdqnghl/Build/Products/Debug-iphonesimulator/PackageFrameworks -F/Users/ericwatke/Library/Developer/Xcode/DerivedData/PeerTubeSwift-dpcwhlbrkmudrpgkkujqsfdqnghl/Build/Products/Debug-iphonesimulator/PackageFrameworks -F/Users/ericwatke/Library/Developer/Xcode/DerivedData/PeerTubeSwift-dpcwhlbrkmudrpgkkujqsfdqnghl/Build/Products/Debug-iphonesimulator/PackageFrameworks -F/Users/ericwatke/Library/Developer/Xcode/DerivedData/PeerTubeSwift-dpcwhlbrkmudrpgkkujqsfdqnghl/Build/Products/Debug-iphonesimulator/PackageFrameworks -F/Users/ericwatke/Library/Developer/Xcode/DerivedData/PeerTubeSwift-dpcwhlbrkmudrpgkkujqsfdqnghl/Build/Products/Debug-iphonesimulator/PackageFrameworks -F/Users/ericwatke/Library/Developer/Xcode/DerivedData/PeerTubeSwift-dpcwhlbrkmudrpgkkujqsfdqnghl/Build/Products/Debug-iphonesimulator/PackageFrameworks -F/Users/ericwatke/Library/Developer/Xcode/DerivedData/PeerTubeSwift-dpcwhlbrkmudrpgkkujqsfdqnghl/Build/Products/Debug-iphonesimulator/PackageFrameworks -F/Users/ericwatke/Library/Developer/Xcode/DerivedData/PeerTubeSwift-dpcwhlbrkmudrpgkkujqsfdqnghl/Build/Products/Debug-iphonesimulator/PackageFrameworks -F/Users/ericwatke/Library/Developer/Xcode/DerivedData/PeerTubeSwift-dpcwhlbrkmudrpgkkujqsfdqnghl/Build/Products/Debug-iphonesimulator/PackageFrameworks -F/Users/ericwatke/Library/Developer/Xcode/DerivedData/PeerTubeSwift-dpcwhlbrkmudrpgkkujqsfdqnghl/Build/Products/Debug-iphonesimulator/PackageFrameworks -F/Users/ericwatke/Library/Developer/Xcode/DerivedData/PeerTubeSwift-dpcwhlbrkmudrpgkkujqsfdqnghl/Build/Products/Debug-iphonesimulator/PackageFrameworks -F/Users/ericwatke/Library/Developer/Xcode/DerivedData/PeerTubeSwift-dpcwhlbrkmudrpgkkujqsfdqnghl/Build/Products/Debug-iphonesimulator/PackageFrameworks -F/Users/ericwatke/Library/Developer/Xcode/DerivedData/PeerTubeSwift-dpcwhlbrkmudrpgkkujqsfdqnghl/Build/Products/Debug-iphonesimulator/PackageFrameworks -F/Users/ericwatke/Library/Developer/Xcode/DerivedData/PeerTubeSwift-dpcwhlbrkmudrpgkkujqsfdqnghl/Build/Products/Debug-iphonesimulator/PackageFrameworks -F/Users/ericwatke/Library/Developer/Xcode/DerivedData/PeerTubeSwift-dpcwhlbrkmudrpgkkujqsfdqnghl/Build/Products/Debug-iphonesimulator/PackageFrameworks -F/Users/ericwatke/Library/Developer/Xcode/DerivedData/PeerTubeSwift-dpcwhlbrkmudrpgkkujqsfdqnghl/Build/Products/Debug-iphonesimulator/PackageFrameworks -F/Users/ericwatke/Library/Developer/Xcode/DerivedData/PeerTubeSwift-dpcwhlbrkmudrpgkkujqsfdqnghl/Build/Products/Debug-iphonesimulator/PackageFrameworks -F/Users/ericwatke/Library/Developer/Xcode/DerivedData/PeerTubeSwift-dpcwhlbrkmudrpgkkujqsfdqnghl/Build/Products/Debug-iphonesimulator/PackageFrameworks -F/Users/ericwatke/Library/Developer/Xcode/DerivedData/PeerTubeSwift-dpcwhlbrkmudrpgkkujqsfdqnghl/Build/Products/Debug-iphonesimulator/PackageFrameworks -F/Users/ericwatke/Library/Developer/Xcode/DerivedData/PeerTubeSwift-dpcwhlbrkmudrpgkkujqsfdqnghl/Build/Products/Debug-iphonesimulator/PackageFrameworks -F/Users/ericwatke/Library/Developer/Xcode/DerivedData/PeerTubeSwift-dpcwhlbrkmudrpgkkujqsfdqnghl/Build/Products/Debug-iphonesimulator/PackageFrameworks -F/Users/ericwatke/Library/Developer/Xcode/DerivedData/PeerTubeSwift-dpcwhlbrkmudrpgkkujqsfdqnghl/Build/Products/Debug-iphonesimulator/PackageFrameworks -F/Users/ericwatke/Library/Developer/Xcode/DerivedData/PeerTubeSwift-dpcwhlbrkmudrpgkkujqsfdqnghl/Build/Products/Debug-iphonesimulator/PackageFrameworks -F/Users/ericwatke/Library/Developer/Xcode/DerivedData/PeerTubeSwift-dpcwhlbrkmudrpgkkujqsfdqnghl/Build/Products/Debug-iphonesimulator/PackageFrameworks -F/Users/ericwatke/Library/Developer/Xcode/DerivedData/PeerTubeSwift-dpcwhlbrkmudrpgkkujqsfdqnghl/Build/Products/Debug-iphonesimulator/PackageFrameworks -F/Users/ericwatke/Library/Developer/Xcode/DerivedData/PeerTubeSwift-dpcwhlbrkmudrpgkkujqsfdqnghl/Build/Products/Debug-iphonesimulator/PackageFrameworks -F/Users/ericwatke/Library/Developer/Xcode/DerivedData/PeerTubeSwift-dpcwhlbrkmudrpgkkujqsfdqnghl/Build/Products/Debug-iphonesimulator/PackageFrameworks -F/Users/ericwatke/Library/Developer/Xcode/DerivedData/PeerTubeSwift-dpcwhlbrkmudrpgkkujqsfdqnghl/Build/Products/Debug-iphonesimulator/PackageFrameworks -F/Users/ericwatke/Library/Developer/Xcode/DerivedData/PeerTubeSwift-dpcwhlbrkmudrpgkkujqsfdqnghl/Build/Products/Debug-iphonesimulator/PackageFrameworks -F/Users/ericwatke/Library/Developer/Xcode/DerivedData/PeerTubeSwift-dpcwhlbrkmudrpgkkujqsfdqnghl/Build/Products/Debug-iphonesimulator/PackageFrameworks -F/Users/ericwatke/Library/Developer/Xcode/DerivedData/PeerTubeSwift-dpcwhlbrkmudrpgkkujqsfdqnghl/Build/Products/Debug-iphonesimulator/PackageFrameworks -F/Users/ericwatke/Library/Developer/Xcode/DerivedData/PeerTubeSwift-dpcwhlbrkmudrpgkkujqsfdqnghl/Build/Products/Debug-iphonesimulator/PackageFrameworks -F/Users/ericwatke/Library/Developer/Xcode/DerivedData/PeerTubeSwift-dpcwhlbrkmudrpgkkujqsfdqnghl/Build/Products/Debug-iphonesimulator/PackageFrameworks -F/Users/ericwatke/Library/Developer/Xcode/DerivedData/PeerTubeSwift-dpcwhlbrkmudrpgkkujqsfdqnghl/Build/Products/Debug-iphonesimulator/PackageFrameworks -F/Users/ericwatke/Library/Developer/Xcode/DerivedData/PeerTubeSwift-dpcwhlbrkmudrpgkkujqsfdqnghl/Build/Products/Debug-iphonesimulator/PackageFrameworks -F/Users/ericwatke/Library/Developer/Xcode/DerivedData/PeerTubeSwift-dpcwhlbrkmudrpgkkujqsfdqnghl/Build/Products/Debug-iphonesimulator/PackageFrameworks -F/Users/ericwatke/Library/Developer/Xcode/DerivedData/PeerTubeSwift-dpcwhlbrkmudrpgkkujqsfdqnghl/Build/Products/Debug-iphonesimulator/PackageFrameworks -F/Users/ericwatke/Library/Developer/Xcode/DerivedData/PeerTubeSwift-dpcwhlbrkmudrpgkkujqsfdqnghl/Build/Products/Debug-iphonesimulator/PackageFrameworks -F/Users/ericwatke/Library/Developer/Xcode/DerivedData/PeerTubeSwift-dpcwhlbrkmudrpgkkujqsfdqnghl/Build/Products/Debug-iphonesimulator/PackageFrameworks -F/Users/ericwatke/Library/Developer/Xcode/DerivedData/PeerTubeSwift-dpcwhlbrkmudrpgkkujqsfdqnghl/Build/Products/Debug-iphonesimulator/PackageFrameworks -F/Users/ericwatke/Library/Developer/Xcode/DerivedData/PeerTubeSwift-dpcwhlbrkmudrpgkkujqsfdqnghl/Build/Products/Debug-iphonesimulator/PackageFrameworks -F/Users/ericwatke/Library/Developer/Xcode/DerivedData/PeerTubeSwift-dpcwhlbrkmudrpgkkujqsfdqnghl/Build/Products/Debug-iphonesimulator/PackageFrameworks -F/Users/ericwatke/Library/Developer/Xcode/DerivedData/PeerTubeSwift-dpcwhlbrkmudrpgkkujqsfdqnghl/Build/Products/Debug-iphonesimulator/PackageFrameworks -F/Users/ericwatke/Library/Developer/Xcode/DerivedData/PeerTubeSwift-dpcwhlbrkmudrpgkkujqsfdqnghl/Build/Products/Debug-iphonesimulator/PackageFrameworks -F/Users/ericwatke/Library/Developer/Xcode/DerivedData/PeerTubeSwift-dpcwhlbrkmudrpgkkujqsfdqnghl/Build/Products/Debug-iphonesimulator/PackageFrameworks -F/Users/ericwatke/Library/Developer/Xcode/DerivedData/PeerTubeSwift-dpcwhlbrkmudrpgkkujqsfdqnghl/Build/Products/Debug-iphonesimulator/PackageFrameworks -F/Users/ericwatke/Library/Developer/Xcode/DerivedData/PeerTubeSwift-dpcwhlbrkmudrpgkkujqsfdqnghl/Build/Products/Debug-iphonesimulator/PackageFrameworks -F/Users/ericwatke/Library/Developer/Xcode/DerivedData/PeerTubeSwift-dpcwhlbrkmudrpgkkujqsfdqnghl/Build/Products/Debug-iphonesimulator/PackageFrameworks -F/Users/ericwatke/Library/Developer/Xcode/DerivedData/PeerTubeSwift-dpcwhlbrkmudrpgkkujqsfdqnghl/Build/Products/Debug-iphonesimulator/PackageFrameworks -F/Users/ericwatke/Library/Developer/Xcode/DerivedData/PeerTubeSwift-dpcwhlbrkmudrpgkkujqsfdqnghl/Build/Products/Debug-iphonesimulator/PackageFrameworks -F/Users/ericwatke/Library/Developer/Xcode/DerivedData/PeerTubeSwift-dpcwhlbrkmudrpgkkujqsfdqnghl/Build/Products/Debug-iphonesimulator/PackageFrameworks -F/Users/ericwatke/Library/Developer/Xcode/DerivedData/PeerTubeSwift-dpcwhlbrkmudrpgkkujqsfdqnghl/Build/Products/Debug-iphonesimulator/PackageFrameworks -F/Users/ericwatke/Library/Developer/Xcode/DerivedData/PeerTubeSwift-dpcwhlbrkmudrpgkkujqsfdqnghl/Build/Products/Debug-iphonesimulator/PackageFrameworks -F/Users/ericwatke/Library/Developer/Xcode/DerivedData/PeerTubeSwift-dpcwhlbrkmudrpgkkujqsfdqnghl/Build/Products/Debug-iphonesimulator/PackageFrameworks -F/Users/ericwatke/Library/Developer/Xcode/DerivedData/PeerTubeSwift-dpcwhlbrkmudrpgkkujqsfdqnghl/Build/Products/Debug-iphonesimulator/PackageFrameworks -F/Users/ericwatke/Library/Developer/Xcode/DerivedData/PeerTubeSwift-dpcwhlbrkmudrpgkkujqsfdqnghl/Build/Products/Debug-iphonesimulator/PackageFrameworks -F/Users/ericwatke/Library/Developer/Xcode/DerivedData/PeerTubeSwift-dpcwhlbrkmudrpgkkujqsfdqnghl/Build/Products/Debug-iphonesimulator/PackageFrameworks -F/Users/ericwatke/Library/Developer/Xcode/DerivedData/PeerTubeSwift-dpcwhlbrkmudrpgkkujqsfdqnghl/Build/Products/Debug-iphonesimulator/PackageFrameworks -F/Users/ericwatke/Library/Developer/Xcode/DerivedData/PeerTubeSwift-dpcwhlbrkmudrpgkkujqsfdqnghl/Build/Products/Debug-iphonesimulator/PackageFrameworks -F/Users/ericwatke/Library/Developer/Xcode/DerivedData/PeerTubeSwift-dpcwhlbrkmudrpgkkujqsfdqnghl/Build/Products/Debug-iphonesimulator/PackageFrameworks -F/Users/ericwatke/Library/Developer/Xcode/DerivedData/PeerTubeSwift-dpcwhlbrkmudrpgkkujqsfdqnghl/Build/Products/Debug-iphonesimulator/PackageFrameworks -F/Users/ericwatke/Library/Developer/Xcode/DerivedData/PeerTubeSwift-dpcwhlbrkmudrpgkkujqsfdqnghl/Build/Products/Debug-iphonesimulator/PackageFrameworks -F/Users/ericwatke/Library/Developer/Xcode/DerivedData/PeerTubeSwift-dpcwhlbrkmudrpgkkujqsfdqnghl/Build/Products/Debug-iphonesimulator/PackageFrameworks -F/Users/ericwatke/Library/Developer/Xcode/DerivedData/PeerTubeSwift-dpcwhlbrkmudrpgkkujqsfdqnghl/Build/Products/Debug-iphonesimulator/PackageFrameworks -F/Users/ericwatke/Library/Developer/Xcode/DerivedData/PeerTubeSwift-dpcwhlbrkmudrpgkkujqsfdqnghl/Build/Products/Debug-iphonesimulator/PackageFrameworks -F/Users/ericwatke/Library/Developer/Xcode/DerivedData/PeerTubeSwift-dpcwhlbrkmudrpgkkujqsfdqnghl/Build/Products/Debug-iphonesimulator/PackageFrameworks -F/Users/ericwatke/Library/Developer/Xcode/DerivedData/PeerTubeSwift-dpcwhlbrkmudrpgkkujqsfdqnghl/Build/Products/Debug-iphonesimulator/PackageFrameworks -F/Users/ericwatke/Library/Developer/Xcode/DerivedData/PeerTubeSwift-dpcwhlbrkmudrpgkkujqsfdqnghl/Build/Products/Debug-iphonesimulator -iframework /Applications/Xcode-26.2.0.app/Contents/Developer/Platforms/iPhoneSimulator.platform/Developer/Library/Frameworks -iframework /Applications/Xcode-26.2.0.app/Contents/Developer/Platforms/iPhoneSimulator.platform/Developer/SDKs/iPhoneSimulator26.2.sdk/Developer/Library/Frameworks -filelist /Users/ericwatke/Library/Developer/Xcode/DerivedData/PeerTubeSwift-dpcwhlbrkmudrpgkkujqsfdqnghl/Build/Intermediates.noindex/PeerTubeSwift.build/Debug-iphonesimulator/PeerTubeSwiftTests.build/Objects-normal/arm64/PeerTubeSwiftTests.LinkFileList -Xlinker -rpath -Xlinker /Users/ericwatke/Library/Developer/Xcode/DerivedData/PeerTubeSwift-dpcwhlbrkmudrpgkkujqsfdqnghl/Build/Products/Debug-iphonesimulator/PackageFrameworks -Xlinker -rpath -Xlinker @loader_path/Frameworks -Xlinker -rpath -Xlinker @executable_path/Frameworks -dead_strip -bundle_loader /Users/ericwatke/Library/Developer/Xcode/DerivedData/PeerTubeSwift-dpcwhlbrkmudrpgkkujqsfdqnghl/Build/Products/Debug-iphonesimulator/PeerTubeSwift.app/PeerTubeSwift -Xlinker -object_path_lto -Xlinker /Users/ericwatke/Library/Developer/Xcode/DerivedData/PeerTubeSwift-dpcwhlbrkmudrpgkkujqsfdqnghl/Build/Intermediates.noindex/PeerTubeSwift.build/Debug-iphonesimulator/PeerTubeSwiftTests.build/Objects-normal/arm64/PeerTubeSwiftTests_lto.o -rdynamic -Xlinker -no_deduplicate -Xlinker -objc_abi_version -Xlinker 2 -Xlinker -debug_variant -Xlinker -dependency_info -Xlinker /Users/ericwatke/Library/Developer/Xcode/DerivedData/PeerTubeSwift-dpcwhlbrkmudrpgkkujqsfdqnghl/Build/Intermediates.noindex/PeerTubeSwift.build/Debug-iphonesimulator/PeerTubeSwiftTests.build/Objects-normal/arm64/PeerTubeSwiftTests_dependency_info.dat -fobjc-link-runtime -fprofile-instr-generate -L/Applications/Xcode-26.2.0.app/Contents/Developer/Toolchains/XcodeDefault.xctoolchain/usr/lib/swift/iphonesimulator -L/usr/lib/swift -Xlinker -add_ast_path -Xlinker /Users/ericwatke/Library/Developer/Xcode/DerivedData/PeerTubeSwift-dpcwhlbrkmudrpgkkujqsfdqnghl/Build/Intermediates.noindex/PeerTubeSwift.build/Debug-iphonesimulator/PeerTubeSwiftTests.build/Objects-normal/arm64/PeerTubeSwiftTests.swiftmodule @/Users/ericwatke/Library/Developer/Xcode/DerivedData/PeerTubeSwift-dpcwhlbrkmudrpgkkujqsfdqnghl/Build/Intermediates.noindex/PeerTubeSwift.build/Debug-iphonesimulator/PeerTubeSwiftTests.build/Objects-normal/arm64/PeerTubeSwiftTests-linker-args.resp -Wl,-no_warn_duplicate_libraries -Wl,-no_warn_duplicate_libraries -Wl,-no_warn_duplicate_libraries -Wl,-no_warn_duplicate_libraries -Wl,-no_warn_duplicate_libraries -Wl,-no_warn_duplicate_libraries -Wl,-no_warn_duplicate_libraries -Wl,-no_warn_duplicate_libraries -Wl,-no_warn_duplicate_libraries -Wl,-no_warn_duplicate_libraries -Wl,-no_warn_duplicate_libraries -Wl,-no_warn_duplicate_libraries -Wl,-no_warn_duplicate_libraries -Wl,-no_warn_duplicate_libraries -Wl,-no_warn_duplicate_libraries -Wl,-no_warn_duplicate_libraries -Wl,-no_warn_duplicate_libraries -Wl,-no_warn_duplicate_libraries -Wl,-no_warn_duplicate_libraries -Wl,-no_warn_duplicate_libraries -Wl,-no_warn_duplicate_libraries -Wl,-no_warn_duplicate_libraries -Wl,-no_warn_duplicate_libraries -Wl,-no_warn_duplicate_libraries -Wl,-no_warn_duplicate_libraries -Wl,-no_warn_duplicate_libraries -Wl,-no_warn_duplicate_libraries -Wl,-no_warn_duplicate_libraries -Wl,-no_warn_duplicate_libraries -Wl,-no_warn_duplicate_libraries -Wl,-no_warn_duplicate_libraries -Wl,-no_warn_duplicate_libraries -Wl,-no_warn_duplicate_libraries -Wl,-no_warn_duplicate_libraries -Wl,-no_warn_duplicate_libraries -Wl,-no_warn_duplicate_libraries -Wl,-no_warn_duplicate_libraries -Wl,-no_warn_duplicate_libraries -Wl,-no_warn_duplicate_libraries -Wl,-no_warn_duplicate_libraries -Wl,-no_warn_duplicate_libraries -Wl,-no_warn_duplicate_libraries -Wl,-no_warn_duplicate_libraries -Wl,-no_warn_duplicate_libraries -Wl,-no_warn_duplicate_libraries -Wl,-no_warn_duplicate_libraries -Wl,-no_warn_duplicate_libraries -Wl,-no_warn_duplicate_libraries -Wl,-no_warn_duplicate_libraries -Wl,-no_warn_duplicate_libraries -Wl,-no_warn_duplicate_libraries -Wl,-no_warn_duplicate_libraries -Wl,-no_warn_duplicate_libraries -Wl,-no_warn_duplicate_libraries -Wl,-no_warn_duplicate_libraries -Wl,-no_warn_duplicate_libraries -Wl,-no_warn_duplicate_libraries -Wl,-no_warn_duplicate_libraries -Wl,-no_warn_duplicate_libraries -Wl,-no_warn_duplicate_libraries -Wl,-no_warn_duplicate_libraries -Wl,-no_warn_duplicate_libraries -Wl,-no_warn_duplicate_libraries -Wl,-no_warn_duplicate_libraries -Wl,-no_warn_duplicate_libraries -Wl,-no_warn_duplicate_libraries -Wl,-no_warn_duplicate_libraries -Wl,-no_warn_duplicate_libraries -Wl,-no_warn_duplicate_libraries -Wl,-no_warn_duplicate_libraries -Wl,-no_warn_duplicate_libraries -Wl,-no_warn_duplicate_libraries -Wl,-no_warn_duplicate_libraries -Wl,-no_warn_duplicate_libraries -Xlinker -needed_framework -Xlinker XCTest -framework XCTest -Xlinker -needed-lXCTestSwiftSupport -lXCTestSwiftSupport /Users/ericwatke/Library/Developer/Xcode/DerivedData/PeerTubeSwift-dpcwhlbrkmudrpgkkujqsfdqnghl/Build/Products/Debug-iphonesimulator/PackageFrameworks/ConcurrencyExtras_-2B4B167800F2E3ED_PackageProduct.framework/ConcurrencyExtras_-2B4B167800F2E3ED_PackageProduct /Users/ericwatke/Library/Developer/Xcode/DerivedData/PeerTubeSwift-dpcwhlbrkmudrpgkkujqsfdqnghl/Build/Products/Debug-iphonesimulator/PackageFrameworks/Dependencies_40816CBEDFB225D3_PackageProduct.framework/Dependencies_40816CBEDFB225D3_PackageProduct /Users/ericwatke/Library/Developer/Xcode/DerivedData/PeerTubeSwift-dpcwhlbrkmudrpgkkujqsfdqnghl/Build/Products/Debug-iphonesimulator/PackageFrameworks/GRDB_5DC4DB053_PackageProduct.framework/GRDB_5DC4DB053_PackageProduct /Users/ericwatke/Library/Developer/Xcode/DerivedData/PeerTubeSwift-dpcwhlbrkmudrpgkkujqsfdqnghl/Build/Products/Debug-iphonesimulator/PackageFrameworks/IssueReporting.framework/IssueReporting /Users/ericwatke/Library/Developer/Xcode/DerivedData/PeerTubeSwift-dpcwhlbrkmudrpgkkujqsfdqnghl/Build/Products/Debug-iphonesimulator/PackageFrameworks/IssueReportingPackageSupport.framework/IssueReportingPackageSupport /Users/ericwatke/Library/Developer/Xcode/DerivedData/PeerTubeSwift-dpcwhlbrkmudrpgkkujqsfdqnghl/Build/Products/Debug-iphonesimulator/PackageFrameworks/OrderedCollections_1222128174265B56_PackageProduct.framework/OrderedCollections_1222128174265B56_PackageProduct /Users/ericwatke/Library/Developer/Xcode/DerivedData/PeerTubeSwift-dpcwhlbrkmudrpgkkujqsfdqnghl/Build/Products/Debug-iphonesimulator/PackageFrameworks/Perception_-52E92A8ED7C94DDD_PackageProduct.framework/Perception_-52E92A8ED7C94DDD_PackageProduct /Users/ericwatke/Library/Developer/Xcode/DerivedData/PeerTubeSwift-dpcwhlbrkmudrpgkkujqsfdqnghl/Build/Products/Debug-iphonesimulator/PackageFrameworks/Sharing_39620103CB313153_PackageProduct.framework/Sharing_39620103CB313153_PackageProduct /Users/ericwatke/Library/Developer/Xcode/DerivedData/PeerTubeSwift-dpcwhlbrkmudrpgkkujqsfdqnghl/Build/Products/Debug-iphonesimulator/PackageFrameworks/StructuredQueriesSQLite_-662414AA5E85D5A4_PackageProduct.framework/StructuredQueriesSQLite_-662414AA5E85D5A4_PackageProduct /Users/ericwatke/Library/Developer/Xcode/DerivedData/PeerTubeSwift-dpcwhlbrkmudrpgkkujqsfdqnghl/Build/Products/Debug-iphonesimulator/PackageFrameworks/SQLiteData.framework/SQLiteData /Users/ericwatke/Library/Developer/Xcode/DerivedData/PeerTubeSwift-dpcwhlbrkmudrpgkkujqsfdqnghl/Build/Products/Debug-iphonesimulator/PackageFrameworks/CustomDump_169F2B173C94B61B_PackageProduct.framework/CustomDump_169F2B173C94B61B_PackageProduct /Users/ericwatke/Library/Developer/Xcode/DerivedData/PeerTubeSwift-dpcwhlbrkmudrpgkkujqsfdqnghl/Build/Products/Debug-iphonesimulator/PackageFrameworks/CustomDump_169F2B173C94B61B_PackageProduct.framework/CustomDump_169F2B173C94B61B_PackageProduct /Users/ericwatke/Library/Developer/Xcode/DerivedData/PeerTubeSwift-dpcwhlbrkmudrpgkkujqsfdqnghl/Build/Products/Debug-iphonesimulator/PackageFrameworks/CustomDump_169F2B173C94B61B_PackageProduct.framework/CustomDump_169F2B173C94B61B_PackageProduct /Users/ericwatke/Library/Developer/Xcode/DerivedData/PeerTubeSwift-dpcwhlbrkmudrpgkkujqsfdqnghl/Build/Products/Debug-iphonesimulator/PeerTubeSwift.app/PeerTubeSwift.debug.dylib -Xlinker -no_adhoc_codesign -o /Users/ericwatke/Library/Developer/Xcode/DerivedData/PeerTubeSwift-dpcwhlbrkmudrpgkkujqsfdqnghl/Build/Products/Debug-iphonesimulator/PeerTubeSwift.app/PlugIns/PeerTubeSwiftTests.xctest/PeerTubeSwiftTests -Xlinker -add_ast_path -Xlinker /Users/ericwatke/Library/Developer/Xcode/DerivedData/PeerTubeSwift-dpcwhlbrkmudrpgkkujqsfdqnghl/Build/Intermediates.noindex/sqlite-data.build/Debug-iphonesimulator/SQLiteDataTestSupport.build/Objects-normal/arm64/SQLiteDataTestSupport.swiftmodule @/Users/ericwatke/Library/Developer/Xcode/DerivedData/PeerTubeSwift-dpcwhlbrkmudrpgkkujqsfdqnghl/Build/Intermediates.noindex/sqlite-data.build/Debug-iphonesimulator/SQLiteDataTestSupport.build/Objects-normal/arm64/SQLiteDataTestSupport-linker-args.resp -Xlinker -add_ast_path -Xlinker /Users/ericwatke/Library/Developer/Xcode/DerivedData/PeerTubeSwift-dpcwhlbrkmudrpgkkujqsfdqnghl/Build/Intermediates.noindex/swift-snapshot-testing.build/Debug-iphonesimulator/InlineSnapshotTesting.build/Objects-normal/arm64/InlineSnapshotTesting.swiftmodule @/Users/ericwatke/Library/Developer/Xcode/DerivedData/PeerTubeSwift-dpcwhlbrkmudrpgkkujqsfdqnghl/Build/Intermediates.noindex/swift-snapshot-testing.build/Debug-iphonesimulator/InlineSnapshotTesting.build/Objects-normal/arm64/InlineSnapshotTesting-linker-args.resp -Xlinker -add_ast_path -Xlinker /Users/ericwatke/Library/Developer/Xcode/DerivedData/PeerTubeSwift-dpcwhlbrkmudrpgkkujqsfdqnghl/Build/Intermediates.noindex/swift-snapshot-testing.build/Debug-iphonesimulator/SnapshotTesting.build/Objects-normal/arm64/SnapshotTesting.swiftmodule @/Users/ericwatke/Library/Developer/Xcode/DerivedData/PeerTubeSwift-dpcwhlbrkmudrpgkkujqsfdqnghl/Build/Intermediates.noindex/swift-snapshot-testing.build/Debug-iphonesimulator/SnapshotTesting.build/Objects-normal/arm64/SnapshotTesting-linker-args.resp -Xlinker -add_ast_path -Xlinker /Users/ericwatke/Library/Developer/Xcode/DerivedData/PeerTubeSwift-dpcwhlbrkmudrpgkkujqsfdqnghl/Build/Intermediates.noindex/swift-snapshot-testing.build/Debug-iphonesimulator/SnapshotTestingCustomDump.build/Objects-normal/arm64/SnapshotTestingCustomDump.swiftmodule @/Users/ericwatke/Library/Developer/Xcode/DerivedData/PeerTubeSwift-dpcwhlbrkmudrpgkkujqsfdqnghl/Build/Intermediates.noindex/swift-snapshot-testing.build/Debug-iphonesimulator/SnapshotTestingCustomDump.build/Objects-normal/arm64/SnapshotTestingCustomDump-linker-args.resp -Xlinker -add_ast_path -Xlinker /Users/ericwatke/Library/Developer/Xcode/DerivedData/PeerTubeSwift-dpcwhlbrkmudrpgkkujqsfdqnghl/Build/Intermediates.noindex/swift-syntax.build/Debug-iphonesimulator/SwiftParser.build/Objects-normal/arm64/SwiftParser.swiftmodule @/Users/ericwatke/Library/Developer/Xcode/DerivedData/PeerTubeSwift-dpcwhlbrkmudrpgkkujqsfdqnghl/Build/Intermediates.noindex/swift-syntax.build/Debug-iphonesimulator/SwiftParser.build/Objects-normal/arm64/SwiftParser-linker-args.resp -Xlinker -add_ast_path -Xlinker /Users/ericwatke/Library/Developer/Xcode/DerivedData/PeerTubeSwift-dpcwhlbrkmudrpgkkujqsfdqnghl/Build/Intermediates.noindex/swift-syntax.build/Debug-iphonesimulator/SwiftSyntax509.build/Objects-normal/arm64/SwiftSyntax509.swiftmodule @/Users/ericwatke/Library/Developer/Xcode/DerivedData/PeerTubeSwift-dpcwhlbrkmudrpgkkujqsfdqnghl/Build/Intermediates.noindex/swift-syntax.build/Debug-iphonesimulator/SwiftSyntax509.build/Objects-normal/arm64/SwiftSyntax509-linker-args.resp -Xlinker -add_ast_path -Xlinker /Users/ericwatke/Library/Developer/Xcode/DerivedData/PeerTubeSwift-dpcwhlbrkmudrpgkkujqsfdqnghl/Build/Intermediates.noindex/swift-syntax.build/Debug-iphonesimulator/SwiftSyntax510.build/Objects-normal/arm64/SwiftSyntax510.swiftmodule @/Users/ericwatke/Library/Developer/Xcode/DerivedData/PeerTubeSwift-dpcwhlbrkmudrpgkkujqsfdqnghl/Build/Intermediates.noindex/swift-syntax.build/Debug-iphonesimulator/SwiftSyntax510.build/Objects-normal/arm64/SwiftSyntax510-linker-args.resp -Xlinker -add_ast_path -Xlinker /Users/ericwatke/Library/Developer/Xcode/DerivedData/PeerTubeSwift-dpcwhlbrkmudrpgkkujqsfdqnghl/Build/Intermediates.noindex/swift-syntax.build/Debug-iphonesimulator/SwiftSyntax600.build/Objects-normal/arm64/SwiftSyntax600.swiftmodule @/Users/ericwatke/Library/Developer/Xcode/DerivedData/PeerTubeSwift-dpcwhlbrkmudrpgkkujqsfdqnghl/Build/Intermediates.noindex/swift-syntax.build/Debug-iphonesimulator/SwiftSyntax600.build/Objects-normal/arm64/SwiftSyntax600-linker-args.resp -Xlinker -add_ast_path -Xlinker /Users/ericwatke/Library/Developer/Xcode/DerivedData/PeerTubeSwift-dpcwhlbrkmudrpgkkujqsfdqnghl/Build/Intermediates.noindex/swift-syntax.build/Debug-iphonesimulator/SwiftSyntax601.build/Objects-normal/arm64/SwiftSyntax601.swiftmodule @/Users/ericwatke/Library/Developer/Xcode/DerivedData/PeerTubeSwift-dpcwhlbrkmudrpgkkujqsfdqnghl/Build/Intermediates.noindex/swift-syntax.build/Debug-iphonesimulator/SwiftSyntax601.build/Objects-normal/arm64/SwiftSyntax601-linker-args.resp -Xlinker -add_ast_path -Xlinker /Users/ericwatke/Library/Developer/Xcode/DerivedData/PeerTubeSwift-dpcwhlbrkmudrpgkkujqsfdqnghl/Build/Intermediates.noindex/swift-syntax.build/Debug-iphonesimulator/SwiftSyntax602.build/Objects-normal/arm64/SwiftSyntax602.swiftmodule @/Users/ericwatke/Library/Developer/Xcode/DerivedData/PeerTubeSwift-dpcwhlbrkmudrpgkkujqsfdqnghl/Build/Intermediates.noindex/swift-syntax.build/Debug-iphonesimulator/SwiftSyntax602.build/Objects-normal/arm64/SwiftSyntax602-linker-args.resp -Xlinker -add_ast_path -Xlinker /Users/ericwatke/Library/Developer/Xcode/DerivedData/PeerTubeSwift-dpcwhlbrkmudrpgkkujqsfdqnghl/Build/Intermediates.noindex/swift-syntax.build/Debug-iphonesimulator/SwiftSyntax.build/Objects-normal/arm64/SwiftSyntax.swiftmodule @/Users/ericwatke/Library/Developer/Xcode/DerivedData/PeerTubeSwift-dpcwhlbrkmudrpgkkujqsfdqnghl/Build/Intermediates.noindex/swift-syntax.build/Debug-iphonesimulator/SwiftSyntax.build/Objects-normal/arm64/SwiftSyntax-linker-args.resp -Xlinker -add_ast_path -Xlinker /Users/ericwatke/Library/Developer/Xcode/DerivedData/PeerTubeSwift-dpcwhlbrkmudrpgkkujqsfdqnghl/Build/Intermediates.noindex/swift-syntax.build/Debug-iphonesimulator/SwiftSyntaxBuilder.build/Objects-normal/arm64/SwiftSyntaxBuilder.swiftmodule @/Users/ericwatke/Library/Developer/Xcode/DerivedData/PeerTubeSwift-dpcwhlbrkmudrpgkkujqsfdqnghl/Build/Intermediates.noindex/swift-syntax.build/Debug-iphonesimulator/SwiftSyntaxBuilder.build/Objects-normal/arm64/SwiftSyntaxBuilder-linker-args.resp -Xlinker -add_ast_path -Xlinker /Users/ericwatke/Library/Developer/Xcode/DerivedData/PeerTubeSwift-dpcwhlbrkmudrpgkkujqsfdqnghl/Build/Intermediates.noindex/swift-syntax.build/Debug-iphonesimulator/SwiftBasicFormat.build/Objects-normal/arm64/SwiftBasicFormat.swiftmodule @/Users/ericwatke/Library/Developer/Xcode/DerivedData/PeerTubeSwift-dpcwhlbrkmudrpgkkujqsfdqnghl/Build/Intermediates.noindex/swift-syntax.build/Debug-iphonesimulator/SwiftBasicFormat.build/Objects-normal/arm64/SwiftBasicFormat-linker-args.resp -Xlinker -add_ast_path -Xlinker /Users/ericwatke/Library/Developer/Xcode/DerivedData/PeerTubeSwift-dpcwhlbrkmudrpgkkujqsfdqnghl/Build/Intermediates.noindex/swift-syntax.build/Debug-iphonesimulator/SwiftDiagnostics.build/Objects-normal/arm64/SwiftDiagnostics.swiftmodule @/Users/ericwatke/Library/Developer/Xcode/DerivedData/PeerTubeSwift-dpcwhlbrkmudrpgkkujqsfdqnghl/Build/Intermediates.noindex/swift-syntax.build/Debug-iphonesimulator/SwiftDiagnostics.build/Objects-normal/arm64/SwiftDiagnostics-linker-args.resp -Xlinker -add_ast_path -Xlinker /Users/ericwatke/Library/Developer/Xcode/DerivedData/PeerTubeSwift-dpcwhlbrkmudrpgkkujqsfdqnghl/Build/Intermediates.noindex/swift-syntax.build/Debug-iphonesimulator/SwiftParserDiagnostics.build/Objects-normal/arm64/SwiftParserDiagnostics.swiftmodule @/Users/ericwatke/Library/Developer/Xcode/DerivedData/PeerTubeSwift-dpcwhlbrkmudrpgkkujqsfdqnghl/Build/Intermediates.noindex/swift-syntax.build/Debug-iphonesimulator/SwiftParserDiagnostics.build/Objects-normal/arm64/SwiftParserDiagnostics-linker-args.resp -Xlinker -add_ast_path -Xlinker /Users/ericwatke/Library/Developer/Xcode/DerivedData/PeerTubeSwift-dpcwhlbrkmudrpgkkujqsfdqnghl/Build/Intermediates.noindex/swift-structured-queries.build/Debug-iphonesimulator/StructuredQueriesTestSupport.build/Objects-normal/arm64/StructuredQueriesTestSupport.swiftmodule @/Users/ericwatke/Library/Developer/Xcode/DerivedData/PeerTubeSwift-dpcwhlbrkmudrpgkkujqsfdqnghl/Build/Intermediates.noindex/swift-structured-queries.build/Debug-iphonesimulator/StructuredQueriesTestSupport.build/Objects-normal/arm64/StructuredQueriesTestSupport-linker-args.resp -Xlinker -add_ast_path -Xlinker /Users/ericwatke/Library/Developer/Xcode/DerivedData/PeerTubeSwift-dpcwhlbrkmudrpgkkujqsfdqnghl/Build/Intermediates.noindex/swift-structured-queries.build/Debug-iphonesimulator/StructuredQueriesCore.build/Objects-normal/arm64/StructuredQueriesCore.swiftmodule @/Users/ericwatke/Library/Developer/Xcode/DerivedData/PeerTubeSwift-dpcwhlbrkmudrpgkkujqsfdqnghl/Build/Intermediates.noindex/swift-structured-queries.build/Debug-iphonesimulator/StructuredQueriesCore.build/Objects-normal/arm64/StructuredQueriesCore-linker-args.resp

ExtractAppIntentsMetadata (in target 'PeerTubeSwiftTests' from project 'PeerTubeSwift')
    cd /Users/ericwatke/Documents/GitHub/peertube-swift/App/PeerTubeSwift
    /Applications/Xcode-26.2.0.app/Contents/Developer/Toolchains/XcodeDefault.xctoolchain/usr/bin/appintentsmetadataprocessor --toolchain-dir /Applications/Xcode-26.2.0.app/Contents/Developer/Toolchains/XcodeDefault.xctoolchain --module-name PeerTubeSwiftTests --sdk-root /Applications/Xcode-26.2.0.app/Contents/Developer/Platforms/iPhoneSimulator.platform/Developer/SDKs/iPhoneSimulator26.2.sdk --xcode-version 17C52 --platform-family iOS --deployment-target 26.2 --bundle-identifier design.woven.PeerTubeSwiftTests --output /Users/ericwatke/Library/Developer/Xcode/DerivedData/PeerTubeSwift-dpcwhlbrkmudrpgkkujqsfdqnghl/Build/Products/Debug-iphonesimulator/PeerTubeSwift.app/PlugIns/PeerTubeSwiftTests.xctest --target-triple arm64-apple-ios26.2-simulator --binary-file /Users/ericwatke/Library/Developer/Xcode/DerivedData/PeerTubeSwift-dpcwhlbrkmudrpgkkujqsfdqnghl/Build/Products/Debug-iphonesimulator/PeerTubeSwift.app/PlugIns/PeerTubeSwiftTests.xctest/PeerTubeSwiftTests --dependency-file /Users/ericwatke/Library/Developer/Xcode/DerivedData/PeerTubeSwift-dpcwhlbrkmudrpgkkujqsfdqnghl/Build/Intermediates.noindex/PeerTubeSwift.build/Debug-iphonesimulator/PeerTubeSwiftTests.build/Objects-normal/arm64/PeerTubeSwiftTests_dependency_info.dat --stringsdata-file /Users/ericwatke/Library/Developer/Xcode/DerivedData/PeerTubeSwift-dpcwhlbrkmudrpgkkujqsfdqnghl/Build/Intermediates.noindex/PeerTubeSwift.build/Debug-iphonesimulator/PeerTubeSwiftTests.build/Objects-normal/arm64/ExtractedAppShortcutsMetadata.stringsdata --source-file-list /Users/ericwatke/Library/Developer/Xcode/DerivedData/PeerTubeSwift-dpcwhlbrkmudrpgkkujqsfdqnghl/Build/Intermediates.noindex/PeerTubeSwift.build/Debug-iphonesimulator/PeerTubeSwiftTests.build/Objects-normal/arm64/PeerTubeSwiftTests.SwiftFileList --metadata-file-list /Users/ericwatke/Library/Developer/Xcode/DerivedData/PeerTubeSwift-dpcwhlbrkmudrpgkkujqsfdqnghl/Build/Intermediates.noindex/PeerTubeSwift.build/Debug-iphonesimulator/PeerTubeSwiftTests.build/PeerTubeSwiftTests.DependencyMetadataFileList --static-metadata-file-list /Users/ericwatke/Library/Developer/Xcode/DerivedData/PeerTubeSwift-dpcwhlbrkmudrpgkkujqsfdqnghl/Build/Intermediates.noindex/PeerTubeSwift.build/Debug-iphonesimulator/PeerTubeSwiftTests.build/PeerTubeSwiftTests.DependencyStaticMetadataFileList --swift-const-vals-list /Users/ericwatke/Library/Developer/Xcode/DerivedData/PeerTubeSwift-dpcwhlbrkmudrpgkkujqsfdqnghl/Build/Intermediates.noindex/PeerTubeSwift.build/Debug-iphonesimulator/PeerTubeSwiftTests.build/Objects-normal/arm64/PeerTubeSwiftTests.SwiftConstValuesFileList --compile-time-extraction --deployment-aware-processing --validate-assistant-intents --no-app-shortcuts-localization
2026-03-25 20:09:32.982 appintentsmetadataprocessor[26823:1338796] Starting appintentsmetadataprocessor export
2026-03-25 20:09:32.985 appintentsmetadataprocessor[26823:1338796] warning: Metadata extraction skipped. No AppIntents.framework dependency found.

CopySwiftLibs /Users/ericwatke/Library/Developer/Xcode/DerivedData/PeerTubeSwift-dpcwhlbrkmudrpgkkujqsfdqnghl/Build/Products/Debug-iphonesimulator/PeerTubeSwift.app/PlugIns/PeerTubeSwiftTests.xctest (in target 'PeerTubeSwiftTests' from project 'PeerTubeSwift')
    cd /Users/ericwatke/Documents/GitHub/peertube-swift/App/PeerTubeSwift
    builtin-swiftStdLibTool --copy --verbose --sign - --scan-executable /Users/ericwatke/Library/Developer/Xcode/DerivedData/PeerTubeSwift-dpcwhlbrkmudrpgkkujqsfdqnghl/Build/Products/Debug-iphonesimulator/PeerTubeSwift.app/PlugIns/PeerTubeSwiftTests.xctest/PeerTubeSwiftTests --scan-folder /Users/ericwatke/Library/Developer/Xcode/DerivedData/PeerTubeSwift-dpcwhlbrkmudrpgkkujqsfdqnghl/Build/Products/Debug-iphonesimulator/PeerTubeSwift.app/PlugIns/PeerTubeSwiftTests.xctest/Frameworks --scan-folder /Users/ericwatke/Library/Developer/Xcode/DerivedData/PeerTubeSwift-dpcwhlbrkmudrpgkkujqsfdqnghl/Build/Products/Debug-iphonesimulator/PeerTubeSwift.app/PlugIns/PeerTubeSwiftTests.xctest/PlugIns --scan-folder /Users/ericwatke/Library/Developer/Xcode/DerivedData/PeerTubeSwift-dpcwhlbrkmudrpgkkujqsfdqnghl/Build/Products/Debug-iphonesimulator/PeerTubeSwift.app/PlugIns/PeerTubeSwiftTests.xctest/SystemExtensions --scan-folder /Users/ericwatke/Library/Developer/Xcode/DerivedData/PeerTubeSwift-dpcwhlbrkmudrpgkkujqsfdqnghl/Build/Products/Debug-iphonesimulator/PeerTubeSwift.app/PlugIns/PeerTubeSwiftTests.xctest/Extensions --platform iphonesimulator --toolchain /Applications/Xcode-26.2.0.app/Contents/Developer/Toolchains/XcodeDefault.xctoolchain --destination /Users/ericwatke/Library/Developer/Xcode/DerivedData/PeerTubeSwift-dpcwhlbrkmudrpgkkujqsfdqnghl/Build/Products/Debug-iphonesimulator/PeerTubeSwift.app/PlugIns/PeerTubeSwiftTests.xctest/Frameworks --strip-bitcode --scan-executable /Applications/Xcode-26.2.0.app/Contents/Developer/Platforms/iPhoneSimulator.platform/Developer/usr/lib/libXCTestSwiftSupport.dylib --strip-bitcode-tool /Applications/Xcode-26.2.0.app/Contents/Developer/Toolchains/XcodeDefault.xctoolchain/usr/bin/bitcode_strip --emit-dependency-info /Users/ericwatke/Library/Developer/Xcode/DerivedData/PeerTubeSwift-dpcwhlbrkmudrpgkkujqsfdqnghl/Build/Intermediates.noindex/PeerTubeSwift.build/Debug-iphonesimulator/PeerTubeSwiftTests.build/SwiftStdLibToolInputDependencies.dep --filter-for-swift-os

AppIntentsSSUTraining (in target 'PeerTubeSwiftTests' from project 'PeerTubeSwift')
    cd /Users/ericwatke/Documents/GitHub/peertube-swift/App/PeerTubeSwift
    /Applications/Xcode-26.2.0.app/Contents/Developer/Toolchains/XcodeDefault.xctoolchain/usr/bin/appintentsnltrainingprocessor --infoplist-path /Users/ericwatke/Library/Developer/Xcode/DerivedData/PeerTubeSwift-dpcwhlbrkmudrpgkkujqsfdqnghl/Build/Products/Debug-iphonesimulator/PeerTubeSwift.app/PlugIns/PeerTubeSwiftTests.xctest/Info.plist --temp-dir-path /Users/ericwatke/Library/Developer/Xcode/DerivedData/PeerTubeSwift-dpcwhlbrkmudrpgkkujqsfdqnghl/Build/Intermediates.noindex/PeerTubeSwift.build/Debug-iphonesimulator/PeerTubeSwiftTests.build/ssu --bundle-id design.woven.PeerTubeSwiftTests --product-path /Users/ericwatke/Library/Developer/Xcode/DerivedData/PeerTubeSwift-dpcwhlbrkmudrpgkkujqsfdqnghl/Build/Products/Debug-iphonesimulator/PeerTubeSwift.app/PlugIns/PeerTubeSwiftTests.xctest --extracted-metadata-path /Users/ericwatke/Library/Developer/Xcode/DerivedData/PeerTubeSwift-dpcwhlbrkmudrpgkkujqsfdqnghl/Build/Products/Debug-iphonesimulator/PeerTubeSwift.app/PlugIns/PeerTubeSwiftTests.xctest/Metadata.appintents --metadata-file-list /Users/ericwatke/Library/Developer/Xcode/DerivedData/PeerTubeSwift-dpcwhlbrkmudrpgkkujqsfdqnghl/Build/Intermediates.noindex/PeerTubeSwift.build/Debug-iphonesimulator/PeerTubeSwiftTests.build/PeerTubeSwiftTests.DependencyMetadataFileList --archive-ssu-assets
2026-03-25 20:09:33.001 appintentsnltrainingprocessor[26824:1338798] Parsing options for appintentsnltrainingprocessor
2026-03-25 20:09:33.003 appintentsnltrainingprocessor[26824:1338798] No AppShortcuts found - Skipping.

CodeSign /Users/ericwatke/Library/Developer/Xcode/DerivedData/PeerTubeSwift-dpcwhlbrkmudrpgkkujqsfdqnghl/Build/Products/Debug-iphonesimulator/PeerTubeSwift.app/PlugIns/PeerTubeSwiftTests.xctest (in target 'PeerTubeSwiftTests' from project 'PeerTubeSwift')
    cd /Users/ericwatke/Documents/GitHub/peertube-swift/App/PeerTubeSwift
    
    Signing Identity:     "Sign to Run Locally"
    
    /usr/bin/codesign --force --sign - --timestamp\=none --generate-entitlement-der /Users/ericwatke/Library/Developer/Xcode/DerivedData/PeerTubeSwift-dpcwhlbrkmudrpgkkujqsfdqnghl/Build/Products/Debug-iphonesimulator/PeerTubeSwift.app/PlugIns/PeerTubeSwiftTests.xctest

RegisterExecutionPolicyException /Users/ericwatke/Library/Developer/Xcode/DerivedData/PeerTubeSwift-dpcwhlbrkmudrpgkkujqsfdqnghl/Build/Products/Debug-iphonesimulator/PeerTubeSwift.app/PlugIns/PeerTubeSwiftTests.xctest (in target 'PeerTubeSwiftTests' from project 'PeerTubeSwift')
    cd /Users/ericwatke/Documents/GitHub/peertube-swift/App/PeerTubeSwift
    builtin-RegisterExecutionPolicyException /Users/ericwatke/Library/Developer/Xcode/DerivedData/PeerTubeSwift-dpcwhlbrkmudrpgkkujqsfdqnghl/Build/Products/Debug-iphonesimulator/PeerTubeSwift.app/PlugIns/PeerTubeSwiftTests.xctest

Touch /Users/ericwatke/Library/Developer/Xcode/DerivedData/PeerTubeSwift-dpcwhlbrkmudrpgkkujqsfdqnghl/Build/Products/Debug-iphonesimulator/PeerTubeSwift.app/PlugIns/PeerTubeSwiftTests.xctest (in target 'PeerTubeSwiftTests' from project 'PeerTubeSwift')
    cd /Users/ericwatke/Documents/GitHub/peertube-swift/App/PeerTubeSwift
    /usr/bin/touch -c /Users/ericwatke/Library/Developer/Xcode/DerivedData/PeerTubeSwift-dpcwhlbrkmudrpgkkujqsfdqnghl/Build/Products/Debug-iphonesimulator/PeerTubeSwift.app/PlugIns/PeerTubeSwiftTests.xctest

CodeSign /Users/ericwatke/Library/Developer/Xcode/DerivedData/PeerTubeSwift-dpcwhlbrkmudrpgkkujqsfdqnghl/Build/Products/Debug-iphonesimulator/PeerTubeSwift.app/PeerTubeSwift.debug.dylib (in target 'PeerTubeSwift' from project 'PeerTubeSwift')
    cd /Users/ericwatke/Documents/GitHub/peertube-swift/App/PeerTubeSwift
    
    Signing Identity:     "Sign to Run Locally"
    
    /usr/bin/codesign --force --sign - --timestamp\=none --generate-entitlement-der /Users/ericwatke/Library/Developer/Xcode/DerivedData/PeerTubeSwift-dpcwhlbrkmudrpgkkujqsfdqnghl/Build/Products/Debug-iphonesimulator/PeerTubeSwift.app/PeerTubeSwift.debug.dylib

CodeSign /Users/ericwatke/Library/Developer/Xcode/DerivedData/PeerTubeSwift-dpcwhlbrkmudrpgkkujqsfdqnghl/Build/Products/Debug-iphonesimulator/PeerTubeSwift.app/__preview.dylib (in target 'PeerTubeSwift' from project 'PeerTubeSwift')
    cd /Users/ericwatke/Documents/GitHub/peertube-swift/App/PeerTubeSwift
    
    Signing Identity:     "Sign to Run Locally"
    
    /usr/bin/codesign --force --sign - --timestamp\=none --generate-entitlement-der /Users/ericwatke/Library/Developer/Xcode/DerivedData/PeerTubeSwift-dpcwhlbrkmudrpgkkujqsfdqnghl/Build/Products/Debug-iphonesimulator/PeerTubeSwift.app/__preview.dylib
/Users/ericwatke/Library/Developer/Xcode/DerivedData/PeerTubeSwift-dpcwhlbrkmudrpgkkujqsfdqnghl/Build/Products/Debug-iphonesimulator/PeerTubeSwift.app/__preview.dylib: replacing existing signature

CodeSign /Users/ericwatke/Library/Developer/Xcode/DerivedData/PeerTubeSwift-dpcwhlbrkmudrpgkkujqsfdqnghl/Build/Products/Debug-iphonesimulator/PeerTubeSwift.app (in target 'PeerTubeSwift' from project 'PeerTubeSwift')
    cd /Users/ericwatke/Documents/GitHub/peertube-swift/App/PeerTubeSwift
    
    Signing Identity:     "Sign to Run Locally"
    
    /usr/bin/codesign --force --sign - --entitlements /Users/ericwatke/Library/Developer/Xcode/DerivedData/PeerTubeSwift-dpcwhlbrkmudrpgkkujqsfdqnghl/Build/Intermediates.noindex/PeerTubeSwift.build/Debug-iphonesimulator/PeerTubeSwift.build/PeerTubeSwift.app.xcent --timestamp\=none --generate-entitlement-der /Users/ericwatke/Library/Developer/Xcode/DerivedData/PeerTubeSwift-dpcwhlbrkmudrpgkkujqsfdqnghl/Build/Products/Debug-iphonesimulator/PeerTubeSwift.app

Validate /Users/ericwatke/Library/Developer/Xcode/DerivedData/PeerTubeSwift-dpcwhlbrkmudrpgkkujqsfdqnghl/Build/Products/Debug-iphonesimulator/PeerTubeSwift.app (in target 'PeerTubeSwift' from project 'PeerTubeSwift')
    cd /Users/ericwatke/Documents/GitHub/peertube-swift/App/PeerTubeSwift
    builtin-validationUtility /Users/ericwatke/Library/Developer/Xcode/DerivedData/PeerTubeSwift-dpcwhlbrkmudrpgkkujqsfdqnghl/Build/Products/Debug-iphonesimulator/PeerTubeSwift.app -shallow-bundle -infoplist-subpath Info.plist

ProcessInfoPlistFile /Users/ericwatke/Library/Developer/Xcode/DerivedData/PeerTubeSwift-dpcwhlbrkmudrpgkkujqsfdqnghl/Build/Products/Debug-iphonesimulator/PeerTubeSwiftUITests-Runner.app/PlugIns/PeerTubeSwiftUITests.xctest/Info.plist /Users/ericwatke/Library/Developer/Xcode/DerivedData/PeerTubeSwift-dpcwhlbrkmudrpgkkujqsfdqnghl/Build/Intermediates.noindex/PeerTubeSwift.build/Debug-iphonesimulator/PeerTubeSwiftUITests.build/empty-PeerTubeSwiftUITests.plist (in target 'PeerTubeSwiftUITests' from project 'PeerTubeSwift')
    cd /Users/ericwatke/Documents/GitHub/peertube-swift/App/PeerTubeSwift
    builtin-infoPlistUtility /Users/ericwatke/Library/Developer/Xcode/DerivedData/PeerTubeSwift-dpcwhlbrkmudrpgkkujqsfdqnghl/Build/Intermediates.noindex/PeerTubeSwift.build/Debug-iphonesimulator/PeerTubeSwiftUITests.build/empty-PeerTubeSwiftUITests.plist -producttype com.apple.product-type.bundle.ui-testing -expandbuildsettings -format binary -platform iphonesimulator -additionalcontentfile /Users/ericwatke/Library/Developer/Xcode/DerivedData/PeerTubeSwift-dpcwhlbrkmudrpgkkujqsfdqnghl/Build/Intermediates.noindex/PeerTubeSwift.build/Debug-iphonesimulator/PeerTubeSwiftUITests.build/ProductTypeInfoPlistAdditions.plist -o /Users/ericwatke/Library/Developer/Xcode/DerivedData/PeerTubeSwift-dpcwhlbrkmudrpgkkujqsfdqnghl/Build/Products/Debug-iphonesimulator/PeerTubeSwiftUITests-Runner.app/PlugIns/PeerTubeSwiftUITests.xctest/Info.plist

Ld /Users/ericwatke/Library/Developer/Xcode/DerivedData/PeerTubeSwift-dpcwhlbrkmudrpgkkujqsfdqnghl/Build/Products/Debug-iphonesimulator/PeerTubeSwiftUITests-Runner.app/PlugIns/PeerTubeSwiftUITests.xctest/PeerTubeSwiftUITests normal (in target 'PeerTubeSwiftUITests' from project 'PeerTubeSwift')
    cd /Users/ericwatke/Documents/GitHub/peertube-swift/App/PeerTubeSwift
    /Applications/Xcode-26.2.0.app/Contents/Developer/Toolchains/XcodeDefault.xctoolchain/usr/bin/clang -Xlinker -reproducible -target arm64-apple-ios26.2-simulator -bundle -isysroot /Applications/Xcode-26.2.0.app/Contents/Developer/Platforms/iPhoneSimulator.platform/Developer/SDKs/iPhoneSimulator26.2.sdk -O0 -L/Users/ericwatke/Library/Developer/Xcode/DerivedData/PeerTubeSwift-dpcwhlbrkmudrpgkkujqsfdqnghl/Build/Intermediates.noindex/EagerLinkingTBDs/Debug-iphonesimulator -L/Users/ericwatke/Library/Developer/Xcode/DerivedData/PeerTubeSwift-dpcwhlbrkmudrpgkkujqsfdqnghl/Build/Products/Debug-iphonesimulator -L/Applications/Xcode-26.2.0.app/Contents/Developer/Platforms/iPhoneSimulator.platform/Developer/usr/lib -F/Users/ericwatke/Library/Developer/Xcode/DerivedData/PeerTubeSwift-dpcwhlbrkmudrpgkkujqsfdqnghl/Build/Intermediates.noindex/EagerLinkingTBDs/Debug-iphonesimulator -F/Users/ericwatke/Library/Developer/Xcode/DerivedData/PeerTubeSwift-dpcwhlbrkmudrpgkkujqsfdqnghl/Build/Products/Debug-iphonesimulator -iframework /Applications/Xcode-26.2.0.app/Contents/Developer/Platforms/iPhoneSimulator.platform/Developer/Library/Frameworks -iframework /Applications/Xcode-26.2.0.app/Contents/Developer/Platforms/iPhoneSimulator.platform/Developer/SDKs/iPhoneSimulator26.2.sdk/Developer/Library/Frameworks -filelist /Users/ericwatke/Library/Developer/Xcode/DerivedData/PeerTubeSwift-dpcwhlbrkmudrpgkkujqsfdqnghl/Build/Intermediates.noindex/PeerTubeSwift.build/Debug-iphonesimulator/PeerTubeSwiftUITests.build/Objects-normal/arm64/PeerTubeSwiftUITests.LinkFileList -Xlinker -rpath -Xlinker @loader_path/Frameworks -dead_strip -Xlinker -object_path_lto -Xlinker /Users/ericwatke/Library/Developer/Xcode/DerivedData/PeerTubeSwift-dpcwhlbrkmudrpgkkujqsfdqnghl/Build/Intermediates.noindex/PeerTubeSwift.build/Debug-iphonesimulator/PeerTubeSwiftUITests.build/Objects-normal/arm64/PeerTubeSwiftUITests_lto.o -rdynamic -Xlinker -no_deduplicate -Xlinker -objc_abi_version -Xlinker 2 -Xlinker -debug_variant -Xlinker -dependency_info -Xlinker /Users/ericwatke/Library/Developer/Xcode/DerivedData/PeerTubeSwift-dpcwhlbrkmudrpgkkujqsfdqnghl/Build/Intermediates.noindex/PeerTubeSwift.build/Debug-iphonesimulator/PeerTubeSwiftUITests.build/Objects-normal/arm64/PeerTubeSwiftUITests_dependency_info.dat -fobjc-link-runtime -fprofile-instr-generate -L/Applications/Xcode-26.2.0.app/Contents/Developer/Toolchains/XcodeDefault.xctoolchain/usr/lib/swift/iphonesimulator -L/usr/lib/swift -Xlinker -add_ast_path -Xlinker /Users/ericwatke/Library/Developer/Xcode/DerivedData/PeerTubeSwift-dpcwhlbrkmudrpgkkujqsfdqnghl/Build/Intermediates.noindex/PeerTubeSwift.build/Debug-iphonesimulator/PeerTubeSwiftUITests.build/Objects-normal/arm64/PeerTubeSwiftUITests.swiftmodule @/Users/ericwatke/Library/Developer/Xcode/DerivedData/PeerTubeSwift-dpcwhlbrkmudrpgkkujqsfdqnghl/Build/Intermediates.noindex/PeerTubeSwift.build/Debug-iphonesimulator/PeerTubeSwiftUITests.build/Objects-normal/arm64/PeerTubeSwiftUITests-linker-args.resp -Xlinker -needed_framework -Xlinker XCTest -framework XCTest -Xlinker -needed-lXCTestSwiftSupport -lXCTestSwiftSupport -Xlinker -sectcreate -Xlinker __TEXT -Xlinker __entitlements -Xlinker /Users/ericwatke/Library/Developer/Xcode/DerivedData/PeerTubeSwift-dpcwhlbrkmudrpgkkujqsfdqnghl/Build/Intermediates.noindex/PeerTubeSwift.build/Debug-iphonesimulator/PeerTubeSwiftUITests.build/PeerTubeSwiftUITests.xctest-Simulated.xcent -Xlinker -sectcreate -Xlinker __TEXT -Xlinker __ents_der -Xlinker /Users/ericwatke/Library/Developer/Xcode/DerivedData/PeerTubeSwift-dpcwhlbrkmudrpgkkujqsfdqnghl/Build/Intermediates.noindex/PeerTubeSwift.build/Debug-iphonesimulator/PeerTubeSwiftUITests.build/PeerTubeSwiftUITests.xctest-Simulated.xcent.der -Xlinker -no_adhoc_codesign -o /Users/ericwatke/Library/Developer/Xcode/DerivedData/PeerTubeSwift-dpcwhlbrkmudrpgkkujqsfdqnghl/Build/Products/Debug-iphonesimulator/PeerTubeSwiftUITests-Runner.app/PlugIns/PeerTubeSwiftUITests.xctest/PeerTubeSwiftUITests

CopySwiftLibs /Users/ericwatke/Library/Developer/Xcode/DerivedData/PeerTubeSwift-dpcwhlbrkmudrpgkkujqsfdqnghl/Build/Products/Debug-iphonesimulator/PeerTubeSwiftUITests-Runner.app/PlugIns/PeerTubeSwiftUITests.xctest (in target 'PeerTubeSwiftUITests' from project 'PeerTubeSwift')
    cd /Users/ericwatke/Documents/GitHub/peertube-swift/App/PeerTubeSwift
    builtin-swiftStdLibTool --copy --verbose --sign - --scan-executable /Users/ericwatke/Library/Developer/Xcode/DerivedData/PeerTubeSwift-dpcwhlbrkmudrpgkkujqsfdqnghl/Build/Products/Debug-iphonesimulator/PeerTubeSwiftUITests-Runner.app/PlugIns/PeerTubeSwiftUITests.xctest/PeerTubeSwiftUITests --scan-folder /Users/ericwatke/Library/Developer/Xcode/DerivedData/PeerTubeSwift-dpcwhlbrkmudrpgkkujqsfdqnghl/Build/Products/Debug-iphonesimulator/PeerTubeSwiftUITests-Runner.app/PlugIns/PeerTubeSwiftUITests.xctest/Frameworks --scan-folder /Users/ericwatke/Library/Developer/Xcode/DerivedData/PeerTubeSwift-dpcwhlbrkmudrpgkkujqsfdqnghl/Build/Products/Debug-iphonesimulator/PeerTubeSwiftUITests-Runner.app/PlugIns/PeerTubeSwiftUITests.xctest/PlugIns --scan-folder /Users/ericwatke/Library/Developer/Xcode/DerivedData/PeerTubeSwift-dpcwhlbrkmudrpgkkujqsfdqnghl/Build/Products/Debug-iphonesimulator/PeerTubeSwiftUITests-Runner.app/PlugIns/PeerTubeSwiftUITests.xctest/SystemExtensions --scan-folder /Users/ericwatke/Library/Developer/Xcode/DerivedData/PeerTubeSwift-dpcwhlbrkmudrpgkkujqsfdqnghl/Build/Products/Debug-iphonesimulator/PeerTubeSwiftUITests-Runner.app/PlugIns/PeerTubeSwiftUITests.xctest/Extensions --platform iphonesimulator --toolchain /Applications/Xcode-26.2.0.app/Contents/Developer/Toolchains/XcodeDefault.xctoolchain --destination /Users/ericwatke/Library/Developer/Xcode/DerivedData/PeerTubeSwift-dpcwhlbrkmudrpgkkujqsfdqnghl/Build/Products/Debug-iphonesimulator/PeerTubeSwiftUITests-Runner.app/PlugIns/PeerTubeSwiftUITests.xctest/Frameworks --strip-bitcode --scan-executable /Applications/Xcode-26.2.0.app/Contents/Developer/Platforms/iPhoneSimulator.platform/Developer/usr/lib/libXCTestSwiftSupport.dylib --strip-bitcode-tool /Applications/Xcode-26.2.0.app/Contents/Developer/Toolchains/XcodeDefault.xctoolchain/usr/bin/bitcode_strip --emit-dependency-info /Users/ericwatke/Library/Developer/Xcode/DerivedData/PeerTubeSwift-dpcwhlbrkmudrpgkkujqsfdqnghl/Build/Intermediates.noindex/PeerTubeSwift.build/Debug-iphonesimulator/PeerTubeSwiftUITests.build/SwiftStdLibToolInputDependencies.dep --filter-for-swift-os

ExtractAppIntentsMetadata (in target 'PeerTubeSwiftUITests' from project 'PeerTubeSwift')
    cd /Users/ericwatke/Documents/GitHub/peertube-swift/App/PeerTubeSwift
    /Applications/Xcode-26.2.0.app/Contents/Developer/Toolchains/XcodeDefault.xctoolchain/usr/bin/appintentsmetadataprocessor --toolchain-dir /Applications/Xcode-26.2.0.app/Contents/Developer/Toolchains/XcodeDefault.xctoolchain --module-name PeerTubeSwiftUITests --sdk-root /Applications/Xcode-26.2.0.app/Contents/Developer/Platforms/iPhoneSimulator.platform/Developer/SDKs/iPhoneSimulator26.2.sdk --xcode-version 17C52 --platform-family iOS --deployment-target 26.2 --bundle-identifier design.woven.PeerTubeSwiftUITests --output /Users/ericwatke/Library/Developer/Xcode/DerivedData/PeerTubeSwift-dpcwhlbrkmudrpgkkujqsfdqnghl/Build/Products/Debug-iphonesimulator/PeerTubeSwiftUITests-Runner.app/PlugIns/PeerTubeSwiftUITests.xctest --target-triple arm64-apple-ios26.2-simulator --binary-file /Users/ericwatke/Library/Developer/Xcode/DerivedData/PeerTubeSwift-dpcwhlbrkmudrpgkkujqsfdqnghl/Build/Products/Debug-iphonesimulator/PeerTubeSwiftUITests-Runner.app/PlugIns/PeerTubeSwiftUITests.xctest/PeerTubeSwiftUITests --dependency-file /Users/ericwatke/Library/Developer/Xcode/DerivedData/PeerTubeSwift-dpcwhlbrkmudrpgkkujqsfdqnghl/Build/Intermediates.noindex/PeerTubeSwift.build/Debug-iphonesimulator/PeerTubeSwiftUITests.build/Objects-normal/arm64/PeerTubeSwiftUITests_dependency_info.dat --stringsdata-file /Users/ericwatke/Library/Developer/Xcode/DerivedData/PeerTubeSwift-dpcwhlbrkmudrpgkkujqsfdqnghl/Build/Intermediates.noindex/PeerTubeSwift.build/Debug-iphonesimulator/PeerTubeSwiftUITests.build/Objects-normal/arm64/ExtractedAppShortcutsMetadata.stringsdata --source-file-list /Users/ericwatke/Library/Developer/Xcode/DerivedData/PeerTubeSwift-dpcwhlbrkmudrpgkkujqsfdqnghl/Build/Intermediates.noindex/PeerTubeSwift.build/Debug-iphonesimulator/PeerTubeSwiftUITests.build/Objects-normal/arm64/PeerTubeSwiftUITests.SwiftFileList --metadata-file-list /Users/ericwatke/Library/Developer/Xcode/DerivedData/PeerTubeSwift-dpcwhlbrkmudrpgkkujqsfdqnghl/Build/Intermediates.noindex/PeerTubeSwift.build/Debug-iphonesimulator/PeerTubeSwiftUITests.build/PeerTubeSwiftUITests.DependencyMetadataFileList --static-metadata-file-list /Users/ericwatke/Library/Developer/Xcode/DerivedData/PeerTubeSwift-dpcwhlbrkmudrpgkkujqsfdqnghl/Build/Intermediates.noindex/PeerTubeSwift.build/Debug-iphonesimulator/PeerTubeSwiftUITests.build/PeerTubeSwiftUITests.DependencyStaticMetadataFileList --swift-const-vals-list /Users/ericwatke/Library/Developer/Xcode/DerivedData/PeerTubeSwift-dpcwhlbrkmudrpgkkujqsfdqnghl/Build/Intermediates.noindex/PeerTubeSwift.build/Debug-iphonesimulator/PeerTubeSwiftUITests.build/Objects-normal/arm64/PeerTubeSwiftUITests.SwiftConstValuesFileList --compile-time-extraction --deployment-aware-processing --validate-assistant-intents --no-app-shortcuts-localization
2026-03-25 20:09:33.580 appintentsmetadataprocessor[26833:1338854] Starting appintentsmetadataprocessor export
2026-03-25 20:09:33.582 appintentsmetadataprocessor[26833:1338854] warning: Metadata extraction skipped. No AppIntents.framework dependency found.

CodeSign /Users/ericwatke/Library/Developer/Xcode/DerivedData/PeerTubeSwift-dpcwhlbrkmudrpgkkujqsfdqnghl/Build/Products/Debug-iphonesimulator/PeerTubeSwiftUITests-Runner.app/PlugIns/PeerTubeSwiftUITests.xctest (in target 'PeerTubeSwiftUITests' from project 'PeerTubeSwift')
    cd /Users/ericwatke/Documents/GitHub/peertube-swift/App/PeerTubeSwift
    
    Signing Identity:     "Sign to Run Locally"
    
    /usr/bin/codesign --force --sign - --timestamp\=none --generate-entitlement-der /Users/ericwatke/Library/Developer/Xcode/DerivedData/PeerTubeSwift-dpcwhlbrkmudrpgkkujqsfdqnghl/Build/Products/Debug-iphonesimulator/PeerTubeSwiftUITests-Runner.app/PlugIns/PeerTubeSwiftUITests.xctest

warning: 'IssueReporting' is missing a dependency on 'IssueReportingPackageSupport' because dependency scan of Swift module 'IssueReporting' discovered a dependency on 'IssueReportingPackageSupport'
warning: 'PerceptionCore' is missing a dependency on 'IssueReporting' because dependency scan of Swift module 'PerceptionCore' discovered a dependency on 'IssueReporting'
warning: 'PerceptionCore' is missing a dependency on 'IssueReportingPackageSupport' because dependency scan of Swift module 'PerceptionCore' discovered a dependency on 'IssueReportingPackageSupport'
warning: 'SQLiteData' is missing a dependency on 'IssueReporting' because dependency scan of Swift module 'SQLiteData' discovered a dependency on 'IssueReporting'
warning: 'SQLiteData' is missing a dependency on 'ConcurrencyExtras' because dependency scan of Swift module 'SQLiteData' discovered a dependency on 'ConcurrencyExtras'
warning: 'SQLiteData' is missing a dependency on 'StructuredQueriesSQLite' because dependency scan of Swift module 'SQLiteData' discovered a dependency on 'StructuredQueriesSQLite'
warning: 'SQLiteData' is missing a dependency on 'Perception' because dependency scan of Swift module 'SQLiteData' discovered a dependency on 'Perception'
warning: 'SQLiteData' is missing a dependency on 'PerceptionCore' because dependency scan of Swift module 'SQLiteData' discovered a dependency on 'PerceptionCore'
warning: 'SQLiteData' is missing a dependency on 'OrderedCollections' because dependency scan of Swift module 'SQLiteData' discovered a dependency on 'OrderedCollections'
warning: 'SQLiteData' is missing a dependency on 'IssueReportingPackageSupport' because dependency scan of Swift module 'SQLiteData' discovered a dependency on 'IssueReportingPackageSupport'
warning: 'SQLiteData' is missing a dependency on 'Clocks' because dependency scan of Swift module 'SQLiteData' discovered a dependency on 'Clocks'
warning: 'SQLiteData' is missing a dependency on 'GRDB' because dependency scan of Swift module 'SQLiteData' discovered a dependency on 'GRDB'
warning: 'SQLiteData' is missing a dependency on 'CustomDump' because dependency scan of Swift module 'SQLiteData' discovered a dependency on 'CustomDump'
warning: 'SQLiteData' is missing a dependency on 'StructuredQueriesCore' because dependency scan of Swift module 'SQLiteData' discovered a dependency on 'StructuredQueriesCore'
warning: 'SQLiteData' is missing a dependency on 'IdentifiedCollections' because dependency scan of Swift module 'SQLiteData' discovered a dependency on 'IdentifiedCollections'
warning: 'SQLiteData' is missing a dependency on 'Sharing' because dependency scan of Swift module 'SQLiteData' discovered a dependency on 'Sharing'
warning: 'SQLiteData' is missing a dependency on 'Dependencies' because dependency scan of Swift module 'SQLiteData' discovered a dependency on 'Dependencies'
warning: 'SQLiteData' is missing a dependency on 'CombineSchedulers' because dependency scan of Swift module 'SQLiteData' discovered a dependency on 'CombineSchedulers'
warning: 'SQLiteData' is missing a dependency on 'StructuredQueriesSQLiteCore' because dependency scan of Swift module 'SQLiteData' discovered a dependency on 'StructuredQueriesSQLiteCore'
warning: 'SQLiteData' is missing a dependency on 'InternalCollectionsUtilities' because dependency scan of Swift module 'SQLiteData' discovered a dependency on 'InternalCollectionsUtilities'
warning: 'SQLiteData' is missing a dependency on 'StructuredQueries' because dependency scan of Swift module 'SQLiteData' discovered a dependency on 'StructuredQueries'
warning: 'SQLiteData' is missing a dependency on 'XCTestDynamicOverlay' because dependency scan of Swift module 'SQLiteData' discovered a dependency on 'XCTestDynamicOverlay'
2026-03-25 20:13:27.672 xcodebuild[26607:1353864]  iOSSimulator: EB061027-132C-405C-AFDD-401F29E92D15: Failed to launch app with identifier: design.woven.PeerTubeSwiftUITests.xctrunner and options: {
    "activate_suspended" = 1;
    arguments =     (
    );
    environment =     {
        "APP_DISTRIBUTOR_ID_OVERRIDE" = "com.apple.AppStore";
        "CA_ASSERT_MAIN_THREAD_TRANSACTIONS" = 0;
        "CA_DEBUG_TRANSACTIONS" = 0;
        "DYLD_FRAMEWORK_PATH" = "/Users/ericwatke/Library/Developer/Xcode/DerivedData/PeerTubeSwift-dpcwhlbrkmudrpgkkujqsfdqnghl/Build/Products/Debug-iphonesimulator:/Users/ericwatke/Library/Developer/Xcode/DerivedData/PeerTubeSwift-dpcwhlbrkmudrpgkkujqsfdqnghl/Build/Products/Debug-iphonesimulator/PackageFrameworks:/Applications/Xcode-26.2.0.app/Contents/Developer/Platforms/iPhoneSimulator.platform/Developer/Library/Frameworks";
        "DYLD_INSERT_LIBRARIES" = "/usr/lib/libRPAC.dylib:/Library/Developer/CoreSimulator/Volumes/iOS_23C54/Library/Developer/CoreSimulator/Profiles/Runtimes/iOS 26.2.simruntime/Contents/Resources/RuntimeRoot/usr/lib/libMainThreadChecker.dylib:/usr/lib/libRPAC.dylib";
        "DYLD_LIBRARY_PATH" = "/Users/ericwatke/Library/Developer/Xcode/DerivedData/PeerTubeSwift-dpcwhlbrkmudrpgkkujqsfdqnghl/Build/Products/Debug-iphonesimulator:/Applications/Xcode-26.2.0.app/Contents/Developer/Platforms/iPhoneSimulator.platform/Developer/usr/lib";
        "LLVM_PROFILE_FILE" = "/var/folders/q6/5qs0lcvs6rg7psqf2kzwrs_r0000gn/T/design.woven.PeerTubeSwiftUITests.xctrunner/1A646EF2-D7D1-4F46-8BB5-D04E7BEDCAB6-26607-000000DEA8E4E0E9/F7C431A9-ED84-4A4D-A008-66536E0D90C4-%p%c.profraw";
        NSApplicationQuitWithoutSuddenTermination = YES;
        NSUnbufferedIO = YES;
        "OS_ACTIVITY_DT_MODE" = YES;
        "PERFC_ENABLE_EXTENDED_DIAGNOSTIC_FORMAT" = 1;
        "PERFC_ENABLE_PROFILE_MODE" = 1;
        "PERFC_RESET_INSERT_LIBRARIES" = 1;
        "PERFC_SUPPRESS_SYSTEM_REPORTS" = 1;
        "RUN_DESTINATION_DEVICE_NAME" = "Clone 2 of iPhone 17";
        "RUN_DESTINATION_DEVICE_PLATFORM_IDENTIFIER" = "com.apple.platform.iphonesimulator";
        "RUN_DESTINATION_DEVICE_UDID" = "EB061027-132C-405C-AFDD-401F29E92D15";
        "SQLITE_ENABLE_THREAD_ASSERTIONS" = 1;
        TERM = dumb;
        "XCODE_SCHEME_NAME" = PeerTubeSwift;
        "XCODE_TEST_PLAN_NAME" = PeerTubeSwift;
        XCTestBundleInjectPath = "/usr/lib/libRPAC.dylib:/Library/Developer/CoreSimulator/Volumes/iOS_23C54/Library/Developer/CoreSimulator/Profiles/Runtimes/iOS 26.2.simruntime/Contents/Resources/RuntimeRoot/usr/lib/libMainThreadChecker.dylib:/usr/lib/libRPAC.dylib";
        XCTestBundlePath = "PlugIns/PeerTubeSwiftUITests.xctest";
        XCTestConfigurationFilePath = "";
        XCTestSessionIdentifier = "8F29566D-5DFA-441F-98FD-6485AE949B8C";
        "__XCODE_BUILT_PRODUCTS_DIR_PATHS" = "/Users/ericwatke/Library/Developer/Xcode/DerivedData/PeerTubeSwift-dpcwhlbrkmudrpgkkujqsfdqnghl/Build/Products/Debug-iphonesimulator";
        "__XPC_DYLD_FRAMEWORK_PATH" = "/Users/ericwatke/Library/Developer/Xcode/DerivedData/PeerTubeSwift-dpcwhlbrkmudrpgkkujqsfdqnghl/Build/Products/Debug-iphonesimulator";
        "__XPC_DYLD_LIBRARY_PATH" = "/Users/ericwatke/Library/Developer/Xcode/DerivedData/PeerTubeSwift-dpcwhlbrkmudrpgkkujqsfdqnghl/Build/Products/Debug-iphonesimulator";
        "__XPC_LLVM_PROFILE_FILE" = "/var/folders/q6/5qs0lcvs6rg7psqf2kzwrs_r0000gn/T/design.woven.PeerTubeSwiftUITests.xctrunner/1A646EF2-D7D1-4F46-8BB5-D04E7BEDCAB6-26607-000000DEA8E4E0E9/F7C431A9-ED84-4A4D-A008-66536E0D90C4-%p%c.profraw";
    };
    stderr = "/dev/ttys011";
    stdout = "/dev/ttys011";
    "terminate_running_process" = 1;
    "wait_for_debugger" = 1;
} (error = Error Domain=NSMachErrorDomain Code=-308 "(ipc/mig) server died")
2026-03-25 20:13:27.674 xcodebuild[26607:1343433]  iOSSimulator: 44220F89-3F6F-4821-8511-50EB08BF18CF: Failed to launch app with identifier: design.woven.PeerTubeSwift and options: {
    "activate_suspended" = 0;
    arguments =     (
    );
    environment =     {
        "APP_DISTRIBUTOR_ID_OVERRIDE" = "com.apple.AppStore";
        "CA_ASSERT_MAIN_THREAD_TRANSACTIONS" = 0;
        "CA_DEBUG_TRANSACTIONS" = 0;
        "DYLD_FRAMEWORK_PATH" = "/Users/ericwatke/Library/Developer/Xcode/DerivedData/PeerTubeSwift-dpcwhlbrkmudrpgkkujqsfdqnghl/Build/Products/Debug-iphonesimulator:/Users/ericwatke/Library/Developer/Xcode/DerivedData/PeerTubeSwift-dpcwhlbrkmudrpgkkujqsfdqnghl/Build/Products/Debug-iphonesimulator/PackageFrameworks:/Applications/Xcode-26.2.0.app/Contents/Developer/Platforms/iPhoneSimulator.platform/Developer/Library/Frameworks";
        "DYLD_INSERT_LIBRARIES" = "/usr/lib/libRPAC.dylib:/Users/ericwatke/Library/Developer/Xcode/DerivedData/PeerTubeSwift-dpcwhlbrkmudrpgkkujqsfdqnghl/Build/Products/Debug-iphonesimulator/PeerTubeSwift.app/Frameworks/libXCTestBundleInject.dylib:/Library/Developer/CoreSimulator/Volumes/iOS_23C54/Library/Developer/CoreSimulator/Profiles/Runtimes/iOS 26.2.simruntime/Contents/Resources/RuntimeRoot/usr/lib/libMainThreadChecker.dylib:/usr/lib/libRPAC.dylib";
        "DYLD_LIBRARY_PATH" = "/Users/ericwatke/Library/Developer/Xcode/DerivedData/PeerTubeSwift-dpcwhlbrkmudrpgkkujqsfdqnghl/Build/Products/Debug-iphonesimulator:/Applications/Xcode-26.2.0.app/Contents/Developer/Platforms/iPhoneSimulator.platform/Developer/usr/lib";
        "LLVM_PROFILE_FILE" = "/var/folders/q6/5qs0lcvs6rg7psqf2kzwrs_r0000gn/T/design.woven.PeerTubeSwift/FE3833A9-0CD3-44A4-B804-0D3351E5745C-26607-000000DEA33204E9/A27C175F-99B9-4380-A533-B0478448FF55-%p%c.profraw";
        NSApplicationQuitWithoutSuddenTermination = YES;
        NSUnbufferedIO = YES;
        "OS_ACTIVITY_DT_MODE" = YES;
        "PERFC_ENABLE_EXTENDED_DIAGNOSTIC_FORMAT" = 1;
        "PERFC_ENABLE_PROFILE_MODE" = 1;
        "PERFC_RESET_INSERT_LIBRARIES" = 1;
        "PERFC_SUPPRESS_SYSTEM_REPORTS" = 1;
        "RUN_DESTINATION_DEVICE_NAME" = "Clone 1 of iPhone 17";
        "RUN_DESTINATION_DEVICE_PLATFORM_IDENTIFIER" = "com.apple.platform.iphonesimulator";
        "RUN_DESTINATION_DEVICE_UDID" = "44220F89-3F6F-4821-8511-50EB08BF18CF";
        "SQLITE_ENABLE_THREAD_ASSERTIONS" = 1;
        TERM = dumb;
        XCInjectBundleInto = unused;
        "XCODE_SCHEME_NAME" = PeerTubeSwift;
        "XCODE_TEST_PLAN_NAME" = PeerTubeSwift;
        XCTestBundleInjectPath = "/usr/lib/libRPAC.dylib:/Users/ericwatke/Library/Developer/Xcode/DerivedData/PeerTubeSwift-dpcwhlbrkmudrpgkkujqsfdqnghl/Build/Products/Debug-iphonesimulator/PeerTubeSwift.app/Frameworks/libXCTestBundleInject.dylib:/Library/Developer/CoreSimulator/Volumes/iOS_23C54/Library/Developer/CoreSimulator/Profiles/Runtimes/iOS 26.2.simruntime/Contents/Resources/RuntimeRoot/usr/lib/libMainThreadChecker.dylib:/usr/lib/libRPAC.dylib";
        XCTestBundlePath = "PlugIns/PeerTubeSwiftTests.xctest";
        XCTestConfigurationFilePath = "";
        XCTestSessionIdentifier = "05B581DA-08E4-476C-9CC8-84DB1595D19C";
        "__XCODE_BUILT_PRODUCTS_DIR_PATHS" = "/Users/ericwatke/Library/Developer/Xcode/DerivedData/PeerTubeSwift-dpcwhlbrkmudrpgkkujqsfdqnghl/Build/Products/Debug-iphonesimulator";
        "__XPC_DYLD_FRAMEWORK_PATH" = "/Users/ericwatke/Library/Developer/Xcode/DerivedData/PeerTubeSwift-dpcwhlbrkmudrpgkkujqsfdqnghl/Build/Products/Debug-iphonesimulator";
        "__XPC_DYLD_LIBRARY_PATH" = "/Users/ericwatke/Library/Developer/Xcode/DerivedData/PeerTubeSwift-dpcwhlbrkmudrpgkkujqsfdqnghl/Build/Products/Debug-iphonesimulator";
        "__XPC_LLVM_PROFILE_FILE" = "/var/folders/q6/5qs0lcvs6rg7psqf2kzwrs_r0000gn/T/design.woven.PeerTubeSwift/FE3833A9-0CD3-44A4-B804-0D3351E5745C-26607-000000DEA33204E9/A27C175F-99B9-4380-A533-B0478448FF55-%p%c.profraw";
    };
    stderr = "/dev/ttys010";
    stdout = "/dev/ttys010";
    "terminate_running_process" = 1;
    "wait_for_debugger" = 1;
} (error = Error Domain=NSMachErrorDomain Code=-308 "(ipc/mig) server died")
2026-03-25 20:13:27.782 xcodebuild[26607:1337509] [MT] IDELaunchReport: 637ab54c42806840:637ab54c42806840: Finished with error: The operation couldn’t be completed. (Mach error -308 - (ipc/mig) server died)
Domain: NSMachErrorDomain
Code: -308
User Info: {
    DVTErrorCreationDateKey = "2026-03-25 19:13:27 +0000";
    IDERunOperationFailingWorker = IDELaunchiPhoneSimulatorLauncher;
}
--

2026-03-25 20:13:27.782 xcodebuild[26607:1337509] [MT] IDELaunchReport: 637ab54c42806840:637ab54c42806840: com.apple.dt.IDERunOperationWorkerFinished {
    "device_identifier" = "E2ED214A-9BF4-45BE-8AF3-7605B3C98891";
    "device_model" = "iPhone18,3";
    "device_osBuild" = "26.2 (23C54)";
    "device_osBuild_monotonic" = 2302005400;
    "device_os_variant" = 1;
    "device_platform" = "com.apple.platform.iphonesimulator";
    "device_platform_family" = 2;
    "device_reality" = 2;
    "device_thinningType" = "iPhone18,3";
    "device_transport" = 4;
    "launchSession_schemeCommand" = Test;
    "launchSession_schemeCommand_enum" = 2;
    "launchSession_targetArch" = arm64;
    "launchSession_targetArch_enum" = 6;
    "operation_duration_ms" = 222206;
    "operation_errorCode" = "-308";
    "operation_errorDomain" = NSMachErrorDomain;
    "operation_errorWorker" = IDELaunchiPhoneSimulatorLauncher;
    "operation_error_reportable" = 1;
    "operation_name" = IDERunOperationWorkerGroup;
    "param_consoleMode" = 0;
    "param_debugger_attachToExtensions" = 0;
    "param_debugger_attachToXPC" = 0;
    "param_debugger_type" = 1;
    "param_destination_isProxy" = 0;
    "param_destination_platform" = "com.apple.platform.iphonesimulator";
    "param_diag_MTE_enable" = 0;
    "param_diag_MainThreadChecker_stopOnIssue" = 0;
    "param_diag_MallocStackLogging_enableDuringAttach" = 0;
    "param_diag_MallocStackLogging_enableForXPC" = 0;
    "param_diag_allowLocationSimulation" = 1;
    "param_diag_checker_mtc_enable" = 0;
    "param_diag_checker_tpc_enable" = 1;
    "param_diag_gpu_frameCapture_enable" = 3;
    "param_diag_gpu_shaderValidation_enable" = 0;
    "param_diag_gpu_validation_enable" = 1;
    "param_diag_guardMalloc_enable" = 0;
    "param_diag_memoryGraphOnResourceException" = 0;
    "param_diag_queueDebugging_enable" = 1;
    "param_diag_runtimeProfile_generate" = 1;
    "param_diag_sanitizer_asan_enable" = 0;
    "param_diag_sanitizer_tsan_enable" = 0;
    "param_diag_sanitizer_tsan_stopOnIssue" = 0;
    "param_diag_sanitizer_ubsan_enable" = 0;
    "param_diag_sanitizer_ubsan_stopOnIssue" = 0;
    "param_diag_showNonLocalizedStrings" = 0;
    "param_diag_viewDebugging_enabled" = 0;
    "param_diag_viewDebugging_insertDylibOnLaunch" = 0;
    "param_install_style" = 2;
    "param_launcher_UID" = 2;
    "param_launcher_allowDeviceSensorReplayData" = 0;
    "param_launcher_kind" = 0;
    "param_launcher_style" = 0;
    "param_launcher_substyle" = 64;
    "param_lldbVersion_component_idx_1" = 0;
    "param_lldbVersion_monotonic" = 170302360021;
    "param_runnable_appExtensionHostRunMode" = 0;
    "param_runnable_productType" = "com.apple.product-type.application";
    "param_testing_launchedForTesting" = 1;
    "param_testing_suppressSimulatorApp" = 1;
    "param_testing_usingCLI" = 0;
    "sdk_canonicalName" = "iphonesimulator26.2";
    "sdk_osVersion" = "26.2";
    "sdk_platformID" = 7;
    "sdk_variant" = iphonesimulator;
    "sdk_version_monotonic" = 2302005300;
}
2026-03-25 20:13:27.783 xcodebuild[26607:1337509] [MT] IDELaunchReport: 637ab54c42805140:637ab54c42805140: Finished with error: The operation couldn’t be completed. (Mach error -308 - (ipc/mig) server died)
Domain: NSMachErrorDomain
Code: -308
User Info: {
    DVTErrorCreationDateKey = "2026-03-25 19:13:27 +0000";
    IDERunOperationFailingWorker = IDELaunchiPhoneSimulatorLauncher;
}
--

2026-03-25 20:13:27.783 xcodebuild[26607:1337509] [MT] IDELaunchReport: 637ab54c42805140:637ab54c42805140: com.apple.dt.IDERunOperationWorkerFinished {
    "device_identifier" = "E2ED214A-9BF4-45BE-8AF3-7605B3C98891";
    "device_model" = "iPhone18,3";
    "device_osBuild" = "26.2 (23C54)";
    "device_osBuild_monotonic" = 2302005400;
    "device_os_variant" = 1;
    "device_platform" = "com.apple.platform.iphonesimulator";
    "device_platform_family" = 2;
    "device_reality" = 2;
    "device_thinningType" = "iPhone18,3";
    "device_transport" = 4;
    "launchSession_schemeCommand" = Test;
    "launchSession_schemeCommand_enum" = 2;
    "launchSession_targetArch" = arm64;
    "launchSession_targetArch_enum" = 6;
    "operation_duration_ms" = 226272;
    "operation_errorCode" = "-308";
    "operation_errorDomain" = NSMachErrorDomain;
    "operation_errorWorker" = IDELaunchiPhoneSimulatorLauncher;
    "operation_error_reportable" = 1;
    "operation_name" = IDERunOperationWorkerGroup;
    "param_consoleMode" = 0;
    "param_debugger_attachToExtensions" = 0;
    "param_debugger_attachToXPC" = 0;
    "param_debugger_type" = 1;
    "param_destination_isProxy" = 0;
    "param_destination_platform" = "com.apple.platform.iphonesimulator";
    "param_diag_MTE_enable" = 0;
    "param_diag_MainThreadChecker_stopOnIssue" = 0;
    "param_diag_MallocStackLogging_enableDuringAttach" = 0;
    "param_diag_MallocStackLogging_enableForXPC" = 0;
    "param_diag_allowLocationSimulation" = 1;
    "param_diag_checker_mtc_enable" = 0;
    "param_diag_checker_tpc_enable" = 1;
    "param_diag_gpu_frameCapture_enable" = 3;
    "param_diag_gpu_shaderValidation_enable" = 0;
    "param_diag_gpu_validation_enable" = 1;
    "param_diag_guardMalloc_enable" = 0;
    "param_diag_memoryGraphOnResourceException" = 0;
    "param_diag_queueDebugging_enable" = 1;
    "param_diag_runtimeProfile_generate" = 1;
    "param_diag_sanitizer_asan_enable" = 0;
    "param_diag_sanitizer_tsan_enable" = 0;
    "param_diag_sanitizer_tsan_stopOnIssue" = 0;
    "param_diag_sanitizer_ubsan_enable" = 0;
    "param_diag_sanitizer_ubsan_stopOnIssue" = 0;
    "param_diag_showNonLocalizedStrings" = 0;
    "param_diag_viewDebugging_enabled" = 0;
    "param_diag_viewDebugging_insertDylibOnLaunch" = 0;
    "param_install_style" = 2;
    "param_launcher_UID" = 2;
    "param_launcher_allowDeviceSensorReplayData" = 0;
    "param_launcher_kind" = 0;
    "param_launcher_style" = 0;
    "param_launcher_substyle" = 0;
    "param_lldbVersion_component_idx_1" = 0;
    "param_lldbVersion_monotonic" = 170302360021;
    "param_runnable_appExtensionHostRunMode" = 0;
    "param_runnable_productType" = "com.apple.product-type.application";
    "param_testing_launchedForTesting" = 1;
    "param_testing_suppressSimulatorApp" = 1;
    "param_testing_usingCLI" = 0;
    "sdk_canonicalName" = "iphonesimulator26.2";
    "sdk_osVersion" = "26.2";
    "sdk_platformID" = 7;
    "sdk_variant" = iphonesimulator;
    "sdk_version_monotonic" = 2302005300;
}
** BUILD INTERRUPTED **
